error: could not compile `bingxi_frontend` (bin "bingxi_frontend") due to 42 pr
evious errors; 34 warnings emitted
