cargo :    Compiling bingxi-backend v1.0.0 (E:\1\10\bingxi-rust\backend)
所在位置 行:1 字符: 43
+ ... v:PROTOC="E:\1\protoc\bin\protoc.exe"; cargo build --lib 2>&1 | Tee-O ...
+                                            ~~~~~~~~~~~~~~~~~~~~~~
    + CategoryInfo          : NotSpecified: (   Compiling bi...i-rust\backend):String) [], RemoteException
    + FullyQualifiedErrorId : NativeCommandError
 
error: struct is not supported in `trait`s or `impl`s
   --> src\services\inventory_stock_service.rs:368:1
    |
368 | pub struct InventorySummaryItem {
    | ^^^^^^^^^^^^^^^^^^^^^^^^^^^^^^^
    |
    = help: consider moving the struct out to a nearby module scope

error: expected one of `)`, `,`, `.`, `?`, or an operator, found keyword `else`
  --> src\services\cost_collection_service.rs:62:82
   |
62 |             .and_then(|q| if q.is_zero() { None } else { Some(total_cost / *q) } else { None });
   |                                                                                  ^^^^ expected one of `)`, `,`, `.`, `?`, or an operator

error[E0428]: the name `account_subject_handler` is defined multiple times
  --> src\handlers\mod.rs:43:1
   |
20 | pub mod account_subject_handler;
   | -------------------------------- previous definition of the module `account_subject_handler` here
...
43 | pub mod account_subject_handler;
   | ^^^^^^^^^^^^^^^^^^^^^^^^^^^^^^^^ `account_subject_handler` redefined here
   |
   = note: `account_subject_handler` must be defined only once in the type namespace of this module

error[E0252]: the name `Utc` is defined multiple times
 --> src\middleware\logger_middleware.rs:8:5
  |
1 | use chrono::{Utc, NaiveDate, NaiveDateTime, DateTime, Duration};
  |              --- previous import of the type `Utc` here
...
8 | use chrono::Utc;
  |     ^^^^^^^^^^^ `Utc` reimported here
  |
  = note: `Utc` must be defined only once in the type namespace of this module

error[E0252]: the name `Duration` is defined multiple times
 --> src\middleware\logger_middleware.rs:9:17
  |
1 | use chrono::{Utc, NaiveDate, NaiveDateTime, DateTime, Duration};
  |                                                       -------- previous import of the type `Duration` here
...
9 | use std::time::{Duration, Instant};
  |                 ^^^^^^^^ `Duration` reimported here
  |
  = note: `Duration` must be defined only once in the type namespace of this module
help: you can use `as` to change the binding name of the import
  |
9 | use std::time::{Duration as OtherDuration, Instant};
  |                          ++++++++++++++++

error[E0428]: the name `Entity` is defined multiple times
  --> src\models\inventory_count_item.rs:17:35
   |
8  | pub struct Entity;
   | ------------------ previous definition of the type `Entity` here
...
17 | #[derive(Clone, Debug, PartialEq, DeriveEntityModel, Eq, Serialize, Deserialize)]
   |                                   ^^^^^^^^^^^^^^^^^ `Entity` redefined here
   |
   = note: `Entity` must be defined only once in the type namespace of this module
   = note: this error originates in the derive macro `DeriveEntityModel` (in Nightly builds, run with -Z macro-backtrace for more info)

error[E0428]: the name `Entity` is defined multiple times
  --> src\models\inventory_adjustment_item.rs:20:35
   |
11 | pub struct Entity;
   | ------------------ previous definition of the type `Entity` here
...
20 | #[derive(Clone, Debug, PartialEq, DeriveEntityModel, Eq, Serialize, Deserialize)]
   |                                   ^^^^^^^^^^^^^^^^^ `Entity` redefined here
   |
   = note: `Entity` must be defined only once in the type namespace of this module
   = note: this error originates in the derive macro `DeriveEntityModel` (in Nightly builds, run with -Z macro-backtrace for more info)

error[E0428]: the name `Entity` is defined multiple times
  --> src\models\inventory_reservation.rs:17:35
   |
8  | pub struct Entity;
   | ------------------ previous definition of the type `Entity` here
...
17 | #[derive(Clone, Debug, PartialEq, DeriveEntityModel, Eq, Serialize, Deserialize)]
   |                                   ^^^^^^^^^^^^^^^^^ `Entity` redefined here
   |
   = note: `Entity` must be defined only once in the type namespace of this module
   = note: this error originates in the derive macro `DeriveEntityModel` (in Nightly builds, run with -Z macro-backtrace for more info)

error[E0428]: the name `Entity` is defined multiple times
  --> src\models\customer.rs:17:35
   |
8  | pub struct Entity;
   | ------------------ previous definition of the type `Entity` here
...
17 | #[derive(Clone, Debug, PartialEq, DeriveEntityModel, Eq, Serialize, Deserialize)]
   |                                   ^^^^^^^^^^^^^^^^^ `Entity` redefined here
   |
   = note: `Entity` must be defined only once in the type namespace of this module
   = note: this error originates in the derive macro `DeriveEntityModel` (in Nightly builds, run with -Z macro-backtrace for more info)

error[E0428]: the name `Entity` is defined multiple times
  --> src\models\assist_accounting_dimension.rs:17:35
   |
8  | pub struct Entity;
   | ------------------ previous definition of the type `Entity` here
...
17 | #[derive(Clone, Debug, PartialEq, DeriveEntityModel, Eq)]
   |                                   ^^^^^^^^^^^^^^^^^ `Entity` redefined here
   |
   = note: `Entity` must be defined only once in the type namespace of this module
   = note: this error originates in the derive macro `DeriveEntityModel` (in Nightly builds, run with -Z macro-backtrace for more info)

error[E0428]: the name `Entity` is defined multiple times
  --> src\models\assist_accounting_record.rs:17:35
   |
8  | pub struct Entity;
   | ------------------ previous definition of the type `Entity` here
...
17 | #[derive(Clone, Debug, PartialEq, DeriveEntityModel, Eq)]
   |                                   ^^^^^^^^^^^^^^^^^ `Entity` redefined here
   |
   = note: `Entity` must be defined only once in the type namespace of this module
   = note: this error originates in the derive macro `DeriveEntityModel` (in Nightly builds, run with -Z macro-backtrace for more info)

error[E0428]: the name `Entity` is defined multiple times
  --> src\models\assist_accounting_summary.rs:17:35
   |
8  | pub struct Entity;
   | ------------------ previous definition of the type `Entity` here
...
17 | #[derive(Clone, Debug, PartialEq, DeriveEntityModel, Eq)]
   |                                   ^^^^^^^^^^^^^^^^^ `Entity` redefined here
   |
   = note: `Entity` must be defined only once in the type namespace of this module
   = note: this error originates in the derive macro `DeriveEntityModel` (in Nightly builds, run with -Z macro-backtrace for more info)

error[E0428]: the name `Entity` is defined multiple times
  --> src\models\business_trace_chain.rs:18:35
   |
9  | pub struct Entity;
   | ------------------ previous definition of the type `Entity` here
...
18 | #[derive(Clone, Debug, PartialEq, DeriveEntityModel, Eq)]
   |                                   ^^^^^^^^^^^^^^^^^ `Entity` redefined here
   |
   = note: `Entity` must be defined only once in the type namespace of this module
   = note: this error originates in the derive macro `DeriveEntityModel` (in Nightly builds, run with -Z macro-backtrace for more info)

error[E0428]: the name `Entity` is defined multiple times
  --> src\models\business_trace_snapshot.rs:19:35
   |
10 | pub struct Entity;
   | ------------------ previous definition of the type `Entity` here
...
19 | #[derive(Clone, Debug, PartialEq, DeriveEntityModel, Eq)]
   |                                   ^^^^^^^^^^^^^^^^^ `Entity` redefined here
   |
   = note: `Entity` must be defined only once in the type namespace of this module
   = note: this error originates in the derive macro `DeriveEntityModel` (in Nightly builds, run with -Z macro-backtrace for more info)

error[E0428]: the name `Entity` is defined multiple times
  --> src\models\business_trace_view.rs:18:35
   |
9  | pub struct Entity;
   | ------------------ previous definition of the type `Entity` here
...
18 | #[derive(Clone, Debug, PartialEq, DeriveEntityModel, Eq)]
   |                                   ^^^^^^^^^^^^^^^^^ `Entity` redefined here
   |
   = note: `Entity` must be defined only once in the type namespace of this module
   = note: this error originates in the derive macro `DeriveEntityModel` (in Nightly builds, run with -Z macro-backtrace for more info)

error: Entity must have a primary key column. See <https://github.com/SeaQL/sea-orm/issues/485> for details.
 --> src\models\supplier.rs:3:35
  |
3 | #[derive(Clone, Debug, PartialEq, DeriveEntityModel, Eq)]
  |                                   ^^^^^^^^^^^^^^^^^
  |
  = note: this error originates in the derive macro `DeriveEntityModel` (in Nightly builds, run with -Z macro-backtrace for more info)

error: missing attribute `#[sea_orm]`
  --> src\models\supplier.rs:80:40
   |
80 | #[derive(Copy, Clone, Debug, EnumIter, DeriveRelation)]
   |                                        ^^^^^^^^^^^^^^
   |
   = note: this error originates in the derive macro `DeriveRelation` (in Nightly builds, run with -Z macro-backtrace for more info)

error: Entity must have a primary key column. See <https://github.com/SeaQL/sea-orm/issues/485> for details.
 --> src\models\supplier_contact.rs:3:35
  |
3 | #[derive(Clone, Debug, PartialEq, DeriveEntityModel, Eq)]
  |                                   ^^^^^^^^^^^^^^^^^
  |
  = note: this error originates in the derive macro `DeriveEntityModel` (in Nightly builds, run with -Z macro-backtrace for more info)

error: Entity must have a primary key column. See <https://github.com/SeaQL/sea-orm/issues/485> for details.
 --> src\models\supplier_category.rs:3:35
  |
3 | #[derive(Clone, Debug, PartialEq, DeriveEntityModel, Eq)]
  |                                   ^^^^^^^^^^^^^^^^^
  |
  = note: this error originates in the derive macro `DeriveEntityModel` (in Nightly builds, run with -Z macro-backtrace for more info)

error: Entity must have a primary key column. See <https://github.com/SeaQL/sea-orm/issues/485> for details.
 --> src\models\supplier_grade.rs:3:35
  |
3 | #[derive(Clone, Debug, PartialEq, DeriveEntityModel, Eq)]
  |                                   ^^^^^^^^^^^^^^^^^
  |
  = note: this error originates in the derive macro `DeriveEntityModel` (in Nightly builds, run with -Z macro-backtrace for more info)

error: Entity must have a primary key column. See <https://github.com/SeaQL/sea-orm/issues/485> for details.
 --> src\models\supplier_qualification.rs:3:35
  |
3 | #[derive(Clone, Debug, PartialEq, DeriveEntityModel, Eq)]
  |                                   ^^^^^^^^^^^^^^^^^
  |
  = note: this error originates in the derive macro `DeriveEntityModel` (in Nightly builds, run with -Z macro-backtrace for more info)

error: Entity must have a primary key column. See <https://github.com/SeaQL/sea-orm/issues/485> for details.
 --> src\models\supplier_blacklist.rs:3:35
  |
3 | #[derive(Clone, Debug, PartialEq, DeriveEntityModel, Eq)]
  |                                   ^^^^^^^^^^^^^^^^^
  |
  = note: this error originates in the derive macro `DeriveEntityModel` (in Nightly builds, run with -Z macro-backtrace for more info)

error[E0428]: the name `Entity` is defined multiple times
  --> src\models\purchase_order_item.rs:19:35
   |
10 | pub struct Entity;
   | ------------------ previous definition of the type `Entity` here
...
19 | #[derive(Clone, Debug, PartialEq, DeriveEntityModel, Eq)]
   |                                   ^^^^^^^^^^^^^^^^^ `Entity` redefined here
   |
   = note: `Entity` must be defined only once in the type namespace of this module
   = note: this error originates in the derive macro `DeriveEntityModel` (in Nightly builds, run with -Z macro-backtrace for more info)

error[E0428]: the name `Entity` is defined multiple times
  --> src\models\purchase_receipt_item.rs:19:35
   |
10 | pub struct Entity;
   | ------------------ previous definition of the type `Entity` here
...
19 | #[derive(Clone, Debug, PartialEq, DeriveEntityModel, Eq)]
   |                                   ^^^^^^^^^^^^^^^^^ `Entity` redefined here
   |
   = note: `Entity` must be defined only once in the type namespace of this module
   = note: this error originates in the derive macro `DeriveEntityModel` (in Nightly builds, run with -Z macro-backtrace for more info)

error: Validator `range` can only be used on number types but found `Decimal` for field `unit_price`
   --> src\services\purchase_order_service.rs:793:21
    |
793 |     pub unit_price: Decimal,
    |                     ^^^^^^^

error: Validator `range` can only be used on number types but found `Decimal` for field `quantity`
   --> src\services\purchase_receipt_service.rs:648:19
    |
648 |     pub quantity: Decimal,
    |                   ^^^^^^^

error: Validator `range` can only be used on number types but found `Decimal` for field `pass_quantity`
   --> src\services\purchase_inspection_service.rs:255:24
    |
255 |     pub pass_quantity: Decimal,
    |                        ^^^^^^^

error[E0449]: visibility qualifiers are not permitted here
  --> src\models\inventory_adjustment.rs:64:5
   |
64 |     pub item,
   |     ^^^ help: remove the qualifier
   |
   = note: enum variants and their fields always share the visibility of the enum they are in

error[E0449]: visibility qualifiers are not permitted here
  --> src\models\inventory_adjustment.rs:71:5
   |
71 |     pub warehouse,
   |     ^^^ help: remove the qualifier
   |
   = note: enum variants and their fields always share the visibility of the enum they are in

error[E0432]: unresolved import `crate::models::location`
   --> src\handlers\warehouse_handler.rs:198:9
    |
198 |     use crate::models::location;
    |         ^^^^^^^^^^^^^^^^^^^^^^^ no `location` in `models`

error[E0432]: unresolved import `crate::models::location`
   --> src\handlers\warehouse_handler.rs:242:9
    |
242 |     use crate::models::location;
    |         ^^^^^^^^^^^^^^^^^^^^^^^ no `location` in `models`

error[E0432]: unresolved import `crate::models::location`
   --> src\handlers\warehouse_handler.rs:276:9
    |
276 |     use crate::models::location;
    |         ^^^^^^^^^^^^^^^^^^^^^^^ no `location` in `models`

error[E0432]: unresolved import `crate::models::location`
   --> src\handlers\warehouse_handler.rs:329:9
    |
329 |     use crate::models::location;
    |         ^^^^^^^^^^^^^^^^^^^^^^^ no `location` in `models`

error[E0432]: unresolved import `crate::models::location`
   --> src\handlers\warehouse_handler.rs:351:9
    |
351 |     use crate::models::location;
    |         ^^^^^^^^^^^^^^^^^^^^^^^ no `location` in `models`

error[E0432]: unresolved import `crate::models::dto`
  --> src\handlers\sales_order_handler.rs:10:20
   |
10 | use crate::models::dto::{ApiResponse, PageRequest};
   |                    ^^^ could not find `dto` in `models`

error[E0432]: unresolved import `crate::models::dto`
  --> src\handlers\inventory_transfer_handler.rs:10:20
   |
10 | use crate::models::dto::{ApiResponse, PageRequest};
   |                    ^^^ could not find `dto` in `models`

error[E0432]: unresolved import `crate::models::dto`
  --> src\handlers\inventory_count_handler.rs:10:20
   |
10 | use crate::models::dto::{ApiResponse, PageRequest};
   |                    ^^^ could not find `dto` in `models`

error[E0432]: unresolved import `crate::services::inventory_adjustment_service`
 --> src\handlers\inventory_adjustment_handler.rs:9:22
  |
9 | use crate::services::inventory_adjustment_service::{
  |                      ^^^^^^^^^^^^^^^^^^^^^^^^^^^^ could not find `inventory_adjustment_service` in `services`

error[E0432]: unresolved import `crate::services::batch_service`
  --> src\handlers\batch_handler.rs:11:22
   |
11 | use crate::services::batch_service::{BatchService, BatchCreateProductRequest, BatchUpdateProductRequest};
   |                      ^^^^^^^^^^^^^ could not find `batch_service` in `services`

error[E0432]: unresolved import `crate::services::batch_service`
  --> src\handlers\batch_new_handler.rs:13:22
   |
13 | use crate::services::batch_service::BatchService;
   |                      ^^^^^^^^^^^^^ could not find `batch_service` in `services`

error[E0432]: unresolved import `crate::models::dto`
 --> src\handlers\customer_handler.rs:9:20
  |
9 | use crate::models::dto::{PageRequest, PaginatedResponse};
  |                    ^^^ could not find `dto` in `models`

error[E0432]: unresolved import `crate::services::customer_service`
  --> src\handlers\customer_handler.rs:10:22
   |
10 | use crate::services::customer_service::CustomerService;
   |                      ^^^^^^^^^^^^^^^^ could not find `customer_service` in `services`

error[E0432]: unresolved import `crate::config::AppState`
  --> src\handlers\health_handler.rs:11:5
   |
11 | use crate::config::AppState;
   |     ^^^^^^^^^^^^^^^^^^^^^^^ no `AppState` in `config`
   |
help: consider importing this struct through its public re-export instead
   |
11 | use crate::AppState;
   |     ~~~~~~~~~~~~~~~

error[E0432]: unresolved import `crate::error`
 --> src\handlers\fixed_asset_handler.rs:1:12
  |
1 | use crate::error::AppError;
  |            ^^^^^
  |            |
  |            unresolved import
  |            help: a similar path exists: `core::error`

error[E0432]: unresolved import `crate::middleware::auth::AuthContext`
 --> src\handlers\fixed_asset_handler.rs:2:5
  |
2 | use crate::middleware::auth::AuthContext;
  |     ^^^^^^^^^^^^^^^^^^^^^^^^^^^^^^^^^^^^ no `AuthContext` in `middleware::auth`
  |
help: consider importing this struct through its public re-export instead
  |
2 | use crate::middleware::AuthContext;
  |     ~~~~~~~~~~~~~~~~~~~~~~~~~~~~~~

error[E0432]: unresolved import `crate::error`
 --> src\handlers\purchase_contract_handler.rs:1:12
  |
1 | use crate::error::AppError;
  |            ^^^^^
  |            |
  |            unresolved import
  |            help: a similar path exists: `core::error`

error[E0432]: unresolved import `crate::middleware::auth::AuthContext`
 --> src\handlers\purchase_contract_handler.rs:2:5
  |
2 | use crate::middleware::auth::AuthContext;
  |     ^^^^^^^^^^^^^^^^^^^^^^^^^^^^^^^^^^^^ no `AuthContext` in `middleware::auth`
  |
help: consider importing this struct through its public re-export instead
  |
2 | use crate::middleware::AuthContext;
  |     ~~~~~~~~~~~~~~~~~~~~~~~~~~~~~~

error[E0432]: unresolved import `crate::error`
 --> src\handlers\sales_contract_handler.rs:1:12
  |
1 | use crate::error::AppError;
  |            ^^^^^
  |            |
  |            unresolved import
  |            help: a similar path exists: `core::error`

error[E0432]: unresolved import `crate::middleware::auth::AuthContext`
 --> src\handlers\sales_contract_handler.rs:2:5
  |
2 | use crate::middleware::auth::AuthContext;
  |     ^^^^^^^^^^^^^^^^^^^^^^^^^^^^^^^^^^^^ no `AuthContext` in `middleware::auth`
  |
help: consider importing this struct through its public re-export instead
  |
2 | use crate::middleware::AuthContext;
  |     ~~~~~~~~~~~~~~~~~~~~~~~~~~~~~~

error[E0432]: unresolved import `crate::error`
 --> src\handlers\customer_credit_handler.rs:1:12
  |
1 | use crate::error::AppError;
  |            ^^^^^
  |            |
  |            unresolved import
  |            help: a similar path exists: `core::error`

error[E0432]: unresolved import `crate::middleware::auth::AuthContext`
 --> src\handlers\customer_credit_handler.rs:2:5
  |
2 | use crate::middleware::auth::AuthContext;
  |     ^^^^^^^^^^^^^^^^^^^^^^^^^^^^^^^^^^^^ no `AuthContext` in `middleware::auth`
  |
help: consider importing this struct through its public re-export instead
  |
2 | use crate::middleware::AuthContext;
  |     ~~~~~~~~~~~~~~~~~~~~~~~~~~~~~~

error[E0432]: unresolved import `crate::error`
 --> src\handlers\fund_management_handler.rs:1:12
  |
1 | use crate::error::AppError;
  |            ^^^^^
  |            |
  |            unresolved import
  |            help: a similar path exists: `core::error`

error[E0432]: unresolved import `crate::error`
 --> src\handlers\budget_management_handler.rs:1:12
  |
1 | use crate::error::AppError;
  |            ^^^^^
  |            |
  |            unresolved import
  |            help: a similar path exists: `core::error`

error[E0432]: unresolved import `crate::error`
 --> src\handlers\quality_standard_handler.rs:1:12
  |
1 | use crate::error::AppError;
  |            ^^^^^
  |            |
  |            unresolved import
  |            help: a similar path exists: `core::error`

error[E0432]: unresolved import `crate::error`
 --> src\handlers\financial_analysis_handler.rs:1:12
  |
1 | use crate::error::AppError;
  |            ^^^^^
  |            |
  |            unresolved import
  |            help: a similar path exists: `core::error`

error[E0432]: unresolved import `crate::middleware::auth::AuthContext`
 --> src\handlers\financial_analysis_handler.rs:2:5
  |
2 | use crate::middleware::auth::AuthContext;
  |     ^^^^^^^^^^^^^^^^^^^^^^^^^^^^^^^^^^^^ no `AuthContext` in `middleware::auth`
  |
help: consider importing this struct through its public re-export instead
  |
2 | use crate::middleware::AuthContext;
  |     ~~~~~~~~~~~~~~~~~~~~~~~~~~~~~~

error[E0432]: unresolved import `crate::error`
 --> src\handlers\supplier_evaluation_handler.rs:1:12
  |
1 | use crate::error::AppError;
  |            ^^^^^
  |            |
  |            unresolved import
  |            help: a similar path exists: `core::error`

error[E0432]: unresolved import `crate::middleware::auth::AuthContext`
 --> src\handlers\supplier_evaluation_handler.rs:2:5
  |
2 | use crate::middleware::auth::AuthContext;
  |     ^^^^^^^^^^^^^^^^^^^^^^^^^^^^^^^^^^^^ no `AuthContext` in `middleware::auth`
  |
help: consider importing this struct through its public re-export instead
  |
2 | use crate::middleware::AuthContext;
  |     ~~~~~~~~~~~~~~~~~~~~~~~~~~~~~~

error[E0432]: unresolved import `crate::error`
 --> src\handlers\purchase_price_handler.rs:1:12
  |
1 | use crate::error::AppError;
  |            ^^^^^
  |            |
  |            unresolved import
  |            help: a similar path exists: `core::error`

error[E0432]: unresolved import `crate::middleware::auth::AuthContext`
 --> src\handlers\purchase_price_handler.rs:2:5
  |
2 | use crate::middleware::auth::AuthContext;
  |     ^^^^^^^^^^^^^^^^^^^^^^^^^^^^^^^^^^^^ no `AuthContext` in `middleware::auth`
  |
help: consider importing this struct through its public re-export instead
  |
2 | use crate::middleware::AuthContext;
  |     ~~~~~~~~~~~~~~~~~~~~~~~~~~~~~~

error[E0432]: unresolved import `crate::error`
 --> src\handlers\sales_price_handler.rs:1:12
  |
1 | use crate::error::AppError;
  |            ^^^^^
  |            |
  |            unresolved import
  |            help: a similar path exists: `core::error`

error[E0432]: unresolved import `crate::middleware::auth::AuthContext`
 --> src\handlers\sales_price_handler.rs:2:5
  |
2 | use crate::middleware::auth::AuthContext;
  |     ^^^^^^^^^^^^^^^^^^^^^^^^^^^^^^^^^^^^ no `AuthContext` in `middleware::auth`
  |
help: consider importing this struct through its public re-export instead
  |
2 | use crate::middleware::AuthContext;
  |     ~~~~~~~~~~~~~~~~~~~~~~~~~~~~~~

error[E0432]: unresolved import `crate::error`
 --> src\handlers\sales_analysis_handler.rs:1:12
  |
1 | use crate::error::AppError;
  |            ^^^^^
  |            |
  |            unresolved import
  |            help: a similar path exists: `core::error`

error[E0432]: unresolved import `crate::middleware::auth::AuthContext`
 --> src\handlers\sales_analysis_handler.rs:2:5
  |
2 | use crate::middleware::auth::AuthContext;
  |     ^^^^^^^^^^^^^^^^^^^^^^^^^^^^^^^^^^^^ no `AuthContext` in `middleware::auth`
  |
help: consider importing this struct through its public re-export instead
  |
2 | use crate::middleware::AuthContext;
  |     ~~~~~~~~~~~~~~~~~~~~~~~~~~~~~~

error[E0432]: unresolved import `crate::error`
 --> src\handlers\quality_inspection_handler.rs:1:12
  |
1 | use crate::error::AppError;
  |            ^^^^^
  |            |
  |            unresolved import
  |            help: a similar path exists: `core::error`

error[E0432]: unresolved import `crate::middleware::auth::AuthContext`
 --> src\handlers\quality_inspection_handler.rs:2:5
  |
2 | use crate::middleware::auth::AuthContext;
  |     ^^^^^^^^^^^^^^^^^^^^^^^^^^^^^^^^^^^^ no `AuthContext` in `middleware::auth`
  |
help: consider importing this struct through its public re-export instead
  |
2 | use crate::middleware::AuthContext;
  |     ~~~~~~~~~~~~~~~~~~~~~~~~~~~~~~

error[E0432]: unresolved import `sea_orm::Json`
 --> src\models\business_trace_snapshot.rs:6:5
  |
6 | use sea_orm::Json;
  |     ^^^^^^^^^^^^^ no `Json` in the root
  |
help: consider importing one of these items instead
  |
6 | use crate::models::business_trace_snapshot::ColumnType::Json;
  |     ~~~~~~~~~~~~~~~~~~~~~~~~~~~~~~~~~~~~~~~~~~~~~~~~~~~~~~~~
6 | use crate::models::business_trace_snapshot::DbErr::Json;
  |     ~~~~~~~~~~~~~~~~~~~~~~~~~~~~~~~~~~~~~~~~~~~~~~~~~~~
6 | use crate::models::business_trace_snapshot::Value::Json;
  |     ~~~~~~~~~~~~~~~~~~~~~~~~~~~~~~~~~~~~~~~~~~~~~~~~~~~
6 | use axum::Json;
  |     ~~~~~~~~~~
    and 6 other candidates

error[E0432]: unresolved import `sea_orm::Func`
 --> src\services\dashboard_service.rs:1:91
  |
1 | use sea_orm::{DatabaseConnection, EntityTrait, ColumnTrait, QueryFilter, sea_query::Expr, Func};
  |                                                                                           ^^^^ no `Func` in the root

error[E0432]: unresolved import `crate::models::dto`
 --> src\services\sales_service.rs:8:20
  |
8 | use crate::models::dto::{ApiResponse, PageRequest, PaginatedResponse};
  |                    ^^^ could not find `dto` in `models`

error[E0432]: unresolved import `crate::models::dto`
 --> src\services\inventory_transfer_service.rs:7:20
  |
7 | use crate::models::dto::{PageRequest, PaginatedResponse};
  |                    ^^^ could not find `dto` in `models`

error[E0432]: unresolved import `crate::models::dto`
 --> src\services\inventory_count_service.rs:7:20
  |
7 | use crate::models::dto::{PageRequest, PaginatedResponse};
  |                    ^^^ could not find `dto` in `models`

error[E0432]: unresolved import `crate::models::sales_delivery_item`
 --> src\services\five_dimension_query_service.rs:2:84
  |
2 | use crate::models::{inventory_stock, inventory_transaction, purchase_receipt_item, sales_delivery_item};
  |                                                                                    ^^^^^^^^^^^^^^^^^^^
  |                                                                                    |
  |                                                                                    no `sales_delivery_item` in `models`
  |                                                                                    help: a similar name exists in the module: `sales_order_item`

error[E0432]: unresolved import `crate::models::business_trace`
 --> src\services\business_trace_service.rs:8:21
  |
8 | use crate::models::{business_trace, business_trace_snapshot};
  |                     ^^^^^^^^^^^^^^ no `business_trace` in `models`

error[E0432]: unresolved import `crate::error`
 --> src\services\supplier_evaluation_service.rs:8:12
  |
8 | use crate::error::AppError;
  |            ^^^^^
  |            |
  |            unresolved import
  |            help: a similar path exists: `core::error`

error[E0432]: unresolved import `crate::models::purchase_return`
  --> src\services\purchase_return_service.rs:10:5
   |
10 | use crate::models::purchase_return;
   |     ^^^^^^^^^^^^^^^---------------
   |     |              |
   |     |              help: a similar name exists in the module: `purchase_order`
   |     no `purchase_return` in `models`

error[E0432]: unresolved import `crate::models::purchase_inspection`
  --> src\services\purchase_inspection_service.rs:10:5
   |
10 | use crate::models::purchase_inspection;
   |     ^^^^^^^^^^^^^^^^^^^^^^^^^^^^^^^^^^ no `purchase_inspection` in `models`

error[E0432]: unresolved import `crate::models::purchase_return`
  --> src\services\ap_invoice_service.rs:11:51
   |
11 | use crate::models::{ap_invoice, purchase_receipt, purchase_return};
   |                                                   ^^^^^^^^^^^^^^^
   |                                                   |
   |                                                   no `purchase_return` in `models`
   |                                                   help: a similar name exists in the module: `purchase_order`

error[E0432]: unresolved import `crate::error`
 --> src\services\fixed_asset_service.rs:9:12
  |
9 | use crate::error::AppError;
  |            ^^^^^
  |            |
  |            unresolved import
  |            help: a similar path exists: `core::error`

error[E0432]: unresolved import `crate::error`
 --> src\services\purchase_contract_service.rs:9:12
  |
9 | use crate::error::AppError;
  |            ^^^^^
  |            |
  |            unresolved import
  |            help: a similar path exists: `core::error`

error[E0432]: unresolved import `crate::error`
 --> src\services\sales_contract_service.rs:9:12
  |
9 | use crate::error::AppError;
  |            ^^^^^
  |            |
  |            unresolved import
  |            help: a similar path exists: `core::error`

error[E0432]: unresolved import `crate::error`
 --> src\services\customer_credit_service.rs:8:12
  |
8 | use crate::error::AppError;
  |            ^^^^^
  |            |
  |            unresolved import
  |            help: a similar path exists: `core::error`

error[E0432]: unresolved import `crate::error`
 --> src\services\fund_management_service.rs:8:12
  |
8 | use crate::error::AppError;
  |            ^^^^^
  |            |
  |            unresolved import
  |            help: a similar path exists: `core::error`

error[E0432]: unresolved import `crate::error`
 --> src\services\budget_management_service.rs:8:12
  |
8 | use crate::error::AppError;
  |            ^^^^^
  |            |
  |            unresolved import
  |            help: a similar path exists: `core::error`

error[E0432]: unresolved import `crate::error`
 --> src\services\quality_standard_service.rs:7:12
  |
7 | use crate::error::AppError;
  |            ^^^^^
  |            |
  |            unresolved import
  |            help: a similar path exists: `core::error`

error[E0432]: unresolved import `crate::error`
 --> src\services\financial_analysis_service.rs:8:12
  |
8 | use crate::error::AppError;
  |            ^^^^^
  |            |
  |            unresolved import
  |            help: a similar path exists: `core::error`

error[E0432]: unresolved import `crate::error`
 --> src\services\purchase_price_service.rs:6:12
  |
6 | use crate::error::AppError;
  |            ^^^^^
  |            |
  |            unresolved import
  |            help: a similar path exists: `core::error`

error[E0432]: unresolved import `crate::error`
 --> src\services\sales_price_service.rs:6:12
  |
6 | use crate::error::AppError;
  |            ^^^^^
  |            |
  |            unresolved import
  |            help: a similar path exists: `core::error`

error[E0432]: unresolved import `crate::error`
 --> src\services\sales_analysis_service.rs:6:12
  |
6 | use crate::error::AppError;
  |            ^^^^^
  |            |
  |            unresolved import
  |            help: a similar path exists: `core::error`

error[E0432]: unresolved import `crate::error`
 --> src\services\quality_inspection_service.rs:6:12
  |
6 | use crate::error::AppError;
  |            ^^^^^
  |            |
  |            unresolved import
  |            help: a similar path exists: `core::error`

error[E0432]: unresolved import `crate::utils::response::PaginatedResponse`
  --> src\handlers\product_handler.rs:14:43
   |
14 | use crate::utils::response::{ApiResponse, PaginatedResponse};
   |                                           ^^^^^^^^^^^^^^^^^ no `PaginatedResponse` in `utils::response`
   |
   = help: consider importing this struct instead:
           crate::services::supplier_service::PaginatedResponse

error[E0432]: unresolved import `crate::utils::response::PaginatedResponse`
  --> src\handlers\product_category_handler.rs:13:43
   |
13 | use crate::utils::response::{ApiResponse, PaginatedResponse};
   |                                           ^^^^^^^^^^^^^^^^^ no `PaginatedResponse` in `utils::response`
   |
   = help: consider importing this struct instead:
           crate::services::supplier_service::PaginatedResponse

error[E0432]: unresolved import `crate::utils::response::PaginatedResponse`
  --> src\handlers\warehouse_handler.rs:13:43
   |
13 | use crate::utils::response::{ApiResponse, PaginatedResponse};
   |                                           ^^^^^^^^^^^^^^^^^ no `PaginatedResponse` in `utils::response`
   |
   = help: consider importing this struct instead:
           crate::services::supplier_service::PaginatedResponse

error[E0432]: unresolved import `crate::utils::response::PaginatedResponse`
  --> src\handlers\department_handler.rs:13:43
   |
13 | use crate::utils::response::{ApiResponse, PaginatedResponse};
   |                                           ^^^^^^^^^^^^^^^^^ no `PaginatedResponse` in `utils::response`
   |
   = help: consider importing this struct instead:
           crate::services::supplier_service::PaginatedResponse

error[E0432]: unresolved import `crate::utils::response::PaginatedResponse`
  --> src\handlers\sales_fabric_order_handler.rs:12:43
   |
12 | use crate::utils::response::{ApiResponse, PaginatedResponse};
   |                                           ^^^^^^^^^^^^^^^^^ no `PaginatedResponse` in `utils::response`
   |
   = help: consider importing this struct instead:
           crate::services::supplier_service::PaginatedResponse

error[E0432]: unresolved import `crate::utils::response::PaginatedResponse`
  --> src\handlers\batch_new_handler.rs:14:43
   |
14 | use crate::utils::response::{ApiResponse, PaginatedResponse};
   |                                           ^^^^^^^^^^^^^^^^^ no `PaginatedResponse` in `utils::response`
   |
   = help: consider importing this struct instead:
           crate::services::supplier_service::PaginatedResponse

error[E0432]: unresolved import `crate::models::user::User`
 --> src\grpc\service.rs:6:5
  |
6 | use crate::models::user::User as UserModel;
  |     ^^^^^^^^^^^^^^^^^^^^^^^^^^^^^^^^^^^^^^ no `User` in `models::user`
  |
help: consider importing one of these structs instead
  |
6 | use crate::grpc::proto::User as UserModel;
  |     ~~~~~~~~~~~~~~~~~~~~~~~~~~~~~~~~~~~~~
6 | use crate::models::User as UserModel;
  |     ~~~~~~~~~~~~~~~~~~~~~~~~~~~~~~~~
6 | use sysinfo::User as UserModel;
  |     ~~~~~~~~~~~~~~~~~~~~~~~~~~

error: cannot find attribute `sea_orm` in this scope
  --> src\models\inventory_count_item.rs:68:7
   |
68 |     #[sea_orm(
   |       ^^^^^^^
   |
   = note: `sea_orm` is in scope, but it is a crate, not an attribute

error: cannot find attribute `sea_orm` in this scope
  --> src\models\inventory_count_item.rs:74:7
   |
74 |     #[sea_orm(
   |       ^^^^^^^
   |
   = note: `sea_orm` is in scope, but it is a crate, not an attribute

error: cannot find attribute `sea_orm` in this scope
  --> src\models\inventory_count_item.rs:80:7
   |
80 |     #[sea_orm(
   |       ^^^^^^^
   |
   = note: `sea_orm` is in scope, but it is a crate, not an attribute

error: cannot find attribute `sea_orm` in this scope
  --> src\models\inventory_count_item.rs:86:7
   |
86 |     #[sea_orm(
   |       ^^^^^^^
   |
   = note: `sea_orm` is in scope, but it is a crate, not an attribute

error: cannot find attribute `sea_orm` in this scope
  --> src\models\inventory_adjustment_item.rs:65:7
   |
65 |     #[sea_orm(
   |       ^^^^^^^
   |
   = note: `sea_orm` is in scope, but it is a crate, not an attribute

error: cannot find attribute `sea_orm` in this scope
  --> src\models\inventory_adjustment_item.rs:71:7
   |
71 |     #[sea_orm(
   |       ^^^^^^^
   |
   = note: `sea_orm` is in scope, but it is a crate, not an attribute

error: cannot find attribute `sea_orm` in this scope
  --> src\models\inventory_reservation.rs:61:7
   |
61 |     #[sea_orm(
   |       ^^^^^^^
   |
   = note: `sea_orm` is in scope, but it is a crate, not an attribute

error: cannot find attribute `sea_orm` in this scope
  --> src\models\inventory_reservation.rs:67:7
   |
67 |     #[sea_orm(
   |       ^^^^^^^
   |
   = note: `sea_orm` is in scope, but it is a crate, not an attribute

error: cannot find attribute `sea_orm` in this scope
  --> src\models\inventory_reservation.rs:73:7
   |
73 |     #[sea_orm(
   |       ^^^^^^^
   |
   = note: `sea_orm` is in scope, but it is a crate, not an attribute

error: cannot find attribute `sea_orm` in this scope
  --> src\models\customer.rs:92:7
   |
92 |     #[sea_orm(
   |       ^^^^^^^
   |
   = note: `sea_orm` is in scope, but it is a crate, not an attribute

error: cannot find attribute `sea_orm` in this scope
  --> src\models\assist_accounting_record.rs:94:7
   |
94 |     #[sea_orm(
   |       ^^^^^^^
   |
   = note: `sea_orm` is in scope, but it is a crate, not an attribute

error: cannot find attribute `orm` in this scope
  --> src\models\supplier.rs:83:7
   |
83 |     #[orm(has_many = "super::supplier_contact::Entity")]
   |       ^^^

error: cannot find attribute `orm` in this scope
  --> src\models\supplier.rs:86:7
   |
86 |     #[orm(has_many = "super::supplier_evaluation::Entity")]
   |       ^^^

error: cannot find attribute `orm` in this scope
  --> src\models\supplier.rs:89:7
   |
89 |     #[orm(has_many = "super::supplier_qualification::Entity")]
   |       ^^^

error: cannot find attribute `orm` in this scope
  --> src\models\supplier.rs:92:7
   |
92 |     #[orm(has_one = "super::supplier_blacklist::Entity")]
   |       ^^^

error: cannot find attribute `sea_orm` in this scope
  --> src\models\purchase_order_item.rs:92:7
   |
92 |     #[sea_orm(
   |       ^^^^^^^
   |
   = note: `sea_orm` is in scope, but it is a crate, not an attribute

error: cannot find attribute `sea_orm` in this scope
  --> src\models\purchase_order_item.rs:98:7
   |
98 |     #[sea_orm(
   |       ^^^^^^^
   |
   = note: `sea_orm` is in scope, but it is a crate, not an attribute

error: cannot find attribute `sea_orm` in this scope
  --> src\models\purchase_receipt_item.rs:87:7
   |
87 |     #[sea_orm(
   |       ^^^^^^^
   |
   = note: `sea_orm` is in scope, but it is a crate, not an attribute

error: cannot find attribute `sea_orm` in this scope
  --> src\models\purchase_receipt_item.rs:93:7
   |
93 |     #[sea_orm(
   |       ^^^^^^^
   |
   = note: `sea_orm` is in scope, but it is a crate, not an attribute

error: cannot find attribute `sea_orm` in this scope
  --> src\models\purchase_receipt_item.rs:99:7
   |
99 |     #[sea_orm(
   |       ^^^^^^^
   |
   = note: `sea_orm` is in scope, but it is a crate, not an attribute

error: cannot find derive macro `Deserialize` in this scope
   --> src\services\supplier_service.rs:595:17
    |
595 | #[derive(Debug, Deserialize)]
    |                 ^^^^^^^^^^^
    |
help: consider importing this derive macro
    |
1   + use serde::Deserialize;
    |

error: cannot find derive macro `Deserialize` in this scope
   --> src\services\supplier_service.rs:580:17
    |
580 | #[derive(Debug, Deserialize, Validate)]
    |                 ^^^^^^^^^^^
    |
help: consider importing this derive macro
    |
1   + use serde::Deserialize;
    |

error: cannot find derive macro `Validate` in this scope
   --> src\services\supplier_service.rs:580:30
    |
580 | #[derive(Debug, Deserialize, Validate)]
    |                              ^^^^^^^^
    |
help: consider importing this derive macro
    |
1   + use validator::Validate;
    |

error: cannot find attribute `validate` in this scope
   --> src\services\supplier_service.rs:582:7
    |
582 |     #[validate(length(min = 1, max = 200))]
    |       ^^^^^^^^

error: cannot find derive macro `Deserialize` in this scope
   --> src\services\supplier_service.rs:565:17
    |
565 | #[derive(Debug, Deserialize)]
    |                 ^^^^^^^^^^^
    |
help: consider importing this derive macro
    |
1   + use serde::Deserialize;
    |

error: cannot find derive macro `Deserialize` in this scope
   --> src\services\supplier_service.rs:548:17
    |
548 | #[derive(Debug, Deserialize, Validate)]
    |                 ^^^^^^^^^^^
    |
help: consider importing this derive macro
    |
1   + use serde::Deserialize;
    |

error: cannot find derive macro `Validate` in this scope
   --> src\services\supplier_service.rs:548:30
    |
548 | #[derive(Debug, Deserialize, Validate)]
    |                              ^^^^^^^^
    |
help: consider importing this derive macro
    |
1   + use validator::Validate;
    |

error: cannot find attribute `validate` in this scope
   --> src\services\supplier_service.rs:550:7
    |
550 |     #[validate(length(min = 1, max = 50))]
    |       ^^^^^^^^

error: cannot find attribute `validate` in this scope
   --> src\services\supplier_service.rs:554:7
    |
554 |     #[validate(phone)]
    |       ^^^^^^^^

error: cannot find derive macro `Deserialize` in this scope
   --> src\services\supplier_service.rs:516:17
    |
516 | #[derive(Debug, Deserialize)]
    |                 ^^^^^^^^^^^
    |
help: consider importing this derive macro
    |
1   + use serde::Deserialize;
    |

error: cannot find derive macro `Deserialize` in this scope
   --> src\services\supplier_service.rs:482:17
    |
482 | #[derive(Debug, Deserialize, Validate)]
    |                 ^^^^^^^^^^^
    |
help: consider importing this derive macro
    |
1   + use serde::Deserialize;
    |

error: cannot find derive macro `Validate` in this scope
   --> src\services\supplier_service.rs:482:30
    |
482 | #[derive(Debug, Deserialize, Validate)]
    |                              ^^^^^^^^
    |
help: consider importing this derive macro
    |
1   + use validator::Validate;
    |

error: cannot find attribute `validate` in this scope
   --> src\services\supplier_service.rs:484:7
    |
484 |     #[validate(length(min = 2, max = 200))]
    |       ^^^^^^^^

error: cannot find attribute `validate` in this scope
   --> src\services\supplier_service.rs:486:7
    |
486 |     #[validate(length(min = 2, max = 100))]
    |       ^^^^^^^^

error: cannot find attribute `validate` in this scope
   --> src\services\supplier_service.rs:489:7
    |
489 |     #[validate(length(equal = 18))]
    |       ^^^^^^^^

error: cannot find attribute `validate` in this scope
   --> src\services\supplier_service.rs:509:7
    |
509 |     #[validate]
    |       ^^^^^^^^

error: cannot find attribute `validate` in this scope
   --> src\services\supplier_service.rs:511:7
    |
511 |     #[validate]
    |       ^^^^^^^^

error: cannot find derive macro `Serialize` in this scope
   --> src\services\supplier_service.rs:473:17
    |
473 | #[derive(Debug, Serialize, Deserialize)]
    |                 ^^^^^^^^^
    |
help: consider importing this derive macro
    |
1   + use serde::Serialize;
    |

error: cannot find derive macro `Deserialize` in this scope
   --> src\services\supplier_service.rs:473:28
    |
473 | #[derive(Debug, Serialize, Deserialize)]
    |                            ^^^^^^^^^^^
    |
help: consider importing this derive macro
    |
1   + use serde::Deserialize;
    |

error: cannot find derive macro `Deserialize` in this scope
  --> src\services\inventory_count_service.rs:71:17
   |
71 | #[derive(Debug, Deserialize)]
   |                 ^^^^^^^^^^^
   |
help: consider importing this derive macro
   |
1  + use serde::Deserialize;
   |

error: cannot find derive macro `Deserialize` in this scope
  --> src\services\inventory_count_service.rs:62:17
   |
62 | #[derive(Debug, Deserialize)]
   |                 ^^^^^^^^^^^
   |
help: consider importing this derive macro
   |
1  + use serde::Deserialize;
   |

error: cannot find derive macro `Deserialize` in this scope
  --> src\services\inventory_count_service.rs:53:17
   |
53 | #[derive(Debug, Deserialize)]
   |                 ^^^^^^^^^^^
   |
help: consider importing this derive macro
   |
1  + use serde::Deserialize;
   |

error: cannot find derive macro `Serialize` in this scope
  --> src\services\inventory_count_service.rs:34:17
   |
34 | #[derive(Debug, Serialize, Deserialize)]
   |                 ^^^^^^^^^
   |
help: consider importing this derive macro
   |
1  + use serde::Serialize;
   |

error: cannot find derive macro `Deserialize` in this scope
  --> src\services\inventory_count_service.rs:34:28
   |
34 | #[derive(Debug, Serialize, Deserialize)]
   |                            ^^^^^^^^^^^
   |
help: consider importing this derive macro
   |
1  + use serde::Deserialize;
   |

error: cannot find derive macro `Serialize` in this scope
  --> src\services\inventory_count_service.rs:13:17
   |
13 | #[derive(Debug, Serialize, Deserialize)]
   |                 ^^^^^^^^^
   |
help: consider importing this derive macro
   |
1  + use serde::Serialize;
   |

error: cannot find derive macro `Deserialize` in this scope
  --> src\services\inventory_count_service.rs:13:28
   |
13 | #[derive(Debug, Serialize, Deserialize)]
   |                            ^^^^^^^^^^^
   |
help: consider importing this derive macro
   |
1  + use serde::Deserialize;
   |

error: cannot find derive macro `Deserialize` in this scope
  --> src\services\inventory_transfer_service.rs:67:17
   |
67 | #[derive(Debug, Deserialize)]
   |                 ^^^^^^^^^^^
   |
help: consider importing this derive macro
   |
1  + use serde::Deserialize;
   |

error: cannot find derive macro `Deserialize` in this scope
  --> src\services\inventory_transfer_service.rs:59:17
   |
59 | #[derive(Debug, Deserialize)]
   |                 ^^^^^^^^^^^
   |
help: consider importing this derive macro
   |
1  + use serde::Deserialize;
   |

error: cannot find derive macro `Deserialize` in this scope
  --> src\services\inventory_transfer_service.rs:49:17
   |
49 | #[derive(Debug, Deserialize)]
   |                 ^^^^^^^^^^^
   |
help: consider importing this derive macro
   |
1  + use serde::Deserialize;
   |

error: cannot find derive macro `Serialize` in this scope
  --> src\services\inventory_transfer_service.rs:34:17
   |
34 | #[derive(Debug, Serialize, Deserialize)]
   |                 ^^^^^^^^^
   |
help: consider importing this derive macro
   |
1  + use serde::Serialize;
   |

error: cannot find derive macro `Deserialize` in this scope
  --> src\services\inventory_transfer_service.rs:34:28
   |
34 | #[derive(Debug, Serialize, Deserialize)]
   |                            ^^^^^^^^^^^
   |
help: consider importing this derive macro
   |
1  + use serde::Deserialize;
   |

error: cannot find derive macro `Serialize` in this scope
  --> src\services\inventory_transfer_service.rs:13:17
   |
13 | #[derive(Debug, Serialize, Deserialize)]
   |                 ^^^^^^^^^
   |
help: consider importing this derive macro
   |
1  + use serde::Serialize;
   |

error: cannot find derive macro `Deserialize` in this scope
  --> src\services\inventory_transfer_service.rs:13:28
   |
13 | #[derive(Debug, Serialize, Deserialize)]
   |                            ^^^^^^^^^^^
   |
help: consider importing this derive macro
   |
1  + use serde::Deserialize;
   |

error: cannot find derive macro `Deserialize` in this scope
  --> src\services\sales_service.rs:85:17
   |
85 | #[derive(Debug, Deserialize)]
   |                 ^^^^^^^^^^^
   |
help: consider importing this derive macro
   |
1  + use serde::Deserialize;
   |

error: cannot find derive macro `Deserialize` in this scope
  --> src\services\sales_service.rs:74:17
   |
74 | #[derive(Debug, Deserialize)]
   |                 ^^^^^^^^^^^
   |
help: consider importing this derive macro
   |
1  + use serde::Deserialize;
   |

error: cannot find derive macro `Deserialize` in this scope
  --> src\services\sales_service.rs:63:17
   |
63 | #[derive(Debug, Deserialize)]
   |                 ^^^^^^^^^^^
   |
help: consider importing this derive macro
   |
1  + use serde::Deserialize;
   |

error: cannot find derive macro `Serialize` in this scope
  --> src\services\sales_service.rs:43:17
   |
43 | #[derive(Debug, Serialize, Deserialize)]
   |                 ^^^^^^^^^
   |
help: consider importing this derive macro
   |
1  + use serde::Serialize;
   |

error: cannot find derive macro `Deserialize` in this scope
  --> src\services\sales_service.rs:43:28
   |
43 | #[derive(Debug, Serialize, Deserialize)]
   |                            ^^^^^^^^^^^
   |
help: consider importing this derive macro
   |
1  + use serde::Deserialize;
   |

error: cannot find derive macro `Serialize` in this scope
  --> src\services\sales_service.rs:15:17
   |
15 | #[derive(Debug, Serialize, Deserialize)]
   |                 ^^^^^^^^^
   |
help: consider importing this derive macro
   |
1  + use serde::Serialize;
   |

error: cannot find derive macro `Deserialize` in this scope
  --> src\services\sales_service.rs:15:28
   |
15 | #[derive(Debug, Serialize, Deserialize)]
   |                            ^^^^^^^^^^^
   |
help: consider importing this derive macro
   |
1  + use serde::Deserialize;
   |

error: cannot find derive macro `Deserialize` in this scope
  --> src\services\finance_invoice_service.rs:26:17
   |
26 | #[derive(Debug, Deserialize)]
   |                 ^^^^^^^^^^^
   |
help: consider importing this derive macro
   |
1  + use serde::Deserialize;
   |

error: cannot find derive macro `Deserialize` in this scope
 --> src\services\finance_invoice_service.rs:8:17
  |
8 | #[derive(Debug, Deserialize)]
  |                 ^^^^^^^^^^^
  |
help: consider importing this derive macro
  |
1 + use serde::Deserialize;
  |

error: cannot find derive macro `Deserialize` in this scope
  --> src\services\role_permission_service.rs:56:17
   |
56 | #[derive(Debug, Deserialize)]
   |                 ^^^^^^^^^^^
   |
help: consider importing this derive macro
   |
1  + use serde::Deserialize;
   |

error: cannot find derive macro `Deserialize` in this scope
  --> src\services\role_permission_service.rs:47:17
   |
47 | #[derive(Debug, Deserialize)]
   |                 ^^^^^^^^^^^
   |
help: consider importing this derive macro
   |
1  + use serde::Deserialize;
   |

error: cannot find derive macro `Deserialize` in this scope
  --> src\services\role_permission_service.rs:38:17
   |
38 | #[derive(Debug, Deserialize)]
   |                 ^^^^^^^^^^^
   |
help: consider importing this derive macro
   |
1  + use serde::Deserialize;
   |

error: cannot find derive macro `Serialize` in this scope
  --> src\services\role_permission_service.rs:24:17
   |
24 | #[derive(Debug, Serialize, Deserialize)]
   |                 ^^^^^^^^^
   |
help: consider importing this derive macro
   |
1  + use serde::Serialize;
   |

error: cannot find derive macro `Deserialize` in this scope
  --> src\services\role_permission_service.rs:24:28
   |
24 | #[derive(Debug, Serialize, Deserialize)]
   |                            ^^^^^^^^^^^
   |
help: consider importing this derive macro
   |
1  + use serde::Deserialize;
   |

error: cannot find derive macro `Serialize` in this scope
  --> src\services\role_permission_service.rs:11:17
   |
11 | #[derive(Debug, Serialize, Deserialize)]
   |                 ^^^^^^^^^
   |
help: consider importing this derive macro
   |
1  + use serde::Serialize;
   |

error: cannot find derive macro `Deserialize` in this scope
  --> src\services\role_permission_service.rs:11:28
   |
11 | #[derive(Debug, Serialize, Deserialize)]
   |                            ^^^^^^^^^^^
   |
help: consider importing this derive macro
   |
1  + use serde::Deserialize;
   |

error: cannot find derive macro `EnumIdent` in this scope
   --> src\models\quality_inspection.rs:25:30
    |
25  | #[derive(Copy, Clone, Debug, EnumIdent, DeriveRelation)]
    |                              ^^^^^^^^^ help: a derive macro with a similar name exists: `EnumIter`
    |
   ::: C:\Users\admin\.cargo\registry\src\index.crates.io-6f17d22bba15001f\sea-orm-macros-1.1.19\src/lib.rs:946:1
    |
946 | pub fn enum_iter(input: TokenStream) -> TokenStream {
    | --------------------------------------------------- similarly named derive macro `EnumIter` defined here

error: cannot find derive macro `EnumIdent` in this scope
   --> src\models\sales_analysis.rs:25:30
    |
25  | #[derive(Copy, Clone, Debug, EnumIdent, DeriveRelation)]
    |                              ^^^^^^^^^ help: a derive macro with a similar name exists: `EnumIter`
    |
   ::: C:\Users\admin\.cargo\registry\src\index.crates.io-6f17d22bba15001f\sea-orm-macros-1.1.19\src/lib.rs:946:1
    |
946 | pub fn enum_iter(input: TokenStream) -> TokenStream {
    | --------------------------------------------------- similarly named derive macro `EnumIter` defined here

error: cannot find derive macro `EnumIdent` in this scope
   --> src\models\sales_price.rs:32:30
    |
32  | #[derive(Copy, Clone, Debug, EnumIdent, DeriveRelation)]
    |                              ^^^^^^^^^ help: a derive macro with a similar name exists: `EnumIter`
    |
   ::: C:\Users\admin\.cargo\registry\src\index.crates.io-6f17d22bba15001f\sea-orm-macros-1.1.19\src/lib.rs:946:1
    |
946 | pub fn enum_iter(input: TokenStream) -> TokenStream {
    | --------------------------------------------------- similarly named derive macro `EnumIter` defined here

error: cannot find derive macro `EnumIdent` in this scope
   --> src\models\purchase_price.rs:30:30
    |
30  | #[derive(Copy, Clone, Debug, EnumIdent, DeriveRelation)]
    |                              ^^^^^^^^^ help: a derive macro with a similar name exists: `EnumIter`
    |
   ::: C:\Users\admin\.cargo\registry\src\index.crates.io-6f17d22bba15001f\sea-orm-macros-1.1.19\src/lib.rs:946:1
    |
946 | pub fn enum_iter(input: TokenStream) -> TokenStream {
    | --------------------------------------------------- similarly named derive macro `EnumIter` defined here

error: cannot find derive macro `EnumIdent` in this scope
   --> src\models\financial_analysis.rs:22:30
    |
22  | #[derive(Copy, Clone, Debug, EnumIdent, DeriveRelation)]
    |                              ^^^^^^^^^ help: a derive macro with a similar name exists: `EnumIter`
    |
   ::: C:\Users\admin\.cargo\registry\src\index.crates.io-6f17d22bba15001f\sea-orm-macros-1.1.19\src/lib.rs:946:1
    |
946 | pub fn enum_iter(input: TokenStream) -> TokenStream {
    | --------------------------------------------------- similarly named derive macro `EnumIter` defined here

error: cannot find derive macro `EnumIdent` in this scope
   --> src\models\quality_standard.rs:34:30
    |
34  | #[derive(Copy, Clone, Debug, EnumIdent, DeriveRelation)]
    |                              ^^^^^^^^^ help: a derive macro with a similar name exists: `EnumIter`
    |
   ::: C:\Users\admin\.cargo\registry\src\index.crates.io-6f17d22bba15001f\sea-orm-macros-1.1.19\src/lib.rs:946:1
    |
946 | pub fn enum_iter(input: TokenStream) -> TokenStream {
    | --------------------------------------------------- similarly named derive macro `EnumIter` defined here

error: cannot find derive macro `EnumIdent` in this scope
   --> src\models\budget_management.rs:21:30
    |
21  | #[derive(Copy, Clone, Debug, EnumIdent, DeriveRelation)]
    |                              ^^^^^^^^^ help: a derive macro with a similar name exists: `EnumIter`
    |
   ::: C:\Users\admin\.cargo\registry\src\index.crates.io-6f17d22bba15001f\sea-orm-macros-1.1.19\src/lib.rs:946:1
    |
946 | pub fn enum_iter(input: TokenStream) -> TokenStream {
    | --------------------------------------------------- similarly named derive macro `EnumIter` defined here

error: cannot find derive macro `EnumIdent` in this scope
   --> src\models\fund_management.rs:27:30
    |
27  | #[derive(Copy, Clone, Debug, EnumIdent, DeriveRelation)]
    |                              ^^^^^^^^^ help: a derive macro with a similar name exists: `EnumIter`
    |
   ::: C:\Users\admin\.cargo\registry\src\index.crates.io-6f17d22bba15001f\sea-orm-macros-1.1.19\src/lib.rs:946:1
    |
946 | pub fn enum_iter(input: TokenStream) -> TokenStream {
    | --------------------------------------------------- similarly named derive macro `EnumIter` defined here

error: cannot find derive macro `EnumIdent` in this scope
   --> src\models\supplier_evaluation.rs:22:30
    |
22  | #[derive(Copy, Clone, Debug, EnumIdent, DeriveRelation)]
    |                              ^^^^^^^^^ help: a derive macro with a similar name exists: `EnumIter`
    |
   ::: C:\Users\admin\.cargo\registry\src\index.crates.io-6f17d22bba15001f\sea-orm-macros-1.1.19\src/lib.rs:946:1
    |
946 | pub fn enum_iter(input: TokenStream) -> TokenStream {
    | --------------------------------------------------- similarly named derive macro `EnumIter` defined here

error: cannot find derive macro `Deserialize` in this scope
   --> src\handlers\supplier_handler.rs:112:17
    |
112 | #[derive(Debug, Deserialize)]
    |                 ^^^^^^^^^^^
    |
help: consider importing this derive macro
    |
1   + use serde::Deserialize;
    |

error: cannot find derive macro `Deserialize` in this scope
  --> src\handlers\inventory_count_handler.rs:50:17
   |
50 | #[derive(Debug, Deserialize)]
   |                 ^^^^^^^^^^^
   |
help: consider importing this derive macro
   |
1  + use serde::Deserialize;
   |

error: cannot find derive macro `Deserialize` in this scope
  --> src\handlers\inventory_count_handler.rs:42:17
   |
42 | #[derive(Debug, Deserialize)]
   |                 ^^^^^^^^^^^
   |
help: consider importing this derive macro
   |
1  + use serde::Deserialize;
   |

error: cannot find derive macro `Deserialize` in this scope
  --> src\handlers\inventory_count_handler.rs:33:17
   |
33 | #[derive(Debug, Deserialize)]
   |                 ^^^^^^^^^^^
   |
help: consider importing this derive macro
   |
1  + use serde::Deserialize;
   |

error: cannot find derive macro `Deserialize` in this scope
  --> src\handlers\inventory_count_handler.rs:24:17
   |
24 | #[derive(Debug, Deserialize)]
   |                 ^^^^^^^^^^^
   |
help: consider importing this derive macro
   |
1  + use serde::Deserialize;
   |

error: cannot find derive macro `Deserialize` in this scope
  --> src\handlers\inventory_count_handler.rs:14:17
   |
14 | #[derive(Debug, Deserialize)]
   |                 ^^^^^^^^^^^
   |
help: consider importing this derive macro
   |
1  + use serde::Deserialize;
   |

error: cannot find derive macro `Deserialize` in this scope
  --> src\handlers\inventory_transfer_handler.rs:51:17
   |
51 | #[derive(Debug, Deserialize)]
   |                 ^^^^^^^^^^^
   |
help: consider importing this derive macro
   |
1  + use serde::Deserialize;
   |

error: cannot find derive macro `Deserialize` in this scope
  --> src\handlers\inventory_transfer_handler.rs:43:17
   |
43 | #[derive(Debug, Deserialize)]
   |                 ^^^^^^^^^^^
   |
help: consider importing this derive macro
   |
1  + use serde::Deserialize;
   |

error: cannot find derive macro `Deserialize` in this scope
  --> src\handlers\inventory_transfer_handler.rs:35:17
   |
35 | #[derive(Debug, Deserialize)]
   |                 ^^^^^^^^^^^
   |
help: consider importing this derive macro
   |
1  + use serde::Deserialize;
   |

error: cannot find derive macro `Deserialize` in this scope
  --> src\handlers\inventory_transfer_handler.rs:25:17
   |
25 | #[derive(Debug, Deserialize)]
   |                 ^^^^^^^^^^^
   |
help: consider importing this derive macro
   |
1  + use serde::Deserialize;
   |

error: cannot find derive macro `Deserialize` in this scope
  --> src\handlers\inventory_transfer_handler.rs:14:17
   |
14 | #[derive(Debug, Deserialize)]
   |                 ^^^^^^^^^^^
   |
help: consider importing this derive macro
   |
1  + use serde::Deserialize;
   |

error: cannot find derive macro `Deserialize` in this scope
  --> src\handlers\sales_order_handler.rs:46:17
   |
46 | #[derive(Debug, Deserialize)]
   |                 ^^^^^^^^^^^
   |
help: consider importing this derive macro
   |
1  + use serde::Deserialize;
   |

error: cannot find derive macro `Deserialize` in this scope
  --> src\handlers\sales_order_handler.rs:35:17
   |
35 | #[derive(Debug, Deserialize)]
   |                 ^^^^^^^^^^^
   |
help: consider importing this derive macro
   |
1  + use serde::Deserialize;
   |

error: cannot find derive macro `Deserialize` in this scope
  --> src\handlers\sales_order_handler.rs:24:17
   |
24 | #[derive(Debug, Deserialize)]
   |                 ^^^^^^^^^^^
   |
help: consider importing this derive macro
   |
1  + use serde::Deserialize;
   |

error: cannot find derive macro `Deserialize` in this scope
  --> src\handlers\sales_order_handler.rs:14:17
   |
14 | #[derive(Debug, Deserialize)]
   |                 ^^^^^^^^^^^
   |
help: consider importing this derive macro
   |
1  + use serde::Deserialize;
   |

error[E0433]: failed to resolve: could not find `depreciation_record` in `fixed_asset`
   --> src\services\fixed_asset_service.rs:192:63
    |
192 |         let depreciation_record = crate::models::fixed_asset::depreciation_record::ActiveModel {
    |                                                               ^^^^^^^^^^^^^^^^^^^ could not find `depreciation_record` in `fixed_asset`

error[E0433]: failed to resolve: could not find `asset_disposal` in `fixed_asset`
   --> src\services\fixed_asset_service.rs:248:52
    |
248 |         let disposal = crate::models::fixed_asset::asset_disposal::ActiveModel {
    |                                                    ^^^^^^^^^^^^^^ could not find `asset_disposal` in `fixed_asset`

error[E0433]: failed to resolve: could not find `contract_execution` in `purchase_contract`
   --> src\services\purchase_contract_service.rs:161:44
    |
161 |         let execution = purchase_contract::contract_execution::ActiveModel {
    |                                            ^^^^^^^^^^^^^^^^^^ could not find `contract_execution` in `purchase_contract`

error[E0433]: failed to resolve: could not find `contract_execution` in `sales_contract`
   --> src\services\sales_contract_service.rs:161:41
    |
161 |         let execution = sales_contract::contract_execution::ActiveModel {
    |                                         ^^^^^^^^^^^^^^^^^^ could not find `contract_execution` in `sales_contract`

error[E0433]: failed to resolve: could not find `credit_change` in `customer_credit`
   --> src\services\customer_credit_service.rs:240:46
    |
240 |         let change_record = customer_credit::credit_change::ActiveModel {
    |                                              ^^^^^^^^^^^^^ could not find `credit_change` in `customer_credit`

error[E0433]: failed to resolve: could not find `ConnectionHandle` in `sea_orm`
  --> src\utils\app_state.rs:14:68
   |
14 |                 sea_orm::DatabaseConnection::Disconnected(sea_orm::ConnectionHandle::current())
   |                                                                    ^^^^^^^^^^^^^^^^ could not find `ConnectionHandle` in `sea_orm`

error[E0422]: cannot find struct, variant or union type `CreateProductColorInput` in module `crate::services::product_service`
   --> src\handlers\product_handler.rs:308:43
    |
308 |         crate::services::product_service::CreateProductColorInput {
    |                                           ^^^^^^^^^^^^^^^^^^^^^^^ not found in `crate::services::product_service`

error[E0412]: cannot find type `Utc` in this scope
  --> src\models\account_subject.rs:53:30
   |
53 |     pub created_at: DateTime<Utc>,
   |                              ^^^ not found in this scope
   |
help: consider importing this struct
   |
5  + use chrono::Utc;
   |

error[E0412]: cannot find type `Utc` in this scope
  --> src\models\account_subject.rs:54:30
   |
54 |     pub updated_at: DateTime<Utc>,
   |                              ^^^ not found in this scope
   |
help: consider importing this struct
   |
5  + use chrono::Utc;
   |

error[E0412]: cannot find type `Utc` in this scope
  --> src\models\account_subject.rs:53:5
   |
53 |     pub created_at: DateTime<Utc>,
   |     ^^^ not found in this scope
   |
help: consider importing this struct
   |
5  + use chrono::Utc;
   |

error[E0412]: cannot find type `Utc` in this scope
  --> src\models\account_subject.rs:54:5
   |
54 |     pub updated_at: DateTime<Utc>,
   |     ^^^ not found in this scope
   |
help: consider importing this struct
   |
5  + use chrono::Utc;
   |

error[E0412]: cannot find type `NaiveDate` in this scope
  --> src\models\voucher.rs:15:23
   |
15 |     pub voucher_date: NaiveDate,
   |                       ^^^^^^^^^
   |
  ::: C:\Users\admin\.cargo\registry\src\index.crates.io-6f17d22bba15001f\time-0.3.36\src\date.rs:51:1
   |
51 | pub struct Date {
   | --------------- similarly named struct `TimeDate` defined here
   |
help: a struct with a similar name exists
   |
15 |     pub voucher_date: TimeDate,
   |                       ~~~~~~~~
help: consider importing this struct
   |
5  + use chrono::NaiveDate;
   |

error[E0412]: cannot find type `Utc` in this scope
  --> src\models\voucher.rs:42:38
   |
42 |     pub reviewed_at: Option<DateTime<Utc>>,
   |                                      ^^^ not found in this scope
   |
help: consider importing this struct
   |
5  + use chrono::Utc;
   |

error[E0412]: cannot find type `Utc` in this scope
  --> src\models\voucher.rs:44:36
   |
44 |     pub posted_at: Option<DateTime<Utc>>,
   |                                    ^^^ not found in this scope
   |
help: consider importing this struct
   |
5  + use chrono::Utc;
   |

error[E0412]: cannot find type `Utc` in this scope
  --> src\models\voucher.rs:46:30
   |
46 |     pub created_at: DateTime<Utc>,
   |                              ^^^ not found in this scope
   |
help: consider importing this struct
   |
5  + use chrono::Utc;
   |

error[E0412]: cannot find type `Utc` in this scope
  --> src\models\voucher.rs:47:30
   |
47 |     pub updated_at: DateTime<Utc>,
   |                              ^^^ not found in this scope
   |
help: consider importing this struct
   |
5  + use chrono::Utc;
   |

error[E0412]: cannot find type `Utc` in this scope
  --> src\models\voucher.rs:42:5
   |
42 |     pub reviewed_at: Option<DateTime<Utc>>,
   |     ^^^ not found in this scope
   |
help: consider importing this struct
   |
5  + use chrono::Utc;
   |

error[E0412]: cannot find type `Utc` in this scope
  --> src\models\voucher.rs:44:5
   |
44 |     pub posted_at: Option<DateTime<Utc>>,
   |     ^^^ not found in this scope
   |
help: consider importing this struct
   |
5  + use chrono::Utc;
   |

error[E0412]: cannot find type `Utc` in this scope
  --> src\models\voucher.rs:46:5
   |
46 |     pub created_at: DateTime<Utc>,
   |     ^^^ not found in this scope
   |
help: consider importing this struct
   |
5  + use chrono::Utc;
   |

error[E0412]: cannot find type `Utc` in this scope
  --> src\models\voucher.rs:47:5
   |
47 |     pub updated_at: DateTime<Utc>,
   |     ^^^ not found in this scope
   |
help: consider importing this struct
   |
5  + use chrono::Utc;
   |

error[E0412]: cannot find type `NaiveDate` in this scope
  --> src\models\voucher.rs:15:5
   |
15 |     pub voucher_date: NaiveDate,
   |     ^^^
   |
  ::: C:\Users\admin\.cargo\registry\src\index.crates.io-6f17d22bba15001f\time-0.3.36\src\date.rs:51:1
   |
51 | pub struct Date {
   | --------------- similarly named struct `TimeDate` defined here
   |
help: a struct with a similar name exists
   |
15 |     TimeDate voucher_date: NaiveDate,
   |     ~~~~~~~~
help: consider importing this struct
   |
5  + use chrono::NaiveDate;
   |

error[E0412]: cannot find type `Utc` in this scope
  --> src\models\voucher_item.rs:44:30
   |
44 |     pub created_at: DateTime<Utc>,
   |                              ^^^ not found in this scope
   |
help: consider importing this struct
   |
5  + use chrono::Utc;
   |

error[E0412]: cannot find type `Utc` in this scope
  --> src\models\voucher_item.rs:44:5
   |
44 |     pub created_at: DateTime<Utc>,
   |     ^^^ not found in this scope
   |
help: consider importing this struct
   |
5  + use chrono::Utc;
   |

error[E0412]: cannot find type `Utc` in this scope
  --> src\models\account_balance.rs:40:30
   |
40 |     pub created_at: DateTime<Utc>,
   |                              ^^^ not found in this scope
   |
help: consider importing this struct
   |
5  + use chrono::Utc;
   |

error[E0412]: cannot find type `Utc` in this scope
  --> src\models\account_balance.rs:41:30
   |
41 |     pub updated_at: DateTime<Utc>,
   |                              ^^^ not found in this scope
   |
help: consider importing this struct
   |
5  + use chrono::Utc;
   |

error[E0412]: cannot find type `Utc` in this scope
  --> src\models\account_balance.rs:40:5
   |
40 |     pub created_at: DateTime<Utc>,
   |     ^^^ not found in this scope
   |
help: consider importing this struct
   |
5  + use chrono::Utc;
   |

error[E0412]: cannot find type `Utc` in this scope
  --> src\models\account_balance.rs:41:5
   |
41 |     pub updated_at: DateTime<Utc>,
   |     ^^^ not found in this scope
   |
help: consider importing this struct
   |
5  + use chrono::Utc;
   |

error[E0412]: cannot find type `NaiveDate` in this scope
  --> src\models\purchase_order.rs:28:21
   |
28 |     pub order_date: NaiveDate,
   |                     ^^^^^^^^^
   |
  ::: C:\Users\admin\.cargo\registry\src\index.crates.io-6f17d22bba15001f\time-0.3.36\src\date.rs:51:1
   |
51 | pub struct Date {
   | --------------- similarly named struct `TimeDate` defined here
   |
help: a struct with a similar name exists
   |
28 |     pub order_date: TimeDate,
   |                     ~~~~~~~~
help: consider importing this struct
   |
7  + use chrono::NaiveDate;
   |

error[E0412]: cannot find type `NaiveDate` in this scope
  --> src\models\purchase_order.rs:31:40
   |
31 |     pub expected_delivery_date: Option<NaiveDate>,
   |                                        ^^^^^^^^^
   |
  ::: C:\Users\admin\.cargo\registry\src\index.crates.io-6f17d22bba15001f\time-0.3.36\src\date.rs:51:1
   |
51 | pub struct Date {
   | --------------- similarly named struct `TimeDate` defined here
   |
help: a struct with a similar name exists
   |
31 |     pub expected_delivery_date: Option<TimeDate>,
   |                                        ~~~~~~~~
help: consider importing this struct
   |
7  + use chrono::NaiveDate;
   |

error[E0412]: cannot find type `NaiveDate` in this scope
  --> src\models\purchase_order.rs:34:38
   |
34 |     pub actual_delivery_date: Option<NaiveDate>,
   |                                      ^^^^^^^^^
   |
  ::: C:\Users\admin\.cargo\registry\src\index.crates.io-6f17d22bba15001f\time-0.3.36\src\date.rs:51:1
   |
51 | pub struct Date {
   | --------------- similarly named struct `TimeDate` defined here
   |
help: a struct with a similar name exists
   |
34 |     pub actual_delivery_date: Option<TimeDate>,
   |                                      ~~~~~~~~
help: consider importing this struct
   |
7  + use chrono::NaiveDate;
   |

error[E0412]: cannot find type `RustDecimal` in this scope
  --> src\models\purchase_order.rs:51:24
   |
51 |     pub exchange_rate: RustDecimal,
   |                        ^^^^^^^^^^^ not found in this scope

error[E0412]: cannot find type `RustDecimal` in this scope
  --> src\models\purchase_order.rs:55:23
   |
55 |     pub total_amount: RustDecimal,
   |                       ^^^^^^^^^^^ not found in this scope

error[E0412]: cannot find type `RustDecimal` in this scope
  --> src\models\purchase_order.rs:59:31
   |
59 |     pub total_amount_foreign: RustDecimal,
   |                               ^^^^^^^^^^^ not found in this scope

error[E0412]: cannot find type `RustDecimal` in this scope
  --> src\models\purchase_order.rs:63:25
   |
63 |     pub total_quantity: RustDecimal,
   |                         ^^^^^^^^^^^ not found in this scope

error[E0412]: cannot find type `RustDecimal` in this scope
  --> src\models\purchase_order.rs:67:29
   |
67 |     pub total_quantity_alt: RustDecimal,
   |                             ^^^^^^^^^^^ not found in this scope

error[E0412]: cannot find type `NaiveDate` in this scope
  --> src\models\purchase_order.rs:27:5
   |
27 |     /// 璁㈠崟鏃ユ湡
   |     ^^^^^^^^^^^^
   |
  ::: C:\Users\admin\.cargo\registry\src\index.crates.io-6f17d22bba15001f\time-0.3.36\src\date.rs:51:1
   |
51 | pub struct Date {
   | --------------- similarly named struct `TimeDate` defined here
   |
help: a struct with a similar name exists
   |
27 |     TimeDate
   |
help: consider importing this struct
   |
7  + use chrono::NaiveDate;
   |

error[E0412]: cannot find type `NaiveDate` in this scope
  --> src\models\purchase_order.rs:30:5
   |
30 |     /// 棰勮浜よ揣鏃ユ湡
   |     ^^^^^^^^^^^^^^^^
   |
  ::: C:\Users\admin\.cargo\registry\src\index.crates.io-6f17d22bba15001f\time-0.3.36\src\date.rs:51:1
   |
51 | pub struct Date {
   | --------------- similarly named struct `TimeDate` defined here
   |
help: a struct with a similar name exists
   |
30 |     TimeDate
   |
help: consider importing this struct
   |
7  + use chrono::NaiveDate;
   |

error[E0412]: cannot find type `NaiveDate` in this scope
  --> src\models\purchase_order.rs:33:5
   |
33 |     /// 瀹為檯浜よ揣鏃ユ湡
   |     ^^^^^^^^^^^^^^^^
   |
  ::: C:\Users\admin\.cargo\registry\src\index.crates.io-6f17d22bba15001f\time-0.3.36\src\date.rs:51:1
   |
51 | pub struct Date {
   | --------------- similarly named struct `TimeDate` defined here
   |
help: a struct with a similar name exists
   |
33 |     TimeDate
   |
help: consider importing this struct
   |
7  + use chrono::NaiveDate;
   |

error[E0412]: cannot find type `RustDecimal` in this scope
  --> src\models\purchase_order.rs:49:5
   |
49 |     /// 姹囩巼
   |     ^^^^^^^^ not found in this scope

error[E0412]: cannot find type `RustDecimal` in this scope
  --> src\models\purchase_order.rs:53:5
   |
53 |     /// 璁㈠崟鎬婚噾棰濓紙鏈綅甯侊級
   |     ^^^^^^^^^^^^^^^^^^^^^^^^ not found in this scope

error[E0412]: cannot find type `RustDecimal` in this scope
  --> src\models\purchase_order.rs:57:5
   |
57 |     /// 璁㈠崟鎬婚噾棰濓紙澶栧竵锛?   |     ^^^^^^^^^^^^^^^^^^^^^^ not found in this scope

error[E0412]: cannot find type `RustDecimal` in this scope
  --> src\models\purchase_order.rs:61:5
   |
61 |     /// 鎬绘暟閲忥紙涓诲崟浣嶏級
   |     ^^^^^^^^^^^^^^^^^^^^ not found in this scope

error[E0412]: cannot find type `RustDecimal` in this scope
  --> src\models\purchase_order.rs:65:5
   |
65 |     /// 鎬绘暟閲忥紙杈呭姪鍗曚綅锛?   |     ^^^^^^^^^^^^^^^^^^^^^^ not found in this scope

error[E0412]: cannot find type `RustDecimal` in this scope
  --> src\models\purchase_order.rs:51:24
   |
51 |     pub exchange_rate: RustDecimal,
   |                        ^^^^^^^^^^^ not found in this scope
   |
help: you might be missing a type parameter
   |
15 | pub struct Model<RustDecimal> {
   |                 +++++++++++++

error[E0412]: cannot find type `NaiveDate` in this scope
  --> src\models\purchase_receipt.rs:31:23
   |
31 |     pub receipt_date: NaiveDate,
   |                       ^^^^^^^^^
   |
  ::: C:\Users\admin\.cargo\registry\src\index.crates.io-6f17d22bba15001f\time-0.3.36\src\date.rs:51:1
   |
51 | pub struct Date {
   | --------------- similarly named struct `TimeDate` defined here
   |
help: a struct with a similar name exists
   |
31 |     pub receipt_date: TimeDate,
   |                       ~~~~~~~~
help: consider importing this struct
   |
7  + use chrono::NaiveDate;
   |

error[E0412]: cannot find type `RustDecimal` in this scope
  --> src\models\purchase_receipt.rs:55:25
   |
55 |     pub total_quantity: RustDecimal,
   |                         ^^^^^^^^^^^ not found in this scope

error[E0412]: cannot find type `RustDecimal` in this scope
  --> src\models\purchase_receipt.rs:59:29
   |
59 |     pub total_quantity_alt: RustDecimal,
   |                             ^^^^^^^^^^^ not found in this scope

error[E0412]: cannot find type `RustDecimal` in this scope
  --> src\models\purchase_receipt.rs:63:23
   |
63 |     pub total_amount: RustDecimal,
   |                       ^^^^^^^^^^^ not found in this scope

error[E0412]: cannot find type `NaiveDate` in this scope
  --> src\models\purchase_receipt.rs:30:5
   |
30 |     /// 鍏ュ簱鏃ユ湡
   |     ^^^^^^^^^^^^
   |
  ::: C:\Users\admin\.cargo\registry\src\index.crates.io-6f17d22bba15001f\time-0.3.36\src\date.rs:51:1
   |
51 | pub struct Date {
   | --------------- similarly named struct `TimeDate` defined here
   |
help: a struct with a similar name exists
   |
30 |     TimeDate
   |
help: consider importing this struct
   |
7  + use chrono::NaiveDate;
   |

error[E0412]: cannot find type `RustDecimal` in this scope
  --> src\models\purchase_receipt.rs:53:5
   |
53 |     /// 鎬诲叆搴撴暟閲忥紙涓诲崟浣嶏級
   |     ^^^^^^^^^^^^^^^^^^^^^^^^ not found in this scope

error[E0412]: cannot find type `RustDecimal` in this scope
  --> src\models\purchase_receipt.rs:57:5
   |
57 |     /// 鎬诲叆搴撴暟閲忥紙杈呭姪鍗曚綅锛?   |     ^^^^^^^^^^^^^^^^^^^^^^^^^^ not found in this scope

error[E0412]: cannot find type `RustDecimal` in this scope
  --> src\models\purchase_receipt.rs:61:5
   |
61 |     /// 鎬婚噾棰?   |     ^^^^^^^^^^ not found in this scope

error[E0412]: cannot find type `RustDecimal` in this scope
  --> src\models\purchase_receipt.rs:55:25
   |
55 |     pub total_quantity: RustDecimal,
   |                         ^^^^^^^^^^^ not found in this scope
   |
help: you might be missing a type parameter
   |
15 | pub struct Model<RustDecimal> {
   |                 +++++++++++++

error[E0412]: cannot find type `NaiveDate` in this scope
  --> src\models\ap_invoice.rs:43:23
   |
43 |     pub invoice_date: NaiveDate,
   |                       ^^^^^^^^^
   |
  ::: C:\Users\admin\.cargo\registry\src\index.crates.io-6f17d22bba15001f\time-0.3.36\src\date.rs:51:1
   |
51 | pub struct Date {
   | --------------- similarly named struct `TimeDate` defined here
   |
help: a struct with a similar name exists
   |
43 |     pub invoice_date: TimeDate,
   |                       ~~~~~~~~
help: consider importing this struct
   |
12 + use chrono::NaiveDate;
   |

error[E0412]: cannot find type `NaiveDate` in this scope
  --> src\models\ap_invoice.rs:46:19
   |
46 |     pub due_date: NaiveDate,
   |                   ^^^^^^^^^
   |
  ::: C:\Users\admin\.cargo\registry\src\index.crates.io-6f17d22bba15001f\time-0.3.36\src\date.rs:51:1
   |
51 | pub struct Date {
   | --------------- similarly named struct `TimeDate` defined here
   |
help: a struct with a similar name exists
   |
46 |     pub due_date: TimeDate,
   |                   ~~~~~~~~
help: consider importing this struct
   |
12 + use chrono::NaiveDate;
   |

error[E0412]: cannot find type `RustDecimal` in this scope
  --> src\models\ap_invoice.rs:54:17
   |
54 |     pub amount: RustDecimal,
   |                 ^^^^^^^^^^^ not found in this scope

error[E0412]: cannot find type `RustDecimal` in this scope
  --> src\models\ap_invoice.rs:58:22
   |
58 |     pub paid_amount: RustDecimal,
   |                      ^^^^^^^^^^^ not found in this scope

error[E0412]: cannot find type `RustDecimal` in this scope
  --> src\models\ap_invoice.rs:62:24
   |
62 |     pub unpaid_amount: RustDecimal,
   |                        ^^^^^^^^^^^ not found in this scope

error[E0412]: cannot find type `RustDecimal` in this scope
  --> src\models\ap_invoice.rs:74:24
   |
74 |     pub exchange_rate: RustDecimal,
   |                        ^^^^^^^^^^^ not found in this scope

error[E0412]: cannot find type `RustDecimal` in this scope
  --> src\models\ap_invoice.rs:77:32
   |
77 |     pub amount_foreign: Option<RustDecimal>,
   |                                ^^^^^^^^^^^ not found in this scope
   |
help: you might be missing a type parameter
   |
20 | pub struct Model<RustDecimal> {
   |                 +++++++++++++

error[E0412]: cannot find type `RustDecimal` in this scope
  --> src\models\ap_invoice.rs:81:21
   |
81 |     pub tax_amount: RustDecimal,
   |                     ^^^^^^^^^^^ not found in this scope

error[E0412]: cannot find type `RustDecimal` in this scope
  --> src\models\ap_invoice.rs:76:5
   |
76 |     /// 澶栧竵閲戦
   |     ^^^^^^^^^^^^ not found in this scope

error[E0412]: cannot find type `NaiveDate` in this scope
  --> src\models\ap_invoice.rs:42:5
   |
42 |     /// 搴斾粯鏃ユ湡
   |     ^^^^^^^^^^^^
   |
  ::: C:\Users\admin\.cargo\registry\src\index.crates.io-6f17d22bba15001f\time-0.3.36\src\date.rs:51:1
   |
51 | pub struct Date {
   | --------------- similarly named struct `TimeDate` defined here
   |
help: a struct with a similar name exists
   |
42 |     TimeDate
   |
help: consider importing this struct
   |
12 + use chrono::NaiveDate;
   |

error[E0412]: cannot find type `NaiveDate` in this scope
  --> src\models\ap_invoice.rs:45:5
   |
45 |     /// 鍒版湡鏃ユ湡
   |     ^^^^^^^^^^^^
   |
  ::: C:\Users\admin\.cargo\registry\src\index.crates.io-6f17d22bba15001f\time-0.3.36\src\date.rs:51:1
   |
51 | pub struct Date {
   | --------------- similarly named struct `TimeDate` defined here
   |
help: a struct with a similar name exists
   |
45 |     TimeDate
   |
help: consider importing this struct
   |
12 + use chrono::NaiveDate;
   |

error[E0412]: cannot find type `RustDecimal` in this scope
  --> src\models\ap_invoice.rs:52:5
   |
52 |     /// 搴斾粯閲戦
   |     ^^^^^^^^^^^^ not found in this scope

error[E0412]: cannot find type `RustDecimal` in this scope
  --> src\models\ap_invoice.rs:56:5
   |
56 |     /// 宸蹭粯閲戦
   |     ^^^^^^^^^^^^ not found in this scope

error[E0412]: cannot find type `RustDecimal` in this scope
  --> src\models\ap_invoice.rs:60:5
   |
60 |     /// 鏈粯閲戦
   |     ^^^^^^^^^^^^ not found in this scope

error[E0412]: cannot find type `RustDecimal` in this scope
  --> src\models\ap_invoice.rs:72:5
   |
72 |     /// 姹囩巼
   |     ^^^^^^^^ not found in this scope

error[E0412]: cannot find type `RustDecimal` in this scope
  --> src\models\ap_invoice.rs:79:5
   |
79 |     /// 绋庨
   |     ^^^^^^^^ not found in this scope

error[E0412]: cannot find type `RustDecimal` in this scope
  --> src\models\ap_invoice.rs:77:32
   |
77 |     pub amount_foreign: Option<RustDecimal>,
   |                                ^^^^^^^^^^^ not found in this scope

error[E0412]: cannot find type `RustDecimal` in this scope
  --> src\models\ap_invoice.rs:54:17
   |
54 |     pub amount: RustDecimal,
   |                 ^^^^^^^^^^^ not found in this scope
   |
help: you might be missing a type parameter
   |
20 | pub struct Model<RustDecimal> {
   |                 +++++++++++++

error[E0412]: cannot find type `NaiveDate` in this scope
  --> src\models\ap_payment.rs:23:23
   |
23 |     pub payment_date: NaiveDate,
   |                       ^^^^^^^^^
   |
  ::: C:\Users\admin\.cargo\registry\src\index.crates.io-6f17d22bba15001f\time-0.3.36\src\date.rs:51:1
   |
51 | pub struct Date {
   | --------------- similarly named struct `TimeDate` defined here
   |
help: a struct with a similar name exists
   |
23 |     pub payment_date: TimeDate,
   |                       ~~~~~~~~
help: consider importing this struct
   |
5  + use chrono::NaiveDate;
   |

error[E0412]: cannot find type `RustDecimal` in this scope
  --> src\models\ap_payment.rs:37:25
   |
37 |     pub payment_amount: RustDecimal,
   |                         ^^^^^^^^^^^ not found in this scope

error[E0412]: cannot find type `RustDecimal` in this scope
  --> src\models\ap_payment.rs:49:24
   |
49 |     pub exchange_rate: RustDecimal,
   |                        ^^^^^^^^^^^ not found in this scope

error[E0412]: cannot find type `RustDecimal` in this scope
  --> src\models\ap_payment.rs:52:40
   |
52 |     pub payment_amount_foreign: Option<RustDecimal>,
   |                                        ^^^^^^^^^^^ not found in this scope
   |
help: you might be missing a type parameter
   |
13 | pub struct Model<RustDecimal> {
   |                 +++++++++++++

error[E0412]: cannot find type `RustDecimal` in this scope
  --> src\models\ap_payment.rs:51:5
   |
51 |     /// 澶栧竵閲戦
   |     ^^^^^^^^^^^^ not found in this scope

error[E0412]: cannot find type `NaiveDate` in this scope
  --> src\models\ap_payment.rs:22:5
   |
22 |     /// 浠樻鏃ユ湡
   |     ^^^^^^^^^^^^
   |
  ::: C:\Users\admin\.cargo\registry\src\index.crates.io-6f17d22bba15001f\time-0.3.36\src\date.rs:51:1
   |
51 | pub struct Date {
   | --------------- similarly named struct `TimeDate` defined here
   |
help: a struct with a similar name exists
   |
22 |     TimeDate
   |
help: consider importing this struct
   |
5  + use chrono::NaiveDate;
   |

error[E0412]: cannot find type `RustDecimal` in this scope
  --> src\models\ap_payment.rs:35:5
   |
35 |     /// 浠樻閲戦
   |     ^^^^^^^^^^^^ not found in this scope

error[E0412]: cannot find type `RustDecimal` in this scope
  --> src\models\ap_payment.rs:47:5
   |
47 |     /// 姹囩巼
   |     ^^^^^^^^ not found in this scope

error[E0412]: cannot find type `RustDecimal` in this scope
  --> src\models\ap_payment.rs:52:40
   |
52 |     pub payment_amount_foreign: Option<RustDecimal>,
   |                                        ^^^^^^^^^^^ not found in this scope

error[E0412]: cannot find type `RustDecimal` in this scope
  --> src\models\ap_payment.rs:37:25
   |
37 |     pub payment_amount: RustDecimal,
   |                         ^^^^^^^^^^^ not found in this scope
   |
help: you might be missing a type parameter
   |
13 | pub struct Model<RustDecimal> {
   |                 +++++++++++++

error[E0412]: cannot find type `NaiveDate` in this scope
  --> src\models\ap_payment_request.rs:23:23
   |
23 |     pub request_date: NaiveDate,
   |                       ^^^^^^^^^
   |
  ::: C:\Users\admin\.cargo\registry\src\index.crates.io-6f17d22bba15001f\time-0.3.36\src\date.rs:51:1
   |
51 | pub struct Date {
   | --------------- similarly named struct `TimeDate` defined here
   |
help: a struct with a similar name exists
   |
23 |     pub request_date: TimeDate,
   |                       ~~~~~~~~
help: consider importing this struct
   |
5  + use chrono::NaiveDate;
   |

error[E0412]: cannot find type `RustDecimal` in this scope
  --> src\models\ap_payment_request.rs:38:25
   |
38 |     pub request_amount: RustDecimal,
   |                         ^^^^^^^^^^^ not found in this scope

error[E0412]: cannot find type `RustDecimal` in this scope
  --> src\models\ap_payment_request.rs:50:24
   |
50 |     pub exchange_rate: RustDecimal,
   |                        ^^^^^^^^^^^ not found in this scope

error[E0412]: cannot find type `RustDecimal` in this scope
  --> src\models\ap_payment_request.rs:53:40
   |
53 |     pub request_amount_foreign: Option<RustDecimal>,
   |                                        ^^^^^^^^^^^ not found in this scope
   |
help: you might be missing a type parameter
   |
13 | pub struct Model<RustDecimal> {
   |                 +++++++++++++

error[E0412]: cannot find type `NaiveDate` in this scope
  --> src\models\ap_payment_request.rs:56:39
   |
56 |     pub expected_payment_date: Option<NaiveDate>,
   |                                       ^^^^^^^^^
   |
  ::: C:\Users\admin\.cargo\registry\src\index.crates.io-6f17d22bba15001f\time-0.3.36\src\date.rs:51:1
   |
51 | pub struct Date {
   | --------------- similarly named struct `TimeDate` defined here
   |
help: a struct with a similar name exists
   |
56 |     pub expected_payment_date: Option<TimeDate>,
   |                                       ~~~~~~~~
help: consider importing this struct
   |
5  + use chrono::NaiveDate;
   |

error[E0412]: cannot find type `RustDecimal` in this scope
  --> src\models\ap_payment_request.rs:52:5
   |
52 |     /// 澶栧竵閲戦
   |     ^^^^^^^^^^^^ not found in this scope

error[E0412]: cannot find type `NaiveDate` in this scope
  --> src\models\ap_payment_request.rs:22:5
   |
22 |     /// 鐢宠鏃ユ湡
   |     ^^^^^^^^^^^^
   |
  ::: C:\Users\admin\.cargo\registry\src\index.crates.io-6f17d22bba15001f\time-0.3.36\src\date.rs:51:1
   |
51 | pub struct Date {
   | --------------- similarly named struct `TimeDate` defined here
   |
help: a struct with a similar name exists
   |
22 |     TimeDate
   |
help: consider importing this struct
   |
5  + use chrono::NaiveDate;
   |

error[E0412]: cannot find type `RustDecimal` in this scope
  --> src\models\ap_payment_request.rs:36:5
   |
36 |     /// 鐢宠閲戦
   |     ^^^^^^^^^^^^ not found in this scope

error[E0412]: cannot find type `RustDecimal` in this scope
  --> src\models\ap_payment_request.rs:48:5
   |
48 |     /// 姹囩巼
   |     ^^^^^^^^ not found in this scope

error[E0412]: cannot find type `NaiveDate` in this scope
  --> src\models\ap_payment_request.rs:55:5
   |
55 |     /// 鏈熸湜浠樻鏃ユ湡
   |     ^^^^^^^^^^^^^^^^
   |
  ::: C:\Users\admin\.cargo\registry\src\index.crates.io-6f17d22bba15001f\time-0.3.36\src\date.rs:51:1
   |
51 | pub struct Date {
   | --------------- similarly named struct `TimeDate` defined here
   |
help: a struct with a similar name exists
   |
55 |     TimeDate
   |
help: consider importing this struct
   |
5  + use chrono::NaiveDate;
   |

error[E0412]: cannot find type `RustDecimal` in this scope
  --> src\models\ap_payment_request.rs:53:40
   |
53 |     pub request_amount_foreign: Option<RustDecimal>,
   |                                        ^^^^^^^^^^^ not found in this scope

error[E0412]: cannot find type `RustDecimal` in this scope
  --> src\models\ap_payment_request.rs:38:25
   |
38 |     pub request_amount: RustDecimal,
   |                         ^^^^^^^^^^^ not found in this scope
   |
help: you might be missing a type parameter
   |
13 | pub struct Model<RustDecimal> {
   |                 +++++++++++++

error[E0412]: cannot find type `RustDecimal` in this scope
  --> src\models\ap_payment_request_item.rs:26:23
   |
26 |     pub apply_amount: RustDecimal,
   |                       ^^^^^^^^^^^ not found in this scope

error[E0412]: cannot find type `RustDecimal` in this scope
  --> src\models\ap_payment_request_item.rs:24:5
   |
24 |     /// 鐢宠閲戦
   |     ^^^^^^^^^^^^ not found in this scope

error[E0412]: cannot find type `RustDecimal` in this scope
  --> src\models\ap_payment_request_item.rs:26:23
   |
26 |     pub apply_amount: RustDecimal,
   |                       ^^^^^^^^^^^ not found in this scope
   |
help: you might be missing a type parameter
   |
13 | pub struct Model<RustDecimal> {
   |                 +++++++++++++

error[E0412]: cannot find type `NaiveDate` in this scope
  --> src\models\ap_verification.rs:23:28
   |
23 |     pub verification_date: NaiveDate,
   |                            ^^^^^^^^^
   |
  ::: C:\Users\admin\.cargo\registry\src\index.crates.io-6f17d22bba15001f\time-0.3.36\src\date.rs:51:1
   |
51 | pub struct Date {
   | --------------- similarly named struct `TimeDate` defined here
   |
help: a struct with a similar name exists
   |
23 |     pub verification_date: TimeDate,
   |                            ~~~~~~~~
help: consider importing this struct
   |
5  + use chrono::NaiveDate;
   |

error[E0412]: cannot find type `RustDecimal` in this scope
  --> src\models\ap_verification.rs:34:23
   |
34 |     pub total_amount: RustDecimal,
   |                       ^^^^^^^^^^^ not found in this scope

error[E0412]: cannot find type `NaiveDate` in this scope
  --> src\models\ap_verification.rs:22:5
   |
22 |     /// 鏍搁攢鏃ユ湡
   |     ^^^^^^^^^^^^
   |
  ::: C:\Users\admin\.cargo\registry\src\index.crates.io-6f17d22bba15001f\time-0.3.36\src\date.rs:51:1
   |
51 | pub struct Date {
   | --------------- similarly named struct `TimeDate` defined here
   |
help: a struct with a similar name exists
   |
22 |     TimeDate
   |
help: consider importing this struct
   |
5  + use chrono::NaiveDate;
   |

error[E0412]: cannot find type `RustDecimal` in this scope
  --> src\models\ap_verification.rs:32:5
   |
32 |     /// 鏍搁攢鎬婚噾棰?   |     ^^^^^^^^^^^^^^ not found in this scope

error[E0412]: cannot find type `RustDecimal` in this scope
  --> src\models\ap_verification.rs:34:23
   |
34 |     pub total_amount: RustDecimal,
   |                       ^^^^^^^^^^^ not found in this scope
   |
help: you might be missing a type parameter
   |
13 | pub struct Model<RustDecimal> {
   |                 +++++++++++++

error[E0412]: cannot find type `RustDecimal` in this scope
  --> src\models\ap_verification_item.rs:29:24
   |
29 |     pub verify_amount: RustDecimal,
   |                        ^^^^^^^^^^^ not found in this scope

error[E0412]: cannot find type `RustDecimal` in this scope
  --> src\models\ap_verification_item.rs:27:5
   |
27 |     /// 鏍搁攢閲戦
   |     ^^^^^^^^^^^^ not found in this scope

error[E0412]: cannot find type `RustDecimal` in this scope
  --> src\models\ap_verification_item.rs:29:24
   |
29 |     pub verify_amount: RustDecimal,
   |                        ^^^^^^^^^^^ not found in this scope
   |
help: you might be missing a type parameter
   |
13 | pub struct Model<RustDecimal> {
   |                 +++++++++++++

error[E0412]: cannot find type `NaiveDate` in this scope
  --> src\models\ap_reconciliation.rs:26:21
   |
26 |     pub start_date: NaiveDate,
   |                     ^^^^^^^^^
   |
  ::: C:\Users\admin\.cargo\registry\src\index.crates.io-6f17d22bba15001f\time-0.3.36\src\date.rs:51:1
   |
51 | pub struct Date {
   | --------------- similarly named struct `TimeDate` defined here
   |
help: a struct with a similar name exists
   |
26 |     pub start_date: TimeDate,
   |                     ~~~~~~~~
help: consider importing this struct
   |
5  + use chrono::NaiveDate;
   |

error[E0412]: cannot find type `NaiveDate` in this scope
  --> src\models\ap_reconciliation.rs:29:19
   |
29 |     pub end_date: NaiveDate,
   |                   ^^^^^^^^^
   |
  ::: C:\Users\admin\.cargo\registry\src\index.crates.io-6f17d22bba15001f\time-0.3.36\src\date.rs:51:1
   |
51 | pub struct Date {
   | --------------- similarly named struct `TimeDate` defined here
   |
help: a struct with a similar name exists
   |
29 |     pub end_date: TimeDate,
   |                   ~~~~~~~~
help: consider importing this struct
   |
5  + use chrono::NaiveDate;
   |

error[E0412]: cannot find type `RustDecimal` in this scope
  --> src\models\ap_reconciliation.rs:33:26
   |
33 |     pub opening_balance: RustDecimal,
   |                          ^^^^^^^^^^^ not found in this scope

error[E0412]: cannot find type `RustDecimal` in this scope
  --> src\models\ap_reconciliation.rs:37:24
   |
37 |     pub total_invoice: RustDecimal,
   |                        ^^^^^^^^^^^ not found in this scope

error[E0412]: cannot find type `RustDecimal` in this scope
  --> src\models\ap_reconciliation.rs:41:24
   |
41 |     pub total_payment: RustDecimal,
   |                        ^^^^^^^^^^^ not found in this scope

error[E0412]: cannot find type `RustDecimal` in this scope
  --> src\models\ap_reconciliation.rs:45:26
   |
45 |     pub closing_balance: RustDecimal,
   |                          ^^^^^^^^^^^ not found in this scope

error[E0412]: cannot find type `NaiveDate` in this scope
  --> src\models\ap_reconciliation.rs:25:5
   |
25 |     /// 瀵硅处寮€濮嬫棩鏈?   |     ^^^^^^^^^^^^^^^^
   |
  ::: C:\Users\admin\.cargo\registry\src\index.crates.io-6f17d22bba15001f\time-0.3.36\src\date.rs:51:1
   |
51 | pub struct Date {
   | --------------- similarly named struct `TimeDate` defined here
   |
help: a struct with a similar name exists
   |
25 |     TimeDate
   |
help: consider importing this struct
   |
5  + use chrono::NaiveDate;
   |

error[E0412]: cannot find type `NaiveDate` in this scope
  --> src\models\ap_reconciliation.rs:28:5
   |
28 |     /// 瀵硅处缁撴潫鏃ユ湡
   |     ^^^^^^^^^^^^^^^^
   |
  ::: C:\Users\admin\.cargo\registry\src\index.crates.io-6f17d22bba15001f\time-0.3.36\src\date.rs:51:1
   |
51 | pub struct Date {
   | --------------- similarly named struct `TimeDate` defined here
   |
help: a struct with a similar name exists
   |
28 |     TimeDate
   |
help: consider importing this struct
   |
5  + use chrono::NaiveDate;
   |

error[E0412]: cannot find type `RustDecimal` in this scope
  --> src\models\ap_reconciliation.rs:31:5
   |
31 |     /// 鏈熷垵浣欓
   |     ^^^^^^^^^^^^ not found in this scope

error[E0412]: cannot find type `RustDecimal` in this scope
  --> src\models\ap_reconciliation.rs:35:5
   |
35 |     /// 鏈湡搴斾粯鍚堣
   |     ^^^^^^^^^^^^^^^^ not found in this scope

error[E0412]: cannot find type `RustDecimal` in this scope
  --> src\models\ap_reconciliation.rs:39:5
   |
39 |     /// 鏈湡浠樻鍚堣
   |     ^^^^^^^^^^^^^^^^ not found in this scope

error[E0412]: cannot find type `RustDecimal` in this scope
  --> src\models\ap_reconciliation.rs:43:5
   |
43 |     /// 鏈熸湯浣欓
   |     ^^^^^^^^^^^^ not found in this scope

error[E0412]: cannot find type `RustDecimal` in this scope
  --> src\models\ap_reconciliation.rs:33:26
   |
33 |     pub opening_balance: RustDecimal,
   |                          ^^^^^^^^^^^ not found in this scope
   |
help: you might be missing a type parameter
   |
13 | pub struct Model<RustDecimal> {
   |                 +++++++++++++

error[E0412]: cannot find type `NaiveDate` in this scope
  --> src\models\ar_invoice.rs:14:23
   |
14 |     pub invoice_date: NaiveDate,
   |                       ^^^^^^^^^
   |
  ::: C:\Users\admin\.cargo\registry\src\index.crates.io-6f17d22bba15001f\time-0.3.36\src\date.rs:51:1
   |
51 | pub struct Date {
   | --------------- similarly named struct `TimeDate` defined here
   |
help: a struct with a similar name exists
   |
14 |     pub invoice_date: TimeDate,
   |                       ~~~~~~~~
help: consider importing this struct
   |
5  + use chrono::NaiveDate;
   |

error[E0412]: cannot find type `NaiveDate` in this scope
  --> src\models\ar_invoice.rs:15:19
   |
15 |     pub due_date: NaiveDate,
   |                   ^^^^^^^^^
   |
  ::: C:\Users\admin\.cargo\registry\src\index.crates.io-6f17d22bba15001f\time-0.3.36\src\date.rs:51:1
   |
51 | pub struct Date {
   | --------------- similarly named struct `TimeDate` defined here
   |
help: a struct with a similar name exists
   |
15 |     pub due_date: TimeDate,
   |                   ~~~~~~~~
help: consider importing this struct
   |
5  + use chrono::NaiveDate;
   |

error[E0412]: cannot find type `Utc` in this scope
  --> src\models\ar_invoice.rs:52:38
   |
52 |     pub reviewed_at: Option<DateTime<Utc>>,
   |                                      ^^^ not found in this scope
   |
help: consider importing this struct
   |
5  + use chrono::Utc;
   |

error[E0412]: cannot find type `Utc` in this scope
  --> src\models\ar_invoice.rs:54:30
   |
54 |     pub created_at: DateTime<Utc>,
   |                              ^^^ not found in this scope
   |
help: consider importing this struct
   |
5  + use chrono::Utc;
   |

error[E0412]: cannot find type `Utc` in this scope
  --> src\models\ar_invoice.rs:55:30
   |
55 |     pub updated_at: DateTime<Utc>,
   |                              ^^^ not found in this scope
   |
help: consider importing this struct
   |
5  + use chrono::Utc;
   |

error[E0412]: cannot find type `Utc` in this scope
  --> src\models\ar_invoice.rs:52:5
   |
52 |     pub reviewed_at: Option<DateTime<Utc>>,
   |     ^^^ not found in this scope
   |
help: consider importing this struct
   |
5  + use chrono::Utc;
   |

error[E0412]: cannot find type `Utc` in this scope
  --> src\models\ar_invoice.rs:54:5
   |
54 |     pub created_at: DateTime<Utc>,
   |     ^^^ not found in this scope
   |
help: consider importing this struct
   |
5  + use chrono::Utc;
   |

error[E0412]: cannot find type `Utc` in this scope
  --> src\models\ar_invoice.rs:55:5
   |
55 |     pub updated_at: DateTime<Utc>,
   |     ^^^ not found in this scope
   |
help: consider importing this struct
   |
5  + use chrono::Utc;
   |

error[E0412]: cannot find type `NaiveDate` in this scope
  --> src\models\ar_invoice.rs:14:5
   |
14 |     pub invoice_date: NaiveDate,
   |     ^^^
   |
  ::: C:\Users\admin\.cargo\registry\src\index.crates.io-6f17d22bba15001f\time-0.3.36\src\date.rs:51:1
   |
51 | pub struct Date {
   | --------------- similarly named struct `TimeDate` defined here
   |
help: a struct with a similar name exists
   |
14 |     TimeDate invoice_date: NaiveDate,
   |     ~~~~~~~~
help: consider importing this struct
   |
5  + use chrono::NaiveDate;
   |

error[E0412]: cannot find type `NaiveDate` in this scope
  --> src\models\ar_invoice.rs:15:5
   |
15 |     pub due_date: NaiveDate,
   |     ^^^
   |
  ::: C:\Users\admin\.cargo\registry\src\index.crates.io-6f17d22bba15001f\time-0.3.36\src\date.rs:51:1
   |
51 | pub struct Date {
   | --------------- similarly named struct `TimeDate` defined here
   |
help: a struct with a similar name exists
   |
15 |     TimeDate due_date: NaiveDate,
   |     ~~~~~~~~
help: consider importing this struct
   |
5  + use chrono::NaiveDate;
   |

error[E0412]: cannot find type `NaiveDate` in this scope
  --> src\models\ar_collection.rs:14:26
   |
14 |     pub collection_date: NaiveDate,
   |                          ^^^^^^^^^
   |
  ::: C:\Users\admin\.cargo\registry\src\index.crates.io-6f17d22bba15001f\time-0.3.36\src\date.rs:51:1
   |
51 | pub struct Date {
   | --------------- similarly named struct `TimeDate` defined here
   |
help: a struct with a similar name exists
   |
14 |     pub collection_date: TimeDate,
   |                          ~~~~~~~~
help: consider importing this struct
   |
5  + use chrono::NaiveDate;
   |

error[E0412]: cannot find type `Utc` in this scope
  --> src\models\ar_collection.rs:35:39
   |
35 |     pub confirmed_at: Option<DateTime<Utc>>,
   |                                       ^^^ not found in this scope
   |
help: consider importing this struct
   |
5  + use chrono::Utc;
   |

error[E0412]: cannot find type `Utc` in this scope
  --> src\models\ar_collection.rs:38:30
   |
38 |     pub created_at: DateTime<Utc>,
   |                              ^^^ not found in this scope
   |
help: consider importing this struct
   |
5  + use chrono::Utc;
   |

error[E0412]: cannot find type `Utc` in this scope
  --> src\models\ar_collection.rs:39:30
   |
39 |     pub updated_at: DateTime<Utc>,
   |                              ^^^ not found in this scope
   |
help: consider importing this struct
   |
5  + use chrono::Utc;
   |

error[E0412]: cannot find type `Utc` in this scope
  --> src\models\ar_collection.rs:35:5
   |
35 |     pub confirmed_at: Option<DateTime<Utc>>,
   |     ^^^ not found in this scope
   |
help: consider importing this struct
   |
5  + use chrono::Utc;
   |

error[E0412]: cannot find type `Utc` in this scope
  --> src\models\ar_collection.rs:38:5
   |
38 |     pub created_at: DateTime<Utc>,
   |     ^^^ not found in this scope
   |
help: consider importing this struct
   |
5  + use chrono::Utc;
   |

error[E0412]: cannot find type `Utc` in this scope
  --> src\models\ar_collection.rs:39:5
   |
39 |     pub updated_at: DateTime<Utc>,
   |     ^^^ not found in this scope
   |
help: consider importing this struct
   |
5  + use chrono::Utc;
   |

error[E0412]: cannot find type `NaiveDate` in this scope
  --> src\models\ar_collection.rs:14:5
   |
14 |     pub collection_date: NaiveDate,
   |     ^^^
   |
  ::: C:\Users\admin\.cargo\registry\src\index.crates.io-6f17d22bba15001f\time-0.3.36\src\date.rs:51:1
   |
51 | pub struct Date {
   | --------------- similarly named struct `TimeDate` defined here
   |
help: a struct with a similar name exists
   |
14 |     TimeDate collection_date: NaiveDate,
   |     ~~~~~~~~
help: consider importing this struct
   |
5  + use chrono::NaiveDate;
   |

error[E0412]: cannot find type `NaiveDate` in this scope
  --> src\models\cost_collection.rs:14:26
   |
14 |     pub collection_date: NaiveDate,
   |                          ^^^^^^^^^
   |
  ::: C:\Users\admin\.cargo\registry\src\index.crates.io-6f17d22bba15001f\time-0.3.36\src\date.rs:51:1
   |
51 | pub struct Date {
   | --------------- similarly named struct `TimeDate` defined here
   |
help: a struct with a similar name exists
   |
14 |     pub collection_date: TimeDate,
   |                          ~~~~~~~~
help: consider importing this struct
   |
5  + use chrono::NaiveDate;
   |

error[E0412]: cannot find type `Utc` in this scope
  --> src\models\cost_collection.rs:48:30
   |
48 |     pub created_at: DateTime<Utc>,
   |                              ^^^ not found in this scope
   |
help: consider importing this struct
   |
5  + use chrono::Utc;
   |

error[E0412]: cannot find type `Utc` in this scope
  --> src\models\cost_collection.rs:49:30
   |
49 |     pub updated_at: DateTime<Utc>,
   |                              ^^^ not found in this scope
   |
help: consider importing this struct
   |
5  + use chrono::Utc;
   |

error[E0412]: cannot find type `Utc` in this scope
  --> src\models\cost_collection.rs:48:5
   |
48 |     pub created_at: DateTime<Utc>,
   |     ^^^ not found in this scope
   |
help: consider importing this struct
   |
5  + use chrono::Utc;
   |

error[E0412]: cannot find type `Utc` in this scope
  --> src\models\cost_collection.rs:49:5
   |
49 |     pub updated_at: DateTime<Utc>,
   |     ^^^ not found in this scope
   |
help: consider importing this struct
   |
5  + use chrono::Utc;
   |

error[E0412]: cannot find type `NaiveDate` in this scope
  --> src\models\cost_collection.rs:14:5
   |
14 |     pub collection_date: NaiveDate,
   |     ^^^
   |
  ::: C:\Users\admin\.cargo\registry\src\index.crates.io-6f17d22bba15001f\time-0.3.36\src\date.rs:51:1
   |
51 | pub struct Date {
   | --------------- similarly named struct `TimeDate` defined here
   |
help: a struct with a similar name exists
   |
14 |     TimeDate collection_date: NaiveDate,
   |     ~~~~~~~~
help: consider importing this struct
   |
5  + use chrono::NaiveDate;
   |

error[E0412]: cannot find type `NaiveDate` in this scope
  --> src\models\cost_analysis.rs:14:24
   |
14 |     pub analysis_date: NaiveDate,
   |                        ^^^^^^^^^
   |
  ::: C:\Users\admin\.cargo\registry\src\index.crates.io-6f17d22bba15001f\time-0.3.36\src\date.rs:51:1
   |
51 | pub struct Date {
   | --------------- similarly named struct `TimeDate` defined here
   |
help: a struct with a similar name exists
   |
14 |     pub analysis_date: TimeDate,
   |                        ~~~~~~~~
help: consider importing this struct
   |
5  + use chrono::NaiveDate;
   |

error[E0412]: cannot find type `Utc` in this scope
  --> src\models\cost_analysis.rs:47:30
   |
47 |     pub created_at: DateTime<Utc>,
   |                              ^^^ not found in this scope
   |
help: consider importing this struct
   |
5  + use chrono::Utc;
   |

error[E0412]: cannot find type `Utc` in this scope
  --> src\models\cost_analysis.rs:48:30
   |
48 |     pub updated_at: DateTime<Utc>,
   |                              ^^^ not found in this scope
   |
help: consider importing this struct
   |
5  + use chrono::Utc;
   |

error[E0412]: cannot find type `Utc` in this scope
  --> src\models\cost_analysis.rs:47:5
   |
47 |     pub created_at: DateTime<Utc>,
   |     ^^^ not found in this scope
   |
help: consider importing this struct
   |
5  + use chrono::Utc;
   |

error[E0412]: cannot find type `Utc` in this scope
  --> src\models\cost_analysis.rs:48:5
   |
48 |     pub updated_at: DateTime<Utc>,
   |     ^^^ not found in this scope
   |
help: consider importing this struct
   |
5  + use chrono::Utc;
   |

error[E0412]: cannot find type `NaiveDate` in this scope
  --> src\models\cost_analysis.rs:14:5
   |
14 |     pub analysis_date: NaiveDate,
   |     ^^^
   |
  ::: C:\Users\admin\.cargo\registry\src\index.crates.io-6f17d22bba15001f\time-0.3.36\src\date.rs:51:1
   |
51 | pub struct Date {
   | --------------- similarly named struct `TimeDate` defined here
   |
help: a struct with a similar name exists
   |
14 |     TimeDate analysis_date: NaiveDate,
   |     ~~~~~~~~
help: consider importing this struct
   |
5  + use chrono::NaiveDate;
   |

error[E0412]: cannot find type `NaiveDate` in this scope
  --> src\models\fixed_asset.rs:28:31
   |
28 |     pub purchase_date: Option<NaiveDate>,
   |                               ^^^^^^^^^
   |
  ::: C:\Users\admin\.cargo\registry\src\index.crates.io-6f17d22bba15001f\time-0.3.36\src\date.rs:51:1
   |
51 | pub struct Date {
   | --------------- similarly named struct `TimeDate` defined here
   |
help: a struct with a similar name exists
   |
28 |     pub purchase_date: Option<TimeDate>,
   |                               ~~~~~~~~
help: consider importing this struct
   |
2  + use chrono::NaiveDate;
   |

error[E0412]: cannot find type `NaiveDate` in this scope
  --> src\models\fixed_asset.rs:29:33
   |
29 |     pub in_service_date: Option<NaiveDate>,
   |                                 ^^^^^^^^^
   |
  ::: C:\Users\admin\.cargo\registry\src\index.crates.io-6f17d22bba15001f\time-0.3.36\src\date.rs:51:1
   |
51 | pub struct Date {
   | --------------- similarly named struct `TimeDate` defined here
   |
help: a struct with a similar name exists
   |
29 |     pub in_service_date: Option<TimeDate>,
   |                                 ~~~~~~~~
help: consider importing this struct
   |
2  + use chrono::NaiveDate;
   |

error[E0412]: cannot find type `NaiveDate` in this scope
  --> src\models\fixed_asset.rs:30:31
   |
30 |     pub disposal_date: Option<NaiveDate>,
   |                               ^^^^^^^^^
   |
  ::: C:\Users\admin\.cargo\registry\src\index.crates.io-6f17d22bba15001f\time-0.3.36\src\date.rs:51:1
   |
51 | pub struct Date {
   | --------------- similarly named struct `TimeDate` defined here
   |
help: a struct with a similar name exists
   |
30 |     pub disposal_date: Option<TimeDate>,
   |                               ~~~~~~~~
help: consider importing this struct
   |
2  + use chrono::NaiveDate;
   |

error[E0412]: cannot find type `Utc` in this scope
  --> src\models\fixed_asset.rs:34:30
   |
34 |     pub created_at: DateTime<Utc>,
   |                              ^^^ not found in this scope
   |
help: consider importing this struct
   |
2  + use chrono::Utc;
   |

error[E0412]: cannot find type `Utc` in this scope
  --> src\models\fixed_asset.rs:35:30
   |
35 |     pub updated_at: DateTime<Utc>,
   |                              ^^^ not found in this scope
   |
help: consider importing this struct
   |
2  + use chrono::Utc;
   |

error[E0412]: cannot find type `Utc` in this scope
  --> src\models\fixed_asset.rs:34:5
   |
34 |     pub created_at: DateTime<Utc>,
   |     ^^^ not found in this scope
   |
help: consider importing this struct
   |
2  + use chrono::Utc;
   |

error[E0412]: cannot find type `Utc` in this scope
  --> src\models\fixed_asset.rs:35:5
   |
35 |     pub updated_at: DateTime<Utc>,
   |     ^^^ not found in this scope
   |
help: consider importing this struct
   |
2  + use chrono::Utc;
   |

error[E0412]: cannot find type `NaiveDate` in this scope
  --> src\models\fixed_asset.rs:28:5
   |
28 |     pub purchase_date: Option<NaiveDate>,
   |     ^^^
   |
  ::: C:\Users\admin\.cargo\registry\src\index.crates.io-6f17d22bba15001f\time-0.3.36\src\date.rs:51:1
   |
51 | pub struct Date {
   | --------------- similarly named struct `TimeDate` defined here
   |
help: a struct with a similar name exists
   |
28 |     TimeDate purchase_date: Option<NaiveDate>,
   |     ~~~~~~~~
help: consider importing this struct
   |
2  + use chrono::NaiveDate;
   |

error[E0412]: cannot find type `NaiveDate` in this scope
  --> src\models\fixed_asset.rs:29:5
   |
29 |     pub in_service_date: Option<NaiveDate>,
   |     ^^^
   |
  ::: C:\Users\admin\.cargo\registry\src\index.crates.io-6f17d22bba15001f\time-0.3.36\src\date.rs:51:1
   |
51 | pub struct Date {
   | --------------- similarly named struct `TimeDate` defined here
   |
help: a struct with a similar name exists
   |
29 |     TimeDate in_service_date: Option<NaiveDate>,
   |     ~~~~~~~~
help: consider importing this struct
   |
2  + use chrono::NaiveDate;
   |

error[E0412]: cannot find type `NaiveDate` in this scope
  --> src\models\fixed_asset.rs:30:5
   |
30 |     pub disposal_date: Option<NaiveDate>,
   |     ^^^
   |
  ::: C:\Users\admin\.cargo\registry\src\index.crates.io-6f17d22bba15001f\time-0.3.36\src\date.rs:51:1
   |
51 | pub struct Date {
   | --------------- similarly named struct `TimeDate` defined here
   |
help: a struct with a similar name exists
   |
30 |     TimeDate disposal_date: Option<NaiveDate>,
   |     ~~~~~~~~
help: consider importing this struct
   |
2  + use chrono::NaiveDate;
   |

error[E0412]: cannot find type `NaiveDate` in this scope
  --> src\models\purchase_contract.rs:16:29
   |
16 |     pub signed_date: Option<NaiveDate>,
   |                             ^^^^^^^^^
   |
  ::: C:\Users\admin\.cargo\registry\src\index.crates.io-6f17d22bba15001f\time-0.3.36\src\date.rs:51:1
   |
51 | pub struct Date {
   | --------------- similarly named struct `TimeDate` defined here
   |
help: a struct with a similar name exists
   |
16 |     pub signed_date: Option<TimeDate>,
   |                             ~~~~~~~~
help: consider importing this struct
   |
2  + use chrono::NaiveDate;
   |

error[E0412]: cannot find type `NaiveDate` in this scope
  --> src\models\purchase_contract.rs:17:32
   |
17 |     pub effective_date: Option<NaiveDate>,
   |                                ^^^^^^^^^
   |
  ::: C:\Users\admin\.cargo\registry\src\index.crates.io-6f17d22bba15001f\time-0.3.36\src\date.rs:51:1
   |
51 | pub struct Date {
   | --------------- similarly named struct `TimeDate` defined here
   |
help: a struct with a similar name exists
   |
17 |     pub effective_date: Option<TimeDate>,
   |                                ~~~~~~~~
help: consider importing this struct
   |
2  + use chrono::NaiveDate;
   |

error[E0412]: cannot find type `NaiveDate` in this scope
  --> src\models\purchase_contract.rs:18:29
   |
18 |     pub expiry_date: Option<NaiveDate>,
   |                             ^^^^^^^^^
   |
  ::: C:\Users\admin\.cargo\registry\src\index.crates.io-6f17d22bba15001f\time-0.3.36\src\date.rs:51:1
   |
51 | pub struct Date {
   | --------------- similarly named struct `TimeDate` defined here
   |
help: a struct with a similar name exists
   |
18 |     pub expiry_date: Option<TimeDate>,
   |                             ~~~~~~~~
help: consider importing this struct
   |
2  + use chrono::NaiveDate;
   |

error[E0412]: cannot find type `NaiveDate` in this scope
  --> src\models\purchase_contract.rs:21:31
   |
21 |     pub delivery_date: Option<NaiveDate>,
   |                               ^^^^^^^^^
   |
  ::: C:\Users\admin\.cargo\registry\src\index.crates.io-6f17d22bba15001f\time-0.3.36\src\date.rs:51:1
   |
51 | pub struct Date {
   | --------------- similarly named struct `TimeDate` defined here
   |
help: a struct with a similar name exists
   |
21 |     pub delivery_date: Option<TimeDate>,
   |                               ~~~~~~~~
help: consider importing this struct
   |
2  + use chrono::NaiveDate;
   |

error[E0412]: cannot find type `Utc` in this scope
  --> src\models\purchase_contract.rs:25:30
   |
25 |     pub created_at: DateTime<Utc>,
   |                              ^^^ not found in this scope
   |
help: consider importing this struct
   |
2  + use chrono::Utc;
   |

error[E0412]: cannot find type `Utc` in this scope
  --> src\models\purchase_contract.rs:26:30
   |
26 |     pub updated_at: DateTime<Utc>,
   |                              ^^^ not found in this scope
   |
help: consider importing this struct
   |
2  + use chrono::Utc;
   |

error[E0412]: cannot find type `Utc` in this scope
  --> src\models\purchase_contract.rs:25:5
   |
25 |     pub created_at: DateTime<Utc>,
   |     ^^^ not found in this scope
   |
help: consider importing this struct
   |
2  + use chrono::Utc;
   |

error[E0412]: cannot find type `Utc` in this scope
  --> src\models\purchase_contract.rs:26:5
   |
26 |     pub updated_at: DateTime<Utc>,
   |     ^^^ not found in this scope
   |
help: consider importing this struct
   |
2  + use chrono::Utc;
   |

error[E0412]: cannot find type `NaiveDate` in this scope
  --> src\models\purchase_contract.rs:16:5
   |
16 |     pub signed_date: Option<NaiveDate>,
   |     ^^^
   |
  ::: C:\Users\admin\.cargo\registry\src\index.crates.io-6f17d22bba15001f\time-0.3.36\src\date.rs:51:1
   |
51 | pub struct Date {
   | --------------- similarly named struct `TimeDate` defined here
   |
help: a struct with a similar name exists
   |
16 |     TimeDate signed_date: Option<NaiveDate>,
   |     ~~~~~~~~
help: consider importing this struct
   |
2  + use chrono::NaiveDate;
   |

error[E0412]: cannot find type `NaiveDate` in this scope
  --> src\models\purchase_contract.rs:17:5
   |
17 |     pub effective_date: Option<NaiveDate>,
   |     ^^^
   |
  ::: C:\Users\admin\.cargo\registry\src\index.crates.io-6f17d22bba15001f\time-0.3.36\src\date.rs:51:1
   |
51 | pub struct Date {
   | --------------- similarly named struct `TimeDate` defined here
   |
help: a struct with a similar name exists
   |
17 |     TimeDate effective_date: Option<NaiveDate>,
   |     ~~~~~~~~
help: consider importing this struct
   |
2  + use chrono::NaiveDate;
   |

error[E0412]: cannot find type `NaiveDate` in this scope
  --> src\models\purchase_contract.rs:18:5
   |
18 |     pub expiry_date: Option<NaiveDate>,
   |     ^^^
   |
  ::: C:\Users\admin\.cargo\registry\src\index.crates.io-6f17d22bba15001f\time-0.3.36\src\date.rs:51:1
   |
51 | pub struct Date {
   | --------------- similarly named struct `TimeDate` defined here
   |
help: a struct with a similar name exists
   |
18 |     TimeDate expiry_date: Option<NaiveDate>,
   |     ~~~~~~~~
help: consider importing this struct
   |
2  + use chrono::NaiveDate;
   |

error[E0412]: cannot find type `NaiveDate` in this scope
  --> src\models\purchase_contract.rs:21:5
   |
21 |     pub delivery_date: Option<NaiveDate>,
   |     ^^^
   |
  ::: C:\Users\admin\.cargo\registry\src\index.crates.io-6f17d22bba15001f\time-0.3.36\src\date.rs:51:1
   |
51 | pub struct Date {
   | --------------- similarly named struct `TimeDate` defined here
   |
help: a struct with a similar name exists
   |
21 |     TimeDate delivery_date: Option<NaiveDate>,
   |     ~~~~~~~~
help: consider importing this struct
   |
2  + use chrono::NaiveDate;
   |

error[E0412]: cannot find type `NaiveDate` in this scope
  --> src\models\sales_contract.rs:16:29
   |
16 |     pub signed_date: Option<NaiveDate>,
   |                             ^^^^^^^^^
   |
  ::: C:\Users\admin\.cargo\registry\src\index.crates.io-6f17d22bba15001f\time-0.3.36\src\date.rs:51:1
   |
51 | pub struct Date {
   | --------------- similarly named struct `TimeDate` defined here
   |
help: a struct with a similar name exists
   |
16 |     pub signed_date: Option<TimeDate>,
   |                             ~~~~~~~~
help: consider importing this struct
   |
2  + use chrono::NaiveDate;
   |

error[E0412]: cannot find type `NaiveDate` in this scope
  --> src\models\sales_contract.rs:17:32
   |
17 |     pub effective_date: Option<NaiveDate>,
   |                                ^^^^^^^^^
   |
  ::: C:\Users\admin\.cargo\registry\src\index.crates.io-6f17d22bba15001f\time-0.3.36\src\date.rs:51:1
   |
51 | pub struct Date {
   | --------------- similarly named struct `TimeDate` defined here
   |
help: a struct with a similar name exists
   |
17 |     pub effective_date: Option<TimeDate>,
   |                                ~~~~~~~~
help: consider importing this struct
   |
2  + use chrono::NaiveDate;
   |

error[E0412]: cannot find type `NaiveDate` in this scope
  --> src\models\sales_contract.rs:18:29
   |
18 |     pub expiry_date: Option<NaiveDate>,
   |                             ^^^^^^^^^
   |
  ::: C:\Users\admin\.cargo\registry\src\index.crates.io-6f17d22bba15001f\time-0.3.36\src\date.rs:51:1
   |
51 | pub struct Date {
   | --------------- similarly named struct `TimeDate` defined here
   |
help: a struct with a similar name exists
   |
18 |     pub expiry_date: Option<TimeDate>,
   |                             ~~~~~~~~
help: consider importing this struct
   |
2  + use chrono::NaiveDate;
   |

error[E0412]: cannot find type `NaiveDate` in this scope
  --> src\models\sales_contract.rs:21:31
   |
21 |     pub delivery_date: Option<NaiveDate>,
   |                               ^^^^^^^^^
   |
  ::: C:\Users\admin\.cargo\registry\src\index.crates.io-6f17d22bba15001f\time-0.3.36\src\date.rs:51:1
   |
51 | pub struct Date {
   | --------------- similarly named struct `TimeDate` defined here
   |
help: a struct with a similar name exists
   |
21 |     pub delivery_date: Option<TimeDate>,
   |                               ~~~~~~~~
help: consider importing this struct
   |
2  + use chrono::NaiveDate;
   |

error[E0412]: cannot find type `Utc` in this scope
  --> src\models\sales_contract.rs:25:30
   |
25 |     pub created_at: DateTime<Utc>,
   |                              ^^^ not found in this scope
   |
help: consider importing this struct
   |
2  + use chrono::Utc;
   |

error[E0412]: cannot find type `Utc` in this scope
  --> src\models\sales_contract.rs:26:30
   |
26 |     pub updated_at: DateTime<Utc>,
   |                              ^^^ not found in this scope
   |
help: consider importing this struct
   |
2  + use chrono::Utc;
   |

error[E0412]: cannot find type `Utc` in this scope
  --> src\models\sales_contract.rs:25:5
   |
25 |     pub created_at: DateTime<Utc>,
   |     ^^^ not found in this scope
   |
help: consider importing this struct
   |
2  + use chrono::Utc;
   |

error[E0412]: cannot find type `Utc` in this scope
  --> src\models\sales_contract.rs:26:5
   |
26 |     pub updated_at: DateTime<Utc>,
   |     ^^^ not found in this scope
   |
help: consider importing this struct
   |
2  + use chrono::Utc;
   |

error[E0412]: cannot find type `NaiveDate` in this scope
  --> src\models\sales_contract.rs:16:5
   |
16 |     pub signed_date: Option<NaiveDate>,
   |     ^^^
   |
  ::: C:\Users\admin\.cargo\registry\src\index.crates.io-6f17d22bba15001f\time-0.3.36\src\date.rs:51:1
   |
51 | pub struct Date {
   | --------------- similarly named struct `TimeDate` defined here
   |
help: a struct with a similar name exists
   |
16 |     TimeDate signed_date: Option<NaiveDate>,
   |     ~~~~~~~~
help: consider importing this struct
   |
2  + use chrono::NaiveDate;
   |

error[E0412]: cannot find type `NaiveDate` in this scope
  --> src\models\sales_contract.rs:17:5
   |
17 |     pub effective_date: Option<NaiveDate>,
   |     ^^^
   |
  ::: C:\Users\admin\.cargo\registry\src\index.crates.io-6f17d22bba15001f\time-0.3.36\src\date.rs:51:1
   |
51 | pub struct Date {
   | --------------- similarly named struct `TimeDate` defined here
   |
help: a struct with a similar name exists
   |
17 |     TimeDate effective_date: Option<NaiveDate>,
   |     ~~~~~~~~
help: consider importing this struct
   |
2  + use chrono::NaiveDate;
   |

error[E0412]: cannot find type `NaiveDate` in this scope
  --> src\models\sales_contract.rs:18:5
   |
18 |     pub expiry_date: Option<NaiveDate>,
   |     ^^^
   |
  ::: C:\Users\admin\.cargo\registry\src\index.crates.io-6f17d22bba15001f\time-0.3.36\src\date.rs:51:1
   |
51 | pub struct Date {
   | --------------- similarly named struct `TimeDate` defined here
   |
help: a struct with a similar name exists
   |
18 |     TimeDate expiry_date: Option<NaiveDate>,
   |     ~~~~~~~~
help: consider importing this struct
   |
2  + use chrono::NaiveDate;
   |

error[E0412]: cannot find type `NaiveDate` in this scope
  --> src\models\sales_contract.rs:21:5
   |
21 |     pub delivery_date: Option<NaiveDate>,
   |     ^^^
   |
  ::: C:\Users\admin\.cargo\registry\src\index.crates.io-6f17d22bba15001f\time-0.3.36\src\date.rs:51:1
   |
51 | pub struct Date {
   | --------------- similarly named struct `TimeDate` defined here
   |
help: a struct with a similar name exists
   |
21 |     TimeDate delivery_date: Option<NaiveDate>,
   |     ~~~~~~~~
help: consider importing this struct
   |
2  + use chrono::NaiveDate;
   |

error[E0412]: cannot find type `NaiveDate` in this scope
  --> src\models\customer_credit.rs:18:38
   |
18 |     pub last_assessment_date: Option<NaiveDate>,
   |                                      ^^^^^^^^^
   |
  ::: C:\Users\admin\.cargo\registry\src\index.crates.io-6f17d22bba15001f\time-0.3.36\src\date.rs:51:1
   |
51 | pub struct Date {
   | --------------- similarly named struct `TimeDate` defined here
   |
help: a struct with a similar name exists
   |
18 |     pub last_assessment_date: Option<TimeDate>,
   |                                      ~~~~~~~~
help: consider importing this struct
   |
2  + use chrono::NaiveDate;
   |

error[E0412]: cannot find type `NaiveDate` in this scope
  --> src\models\customer_credit.rs:19:38
   |
19 |     pub next_assessment_date: Option<NaiveDate>,
   |                                      ^^^^^^^^^
   |
  ::: C:\Users\admin\.cargo\registry\src\index.crates.io-6f17d22bba15001f\time-0.3.36\src\date.rs:51:1
   |
51 | pub struct Date {
   | --------------- similarly named struct `TimeDate` defined here
   |
help: a struct with a similar name exists
   |
19 |     pub next_assessment_date: Option<TimeDate>,
   |                                      ~~~~~~~~
help: consider importing this struct
   |
2  + use chrono::NaiveDate;
   |

error[E0412]: cannot find type `Utc` in this scope
  --> src\models\customer_credit.rs:22:30
   |
22 |     pub created_at: DateTime<Utc>,
   |                              ^^^ not found in this scope
   |
help: consider importing this struct
   |
2  + use chrono::Utc;
   |

error[E0412]: cannot find type `Utc` in this scope
  --> src\models\customer_credit.rs:23:30
   |
23 |     pub updated_at: DateTime<Utc>,
   |                              ^^^ not found in this scope
   |
help: consider importing this struct
   |
2  + use chrono::Utc;
   |

error[E0412]: cannot find type `Utc` in this scope
  --> src\models\customer_credit.rs:22:5
   |
22 |     pub created_at: DateTime<Utc>,
   |     ^^^ not found in this scope
   |
help: consider importing this struct
   |
2  + use chrono::Utc;
   |

error[E0412]: cannot find type `Utc` in this scope
  --> src\models\customer_credit.rs:23:5
   |
23 |     pub updated_at: DateTime<Utc>,
   |     ^^^ not found in this scope
   |
help: consider importing this struct
   |
2  + use chrono::Utc;
   |

error[E0412]: cannot find type `NaiveDate` in this scope
  --> src\models\customer_credit.rs:18:5
   |
18 |     pub last_assessment_date: Option<NaiveDate>,
   |     ^^^
   |
  ::: C:\Users\admin\.cargo\registry\src\index.crates.io-6f17d22bba15001f\time-0.3.36\src\date.rs:51:1
   |
51 | pub struct Date {
   | --------------- similarly named struct `TimeDate` defined here
   |
help: a struct with a similar name exists
   |
18 |     TimeDate last_assessment_date: Option<NaiveDate>,
   |     ~~~~~~~~
help: consider importing this struct
   |
2  + use chrono::NaiveDate;
   |

error[E0412]: cannot find type `NaiveDate` in this scope
  --> src\models\customer_credit.rs:19:5
   |
19 |     pub next_assessment_date: Option<NaiveDate>,
   |     ^^^
   |
  ::: C:\Users\admin\.cargo\registry\src\index.crates.io-6f17d22bba15001f\time-0.3.36\src\date.rs:51:1
   |
51 | pub struct Date {
   | --------------- similarly named struct `TimeDate` defined here
   |
help: a struct with a similar name exists
   |
19 |     TimeDate next_assessment_date: Option<NaiveDate>,
   |     ~~~~~~~~
help: consider importing this struct
   |
2  + use chrono::NaiveDate;
   |

error[E0425]: cannot find value `update_stock` in module `inventory_stock_handler`
   --> src\routes\mod.rs:149:63
    |
149 |               .route("/stock/:id", put(inventory_stock_handler::update_stock))
    |                                                                 ^^^^^^^^^^^^ help: a function with a similar name exists: `create_stock`
    |
   ::: src\handlers\inventory_stock_handler.rs:105:1
    |
105 | / pub async fn create_stock(
106 | |     State(db): State<Arc<DatabaseConnection>>,
107 | |     Json(payload): Json<CreateStockRequest>,
108 | | ) -> Result<Json<StockResponse>, (StatusCode, String)> {
...   |
134 | |     }
135 | | }
    | |_- similarly named function `create_stock` defined here

error[E0425]: cannot find value `delete_stock` in module `inventory_stock_handler`
   --> src\routes\mod.rs:150:66
    |
150 |               .route("/stock/:id", delete(inventory_stock_handler::delete_stock))
    |                                                                    ^^^^^^^^^^^^ help: a function with a similar name exists: `create_stock`
    |
   ::: src\handlers\inventory_stock_handler.rs:105:1
    |
105 | / pub async fn create_stock(
106 | |     State(db): State<Arc<DatabaseConnection>>,
107 | |     Json(payload): Json<CreateStockRequest>,
108 | | ) -> Result<Json<StockResponse>, (StatusCode, String)> {
...   |
134 | |     }
135 | | }
    | |_- similarly named function `create_stock` defined here

error[E0425]: cannot find value `get_subject` in module `account_subject_handler`
   --> src\routes\mod.rs:198:62
    |
198 |         .route("/subjects/:id", get(account_subject_handler::get_subject))
    |                                                              ^^^^^^^^^^^ not found in `account_subject_handler`

error[E0425]: cannot find value `create_indicator` in module `financial_analysis_handler`
   --> src\routes\mod.rs:390:64
    |
390 |         .route("/indicators", post(financial_analysis_handler::create_indicator))
    |                                                                ^^^^^^^^^^^^^^^^ not found in `financial_analysis_handler`

error[E0425]: cannot find value `create_analysis_result` in module `financial_analysis_handler`
   --> src\routes\mod.rs:391:61
    |
391 |         .route("/results", post(financial_analysis_handler::create_analysis_result))
    |                                                             ^^^^^^^^^^^^^^^^^^^^^^ not found in `financial_analysis_handler`

error[E0425]: cannot find value `get_trends` in module `financial_analysis_handler`
   --> src\routes\mod.rs:392:59
    |
392 |         .route("/trends", get(financial_analysis_handler::get_trends));
    |                                                           ^^^^^^^^^^ not found in `financial_analysis_handler`

error[E0425]: cannot find value `create_indicator` in module `supplier_evaluation_handler`
   --> src\routes\mod.rs:397:65
    |
397 |         .route("/indicators", post(supplier_evaluation_handler::create_indicator))
    |                                                                 ^^^^^^^^^^^^^^^^ not found in `supplier_evaluation_handler`

error[E0425]: cannot find value `create_evaluation` in module `supplier_evaluation_handler`
   --> src\routes\mod.rs:398:66
    |
398 |         .route("/evaluations", post(supplier_evaluation_handler::create_evaluation))
    |                                                                  ^^^^^^^^^^^^^^^^^ not found in `supplier_evaluation_handler`

error[E0425]: cannot find value `get_supplier_score` in module `supplier_evaluation_handler`
   --> src\routes\mod.rs:399:73
    |
399 |         .route("/scores/:supplier_id", get(supplier_evaluation_handler::get_supplier_score))
    |                                                                         ^^^^^^^^^^^^^^^^^^ not found in `supplier_evaluation_handler`

error[E0425]: cannot find value `list_ratings` in module `supplier_evaluation_handler`
   --> src\routes\mod.rs:400:61
    |
400 |         .route("/ratings", get(supplier_evaluation_handler::list_ratings));
    |                                                             ^^^^^^^^^^^^ not found in `supplier_evaluation_handler`

error[E0425]: cannot find value `create_price` in module `purchase_price_handler`
   --> src\routes\mod.rs:405:50
    |
405 |         .route("/", post(purchase_price_handler::create_price))
    |                                                  ^^^^^^^^^^^^ not found in `purchase_price_handler`

error[E0425]: cannot find value `get_price` in module `purchase_price_handler`
   --> src\routes\mod.rs:406:52
    |
406 |         .route("/:id", get(purchase_price_handler::get_price))
    |                                                    ^^^^^^^^^ not found in `purchase_price_handler`

error[E0425]: cannot find value `approve_price` in module `purchase_price_handler`
   --> src\routes\mod.rs:407:61
    |
407 |         .route("/:id/approve", post(purchase_price_handler::approve_price))
    |                                                             ^^^^^^^^^^^^^ not found in `purchase_price_handler`

error[E0425]: cannot find value `get_price_history` in module `purchase_price_handler`
   --> src\routes\mod.rs:408:69
    |
408 |         .route("/history/:material_id", get(purchase_price_handler::get_price_history));
    |                                                                     ^^^^^^^^^^^^^^^^^ not found in `purchase_price_handler`

error[E0425]: cannot find value `create_price` in module `sales_price_handler`
   --> src\routes\mod.rs:413:47
    |
413 |         .route("/", post(sales_price_handler::create_price))
    |                                               ^^^^^^^^^^^^ not found in `sales_price_handler`

error[E0425]: cannot find value `get_price` in module `sales_price_handler`
   --> src\routes\mod.rs:414:49
    |
414 |         .route("/:id", get(sales_price_handler::get_price))
    |                                                 ^^^^^^^^^ not found in `sales_price_handler`

error[E0425]: cannot find value `approve_price` in module `sales_price_handler`
   --> src\routes\mod.rs:415:58
    |
415 |         .route("/:id/approve", post(sales_price_handler::approve_price))
    |                                                          ^^^^^^^^^^^^^ not found in `sales_price_handler`

error[E0425]: cannot find value `list_strategies` in module `sales_price_handler`
   --> src\routes\mod.rs:416:56
    |
416 |         .route("/strategies", get(sales_price_handler::list_strategies))
    |                                                        ^^^^^^^^^^^^^^^ not found in `sales_price_handler`

error[E0425]: cannot find value `get_price_history` in module `sales_price_handler`
   --> src\routes\mod.rs:417:65
    |
417 |         .route("/history/:product_id", get(sales_price_handler::get_price_history));
    |                                                                 ^^^^^^^^^^^^^^^^^ not found in `sales_price_handler`

error[E0425]: cannot find value `get_statistics` in module `sales_analysis_handler`
   --> src\routes\mod.rs:421:54
    |
421 |           .route("/stats", get(sales_analysis_handler::get_statistics))
    |                                                        ^^^^^^^^^^^^^^
    |
   ::: src\handlers\sales_analysis_handler.rs:25:1
    |
25  | / pub async fn list_statistics(
26  | |     Query(params): Query<SalesStatisticQuery>,
27  | |     State(db): State<Arc<DatabaseConnection>>,
28  | |     auth: AuthContext,
...   |
43  | |     Ok(Json(ApiResponse::success(statistics)))
44  | | }
    | |_- similarly named function `list_statistics` defined here
    |
help: a function with a similar name exists
    |
421 |         .route("/stats", get(sales_analysis_handler::list_statistics))
    |                                                      ~~~~~~~~~~~~~~~
help: consider importing this function
    |
1   + use crate::routes::ap_invoice_handler::get_statistics;
    |
help: if you import `get_statistics`, refer to it directly
    |
421 -         .route("/stats", get(sales_analysis_handler::get_statistics))
421 +         .route("/stats", get(get_statistics))
    |

error[E0425]: cannot find value `get_trends` in module `sales_analysis_handler`
   --> src\routes\mod.rs:422:55
    |
422 |         .route("/trends", get(sales_analysis_handler::get_trends))
    |                                                       ^^^^^^^^^^ not found in `sales_analysis_handler`

error[E0425]: cannot find value `get_rankings` in module `sales_analysis_handler`
   --> src\routes\mod.rs:423:57
    |
423 |         .route("/rankings", get(sales_analysis_handler::get_rankings))
    |                                                         ^^^^^^^^^^^^ not found in `sales_analysis_handler`

error[E0425]: cannot find value `get_targets` in module `sales_analysis_handler`
   --> src\routes\mod.rs:424:56
    |
424 |         .route("/targets", get(sales_analysis_handler::get_targets))
    |                                                        ^^^^^^^^^^^ not found in `sales_analysis_handler`

error[E0425]: cannot find value `create_target` in module `sales_analysis_handler`
   --> src\routes\mod.rs:425:57
    |
425 |         .route("/targets", post(sales_analysis_handler::create_target));
    |                                                         ^^^^^^^^^^^^^ not found in `sales_analysis_handler`

error[E0425]: cannot find value `create_standard` in module `quality_inspection_handler`
   --> src\routes\mod.rs:430:63
    |
430 |         .route("/standards", post(quality_inspection_handler::create_standard))
    |                                                               ^^^^^^^^^^^^^^^ not found in `quality_inspection_handler`
    |
help: consider importing this function
    |
1   + use crate::routes::quality_standard_handler::create_standard;
    |
help: if you import `create_standard`, refer to it directly
    |
430 -         .route("/standards", post(quality_inspection_handler::create_standard))
430 +         .route("/standards", post(create_standard))
    |

error[E0425]: cannot find value `list_records` in module `quality_inspection_handler`
   --> src\routes\mod.rs:431:60
    |
431 |         .route("/records", get(quality_inspection_handler::list_records))
    |                                                            ^^^^^^^^^^^^ not found in `quality_inspection_handler`

error[E0425]: cannot find value `create_record` in module `quality_inspection_handler`
   --> src\routes\mod.rs:432:61
    |
432 |         .route("/records", post(quality_inspection_handler::create_record))
    |                                                             ^^^^^^^^^^^^^ not found in `quality_inspection_handler`

error[E0425]: cannot find value `get_record` in module `quality_inspection_handler`
   --> src\routes\mod.rs:433:64
    |
433 |         .route("/records/:id", get(quality_inspection_handler::get_record))
    |                                                                ^^^^^^^^^^ not found in `quality_inspection_handler`

error[E0425]: cannot find value `list_defects` in module `quality_inspection_handler`
   --> src\routes\mod.rs:434:60
    |
434 |         .route("/defects", get(quality_inspection_handler::list_defects))
    |                                                            ^^^^^^^^^^^^ not found in `quality_inspection_handler`

error[E0425]: cannot find value `process_defect` in module `quality_inspection_handler`
   --> src\routes\mod.rs:435:65
    |
435 |         .route("/defects/:id", post(quality_inspection_handler::process_defect));
    |                                                                 ^^^^^^^^^^^^^^ not found in `quality_inspection_handler`

error[E0425]: cannot find function, tuple struct or tuple variant `Set` in this scope
  --> src\services\product_service.rs:95:19
   |
95 |             name: Set(name),
   |                   ^^^ not found in this scope
   |
help: consider importing this tuple variant
   |
1  + use sea_orm::Set;
   |

error[E0425]: cannot find function, tuple struct or tuple variant `Set` in this scope
  --> src\services\product_service.rs:96:19
   |
96 |             code: Set(code),
   |                   ^^^ not found in this scope
   |
help: consider importing this tuple variant
   |
1  + use sea_orm::Set;
   |

error[E0425]: cannot find function, tuple struct or tuple variant `Set` in this scope
  --> src\services\product_service.rs:97:26
   |
97 |             category_id: Set(category_id),
   |                          ^^^ not found in this scope
   |
help: consider importing this tuple variant
   |
1  + use sea_orm::Set;
   |

error[E0425]: cannot find function, tuple struct or tuple variant `Set` in this scope
  --> src\services\product_service.rs:98:28
   |
98 |             specification: Set(specification),
   |                            ^^^ not found in this scope
   |
help: consider importing this tuple variant
   |
1  + use sea_orm::Set;
   |

error[E0425]: cannot find function, tuple struct or tuple variant `Set` in this scope
  --> src\services\product_service.rs:99:19
   |
99 |             unit: Set(unit),
   |                   ^^^ not found in this scope
   |
help: consider importing this tuple variant
   |
1  + use sea_orm::Set;
   |

error[E0425]: cannot find function, tuple struct or tuple variant `Set` in this scope
   --> src\services\product_service.rs:100:29
    |
100 |             standard_price: Set(standard_price.map(|p| Decimal::from_f64_retain(p).unwrap_or(Decimal::ZERO))),
    |                             ^^^ not found in this scope
    |
help: consider importing this tuple variant
    |
1   + use sea_orm::Set;
    |

error[E0425]: cannot find function, tuple struct or tuple variant `Set` in this scope
   --> src\services\product_service.rs:101:25
    |
101 |             cost_price: Set(cost_price.map(|p| Decimal::from_f64_retain(p).unwrap_or(Decimal::ZERO))),
    |                         ^^^ not found in this scope
    |
help: consider importing this tuple variant
    |
1   + use sea_orm::Set;
    |

error[E0425]: cannot find function, tuple struct or tuple variant `Set` in this scope
   --> src\services\product_service.rs:102:26
    |
102 |             description: Set(description),
    |                          ^^^ not found in this scope
    |
help: consider importing this tuple variant
    |
1   + use sea_orm::Set;
    |

error[E0425]: cannot find function, tuple struct or tuple variant `Set` in this scope
   --> src\services\product_service.rs:103:21
    |
103 |             status: Set(status),
    |                     ^^^ not found in this scope
    |
help: consider importing this tuple variant
    |
1   + use sea_orm::Set;
    |

error[E0425]: cannot find function, tuple struct or tuple variant `Set` in this scope
   --> src\services\product_service.rs:105:27
    |
105 |             product_type: Set(product_type),
    |                           ^^^ not found in this scope
    |
help: consider importing this tuple variant
    |
1   + use sea_orm::Set;
    |

error[E0425]: cannot find function, tuple struct or tuple variant `Set` in this scope
   --> src\services\product_service.rs:106:33
    |
106 |             fabric_composition: Set(fabric_composition),
    |                                 ^^^ not found in this scope
    |
help: consider importing this tuple variant
    |
1   + use sea_orm::Set;
    |

error[E0425]: cannot find function, tuple struct or tuple variant `Set` in this scope
   --> src\services\product_service.rs:107:25
    |
107 |             yarn_count: Set(yarn_count),
    |                         ^^^ not found in this scope
    |
help: consider importing this tuple variant
    |
1   + use sea_orm::Set;
    |

error[E0425]: cannot find function, tuple struct or tuple variant `Set` in this scope
   --> src\services\product_service.rs:108:22
    |
108 |             density: Set(density),
    |                      ^^^ not found in this scope
    |
help: consider importing this tuple variant
    |
1   + use sea_orm::Set;
    |

error[E0425]: cannot find function, tuple struct or tuple variant `Set` in this scope
   --> src\services\product_service.rs:109:20
    |
109 |             width: Set(width.map(|w| Decimal::from_f64_retain(w).unwrap_or(Decimal::ZERO))),
    |                    ^^^ not found in this scope
    |
help: consider importing this tuple variant
    |
1   + use sea_orm::Set;
    |

error[E0425]: cannot find function, tuple struct or tuple variant `Set` in this scope
   --> src\services\product_service.rs:110:26
    |
110 |             gram_weight: Set(gram_weight.map(|g| Decimal::from_f64_retain(g).unwrap_or(Decimal::ZERO))),
    |                          ^^^ not found in this scope
    |
help: consider importing this tuple variant
    |
1   + use sea_orm::Set;
    |

error[E0425]: cannot find function, tuple struct or tuple variant `Set` in this scope
   --> src\services\product_service.rs:111:24
    |
111 |             structure: Set(structure),
    |                        ^^^ not found in this scope
    |
help: consider importing this tuple variant
    |
1   + use sea_orm::Set;
    |

error[E0425]: cannot find function, tuple struct or tuple variant `Set` in this scope
   --> src\services\product_service.rs:112:21
    |
112 |             finish: Set(finish),
    |                     ^^^ not found in this scope
    |
help: consider importing this tuple variant
    |
1   + use sea_orm::Set;
    |

error[E0425]: cannot find function, tuple struct or tuple variant `Set` in this scope
   --> src\services\product_service.rs:113:33
    |
113 |             min_order_quantity: Set(min_order_quantity.map(|q| Decimal::from_f64_retain(q).unwrap_or(Decimal::ZERO))),
    |                                 ^^^ not found in this scope
    |
help: consider importing this tuple variant
    |
1   + use sea_orm::Set;
    |

error[E0425]: cannot find function, tuple struct or tuple variant `Set` in this scope
   --> src\services\product_service.rs:114:24
    |
114 |             lead_time: Set(lead_time),
    |                        ^^^ not found in this scope
    |
help: consider importing this tuple variant
    |
1   + use sea_orm::Set;
    |

error[E0425]: cannot find function, tuple struct or tuple variant `Set` in this scope
   --> src\services\product_service.rs:115:25
    |
115 |             created_at: Set(Utc::now()),
    |                         ^^^ not found in this scope
    |
help: consider importing this tuple variant
    |
1   + use sea_orm::Set;
    |

error[E0433]: failed to resolve: use of undeclared type `Utc`
   --> src\services\product_service.rs:115:29
    |
115 |             created_at: Set(Utc::now()),
    |                             ^^^ use of undeclared type `Utc`
    |
help: consider importing this struct
    |
1   + use chrono::Utc;
    |

error[E0425]: cannot find function, tuple struct or tuple variant `Set` in this scope
   --> src\services\product_service.rs:116:25
    |
116 |             updated_at: Set(Utc::now()),
    |                         ^^^ not found in this scope
    |
help: consider importing this tuple variant
    |
1   + use sea_orm::Set;
    |

error[E0433]: failed to resolve: use of undeclared type `Utc`
   --> src\services\product_service.rs:116:29
    |
116 |             updated_at: Set(Utc::now()),
    |                             ^^^ use of undeclared type `Utc`
    |
help: consider importing this struct
    |
1   + use chrono::Utc;
    |

error[E0425]: cannot find function, tuple struct or tuple variant `Set` in this scope
   --> src\services\product_service.rs:154:28
    |
154 |             product.name = Set(n);
    |                            ^^^ not found in this scope
    |
help: consider importing this tuple variant
    |
1   + use sea_orm::Set;
    |

error[E0425]: cannot find function, tuple struct or tuple variant `Set` in this scope
   --> src\services\product_service.rs:157:37
    |
157 |             product.specification = Set(Some(spec));
    |                                     ^^^ not found in this scope
    |
help: consider importing this tuple variant
    |
1   + use sea_orm::Set;
    |

error[E0425]: cannot find function, tuple struct or tuple variant `Set` in this scope
   --> src\services\product_service.rs:160:28
    |
160 |             product.unit = Set(u);
    |                            ^^^ not found in this scope
    |
help: consider importing this tuple variant
    |
1   + use sea_orm::Set;
    |

error[E0425]: cannot find function, tuple struct or tuple variant `Set` in this scope
   --> src\services\product_service.rs:163:38
    |
163 |             product.standard_price = Set(Some(Decimal::from_f64_retain(sp).unwrap_or(Decimal::ZERO)));
    |                                      ^^^ not found in this scope
    |
help: consider importing this tuple variant
    |
1   + use sea_orm::Set;
    |

error[E0425]: cannot find function, tuple struct or tuple variant `Set` in this scope
   --> src\services\product_service.rs:166:34
    |
166 |             product.cost_price = Set(Some(Decimal::from_f64_retain(cp).unwrap_or(Decimal::ZERO)));
    |                                  ^^^ not found in this scope
    |
help: consider importing this tuple variant
    |
1   + use sea_orm::Set;
    |

error[E0425]: cannot find function, tuple struct or tuple variant `Set` in this scope
   --> src\services\product_service.rs:169:35
    |
169 |             product.description = Set(Some(d));
    |                                   ^^^ not found in this scope
    |
help: consider importing this tuple variant
    |
1   + use sea_orm::Set;
    |

error[E0425]: cannot find function, tuple struct or tuple variant `Set` in this scope
   --> src\services\product_service.rs:172:30
    |
172 |             product.status = Set(s);
    |                              ^^^ not found in this scope
    |
help: consider importing this tuple variant
    |
1   + use sea_orm::Set;
    |

error[E0425]: cannot find function, tuple struct or tuple variant `Set` in this scope
   --> src\services\product_service.rs:176:36
    |
176 |             product.product_type = Set(pt);
    |                                    ^^^ not found in this scope
    |
help: consider importing this tuple variant
    |
1   + use sea_orm::Set;
    |

error[E0425]: cannot find function, tuple struct or tuple variant `Set` in this scope
   --> src\services\product_service.rs:179:42
    |
179 |             product.fabric_composition = Set(Some(fc));
    |                                          ^^^ not found in this scope
    |
help: consider importing this tuple variant
    |
1   + use sea_orm::Set;
    |

error[E0425]: cannot find function, tuple struct or tuple variant `Set` in this scope
   --> src\services\product_service.rs:182:34
    |
182 |             product.yarn_count = Set(Some(yc));
    |                                  ^^^ not found in this scope
    |
help: consider importing this tuple variant
    |
1   + use sea_orm::Set;
    |

error[E0425]: cannot find function, tuple struct or tuple variant `Set` in this scope
   --> src\services\product_service.rs:185:31
    |
185 |             product.density = Set(Some(den));
    |                               ^^^ not found in this scope
    |
help: consider importing this tuple variant
    |
1   + use sea_orm::Set;
    |

error[E0425]: cannot find function, tuple struct or tuple variant `Set` in this scope
   --> src\services\product_service.rs:188:29
    |
188 |             product.width = Set(Some(Decimal::from_f64_retain(w).unwrap_or(Decimal::ZERO)));
    |                             ^^^ not found in this scope
    |
help: consider importing this tuple variant
    |
1   + use sea_orm::Set;
    |

error[E0425]: cannot find function, tuple struct or tuple variant `Set` in this scope
   --> src\services\product_service.rs:191:35
    |
191 |             product.gram_weight = Set(Some(Decimal::from_f64_retain(gw).unwrap_or(Decimal::ZERO)));
    |                                   ^^^ not found in this scope
    |
help: consider importing this tuple variant
    |
1   + use sea_orm::Set;
    |

error[E0425]: cannot find function, tuple struct or tuple variant `Set` in this scope
   --> src\services\product_service.rs:194:33
    |
194 |             product.structure = Set(Some(st));
    |                                 ^^^ not found in this scope
    |
help: consider importing this tuple variant
    |
1   + use sea_orm::Set;
    |

error[E0425]: cannot find function, tuple struct or tuple variant `Set` in this scope
   --> src\services\product_service.rs:197:30
    |
197 |             product.finish = Set(Some(fi));
    |                              ^^^ not found in this scope
    |
help: consider importing this tuple variant
    |
1   + use sea_orm::Set;
    |

error[E0425]: cannot find function, tuple struct or tuple variant `Set` in this scope
   --> src\services\product_service.rs:200:42
    |
200 |             product.min_order_quantity = Set(Some(Decimal::from_f64_retain(moq).unwrap_or(Decimal::ZERO)));
    |                                          ^^^ not found in this scope
    |
help: consider importing this tuple variant
    |
1   + use sea_orm::Set;
    |

error[E0425]: cannot find function, tuple struct or tuple variant `Set` in this scope
   --> src\services\product_service.rs:203:33
    |
203 |             product.lead_time = Set(Some(lt));
    |                                 ^^^ not found in this scope
    |
help: consider importing this tuple variant
    |
1   + use sea_orm::Set;
    |

error[E0425]: cannot find function, tuple struct or tuple variant `Set` in this scope
   --> src\services\product_service.rs:206:30
    |
206 |         product.updated_at = Set(Utc::now());
    |                              ^^^ not found in this scope
    |
help: consider importing this tuple variant
    |
1   + use sea_orm::Set;
    |

error[E0433]: failed to resolve: use of undeclared type `Utc`
   --> src\services\product_service.rs:206:34
    |
206 |         product.updated_at = Set(Utc::now());
    |                                  ^^^ use of undeclared type `Utc`
    |
help: consider importing this struct
    |
1   + use chrono::Utc;
    |

error[E0425]: cannot find function, tuple struct or tuple variant `Set` in this scope
   --> src\services\product_service.rs:236:25
    |
236 |             product_id: Set(product_id),
    |                         ^^^ not found in this scope
    |
help: consider importing this tuple variant
    |
1   + use sea_orm::Set;
    |

error[E0425]: cannot find function, tuple struct or tuple variant `Set` in this scope
   --> src\services\product_service.rs:237:23
    |
237 |             color_no: Set(color_no),
    |                       ^^^ not found in this scope
    |
help: consider importing this tuple variant
    |
1   + use sea_orm::Set;
    |

error[E0425]: cannot find function, tuple struct or tuple variant `Set` in this scope
   --> src\services\product_service.rs:238:25
    |
238 |             color_name: Set(color_name),
    |                         ^^^ not found in this scope
    |
help: consider importing this tuple variant
    |
1   + use sea_orm::Set;
    |

error[E0425]: cannot find function, tuple struct or tuple variant `Set` in this scope
   --> src\services\product_service.rs:239:27
    |
239 |             pantone_code: Set(pantone_code),
    |                           ^^^ not found in this scope
    |
help: consider importing this tuple variant
    |
1   + use sea_orm::Set;
    |

error[E0425]: cannot find function, tuple struct or tuple variant `Set` in this scope
   --> src\services\product_service.rs:240:25
    |
240 |             color_type: Set(color_type),
    |                         ^^^ not found in this scope
    |
help: consider importing this tuple variant
    |
1   + use sea_orm::Set;
    |

error[E0425]: cannot find function, tuple struct or tuple variant `Set` in this scope
   --> src\services\product_service.rs:241:26
    |
241 |             dye_formula: Set(dye_formula),
    |                          ^^^ not found in this scope
    |
help: consider importing this tuple variant
    |
1   + use sea_orm::Set;
    |

error[E0425]: cannot find function, tuple struct or tuple variant `Set` in this scope
   --> src\services\product_service.rs:242:25
    |
242 |             extra_cost: Set(Decimal::from_f64_retain(extra_cost).unwrap_or(Decimal::ZERO)),
    |                         ^^^ not found in this scope
    |
help: consider importing this tuple variant
    |
1   + use sea_orm::Set;
    |

error[E0425]: cannot find function, tuple struct or tuple variant `Set` in this scope
   --> src\services\product_service.rs:243:24
    |
243 |             is_active: Set(true),
    |                        ^^^ not found in this scope
    |
help: consider importing this tuple variant
    |
1   + use sea_orm::Set;
    |

error[E0425]: cannot find function, tuple struct or tuple variant `Set` in this scope
   --> src\services\product_service.rs:244:25
    |
244 |             created_at: Set(Utc::now()),
    |                         ^^^ not found in this scope
    |
help: consider importing this tuple variant
    |
1   + use sea_orm::Set;
    |

error[E0433]: failed to resolve: use of undeclared type `Utc`
   --> src\services\product_service.rs:244:29
    |
244 |             created_at: Set(Utc::now()),
    |                             ^^^ use of undeclared type `Utc`
    |
help: consider importing this struct
    |
1   + use chrono::Utc;
    |

error[E0425]: cannot find function, tuple struct or tuple variant `Set` in this scope
   --> src\services\product_service.rs:245:25
    |
245 |             updated_at: Set(Utc::now()),
    |                         ^^^ not found in this scope
    |
help: consider importing this tuple variant
    |
1   + use sea_orm::Set;
    |

error[E0433]: failed to resolve: use of undeclared type `Utc`
   --> src\services\product_service.rs:245:29
    |
245 |             updated_at: Set(Utc::now()),
    |                             ^^^ use of undeclared type `Utc`
    |
help: consider importing this struct
    |
1   + use chrono::Utc;
    |

error[E0425]: cannot find function, tuple struct or tuple variant `Set` in this scope
   --> src\services\product_service.rs:294:32
    |
294 |             color.color_name = Set(cn);
    |                                ^^^ not found in this scope
    |
help: consider importing this tuple variant
    |
1   + use sea_orm::Set;
    |

error[E0425]: cannot find function, tuple struct or tuple variant `Set` in this scope
   --> src\services\product_service.rs:297:34
    |
297 |             color.pantone_code = Set(Some(pc));
    |                                  ^^^ not found in this scope
    |
help: consider importing this tuple variant
    |
1   + use sea_orm::Set;
    |

error[E0425]: cannot find function, tuple struct or tuple variant `Set` in this scope
   --> src\services\product_service.rs:300:32
    |
300 |             color.color_type = Set(ct);
    |                                ^^^ not found in this scope
    |
help: consider importing this tuple variant
    |
1   + use sea_orm::Set;
    |

error[E0425]: cannot find function, tuple struct or tuple variant `Set` in this scope
   --> src\services\product_service.rs:303:33
    |
303 |             color.dye_formula = Set(Some(df));
    |                                 ^^^ not found in this scope
    |
help: consider importing this tuple variant
    |
1   + use sea_orm::Set;
    |

error[E0425]: cannot find function, tuple struct or tuple variant `Set` in this scope
   --> src\services\product_service.rs:306:32
    |
306 |             color.extra_cost = Set(Decimal::from_f64_retain(ec).unwrap_or(Decimal::ZERO));
    |                                ^^^ not found in this scope
    |
help: consider importing this tuple variant
    |
1   + use sea_orm::Set;
    |

error[E0425]: cannot find function, tuple struct or tuple variant `Set` in this scope
   --> src\services\product_service.rs:309:31
    |
309 |             color.is_active = Set(active);
    |                               ^^^ not found in this scope
    |
help: consider importing this tuple variant
    |
1   + use sea_orm::Set;
    |

error[E0425]: cannot find function, tuple struct or tuple variant `Set` in this scope
   --> src\services\product_service.rs:312:28
    |
312 |         color.updated_at = Set(Utc::now());
    |                            ^^^ not found in this scope
    |
help: consider importing this tuple variant
    |
1   + use sea_orm::Set;
    |

error[E0433]: failed to resolve: use of undeclared type `Utc`
   --> src\services\product_service.rs:312:32
    |
312 |         color.updated_at = Set(Utc::now());
    |                                ^^^ use of undeclared type `Utc`
    |
help: consider importing this struct
    |
1   + use chrono::Utc;
    |

error[E0425]: cannot find function, tuple struct or tuple variant `Set` in this scope
  --> src\services\product_category_service.rs:77:19
   |
77 |             name: Set(name),
   |                   ^^^ not found in this scope
   |
help: consider importing this tuple variant
   |
1  + use sea_orm::Set;
   |

error[E0425]: cannot find function, tuple struct or tuple variant `Set` in this scope
  --> src\services\product_category_service.rs:78:24
   |
78 |             parent_id: Set(parent_id),
   |                        ^^^ not found in this scope
   |
help: consider importing this tuple variant
   |
1  + use sea_orm::Set;
   |

error[E0425]: cannot find function, tuple struct or tuple variant `Set` in this scope
  --> src\services\product_category_service.rs:79:26
   |
79 |             description: Set(description),
   |                          ^^^ not found in this scope
   |
help: consider importing this tuple variant
   |
1  + use sea_orm::Set;
   |

error[E0425]: cannot find function, tuple struct or tuple variant `Set` in this scope
  --> src\services\product_category_service.rs:80:25
   |
80 |             created_at: Set(Utc::now()),
   |                         ^^^ not found in this scope
   |
help: consider importing this tuple variant
   |
1  + use sea_orm::Set;
   |

error[E0433]: failed to resolve: use of undeclared type `Utc`
  --> src\services\product_category_service.rs:80:29
   |
80 |             created_at: Set(Utc::now()),
   |                             ^^^ use of undeclared type `Utc`
   |
help: consider importing this struct
   |
1  + use chrono::Utc;
   |

error[E0425]: cannot find function, tuple struct or tuple variant `Set` in this scope
  --> src\services\product_category_service.rs:81:25
   |
81 |             updated_at: Set(Utc::now()),
   |                         ^^^ not found in this scope
   |
help: consider importing this tuple variant
   |
1  + use sea_orm::Set;
   |

error[E0433]: failed to resolve: use of undeclared type `Utc`
  --> src\services\product_category_service.rs:81:29
   |
81 |             updated_at: Set(Utc::now()),
   |                             ^^^ use of undeclared type `Utc`
   |
help: consider importing this struct
   |
1  + use chrono::Utc;
   |

error[E0425]: cannot find function, tuple struct or tuple variant `Set` in this scope
   --> src\services\product_category_service.rs:113:29
    |
113 |             category.name = Set(n);
    |                             ^^^ not found in this scope
    |
help: consider importing this tuple variant
    |
1   + use sea_orm::Set;
    |

error[E0425]: cannot find function, tuple struct or tuple variant `Set` in this scope
   --> src\services\product_category_service.rs:122:34
    |
122 |             category.parent_id = Set(Some(pid));
    |                                  ^^^ not found in this scope
    |
help: consider importing this tuple variant
    |
1   + use sea_orm::Set;
    |

error[E0425]: cannot find function, tuple struct or tuple variant `Set` in this scope
   --> src\services\product_category_service.rs:126:36
    |
126 |             category.description = Set(Some(d));
    |                                    ^^^ not found in this scope
    |
help: consider importing this tuple variant
    |
1   + use sea_orm::Set;
    |

error[E0425]: cannot find function, tuple struct or tuple variant `Set` in this scope
   --> src\services\product_category_service.rs:129:31
    |
129 |         category.updated_at = Set(Utc::now());
    |                               ^^^ not found in this scope
    |
help: consider importing this tuple variant
    |
1   + use sea_orm::Set;
    |

error[E0433]: failed to resolve: use of undeclared type `Utc`
   --> src\services\product_category_service.rs:129:35
    |
129 |         category.updated_at = Set(Utc::now());
    |                                   ^^^ use of undeclared type `Utc`
    |
help: consider importing this struct
    |
1   + use chrono::Utc;
    |

error[E0425]: cannot find function, tuple struct or tuple variant `Set` in this scope
  --> src\services\warehouse_service.rs:74:19
   |
74 |             name: Set(name),
   |                   ^^^ not found in this scope
   |
help: consider importing this tuple variant
   |
1  + use sea_orm::Set;
   |

error[E0425]: cannot find function, tuple struct or tuple variant `Set` in this scope
  --> src\services\warehouse_service.rs:75:19
   |
75 |             code: Set(code),
   |                   ^^^ not found in this scope
   |
help: consider importing this tuple variant
   |
1  + use sea_orm::Set;
   |

error[E0425]: cannot find function, tuple struct or tuple variant `Set` in this scope
  --> src\services\warehouse_service.rs:76:22
   |
76 |             address: Set(address),
   |                      ^^^ not found in this scope
   |
help: consider importing this tuple variant
   |
1  + use sea_orm::Set;
   |

error[E0425]: cannot find function, tuple struct or tuple variant `Set` in this scope
  --> src\services\warehouse_service.rs:77:22
   |
77 |             manager: Set(manager),
   |                      ^^^ not found in this scope
   |
help: consider importing this tuple variant
   |
1  + use sea_orm::Set;
   |

error[E0425]: cannot find function, tuple struct or tuple variant `Set` in this scope
  --> src\services\warehouse_service.rs:78:20
   |
78 |             phone: Set(phone),
   |                    ^^^ not found in this scope
   |
help: consider importing this tuple variant
   |
1  + use sea_orm::Set;
   |

error[E0425]: cannot find function, tuple struct or tuple variant `Set` in this scope
  --> src\services\warehouse_service.rs:79:23
   |
79 |             capacity: Set(capacity),
   |                       ^^^ not found in this scope
   |
help: consider importing this tuple variant
   |
1  + use sea_orm::Set;
   |

error[E0425]: cannot find function, tuple struct or tuple variant `Set` in this scope
  --> src\services\warehouse_service.rs:80:21
   |
80 |             status: Set(status),
   |                     ^^^ not found in this scope
   |
help: consider importing this tuple variant
   |
1  + use sea_orm::Set;
   |

error[E0425]: cannot find function, tuple struct or tuple variant `Set` in this scope
  --> src\services\warehouse_service.rs:81:25
   |
81 |             created_at: Set(Utc::now()),
   |                         ^^^ not found in this scope
   |
help: consider importing this tuple variant
   |
1  + use sea_orm::Set;
   |

error[E0433]: failed to resolve: use of undeclared type `Utc`
  --> src\services\warehouse_service.rs:81:29
   |
81 |             created_at: Set(Utc::now()),
   |                             ^^^ use of undeclared type `Utc`
   |
help: consider importing this struct
   |
1  + use chrono::Utc;
   |

error[E0425]: cannot find function, tuple struct or tuple variant `Set` in this scope
  --> src\services\warehouse_service.rs:82:25
   |
82 |             updated_at: Set(Utc::now()),
   |                         ^^^ not found in this scope
   |
help: consider importing this tuple variant
   |
1  + use sea_orm::Set;
   |

error[E0433]: failed to resolve: use of undeclared type `Utc`
  --> src\services\warehouse_service.rs:82:29
   |
82 |             updated_at: Set(Utc::now()),
   |                             ^^^ use of undeclared type `Utc`
   |
help: consider importing this struct
   |
1  + use chrono::Utc;
   |

error[E0425]: cannot find function, tuple struct or tuple variant `Set` in this scope
   --> src\services\warehouse_service.rs:108:23
    |
108 |             wh.name = Set(n);
    |                       ^^^ not found in this scope
    |
help: consider importing this tuple variant
    |
1   + use sea_orm::Set;
    |

error[E0425]: cannot find function, tuple struct or tuple variant `Set` in this scope
   --> src\services\warehouse_service.rs:111:26
    |
111 |             wh.address = Set(Some(a));
    |                          ^^^ not found in this scope
    |
help: consider importing this tuple variant
    |
1   + use sea_orm::Set;
    |

error[E0425]: cannot find function, tuple struct or tuple variant `Set` in this scope
   --> src\services\warehouse_service.rs:114:26
    |
114 |             wh.manager = Set(Some(m));
    |                          ^^^ not found in this scope
    |
help: consider importing this tuple variant
    |
1   + use sea_orm::Set;
    |

error[E0425]: cannot find function, tuple struct or tuple variant `Set` in this scope
   --> src\services\warehouse_service.rs:117:24
    |
117 |             wh.phone = Set(Some(p));
    |                        ^^^ not found in this scope
    |
help: consider importing this tuple variant
    |
1   + use sea_orm::Set;
    |

error[E0425]: cannot find function, tuple struct or tuple variant `Set` in this scope
   --> src\services\warehouse_service.rs:120:27
    |
120 |             wh.capacity = Set(Some(c));
    |                           ^^^ not found in this scope
    |
help: consider importing this tuple variant
    |
1   + use sea_orm::Set;
    |

error[E0425]: cannot find function, tuple struct or tuple variant `Set` in this scope
   --> src\services\warehouse_service.rs:123:25
    |
123 |             wh.status = Set(s);
    |                         ^^^ not found in this scope
    |
help: consider importing this tuple variant
    |
1   + use sea_orm::Set;
    |

error[E0425]: cannot find function, tuple struct or tuple variant `Set` in this scope
   --> src\services\warehouse_service.rs:126:25
    |
126 |         wh.updated_at = Set(Utc::now());
    |                         ^^^ not found in this scope
    |
help: consider importing this tuple variant
    |
1   + use sea_orm::Set;
    |

error[E0433]: failed to resolve: use of undeclared type `Utc`
   --> src\services\warehouse_service.rs:126:29
    |
126 |         wh.updated_at = Set(Utc::now());
    |                             ^^^ use of undeclared type `Utc`
    |
help: consider importing this struct
    |
1   + use chrono::Utc;
    |

error[E0425]: cannot find function, tuple struct or tuple variant `Set` in this scope
  --> src\services\department_service.rs:89:19
   |
89 |             name: Set(name),
   |                   ^^^ not found in this scope
   |
help: consider importing this tuple variant
   |
1  + use sea_orm::Set;
   |

error[E0425]: cannot find function, tuple struct or tuple variant `Set` in this scope
  --> src\services\department_service.rs:90:26
   |
90 |             description: Set(description),
   |                          ^^^ not found in this scope
   |
help: consider importing this tuple variant
   |
1  + use sea_orm::Set;
   |

error[E0425]: cannot find function, tuple struct or tuple variant `Set` in this scope
  --> src\services\department_service.rs:91:24
   |
91 |             parent_id: Set(parent_id),
   |                        ^^^ not found in this scope
   |
help: consider importing this tuple variant
   |
1  + use sea_orm::Set;
   |

error[E0425]: cannot find function, tuple struct or tuple variant `Set` in this scope
  --> src\services\department_service.rs:92:25
   |
92 |             created_at: Set(Utc::now()),
   |                         ^^^ not found in this scope
   |
help: consider importing this tuple variant
   |
1  + use sea_orm::Set;
   |

error[E0433]: failed to resolve: use of undeclared type `Utc`
  --> src\services\department_service.rs:92:29
   |
92 |             created_at: Set(Utc::now()),
   |                             ^^^ use of undeclared type `Utc`
   |
help: consider importing this struct
   |
1  + use chrono::Utc;
   |

error[E0425]: cannot find function, tuple struct or tuple variant `Set` in this scope
  --> src\services\department_service.rs:93:25
   |
93 |             updated_at: Set(Utc::now()),
   |                         ^^^ not found in this scope
   |
help: consider importing this tuple variant
   |
1  + use sea_orm::Set;
   |

error[E0433]: failed to resolve: use of undeclared type `Utc`
  --> src\services\department_service.rs:93:29
   |
93 |             updated_at: Set(Utc::now()),
   |                             ^^^ use of undeclared type `Utc`
   |
help: consider importing this struct
   |
1  + use chrono::Utc;
   |

error[E0425]: cannot find function, tuple struct or tuple variant `Set` in this scope
   --> src\services\department_service.rs:125:25
    |
125 |             dept.name = Set(n);
    |                         ^^^ not found in this scope
    |
help: consider importing this tuple variant
    |
1   + use sea_orm::Set;
    |

error[E0425]: cannot find function, tuple struct or tuple variant `Set` in this scope
   --> src\services\department_service.rs:129:32
    |
129 |             dept.description = Set(Some(d));
    |                                ^^^ not found in this scope
    |
help: consider importing this tuple variant
    |
1   + use sea_orm::Set;
    |

error[E0425]: cannot find function, tuple struct or tuple variant `Set` in this scope
   --> src\services\department_service.rs:138:30
    |
138 |             dept.parent_id = Set(Some(pid));
    |                              ^^^ not found in this scope
    |
help: consider importing this tuple variant
    |
1   + use sea_orm::Set;
    |

error[E0425]: cannot find function, tuple struct or tuple variant `Set` in this scope
   --> src\services\department_service.rs:141:27
    |
141 |         dept.updated_at = Set(Utc::now());
    |                           ^^^ not found in this scope
    |
help: consider importing this tuple variant
    |
1   + use sea_orm::Set;
    |

error[E0433]: failed to resolve: use of undeclared type `Utc`
   --> src\services\department_service.rs:141:31
    |
141 |         dept.updated_at = Set(Utc::now());
    |                               ^^^ use of undeclared type `Utc`
    |
help: consider importing this struct
    |
1   + use chrono::Utc;
    |

error[E0412]: cannot find type `CreateSalesOrderItemRequest` in this scope
   --> src\services\sales_service.rs:528:18
    |
64  | pub struct CreateSalesOrderRequest {
    | ---------------------------------- similarly named struct `CreateSalesOrderRequest` defined here
...
528 |         items: &[CreateSalesOrderItemRequest],
    |                  ^^^^^^^^^^^^^^^^^^^^^^^^^^^ help: a struct with a similar name exists: `CreateSalesOrderRequest`

error[E0412]: cannot find type `CreateSalesOrderItemRequest` in this scope
   --> src\services\sales_service.rs:564:18
    |
64  | pub struct CreateSalesOrderRequest {
    | ---------------------------------- similarly named struct `CreateSalesOrderRequest` defined here
...
564 |         items: &[CreateSalesOrderItemRequest],
    |                  ^^^^^^^^^^^^^^^^^^^^^^^^^^^ help: a struct with a similar name exists: `CreateSalesOrderRequest`

error[E0412]: cannot find type `CreateSalesOrderItemRequest` in this scope
   --> src\services\sales_service.rs:683:24
    |
64  | pub struct CreateSalesOrderRequest {
    | ---------------------------------- similarly named struct `CreateSalesOrderRequest` defined here
...
683 |         let items: Vec<CreateSalesOrderItemRequest> = order_detail.items.iter().map(|item| {
    |                        ^^^^^^^^^^^^^^^^^^^^^^^^^^^
    |
help: a struct with a similar name exists
    |
683 |         let items: Vec<CreateSalesOrderRequest> = order_detail.items.iter().map(|item| {
    |                        ~~~~~~~~~~~~~~~~~~~~~~~
help: you might be missing a type parameter
    |
100 | impl<CreateSalesOrderItemRequest> SalesService {
    |     +++++++++++++++++++++++++++++

error[E0422]: cannot find struct, variant or union type `CreateSalesOrderItemRequest` in this scope
   --> src\services\sales_service.rs:684:13
    |
64  | pub struct CreateSalesOrderRequest {
    | ---------------------------------- similarly named struct `CreateSalesOrderRequest` defined here
...
684 |             CreateSalesOrderItemRequest {
    |             ^^^^^^^^^^^^^^^^^^^^^^^^^^^ help: a struct with a similar name exists: `CreateSalesOrderRequest`

error[E0412]: cannot find type `InventorySummaryItem` in this scope
   --> src\services\inventory_stock_service.rs:387:17
    |
387 | ) -> Result<Vec<InventorySummaryItem>, sea_orm::DbErr> {
    |                 ^^^^^^^^^^^^^^^^^^^^ not found in this scope
    |
help: consider importing this struct
    |
1   + use crate::handlers::inventory_stock_handler::InventorySummaryItem;
    |

error[E0422]: cannot find struct, variant or union type `InventorySummaryItem` in this scope
   --> src\services\inventory_stock_service.rs:438:9
    |
438 |         InventorySummaryItem {
    |         ^^^^^^^^^^^^^^^^^^^^ not found in this scope
    |
help: consider importing this struct
    |
1   + use crate::handlers::inventory_stock_handler::InventorySummaryItem;
    |

error[E0425]: cannot find value `items` in this scope
   --> src\services\inventory_count_service.rs:279:67
    |
279 |         count_update.counted_items = sea_orm::ActiveValue::Set(if items.is_some() { total_items } else { 0 });
    |                                                                   ^^^^^ not found in this scope

error[E0404]: expected trait, found struct `sea_orm::query::SelectTwoMany`
  --> src\services\five_dimension_query_service.rs:22:12
   |
22 |         E: sea_orm::query::SelectTwoMany<inventory_stock::Entity>,
   |            ^^^^^^^^^^^^^^^^^^^^^^^^^^^^^^^^^^^^^^^^^^^^^^^^^^^^^^ not a trait

error[E0405]: cannot find trait `SelectorTrait` in module `sea_orm::query`
  --> src\services\five_dimension_query_service.rs:20:31
   |
20 |     ) -> impl sea_orm::query::SelectorTrait<Select = E::Select>
   |                               ^^^^^^^^^^^^^ not found in `sea_orm::query`
   |
help: consider importing this trait
   |
1  + use sea_orm::SelectorTrait;
   |
help: if you import `SelectorTrait`, refer to it directly
   |
20 -     ) -> impl sea_orm::query::SelectorTrait<Select = E::Select>
20 +     ) -> impl SelectorTrait<Select = E::Select>
   |

error[E0404]: expected trait, found struct `sea_orm::query::SelectTwoMany`
  --> src\services\five_dimension_query_service.rs:46:12
   |
46 |         E: sea_orm::query::SelectTwoMany<inventory_stock::Entity>,
   |            ^^^^^^^^^^^^^^^^^^^^^^^^^^^^^^^^^^^^^^^^^^^^^^^^^^^^^^ not a trait

error[E0404]: expected trait, found struct `sea_orm::query::SelectTwoMany`
  --> src\services\five_dimension_query_service.rs:79:12
   |
79 |         E: sea_orm::query::SelectTwoMany<inventory_transaction::Entity>,
   |            ^^^^^^^^^^^^^^^^^^^^^^^^^^^^^^^^^^^^^^^^^^^^^^^^^^^^^^^^^^^^ not a trait

error[E0405]: cannot find trait `SelectorTrait` in module `sea_orm::query`
  --> src\services\five_dimension_query_service.rs:77:31
   |
77 |     ) -> impl sea_orm::query::SelectorTrait<Select = E::Select>
   |                               ^^^^^^^^^^^^^ not found in `sea_orm::query`
   |
help: consider importing this trait
   |
1  + use sea_orm::SelectorTrait;
   |
help: if you import `SelectorTrait`, refer to it directly
   |
77 -     ) -> impl sea_orm::query::SelectorTrait<Select = E::Select>
77 +     ) -> impl SelectorTrait<Select = E::Select>
   |

error[E0404]: expected trait, found struct `sea_orm::query::SelectTwoMany`
  --> src\services\five_dimension_query_service.rs:99:12
   |
99 |         E: sea_orm::query::SelectTwoMany<purchase_receipt_item::Entity>,
   |            ^^^^^^^^^^^^^^^^^^^^^^^^^^^^^^^^^^^^^^^^^^^^^^^^^^^^^^^^^^^^ not a trait

error[E0405]: cannot find trait `SelectorTrait` in module `sea_orm::query`
  --> src\services\five_dimension_query_service.rs:97:31
   |
97 |     ) -> impl sea_orm::query::SelectorTrait<Select = E::Select>
   |                               ^^^^^^^^^^^^^ not found in `sea_orm::query`
   |
help: consider importing this trait
   |
1  + use sea_orm::SelectorTrait;
   |
help: if you import `SelectorTrait`, refer to it directly
   |
97 -     ) -> impl sea_orm::query::SelectorTrait<Select = E::Select>
97 +     ) -> impl SelectorTrait<Select = E::Select>
   |

error[E0404]: expected trait, found struct `sea_orm::query::SelectTwoMany`
   --> src\services\five_dimension_query_service.rs:119:12
    |
119 |         E: sea_orm::query::SelectTwoMany<sales_delivery_item::Entity>,
    |            ^^^^^^^^^^^^^^^^^^^^^^^^^^^^^^^^^^^^^^^^^^^^^^^^^^^^^^^^^^ not a trait

error[E0405]: cannot find trait `SelectorTrait` in module `sea_orm::query`
   --> src\services\five_dimension_query_service.rs:117:31
    |
117 |     ) -> impl sea_orm::query::SelectorTrait<Select = E::Select>
    |                               ^^^^^^^^^^^^^ not found in `sea_orm::query`
    |
help: consider importing this trait
    |
1   + use sea_orm::SelectorTrait;
    |
help: if you import `SelectorTrait`, refer to it directly
    |
117 -     ) -> impl sea_orm::query::SelectorTrait<Select = E::Select>
117 +     ) -> impl SelectorTrait<Select = E::Select>
    |

error[E0425]: cannot find function, tuple struct or tuple variant `Set` in this scope
  --> src\services\supplier_service.rs:49:28
   |
49 |             supplier_code: Set(supplier_code),
   |                            ^^^ not found in this scope
   |
help: consider importing this tuple variant
   |
1  + use sea_orm::Set;
   |

error[E0425]: cannot find function, tuple struct or tuple variant `Set` in this scope
  --> src\services\supplier_service.rs:50:28
   |
50 |             supplier_name: Set(req.supplier_name),
   |                            ^^^ not found in this scope
   |
help: consider importing this tuple variant
   |
1  + use sea_orm::Set;
   |

error[E0425]: cannot find function, tuple struct or tuple variant `Set` in this scope
  --> src\services\supplier_service.rs:51:34
   |
51 |             supplier_short_name: Set(req.supplier_short_name),
   |                                  ^^^ not found in this scope
   |
help: consider importing this tuple variant
   |
1  + use sea_orm::Set;
   |

error[E0425]: cannot find function, tuple struct or tuple variant `Set` in this scope
  --> src\services\supplier_service.rs:52:28
   |
52 |             supplier_type: Set(req.supplier_type),
   |                            ^^^ not found in this scope
   |
help: consider importing this tuple variant
   |
1  + use sea_orm::Set;
   |

error[E0425]: cannot find function, tuple struct or tuple variant `Set` in this scope
  --> src\services\supplier_service.rs:53:26
   |
53 |             credit_code: Set(req.credit_code),
   |                          ^^^ not found in this scope
   |
help: consider importing this tuple variant
   |
1  + use sea_orm::Set;
   |

error[E0425]: cannot find function, tuple struct or tuple variant `Set` in this scope
  --> src\services\supplier_service.rs:54:33
   |
54 |             registered_address: Set(req.registered_address),
   |                                 ^^^ not found in this scope
   |
help: consider importing this tuple variant
   |
1  + use sea_orm::Set;
   |

error[E0425]: cannot find function, tuple struct or tuple variant `Set` in this scope
  --> src\services\supplier_service.rs:55:31
   |
55 |             business_address: Set(req.business_address),
   |                               ^^^ not found in this scope
   |
help: consider importing this tuple variant
   |
1  + use sea_orm::Set;
   |

error[E0425]: cannot find function, tuple struct or tuple variant `Set` in this scope
  --> src\services\supplier_service.rs:56:35
   |
56 |             legal_representative: Set(req.legal_representative),
   |                                   ^^^ not found in this scope
   |
help: consider importing this tuple variant
   |
1  + use sea_orm::Set;
   |

error[E0425]: cannot find function, tuple struct or tuple variant `Set` in this scope
  --> src\services\supplier_service.rs:57:33
   |
57 |             registered_capital: Set(req.registered_capital),
   |                                 ^^^ not found in this scope
   |
help: consider importing this tuple variant
   |
1  + use sea_orm::Set;
   |

error[E0425]: cannot find function, tuple struct or tuple variant `Set` in this scope
  --> src\services\supplier_service.rs:58:33
   |
58 |             establishment_date: Set(req.establishment_date),
   |                                 ^^^ not found in this scope
   |
help: consider importing this tuple variant
   |
1  + use sea_orm::Set;
   |

error[E0425]: cannot find function, tuple struct or tuple variant `Set` in this scope
  --> src\services\supplier_service.rs:59:28
   |
59 |             business_term: Set(req.business_term),
   |                            ^^^ not found in this scope
   |
help: consider importing this tuple variant
   |
1  + use sea_orm::Set;
   |

error[E0425]: cannot find function, tuple struct or tuple variant `Set` in this scope
  --> src\services\supplier_service.rs:60:29
   |
60 |             business_scope: Set(req.business_scope),
   |                             ^^^ not found in this scope
   |
help: consider importing this tuple variant
   |
1  + use sea_orm::Set;
   |

error[E0425]: cannot find function, tuple struct or tuple variant `Set` in this scope
  --> src\services\supplier_service.rs:61:28
   |
61 |             taxpayer_type: Set(req.taxpayer_type),
   |                            ^^^ not found in this scope
   |
help: consider importing this tuple variant
   |
1  + use sea_orm::Set;
   |

error[E0425]: cannot find function, tuple struct or tuple variant `Set` in this scope
  --> src\services\supplier_service.rs:62:24
   |
62 |             bank_name: Set(req.bank_name),
   |                        ^^^ not found in this scope
   |
help: consider importing this tuple variant
   |
1  + use sea_orm::Set;
   |

error[E0425]: cannot find function, tuple struct or tuple variant `Set` in this scope
  --> src\services\supplier_service.rs:63:27
   |
63 |             bank_account: Set(req.bank_account),
   |                           ^^^ not found in this scope
   |
help: consider importing this tuple variant
   |
1  + use sea_orm::Set;
   |

error[E0425]: cannot find function, tuple struct or tuple variant `Set` in this scope
  --> src\services\supplier_service.rs:64:28
   |
64 |             contact_phone: Set(req.contact_phone),
   |                            ^^^ not found in this scope
   |
help: consider importing this tuple variant
   |
1  + use sea_orm::Set;
   |

error[E0425]: cannot find function, tuple struct or tuple variant `Set` in this scope
  --> src\services\supplier_service.rs:65:18
   |
65 |             fax: Set(req.fax),
   |                  ^^^ not found in this scope
   |
help: consider importing this tuple variant
   |
1  + use sea_orm::Set;
   |

error[E0425]: cannot find function, tuple struct or tuple variant `Set` in this scope
  --> src\services\supplier_service.rs:66:22
   |
66 |             website: Set(req.website),
   |                      ^^^ not found in this scope
   |
help: consider importing this tuple variant
   |
1  + use sea_orm::Set;
   |

error[E0425]: cannot find function, tuple struct or tuple variant `Set` in this scope
  --> src\services\supplier_service.rs:67:20
   |
67 |             email: Set(req.email),
   |                    ^^^ not found in this scope
   |
help: consider importing this tuple variant
   |
1  + use sea_orm::Set;
   |

error[E0425]: cannot find function, tuple struct or tuple variant `Set` in this scope
  --> src\services\supplier_service.rs:68:28
   |
68 |             main_business: Set(req.main_business),
   |                            ^^^ not found in this scope
   |
help: consider importing this tuple variant
   |
1  + use sea_orm::Set;
   |

error[E0425]: cannot find function, tuple struct or tuple variant `Set` in this scope
  --> src\services\supplier_service.rs:69:26
   |
69 |             main_market: Set(req.main_market),
   |                          ^^^ not found in this scope
   |
help: consider importing this tuple variant
   |
1  + use sea_orm::Set;
   |

error[E0425]: cannot find function, tuple struct or tuple variant `Set` in this scope
  --> src\services\supplier_service.rs:70:29
   |
70 |             employee_count: Set(req.employee_count),
   |                             ^^^ not found in this scope
   |
help: consider importing this tuple variant
   |
1  + use sea_orm::Set;
   |

error[E0425]: cannot find function, tuple struct or tuple variant `Set` in this scope
  --> src\services\supplier_service.rs:71:29
   |
71 |             annual_revenue: Set(req.annual_revenue),
   |                             ^^^ not found in this scope
   |
help: consider importing this tuple variant
   |
1  + use sea_orm::Set;
   |

error[E0425]: cannot find function, tuple struct or tuple variant `Set` in this scope
  --> src\services\supplier_service.rs:72:25
   |
72 |             created_by: Set(Some(user_id)),
   |                         ^^^ not found in this scope
   |
help: consider importing this tuple variant
   |
1  + use sea_orm::Set;
   |

error[E0425]: cannot find function, tuple struct or tuple variant `Set` in this scope
  --> src\services\supplier_service.rs:79:30
   |
79 |                 supplier_id: Set(supplier.id),
   |                              ^^^ not found in this scope
   |
help: consider importing this tuple variant
   |
1  + use sea_orm::Set;
   |

error[E0425]: cannot find function, tuple struct or tuple variant `Set` in this scope
  --> src\services\supplier_service.rs:80:31
   |
80 |                 contact_name: Set(contact_req.contact_name),
   |                               ^^^ not found in this scope
   |
help: consider importing this tuple variant
   |
1  + use sea_orm::Set;
   |

error[E0425]: cannot find function, tuple struct or tuple variant `Set` in this scope
  --> src\services\supplier_service.rs:81:29
   |
81 |                 department: Set(contact_req.department),
   |                             ^^^ not found in this scope
   |
help: consider importing this tuple variant
   |
1  + use sea_orm::Set;
   |

error[E0425]: cannot find function, tuple struct or tuple variant `Set` in this scope
  --> src\services\supplier_service.rs:82:27
   |
82 |                 position: Set(contact_req.position),
   |                           ^^^ not found in this scope
   |
help: consider importing this tuple variant
   |
1  + use sea_orm::Set;
   |

error[E0425]: cannot find function, tuple struct or tuple variant `Set` in this scope
  --> src\services\supplier_service.rs:83:31
   |
83 |                 mobile_phone: Set(contact_req.mobile_phone),
   |                               ^^^ not found in this scope
   |
help: consider importing this tuple variant
   |
1  + use sea_orm::Set;
   |

error[E0425]: cannot find function, tuple struct or tuple variant `Set` in this scope
  --> src\services\supplier_service.rs:84:28
   |
84 |                 tel_phone: Set(contact_req.tel_phone),
   |                            ^^^ not found in this scope
   |
help: consider importing this tuple variant
   |
1  + use sea_orm::Set;
   |

error[E0425]: cannot find function, tuple struct or tuple variant `Set` in this scope
  --> src\services\supplier_service.rs:85:24
   |
85 |                 email: Set(contact_req.email),
   |                        ^^^ not found in this scope
   |
help: consider importing this tuple variant
   |
1  + use sea_orm::Set;
   |

error[E0425]: cannot find function, tuple struct or tuple variant `Set` in this scope
  --> src\services\supplier_service.rs:86:25
   |
86 |                 wechat: Set(contact_req.wechat),
   |                         ^^^ not found in this scope
   |
help: consider importing this tuple variant
   |
1  + use sea_orm::Set;
   |

error[E0425]: cannot find function, tuple struct or tuple variant `Set` in this scope
  --> src\services\supplier_service.rs:87:21
   |
87 |                 qq: Set(contact_req.qq),
   |                     ^^^ not found in this scope
   |
help: consider importing this tuple variant
   |
1  + use sea_orm::Set;
   |

error[E0425]: cannot find function, tuple struct or tuple variant `Set` in this scope
  --> src\services\supplier_service.rs:88:29
   |
88 |                 is_primary: Set(contact_req.is_primary),
   |                             ^^^ not found in this scope
   |
help: consider importing this tuple variant
   |
1  + use sea_orm::Set;
   |

error[E0425]: cannot find function, tuple struct or tuple variant `Set` in this scope
  --> src\services\supplier_service.rs:89:26
   |
89 |                 remarks: Set(contact_req.remarks),
   |                          ^^^ not found in this scope
   |
help: consider importing this tuple variant
   |
1  + use sea_orm::Set;
   |

error[E0425]: cannot find function, tuple struct or tuple variant `Set` in this scope
  --> src\services\supplier_service.rs:97:30
   |
97 |                 supplier_id: Set(supplier.id),
   |                              ^^^ not found in this scope
   |
help: consider importing this tuple variant
   |
1  + use sea_orm::Set;
   |

error[E0425]: cannot find function, tuple struct or tuple variant `Set` in this scope
  --> src\services\supplier_service.rs:98:37
   |
98 |                 qualification_name: Set(qual_req.qualification_name),
   |                                     ^^^ not found in this scope
   |
help: consider importing this tuple variant
   |
1  + use sea_orm::Set;
   |

error[E0425]: cannot find function, tuple struct or tuple variant `Set` in this scope
  --> src\services\supplier_service.rs:99:37
   |
99 |                 qualification_type: Set(qual_req.qualification_type),
   |                                     ^^^ not found in this scope
   |
help: consider importing this tuple variant
   |
1  + use sea_orm::Set;
   |

error[E0425]: cannot find function, tuple struct or tuple variant `Set` in this scope
   --> src\services\supplier_service.rs:100:35
    |
100 |                 qualification_no: Set(qual_req.qualification_no),
    |                                   ^^^ not found in this scope
    |
help: consider importing this tuple variant
    |
1   + use sea_orm::Set;
    |

error[E0425]: cannot find function, tuple struct or tuple variant `Set` in this scope
   --> src\services\supplier_service.rs:101:36
    |
101 |                 issuing_authority: Set(qual_req.issuing_authority),
    |                                    ^^^ not found in this scope
    |
help: consider importing this tuple variant
    |
1   + use sea_orm::Set;
    |

error[E0425]: cannot find function, tuple struct or tuple variant `Set` in this scope
   --> src\services\supplier_service.rs:102:29
    |
102 |                 issue_date: Set(qual_req.issue_date),
    |                             ^^^ not found in this scope
    |
help: consider importing this tuple variant
    |
1   + use sea_orm::Set;
    |

error[E0425]: cannot find function, tuple struct or tuple variant `Set` in this scope
   --> src\services\supplier_service.rs:103:30
    |
103 |                 valid_until: Set(qual_req.valid_until),
    |                              ^^^ not found in this scope
    |
help: consider importing this tuple variant
    |
1   + use sea_orm::Set;
    |

error[E0425]: cannot find function, tuple struct or tuple variant `Set` in this scope
   --> src\services\supplier_service.rs:104:34
    |
104 |                 attachment_path: Set(qual_req.attachment_path),
    |                                  ^^^ not found in this scope
    |
help: consider importing this tuple variant
    |
1   + use sea_orm::Set;
    |

error[E0425]: cannot find function, tuple struct or tuple variant `Set` in this scope
   --> src\services\supplier_service.rs:105:36
    |
105 |                 need_annual_check: Set(qual_req.need_annual_check),
    |                                    ^^^ not found in this scope
    |
help: consider importing this tuple variant
    |
1   + use sea_orm::Set;
    |

error[E0425]: cannot find function, tuple struct or tuple variant `Set` in this scope
   --> src\services\supplier_service.rs:106:38
    |
106 |                 annual_check_record: Set(qual_req.annual_check_record),
    |                                      ^^^ not found in this scope
    |
help: consider importing this tuple variant
    |
1   + use sea_orm::Set;
    |

error[E0425]: cannot find function, tuple struct or tuple variant `Set` in this scope
   --> src\services\supplier_service.rs:214:45
    |
214 |             supplier_active.supplier_name = Set(name);
    |                                             ^^^ not found in this scope
    |
help: consider importing this tuple variant
    |
1   + use sea_orm::Set;
    |

error[E0425]: cannot find function, tuple struct or tuple variant `Set` in this scope
   --> src\services\supplier_service.rs:217:51
    |
217 |             supplier_active.supplier_short_name = Set(short_name);
    |                                                   ^^^ not found in this scope
    |
help: consider importing this tuple variant
    |
1   + use sea_orm::Set;
    |

error[E0425]: cannot find function, tuple struct or tuple variant `Set` in this scope
   --> src\services\supplier_service.rs:220:45
    |
220 |             supplier_active.supplier_type = Set(supplier_type);
    |                                             ^^^ not found in this scope
    |
help: consider importing this tuple variant
    |
1   + use sea_orm::Set;
    |

error[E0425]: cannot find function, tuple struct or tuple variant `Set` in this scope
   --> src\services\supplier_service.rs:223:43
    |
223 |             supplier_active.credit_code = Set(credit_code);
    |                                           ^^^ not found in this scope
    |
help: consider importing this tuple variant
    |
1   + use sea_orm::Set;
    |

error[E0425]: cannot find function, tuple struct or tuple variant `Set` in this scope
   --> src\services\supplier_service.rs:226:50
    |
226 |             supplier_active.registered_address = Set(registered_address);
    |                                                  ^^^ not found in this scope
    |
help: consider importing this tuple variant
    |
1   + use sea_orm::Set;
    |

error[E0425]: cannot find function, tuple struct or tuple variant `Set` in this scope
   --> src\services\supplier_service.rs:229:48
    |
229 |             supplier_active.business_address = Set(business_address);
    |                                                ^^^ not found in this scope
    |
help: consider importing this tuple variant
    |
1   + use sea_orm::Set;
    |

error[E0425]: cannot find function, tuple struct or tuple variant `Set` in this scope
   --> src\services\supplier_service.rs:232:52
    |
232 |             supplier_active.legal_representative = Set(legal_representative);
    |                                                    ^^^ not found in this scope
    |
help: consider importing this tuple variant
    |
1   + use sea_orm::Set;
    |

error[E0425]: cannot find function, tuple struct or tuple variant `Set` in this scope
   --> src\services\supplier_service.rs:235:50
    |
235 |             supplier_active.registered_capital = Set(registered_capital);
    |                                                  ^^^ not found in this scope
    |
help: consider importing this tuple variant
    |
1   + use sea_orm::Set;
    |

error[E0425]: cannot find function, tuple struct or tuple variant `Set` in this scope
   --> src\services\supplier_service.rs:238:50
    |
238 |             supplier_active.establishment_date = Set(establishment_date);
    |                                                  ^^^ not found in this scope
    |
help: consider importing this tuple variant
    |
1   + use sea_orm::Set;
    |

error[E0425]: cannot find function, tuple struct or tuple variant `Set` in this scope
   --> src\services\supplier_service.rs:241:45
    |
241 |             supplier_active.business_term = Set(business_term);
    |                                             ^^^ not found in this scope
    |
help: consider importing this tuple variant
    |
1   + use sea_orm::Set;
    |

error[E0425]: cannot find function, tuple struct or tuple variant `Set` in this scope
   --> src\services\supplier_service.rs:244:46
    |
244 |             supplier_active.business_scope = Set(business_scope);
    |                                              ^^^ not found in this scope
    |
help: consider importing this tuple variant
    |
1   + use sea_orm::Set;
    |

error[E0425]: cannot find function, tuple struct or tuple variant `Set` in this scope
   --> src\services\supplier_service.rs:247:45
    |
247 |             supplier_active.taxpayer_type = Set(taxpayer_type);
    |                                             ^^^ not found in this scope
    |
help: consider importing this tuple variant
    |
1   + use sea_orm::Set;
    |

error[E0425]: cannot find function, tuple struct or tuple variant `Set` in this scope
   --> src\services\supplier_service.rs:250:41
    |
250 |             supplier_active.bank_name = Set(bank_name);
    |                                         ^^^ not found in this scope
    |
help: consider importing this tuple variant
    |
1   + use sea_orm::Set;
    |

error[E0425]: cannot find function, tuple struct or tuple variant `Set` in this scope
   --> src\services\supplier_service.rs:253:44
    |
253 |             supplier_active.bank_account = Set(bank_account);
    |                                            ^^^ not found in this scope
    |
help: consider importing this tuple variant
    |
1   + use sea_orm::Set;
    |

error[E0425]: cannot find function, tuple struct or tuple variant `Set` in this scope
   --> src\services\supplier_service.rs:256:45
    |
256 |             supplier_active.contact_phone = Set(contact_phone);
    |                                             ^^^ not found in this scope
    |
help: consider importing this tuple variant
    |
1   + use sea_orm::Set;
    |

error[E0425]: cannot find function, tuple struct or tuple variant `Set` in this scope
   --> src\services\supplier_service.rs:259:35
    |
259 |             supplier_active.fax = Set(fax);
    |                                   ^^^ not found in this scope
    |
help: consider importing this tuple variant
    |
1   + use sea_orm::Set;
    |

error[E0425]: cannot find function, tuple struct or tuple variant `Set` in this scope
   --> src\services\supplier_service.rs:262:39
    |
262 |             supplier_active.website = Set(website);
    |                                       ^^^ not found in this scope
    |
help: consider importing this tuple variant
    |
1   + use sea_orm::Set;
    |

error[E0425]: cannot find function, tuple struct or tuple variant `Set` in this scope
   --> src\services\supplier_service.rs:265:37
    |
265 |             supplier_active.email = Set(email);
    |                                     ^^^ not found in this scope
    |
help: consider importing this tuple variant
    |
1   + use sea_orm::Set;
    |

error[E0425]: cannot find function, tuple struct or tuple variant `Set` in this scope
   --> src\services\supplier_service.rs:268:45
    |
268 |             supplier_active.main_business = Set(main_business);
    |                                             ^^^ not found in this scope
    |
help: consider importing this tuple variant
    |
1   + use sea_orm::Set;
    |

error[E0425]: cannot find function, tuple struct or tuple variant `Set` in this scope
   --> src\services\supplier_service.rs:271:43
    |
271 |             supplier_active.main_market = Set(main_market);
    |                                           ^^^ not found in this scope
    |
help: consider importing this tuple variant
    |
1   + use sea_orm::Set;
    |

error[E0425]: cannot find function, tuple struct or tuple variant `Set` in this scope
   --> src\services\supplier_service.rs:274:46
    |
274 |             supplier_active.employee_count = Set(employee_count);
    |                                              ^^^ not found in this scope
    |
help: consider importing this tuple variant
    |
1   + use sea_orm::Set;
    |

error[E0425]: cannot find function, tuple struct or tuple variant `Set` in this scope
   --> src\services\supplier_service.rs:277:46
    |
277 |             supplier_active.annual_revenue = Set(annual_revenue);
    |                                              ^^^ not found in this scope
    |
help: consider importing this tuple variant
    |
1   + use sea_orm::Set;
    |

error[E0425]: cannot find function, tuple struct or tuple variant `Set` in this scope
   --> src\services\supplier_service.rs:280:37
    |
280 |             supplier_active.grade = Set(grade);
    |                                     ^^^ not found in this scope
    |
help: consider importing this tuple variant
    |
1   + use sea_orm::Set;
    |

error[E0425]: cannot find function, tuple struct or tuple variant `Set` in this scope
   --> src\services\supplier_service.rs:283:43
    |
283 |             supplier_active.grade_score = Set(grade_score);
    |                                           ^^^ not found in this scope
    |
help: consider importing this tuple variant
    |
1   + use sea_orm::Set;
    |

error[E0425]: cannot find function, tuple struct or tuple variant `Set` in this scope
   --> src\services\supplier_service.rs:286:38
    |
286 |             supplier_active.status = Set(status);
    |                                      ^^^ not found in this scope
    |
help: consider importing this tuple variant
    |
1   + use sea_orm::Set;
    |

error[E0425]: cannot find function, tuple struct or tuple variant `Set` in this scope
   --> src\services\supplier_service.rs:289:42
    |
289 |             supplier_active.is_enabled = Set(is_enabled);
    |                                          ^^^ not found in this scope
    |
help: consider importing this tuple variant
    |
1   + use sea_orm::Set;
    |

error[E0425]: cannot find function, tuple struct or tuple variant `Set` in this scope
   --> src\services\supplier_service.rs:292:39
    |
292 |             supplier_active.remarks = Set(remarks);
    |                                       ^^^ not found in this scope
    |
help: consider importing this tuple variant
    |
1   + use sea_orm::Set;
    |

error[E0425]: cannot find function, tuple struct or tuple variant `Set` in this scope
   --> src\services\supplier_service.rs:295:38
    |
295 |         supplier_active.updated_by = Set(Some(user_id));
    |                                      ^^^ not found in this scope
    |
help: consider importing this tuple variant
    |
1   + use sea_orm::Set;
    |

error[E0425]: cannot find function, tuple struct or tuple variant `Set` in this scope
   --> src\services\supplier_service.rs:296:38
    |
296 |         supplier_active.updated_at = Set(Utc::now().into());
    |                                      ^^^ not found in this scope
    |
help: consider importing this tuple variant
    |
1   + use sea_orm::Set;
    |

error[E0425]: cannot find function, tuple struct or tuple variant `Set` in this scope
   --> src\services\supplier_service.rs:332:38
    |
332 |         supplier_active.is_enabled = Set(enable);
    |                                      ^^^ not found in this scope
    |
help: consider importing this tuple variant
    |
1   + use sea_orm::Set;
    |

error[E0425]: cannot find function, tuple struct or tuple variant `Set` in this scope
   --> src\services\supplier_service.rs:333:34
    |
333 |         supplier_active.status = Set(if enable { "active".to_string() } else { "inactive".to_string() });
    |                                  ^^^ not found in this scope
    |
help: consider importing this tuple variant
    |
1   + use sea_orm::Set;
    |

error[E0425]: cannot find function, tuple struct or tuple variant `Set` in this scope
   --> src\services\supplier_service.rs:334:38
    |
334 |         supplier_active.updated_by = Set(Some(user_id));
    |                                      ^^^ not found in this scope
    |
help: consider importing this tuple variant
    |
1   + use sea_orm::Set;
    |

error[E0425]: cannot find function, tuple struct or tuple variant `Set` in this scope
   --> src\services\supplier_service.rs:335:38
    |
335 |         supplier_active.updated_at = Set(Utc::now().into());
    |                                      ^^^ not found in this scope
    |
help: consider importing this tuple variant
    |
1   + use sea_orm::Set;
    |

error[E0425]: cannot find function, tuple struct or tuple variant `Set` in this scope
   --> src\services\supplier_service.rs:370:26
    |
370 |             supplier_id: Set(supplier_id),
    |                          ^^^ not found in this scope
    |
help: consider importing this tuple variant
    |
1   + use sea_orm::Set;
    |

error[E0425]: cannot find function, tuple struct or tuple variant `Set` in this scope
   --> src\services\supplier_service.rs:371:27
    |
371 |             contact_name: Set(req.contact_name),
    |                           ^^^ not found in this scope
    |
help: consider importing this tuple variant
    |
1   + use sea_orm::Set;
    |

error[E0425]: cannot find function, tuple struct or tuple variant `Set` in this scope
   --> src\services\supplier_service.rs:372:25
    |
372 |             department: Set(req.department),
    |                         ^^^ not found in this scope
    |
help: consider importing this tuple variant
    |
1   + use sea_orm::Set;
    |

error[E0425]: cannot find function, tuple struct or tuple variant `Set` in this scope
   --> src\services\supplier_service.rs:373:23
    |
373 |             position: Set(req.position),
    |                       ^^^ not found in this scope
    |
help: consider importing this tuple variant
    |
1   + use sea_orm::Set;
    |

error[E0425]: cannot find function, tuple struct or tuple variant `Set` in this scope
   --> src\services\supplier_service.rs:374:27
    |
374 |             mobile_phone: Set(req.mobile_phone),
    |                           ^^^ not found in this scope
    |
help: consider importing this tuple variant
    |
1   + use sea_orm::Set;
    |

error[E0425]: cannot find function, tuple struct or tuple variant `Set` in this scope
   --> src\services\supplier_service.rs:375:24
    |
375 |             tel_phone: Set(req.tel_phone),
    |                        ^^^ not found in this scope
    |
help: consider importing this tuple variant
    |
1   + use sea_orm::Set;
    |

error[E0425]: cannot find function, tuple struct or tuple variant `Set` in this scope
   --> src\services\supplier_service.rs:376:20
    |
376 |             email: Set(req.email),
    |                    ^^^ not found in this scope
    |
help: consider importing this tuple variant
    |
1   + use sea_orm::Set;
    |

error[E0425]: cannot find function, tuple struct or tuple variant `Set` in this scope
   --> src\services\supplier_service.rs:377:21
    |
377 |             wechat: Set(req.wechat),
    |                     ^^^ not found in this scope
    |
help: consider importing this tuple variant
    |
1   + use sea_orm::Set;
    |

error[E0425]: cannot find function, tuple struct or tuple variant `Set` in this scope
   --> src\services\supplier_service.rs:378:17
    |
378 |             qq: Set(req.qq),
    |                 ^^^ not found in this scope
    |
help: consider importing this tuple variant
    |
1   + use sea_orm::Set;
    |

error[E0425]: cannot find function, tuple struct or tuple variant `Set` in this scope
   --> src\services\supplier_service.rs:379:25
    |
379 |             is_primary: Set(req.is_primary),
    |                         ^^^ not found in this scope
    |
help: consider importing this tuple variant
    |
1   + use sea_orm::Set;
    |

error[E0425]: cannot find function, tuple struct or tuple variant `Set` in this scope
   --> src\services\supplier_service.rs:380:22
    |
380 |             remarks: Set(req.remarks),
    |                      ^^^ not found in this scope
    |
help: consider importing this tuple variant
    |
1   + use sea_orm::Set;
    |

error[E0425]: cannot find function, tuple struct or tuple variant `Set` in this scope
   --> src\services\supplier_service.rs:403:43
    |
403 |             contact_active.contact_name = Set(name);
    |                                           ^^^ not found in this scope
    |
help: consider importing this tuple variant
    |
1   + use sea_orm::Set;
    |

error[E0425]: cannot find function, tuple struct or tuple variant `Set` in this scope
   --> src\services\supplier_service.rs:406:41
    |
406 |             contact_active.department = Set(department);
    |                                         ^^^ not found in this scope
    |
help: consider importing this tuple variant
    |
1   + use sea_orm::Set;
    |

error[E0425]: cannot find function, tuple struct or tuple variant `Set` in this scope
   --> src\services\supplier_service.rs:409:39
    |
409 |             contact_active.position = Set(position);
    |                                       ^^^ not found in this scope
    |
help: consider importing this tuple variant
    |
1   + use sea_orm::Set;
    |

error[E0425]: cannot find function, tuple struct or tuple variant `Set` in this scope
   --> src\services\supplier_service.rs:412:43
    |
412 |             contact_active.mobile_phone = Set(mobile_phone);
    |                                           ^^^ not found in this scope
    |
help: consider importing this tuple variant
    |
1   + use sea_orm::Set;
    |

error[E0425]: cannot find function, tuple struct or tuple variant `Set` in this scope
   --> src\services\supplier_service.rs:415:40
    |
415 |             contact_active.tel_phone = Set(tel_phone);
    |                                        ^^^ not found in this scope
    |
help: consider importing this tuple variant
    |
1   + use sea_orm::Set;
    |

error[E0425]: cannot find function, tuple struct or tuple variant `Set` in this scope
   --> src\services\supplier_service.rs:418:36
    |
418 |             contact_active.email = Set(email);
    |                                    ^^^ not found in this scope
    |
help: consider importing this tuple variant
    |
1   + use sea_orm::Set;
    |

error[E0425]: cannot find function, tuple struct or tuple variant `Set` in this scope
   --> src\services\supplier_service.rs:421:37
    |
421 |             contact_active.wechat = Set(wechat);
    |                                     ^^^ not found in this scope
    |
help: consider importing this tuple variant
    |
1   + use sea_orm::Set;
    |

error[E0425]: cannot find function, tuple struct or tuple variant `Set` in this scope
   --> src\services\supplier_service.rs:424:33
    |
424 |             contact_active.qq = Set(qq);
    |                                 ^^^ not found in this scope
    |
help: consider importing this tuple variant
    |
1   + use sea_orm::Set;
    |

error[E0425]: cannot find function, tuple struct or tuple variant `Set` in this scope
   --> src\services\supplier_service.rs:427:41
    |
427 |             contact_active.is_primary = Set(is_primary);
    |                                         ^^^ not found in this scope
    |
help: consider importing this tuple variant
    |
1   + use sea_orm::Set;
    |

error[E0425]: cannot find function, tuple struct or tuple variant `Set` in this scope
   --> src\services\supplier_service.rs:430:38
    |
430 |             contact_active.remarks = Set(remarks);
    |                                      ^^^ not found in this scope
    |
help: consider importing this tuple variant
    |
1   + use sea_orm::Set;
    |

error[E0425]: cannot find function, tuple struct or tuple variant `Set` in this scope
   --> src\services\supplier_service.rs:464:41
    |
464 |             contact_active.is_primary = Set(false);
    |                                         ^^^ not found in this scope
    |
help: consider importing this tuple variant
    |
1   + use sea_orm::Set;
    |

error[E0425]: cannot find function, tuple struct or tuple variant `Set` in this scope
  --> src\services\purchase_order_service.rs:72:23
   |
72 |             order_no: Set(order_no),
   |                       ^^^ not found in this scope
   |
help: consider importing this tuple variant
   |
6  + use sea_orm::Set;
   |

error[E0425]: cannot find function, tuple struct or tuple variant `Set` in this scope
  --> src\services\purchase_order_service.rs:73:26
   |
73 |             supplier_id: Set(req.supplier_id),
   |                          ^^^ not found in this scope
   |
help: consider importing this tuple variant
   |
6  + use sea_orm::Set;
   |

error[E0425]: cannot find function, tuple struct or tuple variant `Set` in this scope
  --> src\services\purchase_order_service.rs:74:25
   |
74 |             order_date: Set(req.order_date),
   |                         ^^^ not found in this scope
   |
help: consider importing this tuple variant
   |
6  + use sea_orm::Set;
   |

error[E0425]: cannot find function, tuple struct or tuple variant `Set` in this scope
  --> src\services\purchase_order_service.rs:75:37
   |
75 |             expected_delivery_date: Set(req.expected_delivery_date),
   |                                     ^^^ not found in this scope
   |
help: consider importing this tuple variant
   |
6  + use sea_orm::Set;
   |

error[E0425]: cannot find function, tuple struct or tuple variant `Set` in this scope
  --> src\services\purchase_order_service.rs:76:27
   |
76 |             warehouse_id: Set(req.warehouse_id),
   |                           ^^^ not found in this scope
   |
help: consider importing this tuple variant
   |
6  + use sea_orm::Set;
   |

error[E0425]: cannot find function, tuple struct or tuple variant `Set` in this scope
  --> src\services\purchase_order_service.rs:77:28
   |
77 |             department_id: Set(req.department_id),
   |                            ^^^ not found in this scope
   |
help: consider importing this tuple variant
   |
6  + use sea_orm::Set;
   |

error[E0425]: cannot find function, tuple struct or tuple variant `Set` in this scope
  --> src\services\purchase_order_service.rs:78:27
   |
78 |             purchaser_id: Set(user_id),
   |                           ^^^ not found in this scope
   |
help: consider importing this tuple variant
   |
6  + use sea_orm::Set;
   |

error[E0425]: cannot find function, tuple struct or tuple variant `Set` in this scope
  --> src\services\purchase_order_service.rs:79:23
   |
79 |             currency: Set(req.currency.unwrap_or_else(|| "CNY".to_string())),
   |                       ^^^ not found in this scope
   |
help: consider importing this tuple variant
   |
6  + use sea_orm::Set;
   |

error[E0425]: cannot find function, tuple struct or tuple variant `Set` in this scope
  --> src\services\purchase_order_service.rs:80:28
   |
80 |             exchange_rate: Set(req.exchange_rate.unwrap_or(Decimal::new(1, 0))),
   |                            ^^^ not found in this scope
   |
help: consider importing this tuple variant
   |
6  + use sea_orm::Set;
   |

error[E0425]: cannot find function, tuple struct or tuple variant `Set` in this scope
  --> src\services\purchase_order_service.rs:81:27
   |
81 |             order_status: Set("DRAFT".to_string()),
   |                           ^^^ not found in this scope
   |
help: consider importing this tuple variant
   |
6  + use sea_orm::Set;
   |

error[E0425]: cannot find function, tuple struct or tuple variant `Set` in this scope
  --> src\services\purchase_order_service.rs:82:28
   |
82 |             payment_terms: Set(req.payment_terms),
   |                            ^^^ not found in this scope
   |
help: consider importing this tuple variant
   |
6  + use sea_orm::Set;
   |

error[E0425]: cannot find function, tuple struct or tuple variant `Set` in this scope
  --> src\services\purchase_order_service.rs:83:29
   |
83 |             shipping_terms: Set(req.shipping_terms),
   |                             ^^^ not found in this scope
   |
help: consider importing this tuple variant
   |
6  + use sea_orm::Set;
   |

error[E0425]: cannot find function, tuple struct or tuple variant `Set` in this scope
  --> src\services\purchase_order_service.rs:84:20
   |
84 |             notes: Set(req.notes),
   |                    ^^^ not found in this scope
   |
help: consider importing this tuple variant
   |
6  + use sea_orm::Set;
   |

error[E0425]: cannot find function, tuple struct or tuple variant `Set` in this scope
  --> src\services\purchase_order_service.rs:85:30
   |
85 |             attachment_urls: Set(req.attachment_urls),
   |                              ^^^ not found in this scope
   |
help: consider importing this tuple variant
   |
6  + use sea_orm::Set;
   |

error[E0425]: cannot find function, tuple struct or tuple variant `Set` in this scope
  --> src\services\purchase_order_service.rs:86:25
   |
86 |             created_by: Set(user_id),
   |                         ^^^ not found in this scope
   |
help: consider importing this tuple variant
   |
6  + use sea_orm::Set;
   |

error[E0425]: cannot find function, tuple struct or tuple variant `Set` in this scope
   --> src\services\purchase_order_service.rs:105:27
    |
105 |                 order_id: Set(order.id),
    |                           ^^^ not found in this scope
    |
help: consider importing this tuple variant
    |
6   + use sea_orm::Set;
    |

error[E0425]: cannot find function, tuple struct or tuple variant `Set` in this scope
   --> src\services\purchase_order_service.rs:106:26
    |
106 |                 line_no: Set(item_req.line_no),
    |                          ^^^ not found in this scope
    |
help: consider importing this tuple variant
    |
6   + use sea_orm::Set;
    |

error[E0425]: cannot find function, tuple struct or tuple variant `Set` in this scope
   --> src\services\purchase_order_service.rs:107:30
    |
107 |                 material_id: Set(item_req.material_id),
    |                              ^^^ not found in this scope
    |
help: consider importing this tuple variant
    |
6   + use sea_orm::Set;
    |

error[E0425]: cannot find function, tuple struct or tuple variant `Set` in this scope
   --> src\services\purchase_order_service.rs:108:32
    |
108 |                 material_code: Set(item_req.material_code),
    |                                ^^^ not found in this scope
    |
help: consider importing this tuple variant
    |
6   + use sea_orm::Set;
    |

error[E0425]: cannot find function, tuple struct or tuple variant `Set` in this scope
   --> src\services\purchase_order_service.rs:109:32
    |
109 |                 material_name: Set(item_req.material_name),
    |                                ^^^ not found in this scope
    |
help: consider importing this tuple variant
    |
6   + use sea_orm::Set;
    |

error[E0425]: cannot find function, tuple struct or tuple variant `Set` in this scope
   --> src\services\purchase_order_service.rs:110:32
    |
110 |                 specification: Set(item_req.specification),
    |                                ^^^ not found in this scope
    |
help: consider importing this tuple variant
    |
6   + use sea_orm::Set;
    |

error[E0425]: cannot find function, tuple struct or tuple variant `Set` in this scope
   --> src\services\purchase_order_service.rs:111:27
    |
111 |                 batch_no: Set(item_req.batch_no),
    |                           ^^^ not found in this scope
    |
help: consider importing this tuple variant
    |
6   + use sea_orm::Set;
    |

error[E0425]: cannot find function, tuple struct or tuple variant `Set` in this scope
   --> src\services\purchase_order_service.rs:112:29
    |
112 |                 color_code: Set(item_req.color_code),
    |                             ^^^ not found in this scope
    |
help: consider importing this tuple variant
    |
6   + use sea_orm::Set;
    |

error[E0425]: cannot find function, tuple struct or tuple variant `Set` in this scope
   --> src\services\purchase_order_service.rs:113:25
    |
113 |                 lot_no: Set(item_req.lot_no),
    |                         ^^^ not found in this scope
    |
help: consider importing this tuple variant
    |
6   + use sea_orm::Set;
    |

error[E0425]: cannot find function, tuple struct or tuple variant `Set` in this scope
   --> src\services\purchase_order_service.rs:114:24
    |
114 |                 grade: Set(item_req.grade),
    |                        ^^^ not found in this scope
    |
help: consider importing this tuple variant
    |
6   + use sea_orm::Set;
    |

error[E0425]: cannot find function, tuple struct or tuple variant `Set` in this scope
   --> src\services\purchase_order_service.rs:115:30
    |
115 |                 gram_weight: Set(item_req.gram_weight),
    |                              ^^^ not found in this scope
    |
help: consider importing this tuple variant
    |
6   + use sea_orm::Set;
    |

error[E0425]: cannot find function, tuple struct or tuple variant `Set` in this scope
   --> src\services\purchase_order_service.rs:116:24
    |
116 |                 width: Set(item_req.width),
    |                        ^^^ not found in this scope
    |
help: consider importing this tuple variant
    |
6   + use sea_orm::Set;
    |

error[E0425]: cannot find function, tuple struct or tuple variant `Set` in this scope
   --> src\services\purchase_order_service.rs:117:29
    |
117 |                 unit_price: Set(item_req.unit_price),
    |                             ^^^ not found in this scope
    |
help: consider importing this tuple variant
    |
6   + use sea_orm::Set;
    |

error[E0425]: cannot find function, tuple struct or tuple variant `Set` in this scope
   --> src\services\purchase_order_service.rs:118:27
    |
118 |                 currency: Set(item_req.currency.unwrap_or_else(|| "CNY".to_string())),
    |                           ^^^ not found in this scope
    |
help: consider importing this tuple variant
    |
6   + use sea_orm::Set;
    |

error[E0425]: cannot find function, tuple struct or tuple variant `Set` in this scope
   --> src\services\purchase_order_service.rs:119:35
    |
119 |                 quantity_ordered: Set(item_req.quantity_ordered),
    |                                   ^^^ not found in this scope
    |
help: consider importing this tuple variant
    |
6   + use sea_orm::Set;
    |

error[E0425]: cannot find function, tuple struct or tuple variant `Set` in this scope
   --> src\services\purchase_order_service.rs:120:30
    |
120 |                 unit_master: Set(item_req.unit_master),
    |                              ^^^ not found in this scope
    |
help: consider importing this tuple variant
    |
6   + use sea_orm::Set;
    |

error[E0425]: cannot find function, tuple struct or tuple variant `Set` in this scope
   --> src\services\purchase_order_service.rs:121:27
    |
121 |                 unit_alt: Set(item_req.unit_alt),
    |                           ^^^ not found in this scope
    |
help: consider importing this tuple variant
    |
6   + use sea_orm::Set;
    |

error[E0425]: cannot find function, tuple struct or tuple variant `Set` in this scope
   --> src\services\purchase_order_service.rs:122:36
    |
122 |                 conversion_factor: Set(item_req.conversion_factor),
    |                                    ^^^ not found in this scope
    |
help: consider importing this tuple variant
    |
6   + use sea_orm::Set;
    |

error[E0425]: cannot find function, tuple struct or tuple variant `Set` in this scope
   --> src\services\purchase_order_service.rs:123:39
    |
123 |                 quantity_alt_ordered: Set(item_req.quantity_alt_ordered.unwrap_or(Decimal::new(0, 0))),
    |                                       ^^^ not found in this scope
    |
help: consider importing this tuple variant
    |
6   + use sea_orm::Set;
    |

error[E0425]: cannot find function, tuple struct or tuple variant `Set` in this scope
   --> src\services\purchase_order_service.rs:124:27
    |
124 |                 tax_rate: Set(item_req.tax_rate.unwrap_or(Decimal::new(13, 2))),
    |                           ^^^ not found in this scope
    |
help: consider importing this tuple variant
    |
6   + use sea_orm::Set;
    |

error[E0425]: cannot find function, tuple struct or tuple variant `Set` in this scope
   --> src\services\purchase_order_service.rs:125:32
    |
125 |                 delivery_date: Set(item_req.delivery_date),
    |                                ^^^ not found in this scope
    |
help: consider importing this tuple variant
    |
6   + use sea_orm::Set;
    |

error[E0425]: cannot find function, tuple struct or tuple variant `Set` in this scope
   --> src\services\purchase_order_service.rs:126:31
    |
126 |                 warehouse_id: Set(item_req.warehouse_id),
    |                               ^^^ not found in this scope
    |
help: consider importing this tuple variant
    |
6   + use sea_orm::Set;
    |

error[E0425]: cannot find function, tuple struct or tuple variant `Set` in this scope
   --> src\services\purchase_order_service.rs:127:24
    |
127 |                 notes: Set(item_req.notes),
    |                        ^^^ not found in this scope
    |
help: consider importing this tuple variant
    |
6   + use sea_orm::Set;
    |

error[E0425]: cannot find function, tuple struct or tuple variant `Set` in this scope
   --> src\services\purchase_order_service.rs:134:37
    |
134 |         order_active.total_amount = Set(total_amount);
    |                                     ^^^ not found in this scope
    |
help: consider importing this tuple variant
    |
6   + use sea_orm::Set;
    |

error[E0425]: cannot find function, tuple struct or tuple variant `Set` in this scope
   --> src\services\purchase_order_service.rs:135:39
    |
135 |         order_active.total_quantity = Set(total_quantity);
    |                                       ^^^ not found in this scope
    |
help: consider importing this tuple variant
    |
6   + use sea_orm::Set;
    |

error[E0425]: cannot find function, tuple struct or tuple variant `Set` in this scope
   --> src\services\purchase_order_service.rs:136:43
    |
136 |         order_active.total_quantity_alt = Set(total_quantity_alt);
    |                                           ^^^ not found in this scope
    |
help: consider importing this tuple variant
    |
6   + use sea_orm::Set;
    |

error[E0425]: cannot find function, tuple struct or tuple variant `Set` in this scope
   --> src\services\purchase_order_service.rs:176:40
    |
176 |             order_active.supplier_id = Set(supplier_id);
    |                                        ^^^ not found in this scope
    |
help: consider importing this tuple variant
    |
6   + use sea_orm::Set;
    |

error[E0425]: cannot find function, tuple struct or tuple variant `Set` in this scope
   --> src\services\purchase_order_service.rs:179:39
    |
179 |             order_active.order_date = Set(order_date);
    |                                       ^^^ not found in this scope
    |
help: consider importing this tuple variant
    |
6   + use sea_orm::Set;
    |

error[E0425]: cannot find function, tuple struct or tuple variant `Set` in this scope
   --> src\services\purchase_order_service.rs:182:51
    |
182 |             order_active.expected_delivery_date = Set(expected_delivery_date);
    |                                                   ^^^ not found in this scope
    |
help: consider importing this tuple variant
    |
6   + use sea_orm::Set;
    |

error[E0425]: cannot find function, tuple struct or tuple variant `Set` in this scope
   --> src\services\purchase_order_service.rs:185:41
    |
185 |             order_active.warehouse_id = Set(warehouse_id);
    |                                         ^^^ not found in this scope
    |
help: consider importing this tuple variant
    |
6   + use sea_orm::Set;
    |

error[E0425]: cannot find function, tuple struct or tuple variant `Set` in this scope
   --> src\services\purchase_order_service.rs:188:42
    |
188 |             order_active.department_id = Set(department_id);
    |                                          ^^^ not found in this scope
    |
help: consider importing this tuple variant
    |
6   + use sea_orm::Set;
    |

error[E0425]: cannot find function, tuple struct or tuple variant `Set` in this scope
   --> src\services\purchase_order_service.rs:191:37
    |
191 |             order_active.currency = Set(currency);
    |                                     ^^^ not found in this scope
    |
help: consider importing this tuple variant
    |
6   + use sea_orm::Set;
    |

error[E0425]: cannot find function, tuple struct or tuple variant `Set` in this scope
   --> src\services\purchase_order_service.rs:194:42
    |
194 |             order_active.exchange_rate = Set(exchange_rate);
    |                                          ^^^ not found in this scope
    |
help: consider importing this tuple variant
    |
6   + use sea_orm::Set;
    |

error[E0425]: cannot find function, tuple struct or tuple variant `Set` in this scope
   --> src\services\purchase_order_service.rs:197:42
    |
197 |             order_active.payment_terms = Set(payment_terms);
    |                                          ^^^ not found in this scope
    |
help: consider importing this tuple variant
    |
6   + use sea_orm::Set;
    |

error[E0425]: cannot find function, tuple struct or tuple variant `Set` in this scope
   --> src\services\purchase_order_service.rs:200:43
    |
200 |             order_active.shipping_terms = Set(shipping_terms);
    |                                           ^^^ not found in this scope
    |
help: consider importing this tuple variant
    |
6   + use sea_orm::Set;
    |

error[E0425]: cannot find function, tuple struct or tuple variant `Set` in this scope
   --> src\services\purchase_order_service.rs:203:34
    |
203 |             order_active.notes = Set(notes);
    |                                  ^^^ not found in this scope
    |
help: consider importing this tuple variant
    |
6   + use sea_orm::Set;
    |

error[E0425]: cannot find function, tuple struct or tuple variant `Set` in this scope
   --> src\services\purchase_order_service.rs:206:44
    |
206 |             order_active.attachment_urls = Set(attachment_urls);
    |                                            ^^^ not found in this scope
    |
help: consider importing this tuple variant
    |
6   + use sea_orm::Set;
    |

error[E0425]: cannot find function, tuple struct or tuple variant `Set` in this scope
   --> src\services\purchase_order_service.rs:209:35
    |
209 |         order_active.updated_by = Set(Some(user_id));
    |                                   ^^^ not found in this scope
    |
help: consider importing this tuple variant
    |
6   + use sea_orm::Set;
    |

error[E0425]: cannot find function, tuple struct or tuple variant `Set` in this scope
   --> src\services\purchase_order_service.rs:290:37
    |
290 |         order_active.order_status = Set("SUBMITTED".to_string());
    |                                     ^^^ not found in this scope
    |
help: consider importing this tuple variant
    |
6   + use sea_orm::Set;
    |

error[E0425]: cannot find function, tuple struct or tuple variant `Set` in this scope
   --> src\services\purchase_order_service.rs:291:35
    |
291 |         order_active.updated_by = Set(Some(user_id));
    |                                   ^^^ not found in this scope
    |
help: consider importing this tuple variant
    |
6   + use sea_orm::Set;
    |

error[E0425]: cannot find function, tuple struct or tuple variant `Set` in this scope
   --> src\services\purchase_order_service.rs:320:37
    |
320 |         order_active.order_status = Set("APPROVED".to_string());
    |                                     ^^^ not found in this scope
    |
help: consider importing this tuple variant
    |
6   + use sea_orm::Set;
    |

error[E0425]: cannot find function, tuple struct or tuple variant `Set` in this scope
   --> src\services\purchase_order_service.rs:321:36
    |
321 |         order_active.approved_by = Set(Some(user_id));
    |                                    ^^^ not found in this scope
    |
help: consider importing this tuple variant
    |
6   + use sea_orm::Set;
    |

error[E0425]: cannot find function, tuple struct or tuple variant `Set` in this scope
   --> src\services\purchase_order_service.rs:322:36
    |
322 |         order_active.approved_at = Set(Some(now));
    |                                    ^^^ not found in this scope
    |
help: consider importing this tuple variant
    |
6   + use sea_orm::Set;
    |

error[E0425]: cannot find function, tuple struct or tuple variant `Set` in this scope
   --> src\services\purchase_order_service.rs:323:35
    |
323 |         order_active.updated_by = Set(Some(user_id));
    |                                   ^^^ not found in this scope
    |
help: consider importing this tuple variant
    |
6   + use sea_orm::Set;
    |

error[E0425]: cannot find function, tuple struct or tuple variant `Set` in this scope
   --> src\services\purchase_order_service.rs:353:37
    |
353 |         order_active.order_status = Set("REJECTED".to_string());
    |                                     ^^^ not found in this scope
    |
help: consider importing this tuple variant
    |
6   + use sea_orm::Set;
    |

error[E0425]: cannot find function, tuple struct or tuple variant `Set` in this scope
   --> src\services\purchase_order_service.rs:354:40
    |
354 |         order_active.rejected_reason = Set(Some(reason));
    |                                        ^^^ not found in this scope
    |
help: consider importing this tuple variant
    |
6   + use sea_orm::Set;
    |

error[E0425]: cannot find function, tuple struct or tuple variant `Set` in this scope
   --> src\services\purchase_order_service.rs:355:36
    |
355 |         order_active.approved_by = Set(Some(user_id));
    |                                    ^^^ not found in this scope
    |
help: consider importing this tuple variant
    |
6   + use sea_orm::Set;
    |

error[E0425]: cannot find function, tuple struct or tuple variant `Set` in this scope
   --> src\services\purchase_order_service.rs:356:36
    |
356 |         order_active.approved_at = Set(Some(now));
    |                                    ^^^ not found in this scope
    |
help: consider importing this tuple variant
    |
6   + use sea_orm::Set;
    |

error[E0425]: cannot find function, tuple struct or tuple variant `Set` in this scope
   --> src\services\purchase_order_service.rs:357:35
    |
357 |         order_active.updated_by = Set(Some(user_id));
    |                                   ^^^ not found in this scope
    |
help: consider importing this tuple variant
    |
6   + use sea_orm::Set;
    |

error[E0425]: cannot find function, tuple struct or tuple variant `Set` in this scope
   --> src\services\purchase_order_service.rs:385:37
    |
385 |         order_active.order_status = Set("CLOSED".to_string());
    |                                     ^^^ not found in this scope
    |
help: consider importing this tuple variant
    |
6   + use sea_orm::Set;
    |

error[E0425]: cannot find function, tuple struct or tuple variant `Set` in this scope
   --> src\services\purchase_order_service.rs:386:35
    |
386 |         order_active.updated_by = Set(Some(user_id));
    |                                   ^^^ not found in this scope
    |
help: consider importing this tuple variant
    |
6   + use sea_orm::Set;
    |

error[E0425]: cannot find function, tuple struct or tuple variant `Set` in this scope
   --> src\services\purchase_order_service.rs:422:23
    |
422 |             order_id: Set(order_id),
    |                       ^^^ not found in this scope
    |
help: consider importing this tuple variant
    |
6   + use sea_orm::Set;
    |

error[E0425]: cannot find function, tuple struct or tuple variant `Set` in this scope
   --> src\services\purchase_order_service.rs:423:22
    |
423 |             line_no: Set(req.line_no),
    |                      ^^^ not found in this scope
    |
help: consider importing this tuple variant
    |
6   + use sea_orm::Set;
    |

error[E0425]: cannot find function, tuple struct or tuple variant `Set` in this scope
   --> src\services\purchase_order_service.rs:424:26
    |
424 |             material_id: Set(req.material_id),
    |                          ^^^ not found in this scope
    |
help: consider importing this tuple variant
    |
6   + use sea_orm::Set;
    |

error[E0425]: cannot find function, tuple struct or tuple variant `Set` in this scope
   --> src\services\purchase_order_service.rs:425:28
    |
425 |             material_code: Set(req.material_code),
    |                            ^^^ not found in this scope
    |
help: consider importing this tuple variant
    |
6   + use sea_orm::Set;
    |

error[E0425]: cannot find function, tuple struct or tuple variant `Set` in this scope
   --> src\services\purchase_order_service.rs:426:28
    |
426 |             material_name: Set(req.material_name),
    |                            ^^^ not found in this scope
    |
help: consider importing this tuple variant
    |
6   + use sea_orm::Set;
    |

error[E0425]: cannot find function, tuple struct or tuple variant `Set` in this scope
   --> src\services\purchase_order_service.rs:427:28
    |
427 |             specification: Set(req.specification),
    |                            ^^^ not found in this scope
    |
help: consider importing this tuple variant
    |
6   + use sea_orm::Set;
    |

error[E0425]: cannot find function, tuple struct or tuple variant `Set` in this scope
   --> src\services\purchase_order_service.rs:428:23
    |
428 |             batch_no: Set(req.batch_no),
    |                       ^^^ not found in this scope
    |
help: consider importing this tuple variant
    |
6   + use sea_orm::Set;
    |

error[E0425]: cannot find function, tuple struct or tuple variant `Set` in this scope
   --> src\services\purchase_order_service.rs:429:25
    |
429 |             color_code: Set(req.color_code),
    |                         ^^^ not found in this scope
    |
help: consider importing this tuple variant
    |
6   + use sea_orm::Set;
    |

error[E0425]: cannot find function, tuple struct or tuple variant `Set` in this scope
   --> src\services\purchase_order_service.rs:430:21
    |
430 |             lot_no: Set(req.lot_no),
    |                     ^^^ not found in this scope
    |
help: consider importing this tuple variant
    |
6   + use sea_orm::Set;
    |

error[E0425]: cannot find function, tuple struct or tuple variant `Set` in this scope
   --> src\services\purchase_order_service.rs:431:20
    |
431 |             grade: Set(req.grade),
    |                    ^^^ not found in this scope
    |
help: consider importing this tuple variant
    |
6   + use sea_orm::Set;
    |

error[E0425]: cannot find function, tuple struct or tuple variant `Set` in this scope
   --> src\services\purchase_order_service.rs:432:26
    |
432 |             gram_weight: Set(req.gram_weight),
    |                          ^^^ not found in this scope
    |
help: consider importing this tuple variant
    |
6   + use sea_orm::Set;
    |

error[E0425]: cannot find function, tuple struct or tuple variant `Set` in this scope
   --> src\services\purchase_order_service.rs:433:20
    |
433 |             width: Set(req.width),
    |                    ^^^ not found in this scope
    |
help: consider importing this tuple variant
    |
6   + use sea_orm::Set;
    |

error[E0425]: cannot find function, tuple struct or tuple variant `Set` in this scope
   --> src\services\purchase_order_service.rs:434:25
    |
434 |             unit_price: Set(req.unit_price),
    |                         ^^^ not found in this scope
    |
help: consider importing this tuple variant
    |
6   + use sea_orm::Set;
    |

error[E0425]: cannot find function, tuple struct or tuple variant `Set` in this scope
   --> src\services\purchase_order_service.rs:435:23
    |
435 |             currency: Set(req.currency.unwrap_or_else(|| "CNY".to_string())),
    |                       ^^^ not found in this scope
    |
help: consider importing this tuple variant
    |
6   + use sea_orm::Set;
    |

error[E0425]: cannot find function, tuple struct or tuple variant `Set` in this scope
   --> src\services\purchase_order_service.rs:436:31
    |
436 |             quantity_ordered: Set(req.quantity_ordered),
    |                               ^^^ not found in this scope
    |
help: consider importing this tuple variant
    |
6   + use sea_orm::Set;
    |

error[E0425]: cannot find function, tuple struct or tuple variant `Set` in this scope
   --> src\services\purchase_order_service.rs:437:26
    |
437 |             unit_master: Set(req.unit_master),
    |                          ^^^ not found in this scope
    |
help: consider importing this tuple variant
    |
6   + use sea_orm::Set;
    |

error[E0425]: cannot find function, tuple struct or tuple variant `Set` in this scope
   --> src\services\purchase_order_service.rs:438:23
    |
438 |             unit_alt: Set(req.unit_alt),
    |                       ^^^ not found in this scope
    |
help: consider importing this tuple variant
    |
6   + use sea_orm::Set;
    |

error[E0425]: cannot find function, tuple struct or tuple variant `Set` in this scope
   --> src\services\purchase_order_service.rs:439:32
    |
439 |             conversion_factor: Set(req.conversion_factor),
    |                                ^^^ not found in this scope
    |
help: consider importing this tuple variant
    |
6   + use sea_orm::Set;
    |

error[E0425]: cannot find function, tuple struct or tuple variant `Set` in this scope
   --> src\services\purchase_order_service.rs:440:35
    |
440 |             quantity_alt_ordered: Set(req.quantity_alt_ordered.unwrap_or(Decimal::new(0, 0))),
    |                                   ^^^ not found in this scope
    |
help: consider importing this tuple variant
    |
6   + use sea_orm::Set;
    |

error[E0425]: cannot find function, tuple struct or tuple variant `Set` in this scope
   --> src\services\purchase_order_service.rs:441:23
    |
441 |             tax_rate: Set(req.tax_rate.unwrap_or(Decimal::new(13, 2))),
    |                       ^^^ not found in this scope
    |
help: consider importing this tuple variant
    |
6   + use sea_orm::Set;
    |

error[E0425]: cannot find function, tuple struct or tuple variant `Set` in this scope
   --> src\services\purchase_order_service.rs:442:28
    |
442 |             delivery_date: Set(req.delivery_date),
    |                            ^^^ not found in this scope
    |
help: consider importing this tuple variant
    |
6   + use sea_orm::Set;
    |

error[E0425]: cannot find function, tuple struct or tuple variant `Set` in this scope
   --> src\services\purchase_order_service.rs:443:27
    |
443 |             warehouse_id: Set(req.warehouse_id),
    |                           ^^^ not found in this scope
    |
help: consider importing this tuple variant
    |
6   + use sea_orm::Set;
    |

error[E0425]: cannot find function, tuple struct or tuple variant `Set` in this scope
   --> src\services\purchase_order_service.rs:444:20
    |
444 |             notes: Set(req.notes),
    |                    ^^^ not found in this scope
    |
help: consider importing this tuple variant
    |
6   + use sea_orm::Set;
    |

error[E0425]: cannot find function, tuple struct or tuple variant `Set` in this scope
   --> src\services\purchase_order_service.rs:491:35
    |
491 |             item_active.line_no = Set(line_no);
    |                                   ^^^ not found in this scope
    |
help: consider importing this tuple variant
    |
6   + use sea_orm::Set;
    |

error[E0425]: cannot find function, tuple struct or tuple variant `Set` in this scope
   --> src\services\purchase_order_service.rs:494:39
    |
494 |             item_active.material_id = Set(material_id);
    |                                       ^^^ not found in this scope
    |
help: consider importing this tuple variant
    |
6   + use sea_orm::Set;
    |

error[E0425]: cannot find function, tuple struct or tuple variant `Set` in this scope
   --> src\services\purchase_order_service.rs:497:41
    |
497 |             item_active.material_code = Set(material_code);
    |                                         ^^^ not found in this scope
    |
help: consider importing this tuple variant
    |
6   + use sea_orm::Set;
    |

error[E0425]: cannot find function, tuple struct or tuple variant `Set` in this scope
   --> src\services\purchase_order_service.rs:500:41
    |
500 |             item_active.material_name = Set(material_name);
    |                                         ^^^ not found in this scope
    |
help: consider importing this tuple variant
    |
6   + use sea_orm::Set;
    |

error[E0425]: cannot find function, tuple struct or tuple variant `Set` in this scope
   --> src\services\purchase_order_service.rs:503:41
    |
503 |             item_active.specification = Set(specification);
    |                                         ^^^ not found in this scope
    |
help: consider importing this tuple variant
    |
6   + use sea_orm::Set;
    |

error[E0425]: cannot find function, tuple struct or tuple variant `Set` in this scope
   --> src\services\purchase_order_service.rs:506:36
    |
506 |             item_active.batch_no = Set(batch_no);
    |                                    ^^^ not found in this scope
    |
help: consider importing this tuple variant
    |
6   + use sea_orm::Set;
    |

error[E0425]: cannot find function, tuple struct or tuple variant `Set` in this scope
   --> src\services\purchase_order_service.rs:509:38
    |
509 |             item_active.color_code = Set(color_code);
    |                                      ^^^ not found in this scope
    |
help: consider importing this tuple variant
    |
6   + use sea_orm::Set;
    |

error[E0425]: cannot find function, tuple struct or tuple variant `Set` in this scope
   --> src\services\purchase_order_service.rs:512:34
    |
512 |             item_active.lot_no = Set(lot_no);
    |                                  ^^^ not found in this scope
    |
help: consider importing this tuple variant
    |
6   + use sea_orm::Set;
    |

error[E0425]: cannot find function, tuple struct or tuple variant `Set` in this scope
   --> src\services\purchase_order_service.rs:515:33
    |
515 |             item_active.grade = Set(grade);
    |                                 ^^^ not found in this scope
    |
help: consider importing this tuple variant
    |
6   + use sea_orm::Set;
    |

error[E0425]: cannot find function, tuple struct or tuple variant `Set` in this scope
   --> src\services\purchase_order_service.rs:518:39
    |
518 |             item_active.gram_weight = Set(gram_weight);
    |                                       ^^^ not found in this scope
    |
help: consider importing this tuple variant
    |
6   + use sea_orm::Set;
    |

error[E0425]: cannot find function, tuple struct or tuple variant `Set` in this scope
   --> src\services\purchase_order_service.rs:521:33
    |
521 |             item_active.width = Set(width);
    |                                 ^^^ not found in this scope
    |
help: consider importing this tuple variant
    |
6   + use sea_orm::Set;
    |

error[E0425]: cannot find function, tuple struct or tuple variant `Set` in this scope
   --> src\services\purchase_order_service.rs:524:38
    |
524 |             item_active.unit_price = Set(unit_price);
    |                                      ^^^ not found in this scope
    |
help: consider importing this tuple variant
    |
6   + use sea_orm::Set;
    |

error[E0425]: cannot find function, tuple struct or tuple variant `Set` in this scope
   --> src\services\purchase_order_service.rs:527:44
    |
527 |             item_active.quantity_ordered = Set(quantity_ordered);
    |                                            ^^^ not found in this scope
    |
help: consider importing this tuple variant
    |
6   + use sea_orm::Set;
    |

error[E0425]: cannot find function, tuple struct or tuple variant `Set` in this scope
   --> src\services\purchase_order_service.rs:530:36
    |
530 |             item_active.tax_rate = Set(tax_rate);
    |                                    ^^^ not found in this scope
    |
help: consider importing this tuple variant
    |
6   + use sea_orm::Set;
    |

error[E0425]: cannot find function, tuple struct or tuple variant `Set` in this scope
   --> src\services\purchase_order_service.rs:533:41
    |
533 |             item_active.delivery_date = Set(delivery_date);
    |                                         ^^^ not found in this scope
    |
help: consider importing this tuple variant
    |
6   + use sea_orm::Set;
    |

error[E0425]: cannot find function, tuple struct or tuple variant `Set` in this scope
   --> src\services\purchase_order_service.rs:536:33
    |
536 |             item_active.notes = Set(notes);
    |                                 ^^^ not found in this scope
    |
help: consider importing this tuple variant
    |
6   + use sea_orm::Set;
    |

error[E0425]: cannot find function, tuple struct or tuple variant `Set` in this scope
   --> src\services\purchase_order_service.rs:619:37
    |
619 |         order_active.total_amount = Set(total_amount);
    |                                     ^^^ not found in this scope
    |
help: consider importing this tuple variant
    |
6   + use sea_orm::Set;
    |

error[E0425]: cannot find function, tuple struct or tuple variant `Set` in this scope
   --> src\services\purchase_order_service.rs:620:39
    |
620 |         order_active.total_quantity = Set(total_quantity);
    |                                       ^^^ not found in this scope
    |
help: consider importing this tuple variant
    |
6   + use sea_orm::Set;
    |

error[E0425]: cannot find function, tuple struct or tuple variant `Set` in this scope
   --> src\services\purchase_order_service.rs:621:43
    |
621 |         order_active.total_quantity_alt = Set(total_quantity_alt);
    |                                           ^^^ not found in this scope
    |
help: consider importing this tuple variant
    |
6   + use sea_orm::Set;
    |

error[E0425]: cannot find function, tuple struct or tuple variant `Set` in this scope
   --> src\services\purchase_order_service.rs:622:35
    |
622 |         order_active.updated_at = Set(Utc::now().naive_utc());
    |                                   ^^^ not found in this scope
    |
help: consider importing this tuple variant
    |
6   + use sea_orm::Set;
    |

error[E0425]: cannot find function, tuple struct or tuple variant `Set` in this scope
  --> src\services\purchase_receipt_service.rs:57:25
   |
57 |             receipt_no: Set(receipt_no),
   |                         ^^^ not found in this scope
   |
help: consider importing this tuple variant
   |
6  + use sea_orm::Set;
   |

error[E0425]: cannot find function, tuple struct or tuple variant `Set` in this scope
  --> src\services\purchase_receipt_service.rs:58:23
   |
58 |             order_id: Set(req.order_id),
   |                       ^^^ not found in this scope
   |
help: consider importing this tuple variant
   |
6  + use sea_orm::Set;
   |

error[E0425]: cannot find function, tuple struct or tuple variant `Set` in this scope
  --> src\services\purchase_receipt_service.rs:59:26
   |
59 |             supplier_id: Set(req.supplier_id),
   |                          ^^^ not found in this scope
   |
help: consider importing this tuple variant
   |
6  + use sea_orm::Set;
   |

error[E0425]: cannot find function, tuple struct or tuple variant `Set` in this scope
  --> src\services\purchase_receipt_service.rs:60:27
   |
60 |             receipt_date: Set(req.receipt_date),
   |                           ^^^ not found in this scope
   |
help: consider importing this tuple variant
   |
6  + use sea_orm::Set;
   |

error[E0425]: cannot find function, tuple struct or tuple variant `Set` in this scope
  --> src\services\purchase_receipt_service.rs:61:27
   |
61 |             warehouse_id: Set(req.warehouse_id),
   |                           ^^^ not found in this scope
   |
help: consider importing this tuple variant
   |
6  + use sea_orm::Set;
   |

error[E0425]: cannot find function, tuple struct or tuple variant `Set` in this scope
  --> src\services\purchase_receipt_service.rs:62:28
   |
62 |             department_id: Set(req.department_id),
   |                            ^^^ not found in this scope
   |
help: consider importing this tuple variant
   |
6  + use sea_orm::Set;
   |

error[E0425]: cannot find function, tuple struct or tuple variant `Set` in this scope
  --> src\services\purchase_receipt_service.rs:63:26
   |
63 |             receiver_id: Set(Some(user_id)),
   |                          ^^^ not found in this scope
   |
help: consider importing this tuple variant
   |
6  + use sea_orm::Set;
   |

error[E0425]: cannot find function, tuple struct or tuple variant `Set` in this scope
  --> src\services\purchase_receipt_service.rs:64:27
   |
64 |             inspector_id: Set(req.inspector_id),
   |                           ^^^ not found in this scope
   |
help: consider importing this tuple variant
   |
6  + use sea_orm::Set;
   |

error[E0425]: cannot find function, tuple struct or tuple variant `Set` in this scope
  --> src\services\purchase_receipt_service.rs:65:32
   |
65 |             inspection_status: Set("PENDING".to_string()),
   |                                ^^^ not found in this scope
   |
help: consider importing this tuple variant
   |
6  + use sea_orm::Set;
   |

error[E0425]: cannot find function, tuple struct or tuple variant `Set` in this scope
  --> src\services\purchase_receipt_service.rs:66:29
   |
66 |             receipt_status: Set("DRAFT".to_string()),
   |                             ^^^ not found in this scope
   |
help: consider importing this tuple variant
   |
6  + use sea_orm::Set;
   |

error[E0425]: cannot find function, tuple struct or tuple variant `Set` in this scope
  --> src\services\purchase_receipt_service.rs:67:20
   |
67 |             notes: Set(req.notes),
   |                    ^^^ not found in this scope
   |
help: consider importing this tuple variant
   |
6  + use sea_orm::Set;
   |

error[E0425]: cannot find function, tuple struct or tuple variant `Set` in this scope
  --> src\services\purchase_receipt_service.rs:68:30
   |
68 |             attachment_urls: Set(req.attachment_urls),
   |                              ^^^ not found in this scope
   |
help: consider importing this tuple variant
   |
6  + use sea_orm::Set;
   |

error[E0425]: cannot find function, tuple struct or tuple variant `Set` in this scope
  --> src\services\purchase_receipt_service.rs:69:25
   |
69 |             created_by: Set(user_id),
   |                         ^^^ not found in this scope
   |
help: consider importing this tuple variant
   |
6  + use sea_orm::Set;
   |

error[E0425]: cannot find function, tuple struct or tuple variant `Set` in this scope
  --> src\services\purchase_receipt_service.rs:89:29
   |
89 |                 receipt_id: Set(receipt.id),
   |                             ^^^ not found in this scope
   |
help: consider importing this tuple variant
   |
6  + use sea_orm::Set;
   |

error[E0425]: cannot find function, tuple struct or tuple variant `Set` in this scope
  --> src\services\purchase_receipt_service.rs:90:32
   |
90 |                 order_item_id: Set(item_req.order_item_id),
   |                                ^^^ not found in this scope
   |
help: consider importing this tuple variant
   |
6  + use sea_orm::Set;
   |

error[E0425]: cannot find function, tuple struct or tuple variant `Set` in this scope
  --> src\services\purchase_receipt_service.rs:91:26
   |
91 |                 line_no: Set(item_req.line_no),
   |                          ^^^ not found in this scope
   |
help: consider importing this tuple variant
   |
6  + use sea_orm::Set;
   |

error[E0425]: cannot find function, tuple struct or tuple variant `Set` in this scope
  --> src\services\purchase_receipt_service.rs:92:30
   |
92 |                 material_id: Set(item_req.material_id),
   |                              ^^^ not found in this scope
   |
help: consider importing this tuple variant
   |
6  + use sea_orm::Set;
   |

error[E0425]: cannot find function, tuple struct or tuple variant `Set` in this scope
  --> src\services\purchase_receipt_service.rs:93:32
   |
93 |                 material_code: Set(item_req.material_code),
   |                                ^^^ not found in this scope
   |
help: consider importing this tuple variant
   |
6  + use sea_orm::Set;
   |

error[E0425]: cannot find function, tuple struct or tuple variant `Set` in this scope
  --> src\services\purchase_receipt_service.rs:94:32
   |
94 |                 material_name: Set(item_req.material_name),
   |                                ^^^ not found in this scope
   |
help: consider importing this tuple variant
   |
6  + use sea_orm::Set;
   |

error[E0425]: cannot find function, tuple struct or tuple variant `Set` in this scope
  --> src\services\purchase_receipt_service.rs:95:27
   |
95 |                 batch_no: Set(item_req.batch_no),
   |                           ^^^ not found in this scope
   |
help: consider importing this tuple variant
   |
6  + use sea_orm::Set;
   |

error[E0425]: cannot find function, tuple struct or tuple variant `Set` in this scope
  --> src\services\purchase_receipt_service.rs:96:29
   |
96 |                 color_code: Set(item_req.color_code),
   |                             ^^^ not found in this scope
   |
help: consider importing this tuple variant
   |
6  + use sea_orm::Set;
   |

error[E0425]: cannot find function, tuple struct or tuple variant `Set` in this scope
  --> src\services\purchase_receipt_service.rs:97:25
   |
97 |                 lot_no: Set(item_req.lot_no),
   |                         ^^^ not found in this scope
   |
help: consider importing this tuple variant
   |
6  + use sea_orm::Set;
   |

error[E0425]: cannot find function, tuple struct or tuple variant `Set` in this scope
  --> src\services\purchase_receipt_service.rs:98:24
   |
98 |                 grade: Set(item_req.grade),
   |                        ^^^ not found in this scope
   |
help: consider importing this tuple variant
   |
6  + use sea_orm::Set;
   |

error[E0425]: cannot find function, tuple struct or tuple variant `Set` in this scope
  --> src\services\purchase_receipt_service.rs:99:30
   |
99 |                 gram_weight: Set(item_req.gram_weight),
   |                              ^^^ not found in this scope
   |
help: consider importing this tuple variant
   |
6  + use sea_orm::Set;
   |

error[E0425]: cannot find function, tuple struct or tuple variant `Set` in this scope
   --> src\services\purchase_receipt_service.rs:100:24
    |
100 |                 width: Set(item_req.width),
    |                        ^^^ not found in this scope
    |
help: consider importing this tuple variant
    |
6   + use sea_orm::Set;
    |

error[E0425]: cannot find function, tuple struct or tuple variant `Set` in this scope
   --> src\services\purchase_receipt_service.rs:101:27
    |
101 |                 quantity: Set(item_req.quantity),
    |                           ^^^ not found in this scope
    |
help: consider importing this tuple variant
    |
6   + use sea_orm::Set;
    |

error[E0425]: cannot find function, tuple struct or tuple variant `Set` in this scope
   --> src\services\purchase_receipt_service.rs:102:31
    |
102 |                 quantity_alt: Set(item_req.quantity_alt),
    |                               ^^^ not found in this scope
    |
help: consider importing this tuple variant
    |
6   + use sea_orm::Set;
    |

error[E0425]: cannot find function, tuple struct or tuple variant `Set` in this scope
   --> src\services\purchase_receipt_service.rs:103:30
    |
103 |                 unit_master: Set(item_req.unit_master),
    |                              ^^^ not found in this scope
    |
help: consider importing this tuple variant
    |
6   + use sea_orm::Set;
    |

error[E0425]: cannot find function, tuple struct or tuple variant `Set` in this scope
   --> src\services\purchase_receipt_service.rs:104:27
    |
104 |                 unit_alt: Set(item_req.unit_alt),
    |                           ^^^ not found in this scope
    |
help: consider importing this tuple variant
    |
6   + use sea_orm::Set;
    |

error[E0425]: cannot find function, tuple struct or tuple variant `Set` in this scope
   --> src\services\purchase_receipt_service.rs:105:29
    |
105 |                 unit_price: Set(item_req.unit_price),
    |                             ^^^ not found in this scope
    |
help: consider importing this tuple variant
    |
6   + use sea_orm::Set;
    |

error[E0425]: cannot find function, tuple struct or tuple variant `Set` in this scope
   --> src\services\purchase_receipt_service.rs:106:25
    |
106 |                 amount: Set(Some(amount)),
    |                         ^^^ not found in this scope
    |
help: consider importing this tuple variant
    |
6   + use sea_orm::Set;
    |

error[E0425]: cannot find function, tuple struct or tuple variant `Set` in this scope
   --> src\services\purchase_receipt_service.rs:107:32
    |
107 |                 location_code: Set(item_req.location_code),
    |                                ^^^ not found in this scope
    |
help: consider importing this tuple variant
    |
6   + use sea_orm::Set;
    |

error[E0425]: cannot find function, tuple struct or tuple variant `Set` in this scope
   --> src\services\purchase_receipt_service.rs:108:29
    |
108 |                 package_no: Set(item_req.package_no),
    |                             ^^^ not found in this scope
    |
help: consider importing this tuple variant
    |
6   + use sea_orm::Set;
    |

error[E0425]: cannot find function, tuple struct or tuple variant `Set` in this scope
   --> src\services\purchase_receipt_service.rs:109:34
    |
109 |                 production_date: Set(item_req.production_date),
    |                                  ^^^ not found in this scope
    |
help: consider importing this tuple variant
    |
6   + use sea_orm::Set;
    |

error[E0425]: cannot find function, tuple struct or tuple variant `Set` in this scope
   --> src\services\purchase_receipt_service.rs:110:29
    |
110 |                 shelf_life: Set(item_req.shelf_life),
    |                             ^^^ not found in this scope
    |
help: consider importing this tuple variant
    |
6   + use sea_orm::Set;
    |

error[E0425]: cannot find function, tuple struct or tuple variant `Set` in this scope
   --> src\services\purchase_receipt_service.rs:111:24
    |
111 |                 notes: Set(item_req.notes),
    |                        ^^^ not found in this scope
    |
help: consider importing this tuple variant
    |
6   + use sea_orm::Set;
    |

error[E0425]: cannot find function, tuple struct or tuple variant `Set` in this scope
   --> src\services\purchase_receipt_service.rs:118:41
    |
118 |         receipt_active.total_quantity = Set(total_quantity);
    |                                         ^^^ not found in this scope
    |
help: consider importing this tuple variant
    |
6   + use sea_orm::Set;
    |

error[E0425]: cannot find function, tuple struct or tuple variant `Set` in this scope
   --> src\services\purchase_receipt_service.rs:119:45
    |
119 |         receipt_active.total_quantity_alt = Set(total_quantity_alt);
    |                                             ^^^ not found in this scope
    |
help: consider importing this tuple variant
    |
6   + use sea_orm::Set;
    |

error[E0425]: cannot find function, tuple struct or tuple variant `Set` in this scope
   --> src\services\purchase_receipt_service.rs:120:39
    |
120 |         receipt_active.total_amount = Set(total_amount);
    |                                       ^^^ not found in this scope
    |
help: consider importing this tuple variant
    |
6   + use sea_orm::Set;
    |

error[E0425]: cannot find function, tuple struct or tuple variant `Set` in this scope
   --> src\services\purchase_receipt_service.rs:160:42
    |
160 |             receipt_active.supplier_id = Set(supplier_id);
    |                                          ^^^ not found in this scope
    |
help: consider importing this tuple variant
    |
6   + use sea_orm::Set;
    |

error[E0425]: cannot find function, tuple struct or tuple variant `Set` in this scope
   --> src\services\purchase_receipt_service.rs:163:43
    |
163 |             receipt_active.receipt_date = Set(receipt_date);
    |                                           ^^^ not found in this scope
    |
help: consider importing this tuple variant
    |
6   + use sea_orm::Set;
    |

error[E0425]: cannot find function, tuple struct or tuple variant `Set` in this scope
   --> src\services\purchase_receipt_service.rs:166:44
    |
166 |             receipt_active.department_id = Set(department_id);
    |                                            ^^^ not found in this scope
    |
help: consider importing this tuple variant
    |
6   + use sea_orm::Set;
    |

error[E0425]: cannot find function, tuple struct or tuple variant `Set` in this scope
   --> src\services\purchase_receipt_service.rs:169:43
    |
169 |             receipt_active.inspector_id = Set(inspector_id);
    |                                           ^^^ not found in this scope
    |
help: consider importing this tuple variant
    |
6   + use sea_orm::Set;
    |

error[E0425]: cannot find function, tuple struct or tuple variant `Set` in this scope
   --> src\services\purchase_receipt_service.rs:172:36
    |
172 |             receipt_active.notes = Set(notes);
    |                                    ^^^ not found in this scope
    |
help: consider importing this tuple variant
    |
6   + use sea_orm::Set;
    |

error[E0425]: cannot find function, tuple struct or tuple variant `Set` in this scope
   --> src\services\purchase_receipt_service.rs:175:46
    |
175 |             receipt_active.attachment_urls = Set(attachment_urls);
    |                                              ^^^ not found in this scope
    |
help: consider importing this tuple variant
    |
6   + use sea_orm::Set;
    |

error[E0425]: cannot find function, tuple struct or tuple variant `Set` in this scope
   --> src\services\purchase_receipt_service.rs:178:37
    |
178 |         receipt_active.updated_by = Set(Some(user_id));
    |                                     ^^^ not found in this scope
    |
help: consider importing this tuple variant
    |
6   + use sea_orm::Set;
    |

error[E0425]: cannot find function, tuple struct or tuple variant `Set` in this scope
   --> src\services\purchase_receipt_service.rs:227:41
    |
227 |         receipt_active.receipt_status = Set("CONFIRMED".to_string());
    |                                         ^^^ not found in this scope
    |
help: consider importing this tuple variant
    |
6   + use sea_orm::Set;
    |

error[E0425]: cannot find function, tuple struct or tuple variant `Set` in this scope
   --> src\services\purchase_receipt_service.rs:228:39
    |
228 |         receipt_active.confirmed_at = Set(Some(now));
    |                                       ^^^ not found in this scope
    |
help: consider importing this tuple variant
    |
6   + use sea_orm::Set;
    |

error[E0425]: cannot find function, tuple struct or tuple variant `Set` in this scope
   --> src\services\purchase_receipt_service.rs:229:39
    |
229 |         receipt_active.confirmed_by = Set(Some(user_id));
    |                                       ^^^ not found in this scope
    |
help: consider importing this tuple variant
    |
6   + use sea_orm::Set;
    |

error[E0425]: cannot find function, tuple struct or tuple variant `Set` in this scope
   --> src\services\purchase_receipt_service.rs:230:37
    |
230 |         receipt_active.updated_by = Set(Some(user_id));
    |                                     ^^^ not found in this scope
    |
help: consider importing this tuple variant
    |
6   + use sea_orm::Set;
    |

error[E0425]: cannot find function, tuple struct or tuple variant `Set` in this scope
   --> src\services\purchase_receipt_service.rs:273:25
    |
273 |             receipt_id: Set(receipt_id),
    |                         ^^^ not found in this scope
    |
help: consider importing this tuple variant
    |
6   + use sea_orm::Set;
    |

error[E0425]: cannot find function, tuple struct or tuple variant `Set` in this scope
   --> src\services\purchase_receipt_service.rs:274:28
    |
274 |             order_item_id: Set(req.order_item_id),
    |                            ^^^ not found in this scope
    |
help: consider importing this tuple variant
    |
6   + use sea_orm::Set;
    |

error[E0425]: cannot find function, tuple struct or tuple variant `Set` in this scope
   --> src\services\purchase_receipt_service.rs:275:22
    |
275 |             line_no: Set(req.line_no),
    |                      ^^^ not found in this scope
    |
help: consider importing this tuple variant
    |
6   + use sea_orm::Set;
    |

error[E0425]: cannot find function, tuple struct or tuple variant `Set` in this scope
   --> src\services\purchase_receipt_service.rs:276:26
    |
276 |             material_id: Set(req.material_id),
    |                          ^^^ not found in this scope
    |
help: consider importing this tuple variant
    |
6   + use sea_orm::Set;
    |

error[E0425]: cannot find function, tuple struct or tuple variant `Set` in this scope
   --> src\services\purchase_receipt_service.rs:277:28
    |
277 |             material_code: Set(req.material_code),
    |                            ^^^ not found in this scope
    |
help: consider importing this tuple variant
    |
6   + use sea_orm::Set;
    |

error[E0425]: cannot find function, tuple struct or tuple variant `Set` in this scope
   --> src\services\purchase_receipt_service.rs:278:28
    |
278 |             material_name: Set(req.material_name),
    |                            ^^^ not found in this scope
    |
help: consider importing this tuple variant
    |
6   + use sea_orm::Set;
    |

error[E0425]: cannot find function, tuple struct or tuple variant `Set` in this scope
   --> src\services\purchase_receipt_service.rs:279:23
    |
279 |             batch_no: Set(req.batch_no),
    |                       ^^^ not found in this scope
    |
help: consider importing this tuple variant
    |
6   + use sea_orm::Set;
    |

error[E0425]: cannot find function, tuple struct or tuple variant `Set` in this scope
   --> src\services\purchase_receipt_service.rs:280:25
    |
280 |             color_code: Set(req.color_code),
    |                         ^^^ not found in this scope
    |
help: consider importing this tuple variant
    |
6   + use sea_orm::Set;
    |

error[E0425]: cannot find function, tuple struct or tuple variant `Set` in this scope
   --> src\services\purchase_receipt_service.rs:281:21
    |
281 |             lot_no: Set(req.lot_no),
    |                     ^^^ not found in this scope
    |
help: consider importing this tuple variant
    |
6   + use sea_orm::Set;
    |

error[E0425]: cannot find function, tuple struct or tuple variant `Set` in this scope
   --> src\services\purchase_receipt_service.rs:282:20
    |
282 |             grade: Set(req.grade),
    |                    ^^^ not found in this scope
    |
help: consider importing this tuple variant
    |
6   + use sea_orm::Set;
    |

error[E0425]: cannot find function, tuple struct or tuple variant `Set` in this scope
   --> src\services\purchase_receipt_service.rs:283:26
    |
283 |             gram_weight: Set(req.gram_weight),
    |                          ^^^ not found in this scope
    |
help: consider importing this tuple variant
    |
6   + use sea_orm::Set;
    |

error[E0425]: cannot find function, tuple struct or tuple variant `Set` in this scope
   --> src\services\purchase_receipt_service.rs:284:20
    |
284 |             width: Set(req.width),
    |                    ^^^ not found in this scope
    |
help: consider importing this tuple variant
    |
6   + use sea_orm::Set;
    |

error[E0425]: cannot find function, tuple struct or tuple variant `Set` in this scope
   --> src\services\purchase_receipt_service.rs:285:23
    |
285 |             quantity: Set(req.quantity),
    |                       ^^^ not found in this scope
    |
help: consider importing this tuple variant
    |
6   + use sea_orm::Set;
    |

error[E0425]: cannot find function, tuple struct or tuple variant `Set` in this scope
   --> src\services\purchase_receipt_service.rs:286:27
    |
286 |             quantity_alt: Set(req.quantity_alt),
    |                           ^^^ not found in this scope
    |
help: consider importing this tuple variant
    |
6   + use sea_orm::Set;
    |

error[E0425]: cannot find function, tuple struct or tuple variant `Set` in this scope
   --> src\services\purchase_receipt_service.rs:287:26
    |
287 |             unit_master: Set(req.unit_master),
    |                          ^^^ not found in this scope
    |
help: consider importing this tuple variant
    |
6   + use sea_orm::Set;
    |

error[E0425]: cannot find function, tuple struct or tuple variant `Set` in this scope
   --> src\services\purchase_receipt_service.rs:288:23
    |
288 |             unit_alt: Set(req.unit_alt),
    |                       ^^^ not found in this scope
    |
help: consider importing this tuple variant
    |
6   + use sea_orm::Set;
    |

error[E0425]: cannot find function, tuple struct or tuple variant `Set` in this scope
   --> src\services\purchase_receipt_service.rs:289:25
    |
289 |             unit_price: Set(req.unit_price),
    |                         ^^^ not found in this scope
    |
help: consider importing this tuple variant
    |
6   + use sea_orm::Set;
    |

error[E0425]: cannot find function, tuple struct or tuple variant `Set` in this scope
   --> src\services\purchase_receipt_service.rs:290:21
    |
290 |             amount: Set(Some(amount)),
    |                     ^^^ not found in this scope
    |
help: consider importing this tuple variant
    |
6   + use sea_orm::Set;
    |

error[E0425]: cannot find function, tuple struct or tuple variant `Set` in this scope
   --> src\services\purchase_receipt_service.rs:291:28
    |
291 |             location_code: Set(req.location_code),
    |                            ^^^ not found in this scope
    |
help: consider importing this tuple variant
    |
6   + use sea_orm::Set;
    |

error[E0425]: cannot find function, tuple struct or tuple variant `Set` in this scope
   --> src\services\purchase_receipt_service.rs:292:25
    |
292 |             package_no: Set(req.package_no),
    |                         ^^^ not found in this scope
    |
help: consider importing this tuple variant
    |
6   + use sea_orm::Set;
    |

error[E0425]: cannot find function, tuple struct or tuple variant `Set` in this scope
   --> src\services\purchase_receipt_service.rs:293:30
    |
293 |             production_date: Set(req.production_date),
    |                              ^^^ not found in this scope
    |
help: consider importing this tuple variant
    |
6   + use sea_orm::Set;
    |

error[E0425]: cannot find function, tuple struct or tuple variant `Set` in this scope
   --> src\services\purchase_receipt_service.rs:294:25
    |
294 |             shelf_life: Set(req.shelf_life),
    |                         ^^^ not found in this scope
    |
help: consider importing this tuple variant
    |
6   + use sea_orm::Set;
    |

error[E0425]: cannot find function, tuple struct or tuple variant `Set` in this scope
   --> src\services\purchase_receipt_service.rs:295:20
    |
295 |             notes: Set(req.notes),
    |                    ^^^ not found in this scope
    |
help: consider importing this tuple variant
    |
6   + use sea_orm::Set;
    |

error[E0425]: cannot find function, tuple struct or tuple variant `Set` in this scope
   --> src\services\purchase_receipt_service.rs:342:35
    |
342 |             item_active.line_no = Set(line_no);
    |                                   ^^^ not found in this scope
    |
help: consider importing this tuple variant
    |
6   + use sea_orm::Set;
    |

error[E0425]: cannot find function, tuple struct or tuple variant `Set` in this scope
   --> src\services\purchase_receipt_service.rs:345:39
    |
345 |             item_active.material_id = Set(material_id);
    |                                       ^^^ not found in this scope
    |
help: consider importing this tuple variant
    |
6   + use sea_orm::Set;
    |

error[E0425]: cannot find function, tuple struct or tuple variant `Set` in this scope
   --> src\services\purchase_receipt_service.rs:348:41
    |
348 |             item_active.material_code = Set(material_code);
    |                                         ^^^ not found in this scope
    |
help: consider importing this tuple variant
    |
6   + use sea_orm::Set;
    |

error[E0425]: cannot find function, tuple struct or tuple variant `Set` in this scope
   --> src\services\purchase_receipt_service.rs:351:41
    |
351 |             item_active.material_name = Set(material_name);
    |                                         ^^^ not found in this scope
    |
help: consider importing this tuple variant
    |
6   + use sea_orm::Set;
    |

error[E0425]: cannot find function, tuple struct or tuple variant `Set` in this scope
   --> src\services\purchase_receipt_service.rs:354:36
    |
354 |             item_active.batch_no = Set(batch_no);
    |                                    ^^^ not found in this scope
    |
help: consider importing this tuple variant
    |
6   + use sea_orm::Set;
    |

error[E0425]: cannot find function, tuple struct or tuple variant `Set` in this scope
   --> src\services\purchase_receipt_service.rs:357:38
    |
357 |             item_active.color_code = Set(color_code);
    |                                      ^^^ not found in this scope
    |
help: consider importing this tuple variant
    |
6   + use sea_orm::Set;
    |

error[E0425]: cannot find function, tuple struct or tuple variant `Set` in this scope
   --> src\services\purchase_receipt_service.rs:360:34
    |
360 |             item_active.lot_no = Set(lot_no);
    |                                  ^^^ not found in this scope
    |
help: consider importing this tuple variant
    |
6   + use sea_orm::Set;
    |

error[E0425]: cannot find function, tuple struct or tuple variant `Set` in this scope
   --> src\services\purchase_receipt_service.rs:363:33
    |
363 |             item_active.grade = Set(grade);
    |                                 ^^^ not found in this scope
    |
help: consider importing this tuple variant
    |
6   + use sea_orm::Set;
    |

error[E0425]: cannot find function, tuple struct or tuple variant `Set` in this scope
   --> src\services\purchase_receipt_service.rs:366:39
    |
366 |             item_active.gram_weight = Set(gram_weight);
    |                                       ^^^ not found in this scope
    |
help: consider importing this tuple variant
    |
6   + use sea_orm::Set;
    |

error[E0425]: cannot find function, tuple struct or tuple variant `Set` in this scope
   --> src\services\purchase_receipt_service.rs:369:33
    |
369 |             item_active.width = Set(width);
    |                                 ^^^ not found in this scope
    |
help: consider importing this tuple variant
    |
6   + use sea_orm::Set;
    |

error[E0425]: cannot find function, tuple struct or tuple variant `Set` in this scope
   --> src\services\purchase_receipt_service.rs:372:36
    |
372 |             item_active.quantity = Set(quantity);
    |                                    ^^^ not found in this scope
    |
help: consider importing this tuple variant
    |
6   + use sea_orm::Set;
    |

error[E0425]: cannot find function, tuple struct or tuple variant `Set` in this scope
   --> src\services\purchase_receipt_service.rs:375:40
    |
375 |             item_active.quantity_alt = Set(quantity_alt);
    |                                        ^^^ not found in this scope
    |
help: consider importing this tuple variant
    |
6   + use sea_orm::Set;
    |

error[E0425]: cannot find function, tuple struct or tuple variant `Set` in this scope
   --> src\services\purchase_receipt_service.rs:378:38
    |
378 |             item_active.unit_price = Set(unit_price);
    |                                      ^^^ not found in this scope
    |
help: consider importing this tuple variant
    |
6   + use sea_orm::Set;
    |

error[E0425]: cannot find function, tuple struct or tuple variant `Set` in this scope
   --> src\services\purchase_receipt_service.rs:381:41
    |
381 |             item_active.location_code = Set(location_code);
    |                                         ^^^ not found in this scope
    |
help: consider importing this tuple variant
    |
6   + use sea_orm::Set;
    |

error[E0425]: cannot find function, tuple struct or tuple variant `Set` in this scope
   --> src\services\purchase_receipt_service.rs:384:33
    |
384 |             item_active.notes = Set(notes);
    |                                 ^^^ not found in this scope
    |
help: consider importing this tuple variant
    |
6   + use sea_orm::Set;
    |

error[E0425]: cannot find function, tuple struct or tuple variant `Set` in this scope
   --> src\services\purchase_receipt_service.rs:469:41
    |
469 |         receipt_active.total_quantity = Set(total_quantity);
    |                                         ^^^ not found in this scope
    |
help: consider importing this tuple variant
    |
6   + use sea_orm::Set;
    |

error[E0425]: cannot find function, tuple struct or tuple variant `Set` in this scope
   --> src\services\purchase_receipt_service.rs:470:45
    |
470 |         receipt_active.total_quantity_alt = Set(total_quantity_alt);
    |                                             ^^^ not found in this scope
    |
help: consider importing this tuple variant
    |
6   + use sea_orm::Set;
    |

error[E0425]: cannot find function, tuple struct or tuple variant `Set` in this scope
   --> src\services\purchase_receipt_service.rs:471:39
    |
471 |         receipt_active.total_amount = Set(total_amount);
    |                                       ^^^ not found in this scope
    |
help: consider importing this tuple variant
    |
6   + use sea_orm::Set;
    |

error[E0425]: cannot find function, tuple struct or tuple variant `Set` in this scope
   --> src\services\purchase_receipt_service.rs:472:37
    |
472 |         receipt_active.updated_at = Set(Utc::now().naive_utc());
    |                                     ^^^ not found in this scope
    |
help: consider importing this tuple variant
    |
6   + use sea_orm::Set;
    |

error[E0425]: cannot find function, tuple struct or tuple variant `Set` in this scope
  --> src\services\purchase_return_service.rs:53:24
   |
53 |             return_no: Set(return_no),
   |                        ^^^ not found in this scope
   |
help: consider importing this tuple variant
   |
5  + use sea_orm::Set;
   |

error[E0425]: cannot find function, tuple struct or tuple variant `Set` in this scope
  --> src\services\purchase_return_service.rs:54:25
   |
54 |             receipt_id: Set(req.receipt_id),
   |                         ^^^ not found in this scope
   |
help: consider importing this tuple variant
   |
5  + use sea_orm::Set;
   |

error[E0425]: cannot find function, tuple struct or tuple variant `Set` in this scope
  --> src\services\purchase_return_service.rs:55:23
   |
55 |             order_id: Set(req.order_id),
   |                       ^^^ not found in this scope
   |
help: consider importing this tuple variant
   |
5  + use sea_orm::Set;
   |

error[E0425]: cannot find function, tuple struct or tuple variant `Set` in this scope
  --> src\services\purchase_return_service.rs:56:26
   |
56 |             supplier_id: Set(req.supplier_id),
   |                          ^^^ not found in this scope
   |
help: consider importing this tuple variant
   |
5  + use sea_orm::Set;
   |

error[E0425]: cannot find function, tuple struct or tuple variant `Set` in this scope
  --> src\services\purchase_return_service.rs:57:26
   |
57 |             return_date: Set(req.return_date),
   |                          ^^^ not found in this scope
   |
help: consider importing this tuple variant
   |
5  + use sea_orm::Set;
   |

error[E0425]: cannot find function, tuple struct or tuple variant `Set` in this scope
  --> src\services\purchase_return_service.rs:58:27
   |
58 |             warehouse_id: Set(req.warehouse_id),
   |                           ^^^ not found in this scope
   |
help: consider importing this tuple variant
   |
5  + use sea_orm::Set;
   |

error[E0425]: cannot find function, tuple struct or tuple variant `Set` in this scope
  --> src\services\purchase_return_service.rs:59:28
   |
59 |             department_id: Set(req.department_id),
   |                            ^^^ not found in this scope
   |
help: consider importing this tuple variant
   |
5  + use sea_orm::Set;
   |

error[E0425]: cannot find function, tuple struct or tuple variant `Set` in this scope
  --> src\services\purchase_return_service.rs:60:26
   |
60 |             reason_type: Set(req.reason_type),
   |                          ^^^ not found in this scope
   |
help: consider importing this tuple variant
   |
5  + use sea_orm::Set;
   |

error[E0425]: cannot find function, tuple struct or tuple variant `Set` in this scope
  --> src\services\purchase_return_service.rs:61:28
   |
61 |             reason_detail: Set(req.reason_detail),
   |                            ^^^ not found in this scope
   |
help: consider importing this tuple variant
   |
5  + use sea_orm::Set;
   |

error[E0425]: cannot find function, tuple struct or tuple variant `Set` in this scope
  --> src\services\purchase_return_service.rs:62:28
   |
62 |             return_status: Set("DRAFT".to_string()),
   |                            ^^^ not found in this scope
   |
help: consider importing this tuple variant
   |
5  + use sea_orm::Set;
   |

error[E0425]: cannot find function, tuple struct or tuple variant `Set` in this scope
  --> src\services\purchase_return_service.rs:63:20
   |
63 |             notes: Set(req.notes),
   |                    ^^^ not found in this scope
   |
help: consider importing this tuple variant
   |
5  + use sea_orm::Set;
   |

error[E0425]: cannot find function, tuple struct or tuple variant `Set` in this scope
  --> src\services\purchase_return_service.rs:64:25
   |
64 |             created_by: Set(user_id),
   |                         ^^^ not found in this scope
   |
help: consider importing this tuple variant
   |
5  + use sea_orm::Set;
   |

error[E0425]: cannot find function, tuple struct or tuple variant `Set` in this scope
  --> src\services\purchase_return_service.rs:94:43
   |
94 |             return_active.reason_detail = Set(Some(reason_detail));
   |                                           ^^^ not found in this scope
   |
help: consider importing this tuple variant
   |
5  + use sea_orm::Set;
   |

error[E0425]: cannot find function, tuple struct or tuple variant `Set` in this scope
  --> src\services\purchase_return_service.rs:97:35
   |
97 |             return_active.notes = Set(notes);
   |                                   ^^^ not found in this scope
   |
help: consider importing this tuple variant
   |
5  + use sea_orm::Set;
   |

error[E0425]: cannot find function, tuple struct or tuple variant `Set` in this scope
   --> src\services\purchase_return_service.rs:100:36
    |
100 |         return_active.updated_by = Set(Some(user_id));
    |                                    ^^^ not found in this scope
    |
help: consider importing this tuple variant
    |
5   + use sea_orm::Set;
    |

error[E0425]: cannot find function, tuple struct or tuple variant `Set` in this scope
   --> src\services\purchase_return_service.rs:125:39
    |
125 |         return_active.return_status = Set("SUBMITTED".to_string());
    |                                       ^^^ not found in this scope
    |
help: consider importing this tuple variant
    |
5   + use sea_orm::Set;
    |

error[E0425]: cannot find function, tuple struct or tuple variant `Set` in this scope
   --> src\services\purchase_return_service.rs:126:36
    |
126 |         return_active.updated_by = Set(Some(user_id));
    |                                    ^^^ not found in this scope
    |
help: consider importing this tuple variant
    |
5   + use sea_orm::Set;
    |

error[E0425]: cannot find function, tuple struct or tuple variant `Set` in this scope
   --> src\services\purchase_return_service.rs:152:39
    |
152 |         return_active.return_status = Set("APPROVED".to_string());
    |                                       ^^^ not found in this scope
    |
help: consider importing this tuple variant
    |
5   + use sea_orm::Set;
    |

error[E0425]: cannot find function, tuple struct or tuple variant `Set` in this scope
   --> src\services\purchase_return_service.rs:153:37
    |
153 |         return_active.approved_by = Set(Some(user_id));
    |                                     ^^^ not found in this scope
    |
help: consider importing this tuple variant
    |
5   + use sea_orm::Set;
    |

error[E0425]: cannot find function, tuple struct or tuple variant `Set` in this scope
   --> src\services\purchase_return_service.rs:154:37
    |
154 |         return_active.approved_at = Set(Some(now));
    |                                     ^^^ not found in this scope
    |
help: consider importing this tuple variant
    |
5   + use sea_orm::Set;
    |

error[E0425]: cannot find function, tuple struct or tuple variant `Set` in this scope
   --> src\services\purchase_return_service.rs:155:36
    |
155 |         return_active.updated_by = Set(Some(user_id));
    |                                    ^^^ not found in this scope
    |
help: consider importing this tuple variant
    |
5   + use sea_orm::Set;
    |

error[E0425]: cannot find function, tuple struct or tuple variant `Set` in this scope
   --> src\services\purchase_return_service.rs:182:39
    |
182 |         return_active.return_status = Set("REJECTED".to_string());
    |                                       ^^^ not found in this scope
    |
help: consider importing this tuple variant
    |
5   + use sea_orm::Set;
    |

error[E0425]: cannot find function, tuple struct or tuple variant `Set` in this scope
   --> src\services\purchase_return_service.rs:183:41
    |
183 |         return_active.rejected_reason = Set(Some(reason));
    |                                         ^^^ not found in this scope
    |
help: consider importing this tuple variant
    |
5   + use sea_orm::Set;
    |

error[E0425]: cannot find function, tuple struct or tuple variant `Set` in this scope
   --> src\services\purchase_return_service.rs:184:37
    |
184 |         return_active.approved_by = Set(Some(user_id));
    |                                     ^^^ not found in this scope
    |
help: consider importing this tuple variant
    |
5   + use sea_orm::Set;
    |

error[E0425]: cannot find function, tuple struct or tuple variant `Set` in this scope
   --> src\services\purchase_return_service.rs:185:37
    |
185 |         return_active.approved_at = Set(Some(now));
    |                                     ^^^ not found in this scope
    |
help: consider importing this tuple variant
    |
5   + use sea_orm::Set;
    |

error[E0425]: cannot find function, tuple struct or tuple variant `Set` in this scope
   --> src\services\purchase_return_service.rs:186:36
    |
186 |         return_active.updated_by = Set(Some(user_id));
    |                                    ^^^ not found in this scope
    |
help: consider importing this tuple variant
    |
5   + use sea_orm::Set;
    |

error[E0425]: cannot find function, tuple struct or tuple variant `Set` in this scope
  --> src\services\purchase_inspection_service.rs:51:28
   |
51 |             inspection_no: Set(inspection_no),
   |                            ^^^ not found in this scope
   |
help: consider importing this tuple variant
   |
5  + use sea_orm::Set;
   |

error[E0425]: cannot find function, tuple struct or tuple variant `Set` in this scope
  --> src\services\purchase_inspection_service.rs:52:25
   |
52 |             receipt_id: Set(req.receipt_id),
   |                         ^^^ not found in this scope
   |
help: consider importing this tuple variant
   |
5  + use sea_orm::Set;
   |

error[E0425]: cannot find function, tuple struct or tuple variant `Set` in this scope
  --> src\services\purchase_inspection_service.rs:53:23
   |
53 |             order_id: Set(req.order_id),
   |                       ^^^ not found in this scope
   |
help: consider importing this tuple variant
   |
5  + use sea_orm::Set;
   |

error[E0425]: cannot find function, tuple struct or tuple variant `Set` in this scope
  --> src\services\purchase_inspection_service.rs:54:26
   |
54 |             supplier_id: Set(req.supplier_id),
   |                          ^^^ not found in this scope
   |
help: consider importing this tuple variant
   |
5  + use sea_orm::Set;
   |

error[E0425]: cannot find function, tuple struct or tuple variant `Set` in this scope
  --> src\services\purchase_inspection_service.rs:55:30
   |
55 |             inspection_date: Set(req.inspection_date),
   |                              ^^^ not found in this scope
   |
help: consider importing this tuple variant
   |
5  + use sea_orm::Set;
   |

error[E0425]: cannot find function, tuple struct or tuple variant `Set` in this scope
  --> src\services\purchase_inspection_service.rs:56:27
   |
56 |             inspector_id: Set(req.inspector_id),
   |                           ^^^ not found in this scope
   |
help: consider importing this tuple variant
   |
5  + use sea_orm::Set;
   |

error[E0425]: cannot find function, tuple struct or tuple variant `Set` in this scope
  --> src\services\purchase_inspection_service.rs:57:30
   |
57 |             inspection_type: Set(req.inspection_type.unwrap_or_else(|| "NORMAL".to_string())),
   |                              ^^^ not found in this scope
   |
help: consider importing this tuple variant
   |
5  + use sea_orm::Set;
   |

error[E0425]: cannot find function, tuple struct or tuple variant `Set` in this scope
  --> src\services\purchase_inspection_service.rs:58:32
   |
58 |             inspection_status: Set("PENDING".to_string()),
   |                                ^^^ not found in this scope
   |
help: consider importing this tuple variant
   |
5  + use sea_orm::Set;
   |

error[E0425]: cannot find function, tuple struct or tuple variant `Set` in this scope
  --> src\services\purchase_inspection_service.rs:59:20
   |
59 |             notes: Set(req.notes),
   |                    ^^^ not found in this scope
   |
help: consider importing this tuple variant
   |
5  + use sea_orm::Set;
   |

error[E0425]: cannot find function, tuple struct or tuple variant `Set` in this scope
  --> src\services\purchase_inspection_service.rs:87:45
   |
87 |             inspection_active.sample_size = Set(Some(sample_size));
   |                                             ^^^ not found in this scope
   |
help: consider importing this tuple variant
   |
5  + use sea_orm::Set;
   |

error[E0425]: cannot find function, tuple struct or tuple variant `Set` in this scope
  --> src\services\purchase_inspection_service.rs:90:52
   |
90 |             inspection_active.defect_description = Set(Some(defect_description));
   |                                                    ^^^ not found in this scope
   |
help: consider importing this tuple variant
   |
5  + use sea_orm::Set;
   |

error[E0425]: cannot find function, tuple struct or tuple variant `Set` in this scope
  --> src\services\purchase_inspection_service.rs:93:39
   |
93 |             inspection_active.notes = Set(notes);
   |                                       ^^^ not found in this scope
   |
help: consider importing this tuple variant
   |
5  + use sea_orm::Set;
   |

error[E0425]: cannot find function, tuple struct or tuple variant `Set` in this scope
  --> src\services\purchase_inspection_service.rs:96:40
   |
96 |         inspection_active.updated_by = Set(Some(user_id));
   |                                        ^^^ not found in this scope
   |
help: consider importing this tuple variant
   |
5  + use sea_orm::Set;
   |

error[E0425]: cannot find function, tuple struct or tuple variant `Set` in this scope
   --> src\services\purchase_inspection_service.rs:131:43
    |
131 |         inspection_active.pass_quantity = Set(Some(req.pass_quantity));
    |                                           ^^^ not found in this scope
    |
help: consider importing this tuple variant
    |
5   + use sea_orm::Set;
    |

error[E0425]: cannot find function, tuple struct or tuple variant `Set` in this scope
   --> src\services\purchase_inspection_service.rs:132:45
    |
132 |         inspection_active.reject_quantity = Set(Some(req.reject_quantity));
    |                                             ^^^ not found in this scope
    |
help: consider importing this tuple variant
    |
5   + use sea_orm::Set;
    |

error[E0425]: cannot find function, tuple struct or tuple variant `Set` in this scope
   --> src\services\purchase_inspection_service.rs:133:42
    |
133 |         inspection_active.defect_count = Set(Some(req.reject_quantity.to_string().parse().unwrap_or(0)));
    |                                          ^^^ not found in this scope
    |
help: consider importing this tuple variant
    |
5   + use sea_orm::Set;
    |

error[E0425]: cannot find function, tuple struct or tuple variant `Set` in this scope
   --> src\services\purchase_inspection_service.rs:134:47
    |
134 |         inspection_active.inspection_result = Set(req.inspection_result);
    |                                               ^^^ not found in this scope
    |
help: consider importing this tuple variant
    |
5   + use sea_orm::Set;
    |

error[E0425]: cannot find function, tuple struct or tuple variant `Set` in this scope
   --> src\services\purchase_inspection_service.rs:135:43
    |
135 |         inspection_active.quality_score = Set(Some(quality_score));
    |                                           ^^^ not found in this scope
    |
help: consider importing this tuple variant
    |
5   + use sea_orm::Set;
    |

error[E0425]: cannot find function, tuple struct or tuple variant `Set` in this scope
   --> src\services\purchase_inspection_service.rs:136:47
    |
136 |         inspection_active.inspection_status = Set("COMPLETED".to_string());
    |                                               ^^^ not found in this scope
    |
help: consider importing this tuple variant
    |
5   + use sea_orm::Set;
    |

error[E0425]: cannot find function, tuple struct or tuple variant `Set` in this scope
   --> src\services\purchase_inspection_service.rs:137:42
    |
137 |         inspection_active.completed_at = Set(Some(now));
    |                                          ^^^ not found in this scope
    |
help: consider importing this tuple variant
    |
5   + use sea_orm::Set;
    |

error[E0425]: cannot find function, tuple struct or tuple variant `Set` in this scope
   --> src\services\purchase_inspection_service.rs:138:42
    |
138 |         inspection_active.completed_by = Set(Some(user_id));
    |                                          ^^^ not found in this scope
    |
help: consider importing this tuple variant
    |
5   + use sea_orm::Set;
    |

error[E0425]: cannot find function, tuple struct or tuple variant `Set` in this scope
   --> src\services\purchase_inspection_service.rs:139:40
    |
139 |         inspection_active.updated_by = Set(Some(user_id));
    |                                        ^^^ not found in this scope
    |
help: consider importing this tuple variant
    |
5   + use sea_orm::Set;
    |

error[E0425]: cannot find function, tuple struct or tuple variant `Set` in this scope
  --> src\services\ap_invoice_service.rs:91:25
   |
91 |             invoice_no: Set(invoice_no),
   |                         ^^^ not found in this scope
   |
help: consider importing this tuple variant
   |
6  + use sea_orm::Set;
   |

error[E0425]: cannot find function, tuple struct or tuple variant `Set` in this scope
  --> src\services\ap_invoice_service.rs:92:26
   |
92 |             supplier_id: Set(receipt.supplier_id),
   |                          ^^^ not found in this scope
   |
help: consider importing this tuple variant
   |
6  + use sea_orm::Set;
   |

error[E0425]: cannot find function, tuple struct or tuple variant `Set` in this scope
  --> src\services\ap_invoice_service.rs:93:27
   |
93 |             invoice_type: Set("PURCHASE".to_string()),
   |                           ^^^ not found in this scope
   |
help: consider importing this tuple variant
   |
6  + use sea_orm::Set;
   |

error[E0425]: cannot find function, tuple struct or tuple variant `Set` in this scope
  --> src\services\ap_invoice_service.rs:94:26
   |
94 |             source_type: Set(Some("PURCHASE_RECEIPT".to_string())),
   |                          ^^^ not found in this scope
   |
help: consider importing this tuple variant
   |
6  + use sea_orm::Set;
   |

error[E0425]: cannot find function, tuple struct or tuple variant `Set` in this scope
  --> src\services\ap_invoice_service.rs:95:24
   |
95 |             source_id: Set(Some(receipt_id)),
   |                        ^^^ not found in this scope
   |
help: consider importing this tuple variant
   |
6  + use sea_orm::Set;
   |

error[E0425]: cannot find function, tuple struct or tuple variant `Set` in this scope
  --> src\services\ap_invoice_service.rs:96:27
   |
96 |             invoice_date: Set(invoice_date),
   |                           ^^^ not found in this scope
   |
help: consider importing this tuple variant
   |
6  + use sea_orm::Set;
   |

error[E0425]: cannot find function, tuple struct or tuple variant `Set` in this scope
  --> src\services\ap_invoice_service.rs:97:23
   |
97 |             due_date: Set(due_date),
   |                       ^^^ not found in this scope
   |
help: consider importing this tuple variant
   |
6  + use sea_orm::Set;
   |

error[E0425]: cannot find function, tuple struct or tuple variant `Set` in this scope
  --> src\services\ap_invoice_service.rs:98:28
   |
98 |             payment_terms: Set(payment_terms),
   |                            ^^^ not found in this scope
   |
help: consider importing this tuple variant
   |
6  + use sea_orm::Set;
   |

error[E0425]: cannot find function, tuple struct or tuple variant `Set` in this scope
  --> src\services\ap_invoice_service.rs:99:21
   |
99 |             amount: Set(receipt.total_amount),
   |                     ^^^ not found in this scope
   |
help: consider importing this tuple variant
   |
6  + use sea_orm::Set;
   |

error[E0425]: cannot find function, tuple struct or tuple variant `Set` in this scope
   --> src\services\ap_invoice_service.rs:100:26
    |
100 |             paid_amount: Set(Decimal::new(0, 2)),
    |                          ^^^ not found in this scope
    |
help: consider importing this tuple variant
    |
6   + use sea_orm::Set;
    |

error[E0425]: cannot find function, tuple struct or tuple variant `Set` in this scope
   --> src\services\ap_invoice_service.rs:101:28
    |
101 |             unpaid_amount: Set(receipt.total_amount),
    |                            ^^^ not found in this scope
    |
help: consider importing this tuple variant
    |
6   + use sea_orm::Set;
    |

error[E0425]: cannot find function, tuple struct or tuple variant `Set` in this scope
   --> src\services\ap_invoice_service.rs:102:29
    |
102 |             invoice_status: Set("AUDITED".to_string()), // 鑷姩鐢熸垚鐩存帴瀹℃牳
    |                             ^^^ not found in this scope
    |
help: consider importing this tuple variant
    |
6   + use sea_orm::Set;
    |

error[E0425]: cannot find function, tuple struct or tuple variant `Set` in this scope
   --> src\services\ap_invoice_service.rs:103:23
    |
103 |             currency: Set(receipt.currency.clone().unwrap_or_else(|| "CNY".to_string())),
    |                       ^^^ not found in this scope
    |
help: consider importing this tuple variant
    |
6   + use sea_orm::Set;
    |

error[E0425]: cannot find function, tuple struct or tuple variant `Set` in this scope
   --> src\services\ap_invoice_service.rs:104:28
    |
104 |             exchange_rate: Set(receipt.exchange_rate),
    |                            ^^^ not found in this scope
    |
help: consider importing this tuple variant
    |
6   + use sea_orm::Set;
    |

error[E0425]: cannot find function, tuple struct or tuple variant `Set` in this scope
   --> src\services\ap_invoice_service.rs:105:25
    |
105 |             tax_amount: Set(Decimal::new(0, 2)),
    |                         ^^^ not found in this scope
    |
help: consider importing this tuple variant
    |
6   + use sea_orm::Set;
    |

error[E0425]: cannot find function, tuple struct or tuple variant `Set` in this scope
   --> src\services\ap_invoice_service.rs:106:25
    |
106 |             created_by: Set(user_id),
    |                         ^^^ not found in this scope
    |
help: consider importing this tuple variant
    |
6   + use sea_orm::Set;
    |

error[E0425]: cannot find function, tuple struct or tuple variant `Set` in this scope
   --> src\services\ap_invoice_service.rs:155:25
    |
155 |             invoice_no: Set(invoice_no),
    |                         ^^^ not found in this scope
    |
help: consider importing this tuple variant
    |
6   + use sea_orm::Set;
    |

error[E0425]: cannot find function, tuple struct or tuple variant `Set` in this scope
   --> src\services\ap_invoice_service.rs:156:26
    |
156 |             supplier_id: Set(return_doc.supplier_id),
    |                          ^^^ not found in this scope
    |
help: consider importing this tuple variant
    |
6   + use sea_orm::Set;
    |

error[E0425]: cannot find function, tuple struct or tuple variant `Set` in this scope
   --> src\services\ap_invoice_service.rs:157:27
    |
157 |             invoice_type: Set("PURCHASE".to_string()),
    |                           ^^^ not found in this scope
    |
help: consider importing this tuple variant
    |
6   + use sea_orm::Set;
    |

error[E0425]: cannot find function, tuple struct or tuple variant `Set` in this scope
   --> src\services\ap_invoice_service.rs:158:26
    |
158 |             source_type: Set(Some("PURCHASE_RETURN".to_string())),
    |                          ^^^ not found in this scope
    |
help: consider importing this tuple variant
    |
6   + use sea_orm::Set;
    |

error[E0425]: cannot find function, tuple struct or tuple variant `Set` in this scope
   --> src\services\ap_invoice_service.rs:159:24
    |
159 |             source_id: Set(Some(return_id)),
    |                        ^^^ not found in this scope
    |
help: consider importing this tuple variant
    |
6   + use sea_orm::Set;
    |

error[E0425]: cannot find function, tuple struct or tuple variant `Set` in this scope
   --> src\services\ap_invoice_service.rs:160:27
    |
160 |             invoice_date: Set(invoice_date),
    |                           ^^^ not found in this scope
    |
help: consider importing this tuple variant
    |
6   + use sea_orm::Set;
    |

error[E0425]: cannot find function, tuple struct or tuple variant `Set` in this scope
   --> src\services\ap_invoice_service.rs:161:23
    |
161 |             due_date: Set(due_date),
    |                       ^^^ not found in this scope
    |
help: consider importing this tuple variant
    |
6   + use sea_orm::Set;
    |

error[E0425]: cannot find function, tuple struct or tuple variant `Set` in this scope
   --> src\services\ap_invoice_service.rs:162:28
    |
162 |             payment_terms: Set(payment_terms),
    |                            ^^^ not found in this scope
    |
help: consider importing this tuple variant
    |
6   + use sea_orm::Set;
    |

error[E0425]: cannot find function, tuple struct or tuple variant `Set` in this scope
   --> src\services\ap_invoice_service.rs:163:21
    |
163 |             amount: Set(amount),
    |                     ^^^ not found in this scope
    |
help: consider importing this tuple variant
    |
6   + use sea_orm::Set;
    |

error[E0425]: cannot find function, tuple struct or tuple variant `Set` in this scope
   --> src\services\ap_invoice_service.rs:164:26
    |
164 |             paid_amount: Set(Decimal::new(0, 2)),
    |                          ^^^ not found in this scope
    |
help: consider importing this tuple variant
    |
6   + use sea_orm::Set;
    |

error[E0425]: cannot find function, tuple struct or tuple variant `Set` in this scope
   --> src\services\ap_invoice_service.rs:165:28
    |
165 |             unpaid_amount: Set(amount),
    |                            ^^^ not found in this scope
    |
help: consider importing this tuple variant
    |
6   + use sea_orm::Set;
    |

error[E0425]: cannot find function, tuple struct or tuple variant `Set` in this scope
   --> src\services\ap_invoice_service.rs:166:29
    |
166 |             invoice_status: Set("AUDITED".to_string()), // 鑷姩鐢熸垚鐩存帴瀹℃牳
    |                             ^^^ not found in this scope
    |
help: consider importing this tuple variant
    |
6   + use sea_orm::Set;
    |

error[E0425]: cannot find function, tuple struct or tuple variant `Set` in this scope
   --> src\services\ap_invoice_service.rs:167:23
    |
167 |             currency: Set(return_doc.currency.clone().unwrap_or_else(|| "CNY".to_string())),
    |                       ^^^ not found in this scope
    |
help: consider importing this tuple variant
    |
6   + use sea_orm::Set;
    |

error[E0425]: cannot find function, tuple struct or tuple variant `Set` in this scope
   --> src\services\ap_invoice_service.rs:168:28
    |
168 |             exchange_rate: Set(return_doc.exchange_rate),
    |                            ^^^ not found in this scope
    |
help: consider importing this tuple variant
    |
6   + use sea_orm::Set;
    |

error[E0425]: cannot find function, tuple struct or tuple variant `Set` in this scope
   --> src\services\ap_invoice_service.rs:169:25
    |
169 |             tax_amount: Set(Decimal::new(0, 2)),
    |                         ^^^ not found in this scope
    |
help: consider importing this tuple variant
    |
6   + use sea_orm::Set;
    |

error[E0425]: cannot find function, tuple struct or tuple variant `Set` in this scope
   --> src\services\ap_invoice_service.rs:170:25
    |
170 |             created_by: Set(user_id),
    |                         ^^^ not found in this scope
    |
help: consider importing this tuple variant
    |
6   + use sea_orm::Set;
    |

error[E0425]: cannot find function, tuple struct or tuple variant `Set` in this scope
   --> src\services\ap_invoice_service.rs:192:25
    |
192 |             invoice_no: Set(invoice_no),
    |                         ^^^ not found in this scope
    |
help: consider importing this tuple variant
    |
6   + use sea_orm::Set;
    |

error[E0425]: cannot find function, tuple struct or tuple variant `Set` in this scope
   --> src\services\ap_invoice_service.rs:193:26
    |
193 |             supplier_id: Set(req.supplier_id),
    |                          ^^^ not found in this scope
    |
help: consider importing this tuple variant
    |
6   + use sea_orm::Set;
    |

error[E0425]: cannot find function, tuple struct or tuple variant `Set` in this scope
   --> src\services\ap_invoice_service.rs:194:27
    |
194 |             invoice_type: Set(req.invoice_type),
    |                           ^^^ not found in this scope
    |
help: consider importing this tuple variant
    |
6   + use sea_orm::Set;
    |

error[E0425]: cannot find function, tuple struct or tuple variant `Set` in this scope
   --> src\services\ap_invoice_service.rs:195:26
    |
195 |             source_type: Set(Some("MANUAL".to_string())),
    |                          ^^^ not found in this scope
    |
help: consider importing this tuple variant
    |
6   + use sea_orm::Set;
    |

error[E0425]: cannot find function, tuple struct or tuple variant `Set` in this scope
   --> src\services\ap_invoice_service.rs:196:24
    |
196 |             source_id: Set(None),
    |                        ^^^ not found in this scope
    |
help: consider importing this tuple variant
    |
6   + use sea_orm::Set;
    |

error[E0425]: cannot find function, tuple struct or tuple variant `Set` in this scope
   --> src\services\ap_invoice_service.rs:197:27
    |
197 |             invoice_date: Set(req.invoice_date),
    |                           ^^^ not found in this scope
    |
help: consider importing this tuple variant
    |
6   + use sea_orm::Set;
    |

error[E0425]: cannot find function, tuple struct or tuple variant `Set` in this scope
   --> src\services\ap_invoice_service.rs:198:23
    |
198 |             due_date: Set(req.due_date),
    |                       ^^^ not found in this scope
    |
help: consider importing this tuple variant
    |
6   + use sea_orm::Set;
    |

error[E0425]: cannot find function, tuple struct or tuple variant `Set` in this scope
   --> src\services\ap_invoice_service.rs:199:28
    |
199 |             payment_terms: Set(req.payment_terms),
    |                            ^^^ not found in this scope
    |
help: consider importing this tuple variant
    |
6   + use sea_orm::Set;
    |

error[E0425]: cannot find function, tuple struct or tuple variant `Set` in this scope
   --> src\services\ap_invoice_service.rs:200:21
    |
200 |             amount: Set(req.amount),
    |                     ^^^ not found in this scope
    |
help: consider importing this tuple variant
    |
6   + use sea_orm::Set;
    |

error[E0425]: cannot find function, tuple struct or tuple variant `Set` in this scope
   --> src\services\ap_invoice_service.rs:201:26
    |
201 |             paid_amount: Set(Decimal::new(0, 2)),
    |                          ^^^ not found in this scope
    |
help: consider importing this tuple variant
    |
6   + use sea_orm::Set;
    |

error[E0425]: cannot find function, tuple struct or tuple variant `Set` in this scope
   --> src\services\ap_invoice_service.rs:202:28
    |
202 |             unpaid_amount: Set(req.amount),
    |                            ^^^ not found in this scope
    |
help: consider importing this tuple variant
    |
6   + use sea_orm::Set;
    |

error[E0425]: cannot find function, tuple struct or tuple variant `Set` in this scope
   --> src\services\ap_invoice_service.rs:203:29
    |
203 |             invoice_status: Set("DRAFT".to_string()),
    |                             ^^^ not found in this scope
    |
help: consider importing this tuple variant
    |
6   + use sea_orm::Set;
    |

error[E0425]: cannot find function, tuple struct or tuple variant `Set` in this scope
   --> src\services\ap_invoice_service.rs:204:23
    |
204 |             currency: Set(req.currency.unwrap_or_else(|| "CNY".to_string())),
    |                       ^^^ not found in this scope
    |
help: consider importing this tuple variant
    |
6   + use sea_orm::Set;
    |

error[E0425]: cannot find function, tuple struct or tuple variant `Set` in this scope
   --> src\services\ap_invoice_service.rs:205:28
    |
205 |             exchange_rate: Set(req.exchange_rate.unwrap_or(Decimal::new(1, 0))),
    |                            ^^^ not found in this scope
    |
help: consider importing this tuple variant
    |
6   + use sea_orm::Set;
    |

error[E0425]: cannot find function, tuple struct or tuple variant `Set` in this scope
   --> src\services\ap_invoice_service.rs:206:25
    |
206 |             tax_amount: Set(req.tax_amount.unwrap_or(Decimal::new(0, 2))),
    |                         ^^^ not found in this scope
    |
help: consider importing this tuple variant
    |
6   + use sea_orm::Set;
    |

error[E0425]: cannot find function, tuple struct or tuple variant `Set` in this scope
   --> src\services\ap_invoice_service.rs:207:20
    |
207 |             notes: Set(req.notes),
    |                    ^^^ not found in this scope
    |
help: consider importing this tuple variant
    |
6   + use sea_orm::Set;
    |

error[E0425]: cannot find function, tuple struct or tuple variant `Set` in this scope
   --> src\services\ap_invoice_service.rs:208:30
    |
208 |             attachment_urls: Set(req.attachment_urls),
    |                              ^^^ not found in this scope
    |
help: consider importing this tuple variant
    |
6   + use sea_orm::Set;
    |

error[E0425]: cannot find function, tuple struct or tuple variant `Set` in this scope
   --> src\services\ap_invoice_service.rs:209:25
    |
209 |             created_by: Set(user_id),
    |                         ^^^ not found in this scope
    |
help: consider importing this tuple variant
    |
6   + use sea_orm::Set;
    |

error[E0425]: cannot find function, tuple struct or tuple variant `Set` in this scope
   --> src\services\ap_invoice_service.rs:247:43
    |
247 |             invoice_active.invoice_type = Set(invoice_type);
    |                                           ^^^ not found in this scope
    |
help: consider importing this tuple variant
    |
6   + use sea_orm::Set;
    |

error[E0425]: cannot find function, tuple struct or tuple variant `Set` in this scope
   --> src\services\ap_invoice_service.rs:250:43
    |
250 |             invoice_active.invoice_date = Set(invoice_date);
    |                                           ^^^ not found in this scope
    |
help: consider importing this tuple variant
    |
6   + use sea_orm::Set;
    |

error[E0425]: cannot find function, tuple struct or tuple variant `Set` in this scope
   --> src\services\ap_invoice_service.rs:253:39
    |
253 |             invoice_active.due_date = Set(due_date);
    |                                       ^^^ not found in this scope
    |
help: consider importing this tuple variant
    |
6   + use sea_orm::Set;
    |

error[E0425]: cannot find function, tuple struct or tuple variant `Set` in this scope
   --> src\services\ap_invoice_service.rs:256:44
    |
256 |             invoice_active.payment_terms = Set(payment_terms);
    |                                            ^^^ not found in this scope
    |
help: consider importing this tuple variant
    |
6   + use sea_orm::Set;
    |

error[E0425]: cannot find function, tuple struct or tuple variant `Set` in this scope
   --> src\services\ap_invoice_service.rs:259:37
    |
259 |             invoice_active.amount = Set(amount);
    |                                     ^^^ not found in this scope
    |
help: consider importing this tuple variant
    |
6   + use sea_orm::Set;
    |

error[E0425]: cannot find function, tuple struct or tuple variant `Set` in this scope
   --> src\services\ap_invoice_service.rs:260:44
    |
260 |             invoice_active.unpaid_amount = Set(amount);
    |                                            ^^^ not found in this scope
    |
help: consider importing this tuple variant
    |
6   + use sea_orm::Set;
    |

error[E0425]: cannot find function, tuple struct or tuple variant `Set` in this scope
   --> src\services\ap_invoice_service.rs:263:36
    |
263 |             invoice_active.notes = Set(Some(notes));
    |                                    ^^^ not found in this scope
    |
help: consider importing this tuple variant
    |
6   + use sea_orm::Set;
    |

error[E0425]: cannot find function, tuple struct or tuple variant `Set` in this scope
   --> src\services\ap_invoice_service.rs:266:46
    |
266 |             invoice_active.attachment_urls = Set(Some(attachment_urls));
    |                                              ^^^ not found in this scope
    |
help: consider importing this tuple variant
    |
6   + use sea_orm::Set;
    |

error[E0425]: cannot find function, tuple struct or tuple variant `Set` in this scope
   --> src\services\ap_invoice_service.rs:269:37
    |
269 |         invoice_active.updated_by = Set(Some(user_id));
    |                                     ^^^ not found in this scope
    |
help: consider importing this tuple variant
    |
6   + use sea_orm::Set;
    |

error[E0425]: cannot find function, tuple struct or tuple variant `Set` in this scope
   --> src\services\ap_invoice_service.rs:300:17
    |
300 |             id: Set(invoice.id),
    |                 ^^^ not found in this scope
    |
help: consider importing this tuple variant
    |
6   + use sea_orm::Set;
    |

error[E0425]: cannot find function, tuple struct or tuple variant `Set` in this scope
   --> src\services\ap_invoice_service.rs:333:41
    |
333 |         invoice_active.invoice_status = Set("AUDITED".to_string());
    |                                         ^^^ not found in this scope
    |
help: consider importing this tuple variant
    |
6   + use sea_orm::Set;
    |

error[E0425]: cannot find function, tuple struct or tuple variant `Set` in this scope
   --> src\services\ap_invoice_service.rs:334:38
    |
334 |         invoice_active.approved_by = Set(Some(user_id));
    |                                      ^^^ not found in this scope
    |
help: consider importing this tuple variant
    |
6   + use sea_orm::Set;
    |

error[E0425]: cannot find function, tuple struct or tuple variant `Set` in this scope
   --> src\services\ap_invoice_service.rs:335:38
    |
335 |         invoice_active.approved_at = Set(Some(Utc::now().into()));
    |                                      ^^^ not found in this scope
    |
help: consider importing this tuple variant
    |
6   + use sea_orm::Set;
    |

error[E0425]: cannot find function, tuple struct or tuple variant `Set` in this scope
   --> src\services\ap_invoice_service.rs:378:41
    |
378 |         invoice_active.invoice_status = Set("CANCELLED".to_string());
    |                                         ^^^ not found in this scope
    |
help: consider importing this tuple variant
    |
6   + use sea_orm::Set;
    |

error[E0425]: cannot find function, tuple struct or tuple variant `Set` in this scope
   --> src\services\ap_invoice_service.rs:379:39
    |
379 |         invoice_active.cancelled_by = Set(Some(user_id));
    |                                       ^^^ not found in this scope
    |
help: consider importing this tuple variant
    |
6   + use sea_orm::Set;
    |

error[E0425]: cannot find function, tuple struct or tuple variant `Set` in this scope
   --> src\services\ap_invoice_service.rs:380:39
    |
380 |         invoice_active.cancelled_at = Set(Some(Utc::now().into()));
    |                                       ^^^ not found in this scope
    |
help: consider importing this tuple variant
    |
6   + use sea_orm::Set;
    |

error[E0425]: cannot find function, tuple struct or tuple variant `Set` in this scope
   --> src\services\ap_invoice_service.rs:381:43
    |
381 |         invoice_active.cancelled_reason = Set(Some(reason));
    |                                           ^^^ not found in this scope
    |
help: consider importing this tuple variant
    |
6   + use sea_orm::Set;
    |

error[E0425]: cannot find function, tuple struct or tuple variant `Set` in this scope
  --> src\services\ap_payment_request_service.rs:84:25
   |
84 |             request_no: Set(request_no),
   |                         ^^^ not found in this scope
   |
help: consider importing this tuple variant
   |
6  + use sea_orm::Set;
   |

error[E0425]: cannot find function, tuple struct or tuple variant `Set` in this scope
  --> src\services\ap_payment_request_service.rs:85:27
   |
85 |             request_date: Set(req.request_date),
   |                           ^^^ not found in this scope
   |
help: consider importing this tuple variant
   |
6  + use sea_orm::Set;
   |

error[E0425]: cannot find function, tuple struct or tuple variant `Set` in this scope
  --> src\services\ap_payment_request_service.rs:86:26
   |
86 |             supplier_id: Set(req.supplier_id),
   |                          ^^^ not found in this scope
   |
help: consider importing this tuple variant
   |
6  + use sea_orm::Set;
   |

error[E0425]: cannot find function, tuple struct or tuple variant `Set` in this scope
  --> src\services\ap_payment_request_service.rs:87:27
   |
87 |             payment_type: Set(req.payment_type),
   |                           ^^^ not found in this scope
   |
help: consider importing this tuple variant
   |
6  + use sea_orm::Set;
   |

error[E0425]: cannot find function, tuple struct or tuple variant `Set` in this scope
  --> src\services\ap_payment_request_service.rs:88:29
   |
88 |             payment_method: Set(req.payment_method),
   |                             ^^^ not found in this scope
   |
help: consider importing this tuple variant
   |
6  + use sea_orm::Set;
   |

error[E0425]: cannot find function, tuple struct or tuple variant `Set` in this scope
  --> src\services\ap_payment_request_service.rs:89:29
   |
89 |             request_amount: Set(req.request_amount),
   |                             ^^^ not found in this scope
   |
help: consider importing this tuple variant
   |
6  + use sea_orm::Set;
   |

error[E0425]: cannot find function, tuple struct or tuple variant `Set` in this scope
  --> src\services\ap_payment_request_service.rs:90:30
   |
90 |             approval_status: Set("DRAFT".to_string()),
   |                              ^^^ not found in this scope
   |
help: consider importing this tuple variant
   |
6  + use sea_orm::Set;
   |

error[E0425]: cannot find function, tuple struct or tuple variant `Set` in this scope
  --> src\services\ap_payment_request_service.rs:91:23
   |
91 |             currency: Set(req.currency.unwrap_or_else(|| "CNY".to_string())),
   |                       ^^^ not found in this scope
   |
help: consider importing this tuple variant
   |
6  + use sea_orm::Set;
   |

error[E0425]: cannot find function, tuple struct or tuple variant `Set` in this scope
  --> src\services\ap_payment_request_service.rs:92:28
   |
92 |             exchange_rate: Set(req.exchange_rate.unwrap_or(Decimal::new(1, 0))),
   |                            ^^^ not found in this scope
   |
help: consider importing this tuple variant
   |
6  + use sea_orm::Set;
   |

error[E0425]: cannot find function, tuple struct or tuple variant `Set` in this scope
  --> src\services\ap_payment_request_service.rs:93:36
   |
93 |             expected_payment_date: Set(req.expected_payment_date),
   |                                    ^^^ not found in this scope
   |
help: consider importing this tuple variant
   |
6  + use sea_orm::Set;
   |

error[E0425]: cannot find function, tuple struct or tuple variant `Set` in this scope
  --> src\services\ap_payment_request_service.rs:94:24
   |
94 |             bank_name: Set(req.bank_name),
   |                        ^^^ not found in this scope
   |
help: consider importing this tuple variant
   |
6  + use sea_orm::Set;
   |

error[E0425]: cannot find function, tuple struct or tuple variant `Set` in this scope
  --> src\services\ap_payment_request_service.rs:95:27
   |
95 |             bank_account: Set(req.bank_account),
   |                           ^^^ not found in this scope
   |
help: consider importing this tuple variant
   |
6  + use sea_orm::Set;
   |

error[E0425]: cannot find function, tuple struct or tuple variant `Set` in this scope
  --> src\services\ap_payment_request_service.rs:96:32
   |
96 |             bank_account_name: Set(req.bank_account_name),
   |                                ^^^ not found in this scope
   |
help: consider importing this tuple variant
   |
6  + use sea_orm::Set;
   |

error[E0425]: cannot find function, tuple struct or tuple variant `Set` in this scope
  --> src\services\ap_payment_request_service.rs:97:20
   |
97 |             notes: Set(req.notes),
   |                    ^^^ not found in this scope
   |
help: consider importing this tuple variant
   |
6  + use sea_orm::Set;
   |

error[E0425]: cannot find function, tuple struct or tuple variant `Set` in this scope
  --> src\services\ap_payment_request_service.rs:98:30
   |
98 |             attachment_urls: Set(req.attachment_urls),
   |                              ^^^ not found in this scope
   |
help: consider importing this tuple variant
   |
6  + use sea_orm::Set;
   |

error[E0425]: cannot find function, tuple struct or tuple variant `Set` in this scope
  --> src\services\ap_payment_request_service.rs:99:25
   |
99 |             created_by: Set(user_id),
   |                         ^^^ not found in this scope
   |
help: consider importing this tuple variant
   |
6  + use sea_orm::Set;
   |

error[E0425]: cannot find function, tuple struct or tuple variant `Set` in this scope
   --> src\services\ap_payment_request_service.rs:106:29
    |
106 |                 request_id: Set(request.id),
    |                             ^^^ not found in this scope
    |
help: consider importing this tuple variant
    |
6   + use sea_orm::Set;
    |

error[E0425]: cannot find function, tuple struct or tuple variant `Set` in this scope
   --> src\services\ap_payment_request_service.rs:107:29
    |
107 |                 invoice_id: Set(item_req.invoice_id),
    |                             ^^^ not found in this scope
    |
help: consider importing this tuple variant
    |
6   + use sea_orm::Set;
    |

error[E0425]: cannot find function, tuple struct or tuple variant `Set` in this scope
   --> src\services\ap_payment_request_service.rs:108:31
    |
108 |                 apply_amount: Set(item_req.apply_amount),
    |                               ^^^ not found in this scope
    |
help: consider importing this tuple variant
    |
6   + use sea_orm::Set;
    |

error[E0425]: cannot find function, tuple struct or tuple variant `Set` in this scope
   --> src\services\ap_payment_request_service.rs:109:24
    |
109 |                 notes: Set(item_req.notes),
    |                        ^^^ not found in this scope
    |
help: consider importing this tuple variant
    |
6   + use sea_orm::Set;
    |

error[E0425]: cannot find function, tuple struct or tuple variant `Set` in this scope
   --> src\services\ap_payment_request_service.rs:148:43
    |
148 |             request_active.request_date = Set(request_date);
    |                                           ^^^ not found in this scope
    |
help: consider importing this tuple variant
    |
6   + use sea_orm::Set;
    |

error[E0425]: cannot find function, tuple struct or tuple variant `Set` in this scope
   --> src\services\ap_payment_request_service.rs:151:43
    |
151 |             request_active.payment_type = Set(payment_type);
    |                                           ^^^ not found in this scope
    |
help: consider importing this tuple variant
    |
6   + use sea_orm::Set;
    |

error[E0425]: cannot find function, tuple struct or tuple variant `Set` in this scope
   --> src\services\ap_payment_request_service.rs:154:45
    |
154 |             request_active.payment_method = Set(payment_method);
    |                                             ^^^ not found in this scope
    |
help: consider importing this tuple variant
    |
6   + use sea_orm::Set;
    |

error[E0425]: cannot find function, tuple struct or tuple variant `Set` in this scope
   --> src\services\ap_payment_request_service.rs:157:45
    |
157 |             request_active.request_amount = Set(request_amount);
    |                                             ^^^ not found in this scope
    |
help: consider importing this tuple variant
    |
6   + use sea_orm::Set;
    |

error[E0425]: cannot find function, tuple struct or tuple variant `Set` in this scope
   --> src\services\ap_payment_request_service.rs:160:52
    |
160 |             request_active.expected_payment_date = Set(Some(expected_payment_date));
    |                                                    ^^^ not found in this scope
    |
help: consider importing this tuple variant
    |
6   + use sea_orm::Set;
    |

error[E0425]: cannot find function, tuple struct or tuple variant `Set` in this scope
   --> src\services\ap_payment_request_service.rs:163:40
    |
163 |             request_active.bank_name = Set(Some(bank_name));
    |                                        ^^^ not found in this scope
    |
help: consider importing this tuple variant
    |
6   + use sea_orm::Set;
    |

error[E0425]: cannot find function, tuple struct or tuple variant `Set` in this scope
   --> src\services\ap_payment_request_service.rs:166:43
    |
166 |             request_active.bank_account = Set(Some(bank_account));
    |                                           ^^^ not found in this scope
    |
help: consider importing this tuple variant
    |
6   + use sea_orm::Set;
    |

error[E0425]: cannot find function, tuple struct or tuple variant `Set` in this scope
   --> src\services\ap_payment_request_service.rs:169:48
    |
169 |             request_active.bank_account_name = Set(Some(bank_account_name));
    |                                                ^^^ not found in this scope
    |
help: consider importing this tuple variant
    |
6   + use sea_orm::Set;
    |

error[E0425]: cannot find function, tuple struct or tuple variant `Set` in this scope
   --> src\services\ap_payment_request_service.rs:172:36
    |
172 |             request_active.notes = Set(Some(notes));
    |                                    ^^^ not found in this scope
    |
help: consider importing this tuple variant
    |
6   + use sea_orm::Set;
    |

error[E0425]: cannot find function, tuple struct or tuple variant `Set` in this scope
   --> src\services\ap_payment_request_service.rs:175:46
    |
175 |             request_active.attachment_urls = Set(Some(attachment_urls));
    |                                              ^^^ not found in this scope
    |
help: consider importing this tuple variant
    |
6   + use sea_orm::Set;
    |

error[E0425]: cannot find function, tuple struct or tuple variant `Set` in this scope
   --> src\services\ap_payment_request_service.rs:178:37
    |
178 |         request_active.updated_by = Set(Some(user_id));
    |                                     ^^^ not found in this scope
    |
help: consider importing this tuple variant
    |
6   + use sea_orm::Set;
    |

error[E0425]: cannot find function, tuple struct or tuple variant `Set` in this scope
   --> src\services\ap_payment_request_service.rs:209:17
    |
209 |             id: Set(request.id),
    |                 ^^^ not found in this scope
    |
help: consider importing this tuple variant
    |
6   + use sea_orm::Set;
    |

error[E0425]: cannot find function, tuple struct or tuple variant `Set` in this scope
   --> src\services\ap_payment_request_service.rs:254:42
    |
254 |         request_active.approval_status = Set("APPROVING".to_string());
    |                                          ^^^ not found in this scope
    |
help: consider importing this tuple variant
    |
6   + use sea_orm::Set;
    |

error[E0425]: cannot find function, tuple struct or tuple variant `Set` in this scope
   --> src\services\ap_payment_request_service.rs:255:39
    |
255 |         request_active.submitted_by = Set(Some(user_id));
    |                                       ^^^ not found in this scope
    |
help: consider importing this tuple variant
    |
6   + use sea_orm::Set;
    |

error[E0425]: cannot find function, tuple struct or tuple variant `Set` in this scope
   --> src\services\ap_payment_request_service.rs:256:39
    |
256 |         request_active.submitted_at = Set(Some(Utc::now().into()));
    |                                       ^^^ not found in this scope
    |
help: consider importing this tuple variant
    |
6   + use sea_orm::Set;
    |

error[E0425]: cannot find function, tuple struct or tuple variant `Set` in this scope
   --> src\services\ap_payment_request_service.rs:290:42
    |
290 |         request_active.approval_status = Set("APPROVED".to_string());
    |                                          ^^^ not found in this scope
    |
help: consider importing this tuple variant
    |
6   + use sea_orm::Set;
    |

error[E0425]: cannot find function, tuple struct or tuple variant `Set` in this scope
   --> src\services\ap_payment_request_service.rs:291:38
    |
291 |         request_active.approved_by = Set(Some(user_id));
    |                                      ^^^ not found in this scope
    |
help: consider importing this tuple variant
    |
6   + use sea_orm::Set;
    |

error[E0425]: cannot find function, tuple struct or tuple variant `Set` in this scope
   --> src\services\ap_payment_request_service.rs:292:38
    |
292 |         request_active.approved_at = Set(Some(Utc::now().into()));
    |                                      ^^^ not found in this scope
    |
help: consider importing this tuple variant
    |
6   + use sea_orm::Set;
    |

error[E0425]: cannot find function, tuple struct or tuple variant `Set` in this scope
   --> src\services\ap_payment_request_service.rs:328:42
    |
328 |         request_active.approval_status = Set("REJECTED".to_string());
    |                                          ^^^ not found in this scope
    |
help: consider importing this tuple variant
    |
6   + use sea_orm::Set;
    |

error[E0425]: cannot find function, tuple struct or tuple variant `Set` in this scope
   --> src\services\ap_payment_request_service.rs:329:38
    |
329 |         request_active.rejected_by = Set(Some(user_id));
    |                                      ^^^ not found in this scope
    |
help: consider importing this tuple variant
    |
6   + use sea_orm::Set;
    |

error[E0425]: cannot find function, tuple struct or tuple variant `Set` in this scope
   --> src\services\ap_payment_request_service.rs:330:38
    |
330 |         request_active.rejected_at = Set(Some(Utc::now().into()));
    |                                      ^^^ not found in this scope
    |
help: consider importing this tuple variant
    |
6   + use sea_orm::Set;
    |

error[E0425]: cannot find function, tuple struct or tuple variant `Set` in this scope
   --> src\services\ap_payment_request_service.rs:331:42
    |
331 |         request_active.rejected_reason = Set(Some(reason));
    |                                          ^^^ not found in this scope
    |
help: consider importing this tuple variant
    |
6   + use sea_orm::Set;
    |

error[E0425]: cannot find function, tuple struct or tuple variant `Set` in this scope
  --> src\services\ap_payment_service.rs:84:25
   |
84 |             payment_no: Set(payment_no),
   |                         ^^^ not found in this scope
   |
help: consider importing this tuple variant
   |
6  + use sea_orm::Set;
   |

error[E0425]: cannot find function, tuple struct or tuple variant `Set` in this scope
  --> src\services\ap_payment_service.rs:85:27
   |
85 |             payment_date: Set(req.payment_date),
   |                           ^^^ not found in this scope
   |
help: consider importing this tuple variant
   |
6  + use sea_orm::Set;
   |

error[E0425]: cannot find function, tuple struct or tuple variant `Set` in this scope
  --> src\services\ap_payment_service.rs:86:26
   |
86 |             supplier_id: Set(request.supplier_id),
   |                          ^^^ not found in this scope
   |
help: consider importing this tuple variant
   |
6  + use sea_orm::Set;
   |

error[E0425]: cannot find function, tuple struct or tuple variant `Set` in this scope
  --> src\services\ap_payment_service.rs:87:25
   |
87 |             request_id: Set(Some(req.request_id)),
   |                         ^^^ not found in this scope
   |
help: consider importing this tuple variant
   |
6  + use sea_orm::Set;
   |

error[E0425]: cannot find function, tuple struct or tuple variant `Set` in this scope
  --> src\services\ap_payment_service.rs:88:29
   |
88 |             payment_method: Set(request.payment_method.clone()),
   |                             ^^^ not found in this scope
   |
help: consider importing this tuple variant
   |
6  + use sea_orm::Set;
   |

error[E0425]: cannot find function, tuple struct or tuple variant `Set` in this scope
  --> src\services\ap_payment_service.rs:89:29
   |
89 |             payment_amount: Set(request.request_amount),
   |                             ^^^ not found in this scope
   |
help: consider importing this tuple variant
   |
6  + use sea_orm::Set;
   |

error[E0425]: cannot find function, tuple struct or tuple variant `Set` in this scope
  --> src\services\ap_payment_service.rs:90:29
   |
90 |             payment_status: Set("REGISTERED".to_string()),
   |                             ^^^ not found in this scope
   |
help: consider importing this tuple variant
   |
6  + use sea_orm::Set;
   |

error[E0425]: cannot find function, tuple struct or tuple variant `Set` in this scope
  --> src\services\ap_payment_service.rs:91:23
   |
91 |             currency: Set(request.currency.clone()),
   |                       ^^^ not found in this scope
   |
help: consider importing this tuple variant
   |
6  + use sea_orm::Set;
   |

error[E0425]: cannot find function, tuple struct or tuple variant `Set` in this scope
  --> src\services\ap_payment_service.rs:92:28
   |
92 |             exchange_rate: Set(request.exchange_rate),
   |                            ^^^ not found in this scope
   |
help: consider importing this tuple variant
   |
6  + use sea_orm::Set;
   |

error[E0425]: cannot find function, tuple struct or tuple variant `Set` in this scope
  --> src\services\ap_payment_service.rs:93:24
   |
93 |             bank_name: Set(request.bank_name.clone()),
   |                        ^^^ not found in this scope
   |
help: consider importing this tuple variant
   |
6  + use sea_orm::Set;
   |

error[E0425]: cannot find function, tuple struct or tuple variant `Set` in this scope
  --> src\services\ap_payment_service.rs:94:27
   |
94 |             bank_account: Set(request.bank_account.clone()),
   |                           ^^^ not found in this scope
   |
help: consider importing this tuple variant
   |
6  + use sea_orm::Set;
   |

error[E0425]: cannot find function, tuple struct or tuple variant `Set` in this scope
  --> src\services\ap_payment_service.rs:95:32
   |
95 |             bank_account_name: Set(request.bank_account_name.clone()),
   |                                ^^^ not found in this scope
   |
help: consider importing this tuple variant
   |
6  + use sea_orm::Set;
   |

error[E0425]: cannot find function, tuple struct or tuple variant `Set` in this scope
  --> src\services\ap_payment_service.rs:96:20
   |
96 |             notes: Set(req.notes.or(request.notes)),
   |                    ^^^ not found in this scope
   |
help: consider importing this tuple variant
   |
6  + use sea_orm::Set;
   |

error[E0425]: cannot find function, tuple struct or tuple variant `Set` in this scope
  --> src\services\ap_payment_service.rs:97:30
   |
97 |             attachment_urls: Set(req.attachment_urls),
   |                              ^^^ not found in this scope
   |
help: consider importing this tuple variant
   |
6  + use sea_orm::Set;
   |

error[E0425]: cannot find function, tuple struct or tuple variant `Set` in this scope
  --> src\services\ap_payment_service.rs:98:25
   |
98 |             created_by: Set(user_id),
   |                         ^^^ not found in this scope
   |
help: consider importing this tuple variant
   |
6  + use sea_orm::Set;
   |

error[E0425]: cannot find function, tuple struct or tuple variant `Set` in this scope
   --> src\services\ap_payment_service.rs:136:43
    |
136 |             payment_active.payment_date = Set(payment_date);
    |                                           ^^^ not found in this scope
    |
help: consider importing this tuple variant
    |
6   + use sea_orm::Set;
    |

error[E0425]: cannot find function, tuple struct or tuple variant `Set` in this scope
   --> src\services\ap_payment_service.rs:139:45
    |
139 |             payment_active.payment_method = Set(payment_method);
    |                                             ^^^ not found in this scope
    |
help: consider importing this tuple variant
    |
6   + use sea_orm::Set;
    |

error[E0425]: cannot find function, tuple struct or tuple variant `Set` in this scope
   --> src\services\ap_payment_service.rs:142:40
    |
142 |             payment_active.bank_name = Set(Some(bank_name));
    |                                        ^^^ not found in this scope
    |
help: consider importing this tuple variant
    |
6   + use sea_orm::Set;
    |

error[E0425]: cannot find function, tuple struct or tuple variant `Set` in this scope
   --> src\services\ap_payment_service.rs:145:43
    |
145 |             payment_active.bank_account = Set(Some(bank_account));
    |                                           ^^^ not found in this scope
    |
help: consider importing this tuple variant
    |
6   + use sea_orm::Set;
    |

error[E0425]: cannot find function, tuple struct or tuple variant `Set` in this scope
   --> src\services\ap_payment_service.rs:148:45
    |
148 |             payment_active.transaction_no = Set(Some(transaction_no));
    |                                             ^^^ not found in this scope
    |
help: consider importing this tuple variant
    |
6   + use sea_orm::Set;
    |

error[E0425]: cannot find function, tuple struct or tuple variant `Set` in this scope
   --> src\services\ap_payment_service.rs:151:36
    |
151 |             payment_active.notes = Set(Some(notes));
    |                                    ^^^ not found in this scope
    |
help: consider importing this tuple variant
    |
6   + use sea_orm::Set;
    |

error[E0425]: cannot find function, tuple struct or tuple variant `Set` in this scope
   --> src\services\ap_payment_service.rs:154:46
    |
154 |             payment_active.attachment_urls = Set(Some(attachment_urls));
    |                                              ^^^ not found in this scope
    |
help: consider importing this tuple variant
    |
6   + use sea_orm::Set;
    |

error[E0425]: cannot find function, tuple struct or tuple variant `Set` in this scope
   --> src\services\ap_payment_service.rs:157:37
    |
157 |         payment_active.updated_by = Set(Some(user_id));
    |                                     ^^^ not found in this scope
    |
help: consider importing this tuple variant
    |
6   + use sea_orm::Set;
    |

error[E0425]: cannot find function, tuple struct or tuple variant `Set` in this scope
   --> src\services\ap_payment_service.rs:195:41
    |
195 |         payment_active.payment_status = Set("CONFIRMED".to_string());
    |                                         ^^^ not found in this scope
    |
help: consider importing this tuple variant
    |
6   + use sea_orm::Set;
    |

error[E0425]: cannot find function, tuple struct or tuple variant `Set` in this scope
   --> src\services\ap_payment_service.rs:196:39
    |
196 |         payment_active.confirmed_by = Set(Some(user_id));
    |                                       ^^^ not found in this scope
    |
help: consider importing this tuple variant
    |
6   + use sea_orm::Set;
    |

error[E0425]: cannot find function, tuple struct or tuple variant `Set` in this scope
   --> src\services\ap_payment_service.rs:197:39
    |
197 |         payment_active.confirmed_at = Set(Some(Utc::now().into()));
    |                                       ^^^ not found in this scope
    |
help: consider importing this tuple variant
    |
6   + use sea_orm::Set;
    |

error[E0433]: failed to resolve: use of undeclared crate or module `ap_payment_request_item`
   --> src\services\ap_payment_service.rs:204:25
    |
204 |             let items = ap_payment_request_item::Entity::find()
    |                         ^^^^^^^^^^^^^^^^^^^^^^^ use of undeclared crate or module `ap_payment_request_item`
    |
help: consider importing one of these structs
    |
6   + use crate::models::account_balance::Entity;
    |
6   + use crate::models::account_subject::Entity;
    |
6   + use crate::models::accounting_period::Entity;
    |
6   + use crate::models::ap_payment_request_item::Entity;
    |
      and 64 other candidates
help: if you import `Entity`, refer to it directly
    |
204 -             let items = ap_payment_request_item::Entity::find()
204 +             let items = Entity::find()
    |

error[E0433]: failed to resolve: use of undeclared crate or module `ap_payment_request_item`
   --> src\services\ap_payment_service.rs:205:25
    |
205 |                 .filter(ap_payment_request_item::Column::RequestId.eq(request_id))
    |                         ^^^^^^^^^^^^^^^^^^^^^^^ use of undeclared crate or module `ap_payment_request_item`
    |
help: consider importing one of these enums
    |
6   + use crate::models::account_balance::Column;
    |
6   + use crate::models::account_subject::Column;
    |
6   + use crate::models::accounting_period::Column;
    |
6   + use crate::models::ap_payment_request_item::Column;
    |
      and 64 other candidates
help: if you import `Column`, refer to it directly
    |
205 -                 .filter(ap_payment_request_item::Column::RequestId.eq(request_id))
205 +                 .filter(Column::RequestId.eq(request_id))
    |

error[E0425]: cannot find function, tuple struct or tuple variant `Set` in this scope
   --> src\services\ap_verification_service.rs:140:30
    |
140 |             verification_no: Set(verification_no),
    |                              ^^^ not found in this scope
    |
help: consider importing this tuple variant
    |
6   + use sea_orm::Set;
    |

error[E0425]: cannot find function, tuple struct or tuple variant `Set` in this scope
   --> src\services\ap_verification_service.rs:141:32
    |
141 |             verification_date: Set(verification_date),
    |                                ^^^ not found in this scope
    |
help: consider importing this tuple variant
    |
6   + use sea_orm::Set;
    |

error[E0425]: cannot find function, tuple struct or tuple variant `Set` in this scope
   --> src\services\ap_verification_service.rs:142:26
    |
142 |             supplier_id: Set(supplier_id),
    |                          ^^^ not found in this scope
    |
help: consider importing this tuple variant
    |
6   + use sea_orm::Set;
    |

error[E0425]: cannot find function, tuple struct or tuple variant `Set` in this scope
   --> src\services\ap_verification_service.rs:143:32
    |
143 |             verification_type: Set("AUTO".to_string()),
    |                                ^^^ not found in this scope
    |
help: consider importing this tuple variant
    |
6   + use sea_orm::Set;
    |

error[E0425]: cannot find function, tuple struct or tuple variant `Set` in this scope
   --> src\services\ap_verification_service.rs:144:27
    |
144 |             total_amount: Set(total_amount),
    |                           ^^^ not found in this scope
    |
help: consider importing this tuple variant
    |
6   + use sea_orm::Set;
    |

error[E0425]: cannot find function, tuple struct or tuple variant `Set` in this scope
   --> src\services\ap_verification_service.rs:145:34
    |
145 |             verification_status: Set("COMPLETED".to_string()),
    |                                  ^^^ not found in this scope
    |
help: consider importing this tuple variant
    |
6   + use sea_orm::Set;
    |

error[E0425]: cannot find function, tuple struct or tuple variant `Set` in this scope
   --> src\services\ap_verification_service.rs:146:25
    |
146 |             created_by: Set(user_id),
    |                         ^^^ not found in this scope
    |
help: consider importing this tuple variant
    |
6   + use sea_orm::Set;
    |

error[E0425]: cannot find function, tuple struct or tuple variant `Set` in this scope
   --> src\services\ap_verification_service.rs:153:34
    |
153 |                 verification_id: Set(verification.id),
    |                                  ^^^ not found in this scope
    |
help: consider importing this tuple variant
    |
6   + use sea_orm::Set;
    |

error[E0425]: cannot find function, tuple struct or tuple variant `Set` in this scope
   --> src\services\ap_verification_service.rs:154:29
    |
154 |                 invoice_id: Set(item_dto.invoice_id),
    |                             ^^^ not found in this scope
    |
help: consider importing this tuple variant
    |
6   + use sea_orm::Set;
    |

error[E0425]: cannot find function, tuple struct or tuple variant `Set` in this scope
   --> src\services\ap_verification_service.rs:155:29
    |
155 |                 payment_id: Set(item_dto.payment_id),
    |                             ^^^ not found in this scope
    |
help: consider importing this tuple variant
    |
6   + use sea_orm::Set;
    |

error[E0425]: cannot find function, tuple struct or tuple variant `Set` in this scope
   --> src\services\ap_verification_service.rs:156:32
    |
156 |                 verify_amount: Set(item_dto.verify_amount),
    |                                ^^^ not found in this scope
    |
help: consider importing this tuple variant
    |
6   + use sea_orm::Set;
    |

error[E0425]: cannot find function, tuple struct or tuple variant `Set` in this scope
   --> src\services\ap_verification_service.rs:157:24
    |
157 |                 notes: Set(item_dto.notes),
    |                        ^^^ not found in this scope
    |
help: consider importing this tuple variant
    |
6   + use sea_orm::Set;
    |

error[E0425]: cannot find function, tuple struct or tuple variant `Set` in this scope
   --> src\services\ap_verification_service.rs:237:30
    |
237 |             verification_no: Set(verification_no),
    |                              ^^^ not found in this scope
    |
help: consider importing this tuple variant
    |
6   + use sea_orm::Set;
    |

error[E0425]: cannot find function, tuple struct or tuple variant `Set` in this scope
   --> src\services\ap_verification_service.rs:238:32
    |
238 |             verification_date: Set(verification_date),
    |                                ^^^ not found in this scope
    |
help: consider importing this tuple variant
    |
6   + use sea_orm::Set;
    |

error[E0425]: cannot find function, tuple struct or tuple variant `Set` in this scope
   --> src\services\ap_verification_service.rs:239:26
    |
239 |             supplier_id: Set(req.supplier_id),
    |                          ^^^ not found in this scope
    |
help: consider importing this tuple variant
    |
6   + use sea_orm::Set;
    |

error[E0425]: cannot find function, tuple struct or tuple variant `Set` in this scope
   --> src\services\ap_verification_service.rs:240:32
    |
240 |             verification_type: Set("MANUAL".to_string()),
    |                                ^^^ not found in this scope
    |
help: consider importing this tuple variant
    |
6   + use sea_orm::Set;
    |

error[E0425]: cannot find function, tuple struct or tuple variant `Set` in this scope
   --> src\services\ap_verification_service.rs:241:27
    |
241 |             total_amount: Set(total_amount),
    |                           ^^^ not found in this scope
    |
help: consider importing this tuple variant
    |
6   + use sea_orm::Set;
    |

error[E0425]: cannot find function, tuple struct or tuple variant `Set` in this scope
   --> src\services\ap_verification_service.rs:242:34
    |
242 |             verification_status: Set("COMPLETED".to_string()),
    |                                  ^^^ not found in this scope
    |
help: consider importing this tuple variant
    |
6   + use sea_orm::Set;
    |

error[E0425]: cannot find function, tuple struct or tuple variant `Set` in this scope
   --> src\services\ap_verification_service.rs:243:20
    |
243 |             notes: Set(req.notes),
    |                    ^^^ not found in this scope
    |
help: consider importing this tuple variant
    |
6   + use sea_orm::Set;
    |

error[E0425]: cannot find function, tuple struct or tuple variant `Set` in this scope
   --> src\services\ap_verification_service.rs:244:25
    |
244 |             created_by: Set(user_id),
    |                         ^^^ not found in this scope
    |
help: consider importing this tuple variant
    |
6   + use sea_orm::Set;
    |

error[E0425]: cannot find function, tuple struct or tuple variant `Set` in this scope
   --> src\services\ap_verification_service.rs:251:34
    |
251 |                 verification_id: Set(verification.id),
    |                                  ^^^ not found in this scope
    |
help: consider importing this tuple variant
    |
6   + use sea_orm::Set;
    |

error[E0425]: cannot find function, tuple struct or tuple variant `Set` in this scope
   --> src\services\ap_verification_service.rs:252:29
    |
252 |                 invoice_id: Set(item.invoice_id),
    |                             ^^^ not found in this scope
    |
help: consider importing this tuple variant
    |
6   + use sea_orm::Set;
    |

error[E0425]: cannot find function, tuple struct or tuple variant `Set` in this scope
   --> src\services\ap_verification_service.rs:253:29
    |
253 |                 payment_id: Set(item.payment_id),
    |                             ^^^ not found in this scope
    |
help: consider importing this tuple variant
    |
6   + use sea_orm::Set;
    |

error[E0425]: cannot find function, tuple struct or tuple variant `Set` in this scope
   --> src\services\ap_verification_service.rs:254:32
    |
254 |                 verify_amount: Set(item.verify_amount),
    |                                ^^^ not found in this scope
    |
help: consider importing this tuple variant
    |
6   + use sea_orm::Set;
    |

error[E0425]: cannot find function, tuple struct or tuple variant `Set` in this scope
   --> src\services\ap_verification_service.rs:255:24
    |
255 |                 notes: Set(item.notes),
    |                        ^^^ not found in this scope
    |
help: consider importing this tuple variant
    |
6   + use sea_orm::Set;
    |

error[E0425]: cannot find function, tuple struct or tuple variant `Set` in this scope
   --> src\services\ap_verification_service.rs:337:51
    |
337 |         verification_active.verification_status = Set("CANCELLED".to_string());
    |                                                   ^^^ not found in this scope
    |
help: consider importing this tuple variant
    |
6   + use sea_orm::Set;
    |

error[E0425]: cannot find function, tuple struct or tuple variant `Set` in this scope
   --> src\services\ap_verification_service.rs:338:44
    |
338 |         verification_active.cancelled_by = Set(Some(user_id));
    |                                            ^^^ not found in this scope
    |
help: consider importing this tuple variant
    |
6   + use sea_orm::Set;
    |

error[E0425]: cannot find function, tuple struct or tuple variant `Set` in this scope
   --> src\services\ap_verification_service.rs:339:44
    |
339 |         verification_active.cancelled_at = Set(Some(Utc::now().into()));
    |                                            ^^^ not found in this scope
    |
help: consider importing this tuple variant
    |
6   + use sea_orm::Set;
    |

error[E0425]: cannot find function, tuple struct or tuple variant `Set` in this scope
   --> src\services\ap_verification_service.rs:340:48
    |
340 |         verification_active.cancelled_reason = Set(Some(reason));
    |                                                ^^^ not found in this scope
    |
help: consider importing this tuple variant
    |
6   + use sea_orm::Set;
    |

error[E0425]: cannot find function, tuple struct or tuple variant `Set` in this scope
  --> src\services\ap_reconciliation_service.rs:99:32
   |
99 |             reconciliation_no: Set(reconciliation_no),
   |                                ^^^ not found in this scope
   |
help: consider importing this tuple variant
   |
6  + use sea_orm::Set;
   |

error[E0425]: cannot find function, tuple struct or tuple variant `Set` in this scope
   --> src\services\ap_reconciliation_service.rs:100:26
    |
100 |             supplier_id: Set(req.supplier_id),
    |                          ^^^ not found in this scope
    |
help: consider importing this tuple variant
    |
6   + use sea_orm::Set;
    |

error[E0425]: cannot find function, tuple struct or tuple variant `Set` in this scope
   --> src\services\ap_reconciliation_service.rs:101:25
    |
101 |             start_date: Set(req.start_date),
    |                         ^^^ not found in this scope
    |
help: consider importing this tuple variant
    |
6   + use sea_orm::Set;
    |

error[E0425]: cannot find function, tuple struct or tuple variant `Set` in this scope
   --> src\services\ap_reconciliation_service.rs:102:23
    |
102 |             end_date: Set(req.end_date),
    |                       ^^^ not found in this scope
    |
help: consider importing this tuple variant
    |
6   + use sea_orm::Set;
    |

error[E0425]: cannot find function, tuple struct or tuple variant `Set` in this scope
   --> src\services\ap_reconciliation_service.rs:103:30
    |
103 |             opening_balance: Set(opening_balance),
    |                              ^^^ not found in this scope
    |
help: consider importing this tuple variant
    |
6   + use sea_orm::Set;
    |

error[E0425]: cannot find function, tuple struct or tuple variant `Set` in this scope
   --> src\services\ap_reconciliation_service.rs:104:28
    |
104 |             total_invoice: Set(total_invoice),
    |                            ^^^ not found in this scope
    |
help: consider importing this tuple variant
    |
6   + use sea_orm::Set;
    |

error[E0425]: cannot find function, tuple struct or tuple variant `Set` in this scope
   --> src\services\ap_reconciliation_service.rs:105:28
    |
105 |             total_payment: Set(total_payment),
    |                            ^^^ not found in this scope
    |
help: consider importing this tuple variant
    |
6   + use sea_orm::Set;
    |

error[E0425]: cannot find function, tuple struct or tuple variant `Set` in this scope
   --> src\services\ap_reconciliation_service.rs:106:30
    |
106 |             closing_balance: Set(closing_balance),
    |                              ^^^ not found in this scope
    |
help: consider importing this tuple variant
    |
6   + use sea_orm::Set;
    |

error[E0425]: cannot find function, tuple struct or tuple variant `Set` in this scope
   --> src\services\ap_reconciliation_service.rs:107:36
    |
107 |             reconciliation_status: Set("PENDING".to_string()),
    |                                    ^^^ not found in this scope
    |
help: consider importing this tuple variant
    |
6   + use sea_orm::Set;
    |

error[E0425]: cannot find function, tuple struct or tuple variant `Set` in this scope
   --> src\services\ap_reconciliation_service.rs:108:20
    |
108 |             notes: Set(req.notes),
    |                    ^^^ not found in this scope
    |
help: consider importing this tuple variant
    |
6   + use sea_orm::Set;
    |

error[E0425]: cannot find function, tuple struct or tuple variant `Set` in this scope
   --> src\services\ap_reconciliation_service.rs:109:25
    |
109 |             created_by: Set(user_id),
    |                         ^^^ not found in this scope
    |
help: consider importing this tuple variant
    |
6   + use sea_orm::Set;
    |

error[E0425]: cannot find function, tuple struct or tuple variant `Set` in this scope
   --> src\services\ap_reconciliation_service.rs:144:55
    |
144 |         reconciliation_active.reconciliation_status = Set("CONFIRMED".to_string());
    |                                                       ^^^ not found in this scope
    |
help: consider importing this tuple variant
    |
6   + use sea_orm::Set;
    |

error[E0425]: cannot find function, tuple struct or tuple variant `Set` in this scope
   --> src\services\ap_reconciliation_service.rs:145:46
    |
145 |         reconciliation_active.confirmed_by = Set(Some(user_id));
    |                                              ^^^ not found in this scope
    |
help: consider importing this tuple variant
    |
6   + use sea_orm::Set;
    |

error[E0425]: cannot find function, tuple struct or tuple variant `Set` in this scope
   --> src\services\ap_reconciliation_service.rs:146:46
    |
146 |         reconciliation_active.confirmed_at = Set(Some(Utc::now().into()));
    |                                              ^^^ not found in this scope
    |
help: consider importing this tuple variant
    |
6   + use sea_orm::Set;
    |

error[E0425]: cannot find function, tuple struct or tuple variant `Set` in this scope
   --> src\services\ap_reconciliation_service.rs:182:55
    |
182 |         reconciliation_active.reconciliation_status = Set("DISPUTED".to_string());
    |                                                       ^^^ not found in this scope
    |
help: consider importing this tuple variant
    |
6   + use sea_orm::Set;
    |

error[E0425]: cannot find function, tuple struct or tuple variant `Set` in this scope
   --> src\services\ap_reconciliation_service.rs:183:45
    |
183 |         reconciliation_active.disputed_by = Set(Some(user_id));
    |                                             ^^^ not found in this scope
    |
help: consider importing this tuple variant
    |
6   + use sea_orm::Set;
    |

error[E0425]: cannot find function, tuple struct or tuple variant `Set` in this scope
   --> src\services\ap_reconciliation_service.rs:184:45
    |
184 |         reconciliation_active.disputed_at = Set(Some(Utc::now().into()));
    |                                             ^^^ not found in this scope
    |
help: consider importing this tuple variant
    |
6   + use sea_orm::Set;
    |

error[E0425]: cannot find function, tuple struct or tuple variant `Set` in this scope
   --> src\services\ap_reconciliation_service.rs:185:49
    |
185 |         reconciliation_active.disputed_reason = Set(Some(reason));
    |                                                 ^^^ not found in this scope
    |
help: consider importing this tuple variant
    |
6   + use sea_orm::Set;
    |

error[E0603]: function `validate_token` is private
  --> src\handlers\auth_handler.rs:11:30
   |
11 | use crate::middleware::auth::validate_token;
   |                              ^^^^^^^^^^^^^^ private function
   |
note: the function `validate_token` is defined here
  --> src\middleware\auth.rs:51:1
   |
51 | fn validate_token(token: &str) -> Result<crate::services::auth_service::Claims, String> {
   | ^^^^^^^^^^^^^^^^^^^^^^^^^^^^^^^^^^^^^^^^^^^^^^^^^^^^^^^^^^^^^^^^^^^^^^^^^^^^^^^^^^^^^^^

warning: unused imports: `DateTime`, `Duration`, `NaiveDateTime`, `NaiveDate`, and `Utc`
 --> src\database\mod.rs:1:14
  |
1 | use chrono::{Utc, NaiveDate, NaiveDateTime, DateTime, Duration};
  |              ^^^  ^^^^^^^^^  ^^^^^^^^^^^^^  ^^^^^^^^  ^^^^^^^^
  |
  = note: `#[warn(unused_imports)]` on by default

warning: unused imports: `RoleDetail` and `RolePermissionDetail`
  --> src\handlers\role_handler.rs:12:5
   |
12 |     RoleDetail, RolePermissionDetail,
   |     ^^^^^^^^^^  ^^^^^^^^^^^^^^^^^^^^

warning: unused import: `crate::models::product`
  --> src\handlers\product_handler.rs:11:5
   |
11 | use crate::models::product;
   |     ^^^^^^^^^^^^^^^^^^^^^^

warning: unused import: `crate::models::product_color`
  --> src\handlers\product_handler.rs:12:5
   |
12 | use crate::models::product_color;
   |     ^^^^^^^^^^^^^^^^^^^^^^^^^^^^

warning: unused import: `crate::models::product_category`
  --> src\handlers\product_category_handler.rs:11:5
   |
11 | use crate::models::product_category;
   |     ^^^^^^^^^^^^^^^^^^^^^^^^^^^^^^^

warning: unused import: `crate::models::warehouse`
  --> src\handlers\warehouse_handler.rs:11:5
   |
11 | use crate::models::warehouse;
   |     ^^^^^^^^^^^^^^^^^^^^^^^^

warning: unused import: `EntityTrait`
   --> src\handlers\warehouse_handler.rs:197:19
    |
197 |     use sea_orm::{EntityTrait, ColumnTrait, QueryFilter, PaginatorTrait};
    |                   ^^^^^^^^^^^

warning: unused import: `sea_orm::EntityTrait`
   --> src\handlers\warehouse_handler.rs:328:9
    |
328 |     use sea_orm::EntityTrait;
    |         ^^^^^^^^^^^^^^^^^^^^

warning: unused import: `sea_orm::EntityTrait`
   --> src\handlers\warehouse_handler.rs:350:9
    |
350 |     use sea_orm::EntityTrait;
    |         ^^^^^^^^^^^^^^^^^^^^

warning: unused import: `crate::models::department`
  --> src\handlers\department_handler.rs:11:5
   |
11 | use crate::models::department;
   |     ^^^^^^^^^^^^^^^^^^^^^^^^^

warning: unused import: `ConnectionTrait`
   --> src\handlers\sales_fabric_order_handler.rs:200:42
    |
200 |     use sea_orm::{Set, ActiveModelTrait, ConnectionTrait};
    |                                          ^^^^^^^^^^^^^^^

warning: unused import: `crate::models::inventory_stock`
   --> src\handlers\inventory_stock_handler.rs:375:5
    |
375 | use crate::models::inventory_stock;
    |     ^^^^^^^^^^^^^^^^^^^^^^^^^^^^^^

warning: unused import: `crate::models::inventory_transaction`
   --> src\handlers\inventory_stock_handler.rs:376:5
    |
376 | use crate::models::inventory_transaction;
    |     ^^^^^^^^^^^^^^^^^^^^^^^^^^^^^^^^^^^^

warning: unused import: `rust_decimal::prelude::ToPrimitive`
   --> src\handlers\inventory_stock_handler.rs:377:5
    |
377 | use rust_decimal::prelude::ToPrimitive;
    |     ^^^^^^^^^^^^^^^^^^^^^^^^^^^^^^^^^^

warning: unused import: `ConnectionTrait`
   --> src\handlers\batch_new_handler.rs:258:55
    |
258 |     use sea_orm::{EntityTrait, Set, ActiveModelTrait, ConnectionTrait};
    |                                                       ^^^^^^^^^^^^^^^

warning: unused import: `warn`
  --> src\handlers\account_subject_handler.rs:11:21
   |
11 | use tracing::{info, warn};
   |                     ^^^^

warning: unused import: `extract::State`
 --> src\handlers\dual_unit_converter_handler.rs:2:5
  |
2 |     extract::State,
  |     ^^^^^^^^^^^^^^

warning: unused import: `std::sync::Arc`
 --> src\handlers\dual_unit_converter_handler.rs:6:5
  |
6 | use std::sync::Arc;
  |     ^^^^^^^^^^^^^^

warning: unused import: `sea_orm::DatabaseConnection`
 --> src\handlers\dual_unit_converter_handler.rs:7:5
  |
7 | use sea_orm::DatabaseConnection;
  |     ^^^^^^^^^^^^^^^^^^^^^^^^^^^

warning: unused import: `crate::services::five_dimension_query_service::FiveDimensionQueryService`
  --> src\handlers\five_dimension_handler.rs:11:5
   |
11 | use crate::services::five_dimension_query_service::FiveDimensionQueryService;
   |     ^^^^^^^^^^^^^^^^^^^^^^^^^^^^^^^^^^^^^^^^^^^^^^^^^^^^^^^^^^^^^^^^^^^^^^^^

warning: unused import: `FiveDimensionQueryBuilder`
  --> src\handlers\five_dimension_handler.rs:12:64
   |
12 | use crate::utils::fabric_five_dimension::{FabricFiveDimension, FiveDimensionQueryBuilder};
   |                                                                ^^^^^^^^^^^^^^^^^^^^^^^^^

warning: unused import: `crate::utils::fabric_five_dimension::FabricFiveDimension`
  --> src\handlers\business_trace_handler.rs:12:5
   |
12 | use crate::utils::fabric_five_dimension::FabricFiveDimension;
   |     ^^^^^^^^^^^^^^^^^^^^^^^^^^^^^^^^^^^^^^^^^^^^^^^^^^^^^^^^

warning: unused import: `http::StatusCode`
 --> src\handlers\purchase_return_handler.rs:7:5
  |
7 |     http::StatusCode,
  |     ^^^^^^^^^^^^^^^^

warning: unused import: `http::StatusCode`
 --> src\handlers\purchase_inspection_handler.rs:7:5
  |
7 |     http::StatusCode,
  |     ^^^^^^^^^^^^^^^^

warning: unused import: `http::StatusCode`
 --> src\handlers\ap_invoice_handler.rs:7:5
  |
7 |     http::StatusCode,
  |     ^^^^^^^^^^^^^^^^

warning: unused import: `error`
  --> src\handlers\ap_invoice_handler.rs:21:27
   |
21 | use tracing::{info, warn, error};
   |                           ^^^^^

warning: unused import: `http::StatusCode`
 --> src\handlers\ap_payment_request_handler.rs:7:5
  |
7 |     http::StatusCode,
  |     ^^^^^^^^^^^^^^^^

warning: unused import: `error`
  --> src\handlers\ap_payment_request_handler.rs:21:27
   |
21 | use tracing::{info, warn, error};
   |                           ^^^^^

warning: unused import: `http::StatusCode`
 --> src\handlers\ap_payment_handler.rs:7:5
  |
7 |     http::StatusCode,
  |     ^^^^^^^^^^^^^^^^

warning: unused import: `error`
  --> src\handlers\ap_payment_handler.rs:21:27
   |
21 | use tracing::{info, warn, error};
   |                           ^^^^^

warning: unused import: `http::StatusCode`
 --> src\handlers\ap_verification_handler.rs:7:5
  |
7 |     http::StatusCode,
  |     ^^^^^^^^^^^^^^^^

warning: unused import: `error`
  --> src\handlers\ap_verification_handler.rs:21:27
   |
21 | use tracing::{info, warn, error};
   |                           ^^^^^

warning: unused import: `http::StatusCode`
 --> src\handlers\ap_reconciliation_handler.rs:7:5
  |
7 |     http::StatusCode,
  |     ^^^^^^^^^^^^^^^^

warning: unused import: `error`
  --> src\handlers\ap_reconciliation_handler.rs:21:27
   |
21 | use tracing::{info, warn, error};
   |                           ^^^^^

warning: unused imports: `error` and `warn`
  --> src\handlers\ap_report_handler.rs:17:21
   |
17 | use tracing::{info, warn, error};
   |                     ^^^^  ^^^^^

warning: unused import: `Path`
 --> src\handlers\ar_invoice_handler.rs:6:15
  |
6 |     extract::{Path, Query, State},
  |               ^^^^

warning: unused import: `voucher_item`
  --> src\handlers\voucher_handler.rs:14:30
   |
14 | use crate::models::{voucher, voucher_item};
   |                              ^^^^^^^^^^^^

warning: unused import: `UpdateVoucherRequest`
  --> src\handlers\voucher_handler.rs:16:43
   |
16 |     VoucherService, CreateVoucherRequest, UpdateVoucherRequest, VoucherQueryParams, VoucherItemRequest,
   |                                           ^^^^^^^^^^^^^^^^^^^^

warning: unused import: `Path`
 --> src\handlers\cost_collection_handler.rs:6:15
  |
6 |     extract::{Path, Query, State},
  |               ^^^^

warning: unused import: `error`
  --> src\handlers\fixed_asset_handler.rs:15:15
   |
15 | use tracing::{error, info};
   |               ^^^^^

warning: unused import: `http::StatusCode`
 --> src\handlers\fund_management_handler.rs:8:5
  |
8 |     http::StatusCode,
  |     ^^^^^^^^^^^^^^^^

warning: unused import: `http::StatusCode`
 --> src\handlers\budget_management_handler.rs:8:5
  |
8 |     http::StatusCode,
  |     ^^^^^^^^^^^^^^^^

warning: unused import: `http::StatusCode`
 --> src\handlers\quality_standard_handler.rs:8:5
  |
8 |     http::StatusCode,
  |     ^^^^^^^^^^^^^^^^

warning: unused import: `body::Body`
 --> src\middleware\auth.rs:2:5
  |
2 |     body::Body,
  |     ^^^^^^^^^^

warning: unused imports: `Authorization`, `Bearer`, and `typed_header::TypedHeader`
  --> src\middleware\auth_context.rs:10:5
   |
10 |     typed_header::TypedHeader,
   |     ^^^^^^^^^^^^^^^^^^^^^^^^^
11 |     headers::authorization::{Authorization, Bearer},
   |                              ^^^^^^^^^^^^^  ^^^^^^

warning: unused imports: `DateTime`, `NaiveDateTime`, and `NaiveDate`
 --> src\middleware\auth_middleware.rs:1:19
  |
1 | use chrono::{Utc, NaiveDate, NaiveDateTime, DateTime, Duration};
  |                   ^^^^^^^^^  ^^^^^^^^^^^^^  ^^^^^^^^

warning: unused import: `body::Body`
 --> src\middleware\auth_middleware.rs:3:5
  |
3 |     body::Body,
  |     ^^^^^^^^^^

warning: unused import: `crate::utils::response::ApiResponse`
  --> src\middleware\auth_middleware.rs:14:5
   |
14 | use crate::utils::response::ApiResponse;
   |     ^^^^^^^^^^^^^^^^^^^^^^^^^^^^^^^^^^^

warning: unused imports: `DateTime`, `NaiveDateTime`, and `NaiveDate`
 --> src\middleware\logger_middleware.rs:1:19
  |
1 | use chrono::{Utc, NaiveDate, NaiveDateTime, DateTime, Duration};
  |                   ^^^^^^^^^  ^^^^^^^^^^^^^  ^^^^^^^^

warning: unused import: `body::Body`
 --> src\middleware\logger_middleware.rs:3:5
  |
3 |     body::Body,
  |     ^^^^^^^^^^

warning: unused import: `chrono::Utc`
 --> src\middleware\logger_middleware.rs:8:5
  |
8 | use chrono::Utc;
  |     ^^^^^^^^^^^

warning: unused import: `Duration`
 --> src\middleware\logger_middleware.rs:9:17
  |
9 | use std::time::{Duration, Instant};
  |                 ^^^^^^^^

warning: unused import: `rust_decimal::Decimal`
 --> src\models\inventory_count.rs:3:5
  |
3 | use rust_decimal::Decimal;
  |     ^^^^^^^^^^^^^^^^^^^^^

warning: variant `item` should have an upper camel case name
  --> src\models\inventory_adjustment.rs:64:9
   |
64 |     pub item,
   |         ^^^^ help: convert the identifier to upper camel case (notice the capitalization): `Item`
   |
   = note: `#[warn(non_camel_case_types)]` on by default

warning: variant `warehouse` should have an upper camel case name
  --> src\models\inventory_adjustment.rs:71:9
   |
71 |     pub warehouse,
   |         ^^^^^^^^^ help: convert the identifier to upper camel case (notice the capitalization): `Warehouse`

warning: unused imports: `EntityTrait` and `Set`
 --> src\services\auth_service.rs:4:15
  |
4 | use sea_orm::{EntityTrait, Set};
  |               ^^^^^^^^^^^  ^^^

warning: unused import: `ActiveModelBehavior`
 --> src\services\user_service.rs:2:77
  |
2 | use sea_orm::{EntityTrait, Set, QueryFilter, ColumnTrait, ActiveModelTrait, ActiveModelBehavior};
  |                                                                             ^^^^^^^^^^^^^^^^^^^

warning: unused imports: `RelationTrait` and `sea_query::Expr`
 --> src\services\product_service.rs:1:125
  |
1 | ...rait, QueryFilter, QueryOrder, ActiveModelBehavior, sea_query::Expr, RelationTrait};
  |                                                        ^^^^^^^^^^^^^^^  ^^^^^^^^^^^^^

warning: unused import: `sea_orm::sea_query::Expr`
 --> src\services\sales_service.rs:5:5
  |
5 | use sea_orm::sea_query::Expr;
  |     ^^^^^^^^^^^^^^^^^^^^^^^^

warning: unused import: `Order`
 --> src\services\inventory_stock_service.rs:4:93
  |
4 | use sea_orm::{EntityTrait, Set, QueryFilter, ColumnTrait, ActiveModelTrait, PaginatorTrait, Order};
  |                                                                                             ^^^^^

warning: unused import: `DateTime`
 --> src\services\inventory_stock_service.rs:8:14
  |
8 | use chrono::{DateTime, Utc};
  |              ^^^^^^^^

warning: unused imports: `EntityTrait` and `QuerySelect`
 --> src\services\five_dimension_query_service.rs:1:15
  |
1 | use sea_orm::{EntityTrait, QueryFilter, ColumnTrait, QuerySelect};
  |               ^^^^^^^^^^^                            ^^^^^^^^^^^

warning: unused import: `Order`
 --> src\services\assist_accounting_service.rs:1:77
  |
1 | use sea_orm::{EntityTrait, Set, QueryFilter, ColumnTrait, ActiveModelTrait, Order};
  |                                                                             ^^^^^

warning: unused import: `DateTime`
 --> src\services\assist_accounting_service.rs:5:14
  |
5 | use chrono::{DateTime, Utc};
  |              ^^^^^^^^

warning: unused import: `Order`
 --> src\services\business_trace_service.rs:1:77
  |
1 | use sea_orm::{EntityTrait, Set, QueryFilter, ColumnTrait, ActiveModelTrait, Order};
  |                                                                             ^^^^^

warning: unused import: `DateTime`
 --> src\services\business_trace_service.rs:5:14
  |
5 | use chrono::{DateTime, Utc};
  |              ^^^^^^^^

warning: unused import: `QuerySelect`
 --> src\services\supplier_service.rs:3:17
  |
3 |     QueryOrder, QuerySelect, TransactionTrait, PaginatorTrait,
  |                 ^^^^^^^^^^^

warning: unused import: `TransactionTrait`
 --> src\services\supplier_evaluation_service.rs:4:10
  |
4 |     Set, TransactionTrait,
  |          ^^^^^^^^^^^^^^^^

warning: unused import: `error`
 --> src\services\supplier_evaluation_service.rs:9:21
  |
9 | use tracing::{info, error};
  |                     ^^^^^

warning: unused import: `QuerySelect`
 --> src\services\purchase_order_service.rs:8:17
  |
8 |     QueryOrder, QuerySelect, TransactionTrait, PaginatorTrait,
  |                 ^^^^^^^^^^^

warning: unused import: `Serialize`
  --> src\services\purchase_order_service.rs:15:26
   |
15 | use serde::{Deserialize, Serialize};
   |                          ^^^^^^^^^

warning: unused import: `Serialize`
  --> src\services\purchase_receipt_service.rs:15:26
   |
15 | use serde::{Deserialize, Serialize};
   |                          ^^^^^^^^^

warning: unused import: `rust_decimal::Decimal`
  --> src\services\purchase_return_service.rs:13:5
   |
13 | use rust_decimal::Decimal;
   |     ^^^^^^^^^^^^^^^^^^^^^

warning: unused import: `Serialize`
  --> src\services\purchase_return_service.rs:14:26
   |
14 | use serde::{Deserialize, Serialize};
   |                          ^^^^^^^^^

warning: unused import: `Serialize`
  --> src\services\purchase_inspection_service.rs:14:26
   |
14 | use serde::{Deserialize, Serialize};
   |                          ^^^^^^^^^

warning: unused import: `QuerySelect`
 --> src\services\ap_invoice_service.rs:8:17
  |
8 |     QueryOrder, QuerySelect, TransactionTrait, PaginatorTrait,
  |                 ^^^^^^^^^^^

warning: unused import: `QuerySelect`
 --> src\services\ap_payment_request_service.rs:8:17
  |
8 |     QueryOrder, QuerySelect, TransactionTrait, PaginatorTrait,
  |                 ^^^^^^^^^^^

warning: unused import: `Serialize`
  --> src\services\ap_payment_request_service.rs:15:26
   |
15 | use serde::{Deserialize, Serialize};
   |                          ^^^^^^^^^

warning: unused import: `QuerySelect`
 --> src\services\ap_payment_service.rs:8:17
  |
8 |     QueryOrder, QuerySelect, TransactionTrait, PaginatorTrait,
  |                 ^^^^^^^^^^^

warning: unused import: `QuerySelect`
 --> src\services\ap_verification_service.rs:8:17
  |
8 |     QueryOrder, QuerySelect, TransactionTrait, PaginatorTrait,
  |                 ^^^^^^^^^^^

warning: unused import: `Serialize`
  --> src\services\ap_verification_service.rs:15:26
   |
15 | use serde::{Deserialize, Serialize};
   |                          ^^^^^^^^^

warning: unused import: `QuerySelect`
 --> src\services\ap_reconciliation_service.rs:8:17
  |
8 |     QueryOrder, QuerySelect, TransactionTrait, PaginatorTrait,
  |                 ^^^^^^^^^^^

warning: unused imports: `QueryOrder` and `QuerySelect`
 --> src\services\ap_report_service.rs:7:5
  |
7 |     QueryOrder, QuerySelect,
  |     ^^^^^^^^^^  ^^^^^^^^^^^

warning: unused import: `Duration`
  --> src\services\ap_report_service.rs:12:30
   |
12 | use chrono::{Utc, NaiveDate, Duration};
   |                              ^^^^^^^^

warning: unused import: `IntoActiveModel`
 --> src\services\ar_invoice_service.rs:6:69
  |
6 |     ActiveModelTrait, ColumnTrait, DatabaseConnection, EntityTrait, IntoActiveModel,
  |                                                                     ^^^^^^^^^^^^^^^

warning: unused import: `warn`
  --> src\services\ar_invoice_service.rs:10:21
   |
10 | use tracing::{info, warn};
   |                     ^^^^

warning: unused import: `arc_swap::ArcSwap`
 --> src\services\account_subject_service.rs:5:5
  |
5 | use arc_swap::ArcSwap;
  |     ^^^^^^^^^^^^^^^^^

warning: unused imports: `QuerySelect` and `TransactionTrait`
 --> src\services\account_subject_service.rs:8:30
  |
8 |     QueryFilter, QueryOrder, QuerySelect, TransactionTrait, ActiveModelBehavior,
  |                              ^^^^^^^^^^^  ^^^^^^^^^^^^^^^^

warning: unused import: `error`
  --> src\services\account_subject_service.rs:11:27
   |
11 | use tracing::{info, warn, error};
   |                           ^^^^^

warning: unused import: `error`
  --> src\services\voucher_service.rs:10:27
   |
10 | use tracing::{info, warn, error};
   |                           ^^^^^

warning: unused imports: `ActiveModelTrait` and `IntoActiveModel`
 --> src\services\cost_collection_service.rs:6:5
  |
6 |     ActiveModelTrait, ColumnTrait, DatabaseConnection, EntityTrait, IntoActiveModel,
  |     ^^^^^^^^^^^^^^^^                                                ^^^^^^^^^^^^^^^

warning: unused import: `warn`
  --> src\services\cost_collection_service.rs:10:21
   |
10 | use tracing::{info, warn};
   |                     ^^^^

warning: unused import: `error`
  --> src\services\purchase_contract_service.rs:10:21
   |
10 | use tracing::{info, error};
   |                     ^^^^^

warning: unused import: `error`
  --> src\services\sales_contract_service.rs:10:21
   |
10 | use tracing::{info, error};
   |                     ^^^^^

warning: unused import: `error`
 --> src\services\customer_credit_service.rs:9:21
  |
9 | use tracing::{info, error};
  |                     ^^^^^

warning: unused import: `TransactionTrait`
 --> src\services\fund_management_service.rs:4:10
  |
4 |     Set, TransactionTrait,
  |          ^^^^^^^^^^^^^^^^

warning: unused import: `error`
 --> src\services\fund_management_service.rs:9:21
  |
9 | use tracing::{info, error};
  |                     ^^^^^

warning: unused import: `TransactionTrait`
 --> src\services\budget_management_service.rs:4:5
  |
4 |     TransactionTrait,
  |     ^^^^^^^^^^^^^^^^

warning: unused import: `error`
 --> src\services\budget_management_service.rs:9:21
  |
9 | use tracing::{info, error};
  |                     ^^^^^

warning: unused import: `TransactionTrait`
 --> src\services\quality_standard_service.rs:4:5
  |
4 |     TransactionTrait,
  |     ^^^^^^^^^^^^^^^^

warning: unused import: `error`
 --> src\services\quality_standard_service.rs:8:21
  |
8 | use tracing::{info, error};
  |                     ^^^^^

warning: unused import: `TransactionTrait`
 --> src\services\financial_analysis_service.rs:4:10
  |
4 |     Set, TransactionTrait,
  |          ^^^^^^^^^^^^^^^^

warning: unused import: `error`
 --> src\services\financial_analysis_service.rs:9:21
  |
9 | use tracing::{info, error};
  |                     ^^^^^

warning: unused imports: `ActiveModelTrait` and `Set`
 --> src\services\purchase_price_service.rs:3:5
  |
3 |     ActiveModelTrait, ColumnTrait, DatabaseConnection, EntityTrait, QueryFilter, QueryOrder, Set,
  |     ^^^^^^^^^^^^^^^^                                                                         ^^^

warning: unused import: `tracing::info`
 --> src\services\purchase_price_service.rs:7:5
  |
7 | use tracing::info;
  |     ^^^^^^^^^^^^^

warning: unused imports: `ActiveModelTrait` and `Set`
 --> src\services\sales_price_service.rs:3:5
  |
3 |     ActiveModelTrait, ColumnTrait, DatabaseConnection, EntityTrait, QueryFilter, QueryOrder, Set,
  |     ^^^^^^^^^^^^^^^^                                                                         ^^^

warning: unused import: `tracing::info`
 --> src\services\sales_price_service.rs:7:5
  |
7 | use tracing::info;
  |     ^^^^^^^^^^^^^

warning: unused imports: `ActiveModelTrait` and `Set`
 --> src\services\sales_analysis_service.rs:3:5
  |
3 |     ActiveModelTrait, ColumnTrait, DatabaseConnection, EntityTrait, QueryFilter, QueryOrder, Set,
  |     ^^^^^^^^^^^^^^^^                                                                         ^^^

warning: unused import: `tracing::info`
 --> src\services\sales_analysis_service.rs:7:5
  |
7 | use tracing::info;
  |     ^^^^^^^^^^^^^

warning: unused imports: `ActiveModelTrait` and `Set`
 --> src\services\quality_inspection_service.rs:3:5
  |
3 |     ActiveModelTrait, ColumnTrait, DatabaseConnection, EntityTrait, QueryFilter, QueryOrder, Set,
  |     ^^^^^^^^^^^^^^^^                                                                         ^^^

warning: unused import: `tracing::info`
 --> src\services\quality_inspection_service.rs:7:5
  |
7 | use tracing::info;
  |     ^^^^^^^^^^^^^

warning: unused import: `rust_decimal::prelude::ToPrimitive`
 --> src\utils\dual_unit_converter.rs:7:5
  |
7 | use rust_decimal::prelude::ToPrimitive;
  |     ^^^^^^^^^^^^^^^^^^^^^^^^^^^^^^^^^^

warning: unused imports: `NaiveDate` and `Utc`
 --> src\utils\fabric_five_dimension.rs:1:14
  |
1 | use chrono::{Utc, NaiveDate};
  |              ^^^  ^^^^^^^^^

error[E0107]: struct takes 0 generic arguments but 1 generic argument was supplied
  --> src\models\account_subject.rs:53:21
   |
53 |     pub created_at: DateTime<Utc>,
   |                     ^^^^^^^^----- help: remove the unnecessary generics
   |                     |
   |                     expected 0 generic arguments
   |
note: struct defined here, with 0 generic parameters
  --> C:\Users\admin\.cargo\registry\src\index.crates.io-6f17d22bba15001f\chrono-0.4.44\src\naive\datetime\mod.rs:76:12
   |
76 | pub struct NaiveDateTime {
   |            ^^^^^^^^^^^^^

error[E0107]: struct takes 0 generic arguments but 1 generic argument was supplied
  --> src\models\account_subject.rs:54:21
   |
54 |     pub updated_at: DateTime<Utc>,
   |                     ^^^^^^^^----- help: remove the unnecessary generics
   |                     |
   |                     expected 0 generic arguments
   |
note: struct defined here, with 0 generic parameters
  --> C:\Users\admin\.cargo\registry\src\index.crates.io-6f17d22bba15001f\chrono-0.4.44\src\naive\datetime\mod.rs:76:12
   |
76 | pub struct NaiveDateTime {
   |            ^^^^^^^^^^^^^

error[E0107]: struct takes 0 generic arguments but 1 generic argument was supplied
  --> src\models\voucher.rs:42:29
   |
42 |     pub reviewed_at: Option<DateTime<Utc>>,
   |                             ^^^^^^^^----- help: remove the unnecessary generics
   |                             |
   |                             expected 0 generic arguments
   |
note: struct defined here, with 0 generic parameters
  --> C:\Users\admin\.cargo\registry\src\index.crates.io-6f17d22bba15001f\chrono-0.4.44\src\naive\datetime\mod.rs:76:12
   |
76 | pub struct NaiveDateTime {
   |            ^^^^^^^^^^^^^

error[E0107]: struct takes 0 generic arguments but 1 generic argument was supplied
  --> src\models\voucher.rs:44:27
   |
44 |     pub posted_at: Option<DateTime<Utc>>,
   |                           ^^^^^^^^----- help: remove the unnecessary generics
   |                           |
   |                           expected 0 generic arguments
   |
note: struct defined here, with 0 generic parameters
  --> C:\Users\admin\.cargo\registry\src\index.crates.io-6f17d22bba15001f\chrono-0.4.44\src\naive\datetime\mod.rs:76:12
   |
76 | pub struct NaiveDateTime {
   |            ^^^^^^^^^^^^^

error[E0107]: struct takes 0 generic arguments but 1 generic argument was supplied
  --> src\models\voucher.rs:46:21
   |
46 |     pub created_at: DateTime<Utc>,
   |                     ^^^^^^^^----- help: remove the unnecessary generics
   |                     |
   |                     expected 0 generic arguments
   |
note: struct defined here, with 0 generic parameters
  --> C:\Users\admin\.cargo\registry\src\index.crates.io-6f17d22bba15001f\chrono-0.4.44\src\naive\datetime\mod.rs:76:12
   |
76 | pub struct NaiveDateTime {
   |            ^^^^^^^^^^^^^

error[E0107]: struct takes 0 generic arguments but 1 generic argument was supplied
  --> src\models\voucher.rs:47:21
   |
47 |     pub updated_at: DateTime<Utc>,
   |                     ^^^^^^^^----- help: remove the unnecessary generics
   |                     |
   |                     expected 0 generic arguments
   |
note: struct defined here, with 0 generic parameters
  --> C:\Users\admin\.cargo\registry\src\index.crates.io-6f17d22bba15001f\chrono-0.4.44\src\naive\datetime\mod.rs:76:12
   |
76 | pub struct NaiveDateTime {
   |            ^^^^^^^^^^^^^

error[E0107]: struct takes 0 generic arguments but 1 generic argument was supplied
  --> src\models\voucher_item.rs:44:21
   |
44 |     pub created_at: DateTime<Utc>,
   |                     ^^^^^^^^----- help: remove the unnecessary generics
   |                     |
   |                     expected 0 generic arguments
   |
note: struct defined here, with 0 generic parameters
  --> C:\Users\admin\.cargo\registry\src\index.crates.io-6f17d22bba15001f\chrono-0.4.44\src\naive\datetime\mod.rs:76:12
   |
76 | pub struct NaiveDateTime {
   |            ^^^^^^^^^^^^^

error[E0107]: struct takes 0 generic arguments but 1 generic argument was supplied
  --> src\models\account_balance.rs:40:21
   |
40 |     pub created_at: DateTime<Utc>,
   |                     ^^^^^^^^----- help: remove the unnecessary generics
   |                     |
   |                     expected 0 generic arguments
   |
note: struct defined here, with 0 generic parameters
  --> C:\Users\admin\.cargo\registry\src\index.crates.io-6f17d22bba15001f\chrono-0.4.44\src\naive\datetime\mod.rs:76:12
   |
76 | pub struct NaiveDateTime {
   |            ^^^^^^^^^^^^^

error[E0107]: struct takes 0 generic arguments but 1 generic argument was supplied
  --> src\models\account_balance.rs:41:21
   |
41 |     pub updated_at: DateTime<Utc>,
   |                     ^^^^^^^^----- help: remove the unnecessary generics
   |                     |
   |                     expected 0 generic arguments
   |
note: struct defined here, with 0 generic parameters
  --> C:\Users\admin\.cargo\registry\src\index.crates.io-6f17d22bba15001f\chrono-0.4.44\src\naive\datetime\mod.rs:76:12
   |
76 | pub struct NaiveDateTime {
   |            ^^^^^^^^^^^^^

error[E0107]: struct takes 0 generic arguments but 1 generic argument was supplied
  --> src\models\ar_invoice.rs:52:29
   |
52 |     pub reviewed_at: Option<DateTime<Utc>>,
   |                             ^^^^^^^^----- help: remove the unnecessary generics
   |                             |
   |                             expected 0 generic arguments
   |
note: struct defined here, with 0 generic parameters
  --> C:\Users\admin\.cargo\registry\src\index.crates.io-6f17d22bba15001f\chrono-0.4.44\src\naive\datetime\mod.rs:76:12
   |
76 | pub struct NaiveDateTime {
   |            ^^^^^^^^^^^^^

error[E0107]: struct takes 0 generic arguments but 1 generic argument was supplied
  --> src\models\ar_invoice.rs:54:21
   |
54 |     pub created_at: DateTime<Utc>,
   |                     ^^^^^^^^----- help: remove the unnecessary generics
   |                     |
   |                     expected 0 generic arguments
   |
note: struct defined here, with 0 generic parameters
  --> C:\Users\admin\.cargo\registry\src\index.crates.io-6f17d22bba15001f\chrono-0.4.44\src\naive\datetime\mod.rs:76:12
   |
76 | pub struct NaiveDateTime {
   |            ^^^^^^^^^^^^^

error[E0107]: struct takes 0 generic arguments but 1 generic argument was supplied
  --> src\models\ar_invoice.rs:55:21
   |
55 |     pub updated_at: DateTime<Utc>,
   |                     ^^^^^^^^----- help: remove the unnecessary generics
   |                     |
   |                     expected 0 generic arguments
   |
note: struct defined here, with 0 generic parameters
  --> C:\Users\admin\.cargo\registry\src\index.crates.io-6f17d22bba15001f\chrono-0.4.44\src\naive\datetime\mod.rs:76:12
   |
76 | pub struct NaiveDateTime {
   |            ^^^^^^^^^^^^^

error[E0107]: struct takes 0 generic arguments but 1 generic argument was supplied
  --> src\models\ar_collection.rs:35:30
   |
35 |     pub confirmed_at: Option<DateTime<Utc>>,
   |                              ^^^^^^^^----- help: remove the unnecessary generics
   |                              |
   |                              expected 0 generic arguments
   |
note: struct defined here, with 0 generic parameters
  --> C:\Users\admin\.cargo\registry\src\index.crates.io-6f17d22bba15001f\chrono-0.4.44\src\naive\datetime\mod.rs:76:12
   |
76 | pub struct NaiveDateTime {
   |            ^^^^^^^^^^^^^

error[E0107]: struct takes 0 generic arguments but 1 generic argument was supplied
  --> src\models\ar_collection.rs:38:21
   |
38 |     pub created_at: DateTime<Utc>,
   |                     ^^^^^^^^----- help: remove the unnecessary generics
   |                     |
   |                     expected 0 generic arguments
   |
note: struct defined here, with 0 generic parameters
  --> C:\Users\admin\.cargo\registry\src\index.crates.io-6f17d22bba15001f\chrono-0.4.44\src\naive\datetime\mod.rs:76:12
   |
76 | pub struct NaiveDateTime {
   |            ^^^^^^^^^^^^^

error[E0107]: struct takes 0 generic arguments but 1 generic argument was supplied
  --> src\models\ar_collection.rs:39:21
   |
39 |     pub updated_at: DateTime<Utc>,
   |                     ^^^^^^^^----- help: remove the unnecessary generics
   |                     |
   |                     expected 0 generic arguments
   |
note: struct defined here, with 0 generic parameters
  --> C:\Users\admin\.cargo\registry\src\index.crates.io-6f17d22bba15001f\chrono-0.4.44\src\naive\datetime\mod.rs:76:12
   |
76 | pub struct NaiveDateTime {
   |            ^^^^^^^^^^^^^

error[E0107]: struct takes 0 generic arguments but 1 generic argument was supplied
  --> src\models\cost_collection.rs:48:21
   |
48 |     pub created_at: DateTime<Utc>,
   |                     ^^^^^^^^----- help: remove the unnecessary generics
   |                     |
   |                     expected 0 generic arguments
   |
note: struct defined here, with 0 generic parameters
  --> C:\Users\admin\.cargo\registry\src\index.crates.io-6f17d22bba15001f\chrono-0.4.44\src\naive\datetime\mod.rs:76:12
   |
76 | pub struct NaiveDateTime {
   |            ^^^^^^^^^^^^^

error[E0107]: struct takes 0 generic arguments but 1 generic argument was supplied
  --> src\models\cost_collection.rs:49:21
   |
49 |     pub updated_at: DateTime<Utc>,
   |                     ^^^^^^^^----- help: remove the unnecessary generics
   |                     |
   |                     expected 0 generic arguments
   |
note: struct defined here, with 0 generic parameters
  --> C:\Users\admin\.cargo\registry\src\index.crates.io-6f17d22bba15001f\chrono-0.4.44\src\naive\datetime\mod.rs:76:12
   |
76 | pub struct NaiveDateTime {
   |            ^^^^^^^^^^^^^

error[E0107]: struct takes 0 generic arguments but 1 generic argument was supplied
  --> src\models\cost_analysis.rs:47:21
   |
47 |     pub created_at: DateTime<Utc>,
   |                     ^^^^^^^^----- help: remove the unnecessary generics
   |                     |
   |                     expected 0 generic arguments
   |
note: struct defined here, with 0 generic parameters
  --> C:\Users\admin\.cargo\registry\src\index.crates.io-6f17d22bba15001f\chrono-0.4.44\src\naive\datetime\mod.rs:76:12
   |
76 | pub struct NaiveDateTime {
   |            ^^^^^^^^^^^^^

error[E0107]: struct takes 0 generic arguments but 1 generic argument was supplied
  --> src\models\cost_analysis.rs:48:21
   |
48 |     pub updated_at: DateTime<Utc>,
   |                     ^^^^^^^^----- help: remove the unnecessary generics
   |                     |
   |                     expected 0 generic arguments
   |
note: struct defined here, with 0 generic parameters
  --> C:\Users\admin\.cargo\registry\src\index.crates.io-6f17d22bba15001f\chrono-0.4.44\src\naive\datetime\mod.rs:76:12
   |
76 | pub struct NaiveDateTime {
   |            ^^^^^^^^^^^^^

error[E0107]: struct takes 0 generic arguments but 1 generic argument was supplied
  --> src\models\fixed_asset.rs:34:21
   |
34 |     pub created_at: DateTime<Utc>,
   |                     ^^^^^^^^----- help: remove the unnecessary generics
   |                     |
   |                     expected 0 generic arguments
   |
note: struct defined here, with 0 generic parameters
  --> C:\Users\admin\.cargo\registry\src\index.crates.io-6f17d22bba15001f\chrono-0.4.44\src\naive\datetime\mod.rs:76:12
   |
76 | pub struct NaiveDateTime {
   |            ^^^^^^^^^^^^^

error[E0107]: struct takes 0 generic arguments but 1 generic argument was supplied
  --> src\models\fixed_asset.rs:35:21
   |
35 |     pub updated_at: DateTime<Utc>,
   |                     ^^^^^^^^----- help: remove the unnecessary generics
   |                     |
   |                     expected 0 generic arguments
   |
note: struct defined here, with 0 generic parameters
  --> C:\Users\admin\.cargo\registry\src\index.crates.io-6f17d22bba15001f\chrono-0.4.44\src\naive\datetime\mod.rs:76:12
   |
76 | pub struct NaiveDateTime {
   |            ^^^^^^^^^^^^^

error[E0107]: struct takes 0 generic arguments but 1 generic argument was supplied
  --> src\models\purchase_contract.rs:25:21
   |
25 |     pub created_at: DateTime<Utc>,
   |                     ^^^^^^^^----- help: remove the unnecessary generics
   |                     |
   |                     expected 0 generic arguments
   |
note: struct defined here, with 0 generic parameters
  --> C:\Users\admin\.cargo\registry\src\index.crates.io-6f17d22bba15001f\chrono-0.4.44\src\naive\datetime\mod.rs:76:12
   |
76 | pub struct NaiveDateTime {
   |            ^^^^^^^^^^^^^

error[E0107]: struct takes 0 generic arguments but 1 generic argument was supplied
  --> src\models\purchase_contract.rs:26:21
   |
26 |     pub updated_at: DateTime<Utc>,
   |                     ^^^^^^^^----- help: remove the unnecessary generics
   |                     |
   |                     expected 0 generic arguments
   |
note: struct defined here, with 0 generic parameters
  --> C:\Users\admin\.cargo\registry\src\index.crates.io-6f17d22bba15001f\chrono-0.4.44\src\naive\datetime\mod.rs:76:12
   |
76 | pub struct NaiveDateTime {
   |            ^^^^^^^^^^^^^

error[E0107]: struct takes 0 generic arguments but 1 generic argument was supplied
  --> src\models\sales_contract.rs:25:21
   |
25 |     pub created_at: DateTime<Utc>,
   |                     ^^^^^^^^----- help: remove the unnecessary generics
   |                     |
   |                     expected 0 generic arguments
   |
note: struct defined here, with 0 generic parameters
  --> C:\Users\admin\.cargo\registry\src\index.crates.io-6f17d22bba15001f\chrono-0.4.44\src\naive\datetime\mod.rs:76:12
   |
76 | pub struct NaiveDateTime {
   |            ^^^^^^^^^^^^^

error[E0107]: struct takes 0 generic arguments but 1 generic argument was supplied
  --> src\models\sales_contract.rs:26:21
   |
26 |     pub updated_at: DateTime<Utc>,
   |                     ^^^^^^^^----- help: remove the unnecessary generics
   |                     |
   |                     expected 0 generic arguments
   |
note: struct defined here, with 0 generic parameters
  --> C:\Users\admin\.cargo\registry\src\index.crates.io-6f17d22bba15001f\chrono-0.4.44\src\naive\datetime\mod.rs:76:12
   |
76 | pub struct NaiveDateTime {
   |            ^^^^^^^^^^^^^

error[E0107]: struct takes 0 generic arguments but 1 generic argument was supplied
  --> src\models\customer_credit.rs:22:21
   |
22 |     pub created_at: DateTime<Utc>,
   |                     ^^^^^^^^----- help: remove the unnecessary generics
   |                     |
   |                     expected 0 generic arguments
   |
note: struct defined here, with 0 generic parameters
  --> C:\Users\admin\.cargo\registry\src\index.crates.io-6f17d22bba15001f\chrono-0.4.44\src\naive\datetime\mod.rs:76:12
   |
76 | pub struct NaiveDateTime {
   |            ^^^^^^^^^^^^^

error[E0107]: struct takes 0 generic arguments but 1 generic argument was supplied
  --> src\models\customer_credit.rs:23:21
   |
23 |     pub updated_at: DateTime<Utc>,
   |                     ^^^^^^^^----- help: remove the unnecessary generics
   |                     |
   |                     expected 0 generic arguments
   |
note: struct defined here, with 0 generic parameters
  --> C:\Users\admin\.cargo\registry\src\index.crates.io-6f17d22bba15001f\chrono-0.4.44\src\naive\datetime\mod.rs:76:12
   |
76 | pub struct NaiveDateTime {
   |            ^^^^^^^^^^^^^

error[E0119]: conflicting implementations of trait `std::fmt::Debug` for type `inventory_count_item::Entity`
  --> src\models\inventory_count_item.rs:17:35
   |
7  | #[derive(Copy, Clone, Default, Debug, DeriveEntity)]
   |                                ----- first implementation here
...
17 | #[derive(Clone, Debug, PartialEq, DeriveEntityModel, Eq, Serialize, Deserialize)]
   |                                   ^^^^^^^^^^^^^^^^^ conflicting implementation for `inventory_count_item::Entity`
   |
   = note: this error originates in the derive macro `Debug` (in Nightly builds, run with -Z macro-backtrace for more info)

error[E0119]: conflicting implementations of trait `std::fmt::Debug` for type `inventory_adjustment_item::Entity`
  --> src\models\inventory_adjustment_item.rs:20:35
   |
10 | #[derive(Copy, Clone, Default, Debug, DeriveEntity)]
   |                                ----- first implementation here
...
20 | #[derive(Clone, Debug, PartialEq, DeriveEntityModel, Eq, Serialize, Deserialize)]
   |                                   ^^^^^^^^^^^^^^^^^ conflicting implementation for `inventory_adjustment_item::Entity`
   |
   = note: this error originates in the derive macro `Debug` (in Nightly builds, run with -Z macro-backtrace for more info)

error[E0119]: conflicting implementations of trait `std::fmt::Debug` for type `inventory_reservation::Entity`
  --> src\models\inventory_reservation.rs:17:35
   |
7  | #[derive(Copy, Clone, Default, Debug, DeriveEntity)]
   |                                ----- first implementation here
...
17 | #[derive(Clone, Debug, PartialEq, DeriveEntityModel, Eq, Serialize, Deserialize)]
   |                                   ^^^^^^^^^^^^^^^^^ conflicting implementation for `inventory_reservation::Entity`
   |
   = note: this error originates in the derive macro `Debug` (in Nightly builds, run with -Z macro-backtrace for more info)

error[E0119]: conflicting implementations of trait `std::fmt::Debug` for type `customer::Entity`
  --> src\models\customer.rs:17:35
   |
7  | #[derive(Copy, Clone, Default, Debug, DeriveEntity)]
   |                                ----- first implementation here
...
17 | #[derive(Clone, Debug, PartialEq, DeriveEntityModel, Eq, Serialize, Deserialize)]
   |                                   ^^^^^^^^^^^^^^^^^ conflicting implementation for `customer::Entity`
   |
   = note: this error originates in the derive macro `Debug` (in Nightly builds, run with -Z macro-backtrace for more info)

error[E0119]: conflicting implementations of trait `std::fmt::Debug` for type `assist_accounting_dimension::Entity`
  --> src\models\assist_accounting_dimension.rs:17:35
   |
7  | #[derive(Copy, Clone, Default, Debug, DeriveEntity)]
   |                                ----- first implementation here
...
17 | #[derive(Clone, Debug, PartialEq, DeriveEntityModel, Eq)]
   |                                   ^^^^^^^^^^^^^^^^^ conflicting implementation for `assist_accounting_dimension::Entity`
   |
   = note: this error originates in the derive macro `Debug` (in Nightly builds, run with -Z macro-backtrace for more info)

error[E0119]: conflicting implementations of trait `std::fmt::Debug` for type `assist_accounting_record::Entity`
  --> src\models\assist_accounting_record.rs:17:35
   |
7  | #[derive(Copy, Clone, Default, Debug, DeriveEntity)]
   |                                ----- first implementation here
...
17 | #[derive(Clone, Debug, PartialEq, DeriveEntityModel, Eq)]
   |                                   ^^^^^^^^^^^^^^^^^ conflicting implementation for `assist_accounting_record::Entity`
   |
   = note: this error originates in the derive macro `Debug` (in Nightly builds, run with -Z macro-backtrace for more info)

error[E0119]: conflicting implementations of trait `std::fmt::Debug` for type `assist_accounting_summary::Entity`
  --> src\models\assist_accounting_summary.rs:17:35
   |
7  | #[derive(Copy, Clone, Default, Debug, DeriveEntity)]
   |                                ----- first implementation here
...
17 | #[derive(Clone, Debug, PartialEq, DeriveEntityModel, Eq)]
   |                                   ^^^^^^^^^^^^^^^^^ conflicting implementation for `assist_accounting_summary::Entity`
   |
   = note: this error originates in the derive macro `Debug` (in Nightly builds, run with -Z macro-backtrace for more info)

error[E0119]: conflicting implementations of trait `std::fmt::Debug` for type `business_trace_chain::Entity`
  --> src\models\business_trace_chain.rs:18:35
   |
8  | #[derive(Copy, Clone, Default, Debug, DeriveEntity)]
   |                                ----- first implementation here
...
18 | #[derive(Clone, Debug, PartialEq, DeriveEntityModel, Eq)]
   |                                   ^^^^^^^^^^^^^^^^^ conflicting implementation for `business_trace_chain::Entity`
   |
   = note: this error originates in the derive macro `Debug` (in Nightly builds, run with -Z macro-backtrace for more info)

error[E0119]: conflicting implementations of trait `std::fmt::Debug` for type `business_trace_snapshot::Entity`
  --> src\models\business_trace_snapshot.rs:19:35
   |
9  | #[derive(Copy, Clone, Default, Debug, DeriveEntity)]
   |                                ----- first implementation here
...
19 | #[derive(Clone, Debug, PartialEq, DeriveEntityModel, Eq)]
   |                                   ^^^^^^^^^^^^^^^^^ conflicting implementation for `business_trace_snapshot::Entity`
   |
   = note: this error originates in the derive macro `Debug` (in Nightly builds, run with -Z macro-backtrace for more info)

error[E0119]: conflicting implementations of trait `std::fmt::Debug` for type `business_trace_view::Entity`
  --> src\models\business_trace_view.rs:18:35
   |
8  | #[derive(Copy, Clone, Default, Debug, DeriveEntity)]
   |                                ----- first implementation here
...
18 | #[derive(Clone, Debug, PartialEq, DeriveEntityModel, Eq)]
   |                                   ^^^^^^^^^^^^^^^^^ conflicting implementation for `business_trace_view::Entity`
   |
   = note: this error originates in the derive macro `Debug` (in Nightly builds, run with -Z macro-backtrace for more info)

error[E0119]: conflicting implementations of trait `std::fmt::Debug` for type `purchase_order_item::Entity`
  --> src\models\purchase_order_item.rs:19:35
   |
9  | #[derive(Copy, Clone, Default, Debug, DeriveEntity)]
   |                                ----- first implementation here
...
19 | #[derive(Clone, Debug, PartialEq, DeriveEntityModel, Eq)]
   |                                   ^^^^^^^^^^^^^^^^^ conflicting implementation for `purchase_order_item::Entity`
   |
   = note: this error originates in the derive macro `Debug` (in Nightly builds, run with -Z macro-backtrace for more info)

error[E0119]: conflicting implementations of trait `std::fmt::Debug` for type `purchase_receipt_item::Entity`
  --> src\models\purchase_receipt_item.rs:19:35
   |
9  | #[derive(Copy, Clone, Default, Debug, DeriveEntity)]
   |                                ----- first implementation here
...
19 | #[derive(Clone, Debug, PartialEq, DeriveEntityModel, Eq)]
   |                                   ^^^^^^^^^^^^^^^^^ conflicting implementation for `purchase_receipt_item::Entity`
   |
   = note: this error originates in the derive macro `Debug` (in Nightly builds, run with -Z macro-backtrace for more info)

error[E0119]: conflicting implementations of trait `Clone` for type `inventory_count_item::Entity`
  --> src\models\inventory_count_item.rs:17:35
   |
7  | #[derive(Copy, Clone, Default, Debug, DeriveEntity)]
   |                ----- first implementation here
...
17 | #[derive(Clone, Debug, PartialEq, DeriveEntityModel, Eq, Serialize, Deserialize)]
   |                                   ^^^^^^^^^^^^^^^^^ conflicting implementation for `inventory_count_item::Entity`
   |
   = note: this error originates in the derive macro `Clone` (in Nightly builds, run with -Z macro-backtrace for more info)

error[E0119]: conflicting implementations of trait `Clone` for type `inventory_adjustment_item::Entity`
  --> src\models\inventory_adjustment_item.rs:20:35
   |
10 | #[derive(Copy, Clone, Default, Debug, DeriveEntity)]
   |                ----- first implementation here
...
20 | #[derive(Clone, Debug, PartialEq, DeriveEntityModel, Eq, Serialize, Deserialize)]
   |                                   ^^^^^^^^^^^^^^^^^ conflicting implementation for `inventory_adjustment_item::Entity`
   |
   = note: this error originates in the derive macro `Clone` (in Nightly builds, run with -Z macro-backtrace for more info)

error[E0119]: conflicting implementations of trait `Clone` for type `inventory_reservation::Entity`
  --> src\models\inventory_reservation.rs:17:35
   |
7  | #[derive(Copy, Clone, Default, Debug, DeriveEntity)]
   |                ----- first implementation here
...
17 | #[derive(Clone, Debug, PartialEq, DeriveEntityModel, Eq, Serialize, Deserialize)]
   |                                   ^^^^^^^^^^^^^^^^^ conflicting implementation for `inventory_reservation::Entity`
   |
   = note: this error originates in the derive macro `Clone` (in Nightly builds, run with -Z macro-backtrace for more info)

error[E0119]: conflicting implementations of trait `Clone` for type `customer::Entity`
  --> src\models\customer.rs:17:35
   |
7  | #[derive(Copy, Clone, Default, Debug, DeriveEntity)]
   |                ----- first implementation here
...
17 | #[derive(Clone, Debug, PartialEq, DeriveEntityModel, Eq, Serialize, Deserialize)]
   |                                   ^^^^^^^^^^^^^^^^^ conflicting implementation for `customer::Entity`
   |
   = note: this error originates in the derive macro `Clone` (in Nightly builds, run with -Z macro-backtrace for more info)

error[E0119]: conflicting implementations of trait `Clone` for type `assist_accounting_dimension::Entity`
  --> src\models\assist_accounting_dimension.rs:17:35
   |
7  | #[derive(Copy, Clone, Default, Debug, DeriveEntity)]
   |                ----- first implementation here
...
17 | #[derive(Clone, Debug, PartialEq, DeriveEntityModel, Eq)]
   |                                   ^^^^^^^^^^^^^^^^^ conflicting implementation for `assist_accounting_dimension::Entity`
   |
   = note: this error originates in the derive macro `Clone` (in Nightly builds, run with -Z macro-backtrace for more info)

error[E0119]: conflicting implementations of trait `Clone` for type `assist_accounting_record::Entity`
  --> src\models\assist_accounting_record.rs:17:35
   |
7  | #[derive(Copy, Clone, Default, Debug, DeriveEntity)]
   |                ----- first implementation here
...
17 | #[derive(Clone, Debug, PartialEq, DeriveEntityModel, Eq)]
   |                                   ^^^^^^^^^^^^^^^^^ conflicting implementation for `assist_accounting_record::Entity`
   |
   = note: this error originates in the derive macro `Clone` (in Nightly builds, run with -Z macro-backtrace for more info)

error[E0119]: conflicting implementations of trait `Clone` for type `assist_accounting_summary::Entity`
  --> src\models\assist_accounting_summary.rs:17:35
   |
7  | #[derive(Copy, Clone, Default, Debug, DeriveEntity)]
   |                ----- first implementation here
...
17 | #[derive(Clone, Debug, PartialEq, DeriveEntityModel, Eq)]
   |                                   ^^^^^^^^^^^^^^^^^ conflicting implementation for `assist_accounting_summary::Entity`
   |
   = note: this error originates in the derive macro `Clone` (in Nightly builds, run with -Z macro-backtrace for more info)

error[E0119]: conflicting implementations of trait `Clone` for type `business_trace_chain::Entity`
  --> src\models\business_trace_chain.rs:18:35
   |
8  | #[derive(Copy, Clone, Default, Debug, DeriveEntity)]
   |                ----- first implementation here
...
18 | #[derive(Clone, Debug, PartialEq, DeriveEntityModel, Eq)]
   |                                   ^^^^^^^^^^^^^^^^^ conflicting implementation for `business_trace_chain::Entity`
   |
   = note: this error originates in the derive macro `Clone` (in Nightly builds, run with -Z macro-backtrace for more info)

error[E0119]: conflicting implementations of trait `Clone` for type `business_trace_snapshot::Entity`
  --> src\models\business_trace_snapshot.rs:19:35
   |
9  | #[derive(Copy, Clone, Default, Debug, DeriveEntity)]
   |                ----- first implementation here
...
19 | #[derive(Clone, Debug, PartialEq, DeriveEntityModel, Eq)]
   |                                   ^^^^^^^^^^^^^^^^^ conflicting implementation for `business_trace_snapshot::Entity`
   |
   = note: this error originates in the derive macro `Clone` (in Nightly builds, run with -Z macro-backtrace for more info)

error[E0119]: conflicting implementations of trait `Clone` for type `business_trace_view::Entity`
  --> src\models\business_trace_view.rs:18:35
   |
8  | #[derive(Copy, Clone, Default, Debug, DeriveEntity)]
   |                ----- first implementation here
...
18 | #[derive(Clone, Debug, PartialEq, DeriveEntityModel, Eq)]
   |                                   ^^^^^^^^^^^^^^^^^ conflicting implementation for `business_trace_view::Entity`
   |
   = note: this error originates in the derive macro `Clone` (in Nightly builds, run with -Z macro-backtrace for more info)

error[E0119]: conflicting implementations of trait `Clone` for type `purchase_order_item::Entity`
  --> src\models\purchase_order_item.rs:19:35
   |
9  | #[derive(Copy, Clone, Default, Debug, DeriveEntity)]
   |                ----- first implementation here
...
19 | #[derive(Clone, Debug, PartialEq, DeriveEntityModel, Eq)]
   |                                   ^^^^^^^^^^^^^^^^^ conflicting implementation for `purchase_order_item::Entity`
   |
   = note: this error originates in the derive macro `Clone` (in Nightly builds, run with -Z macro-backtrace for more info)

error[E0119]: conflicting implementations of trait `Clone` for type `purchase_receipt_item::Entity`
  --> src\models\purchase_receipt_item.rs:19:35
   |
9  | #[derive(Copy, Clone, Default, Debug, DeriveEntity)]
   |                ----- first implementation here
...
19 | #[derive(Clone, Debug, PartialEq, DeriveEntityModel, Eq)]
   |                                   ^^^^^^^^^^^^^^^^^ conflicting implementation for `purchase_receipt_item::Entity`
   |
   = note: this error originates in the derive macro `Clone` (in Nightly builds, run with -Z macro-backtrace for more info)

error[E0107]: struct takes 0 generic arguments but 1 generic argument was supplied
   --> src\middleware\auth.rs:11:11
    |
11  |     next: Next<B>,
    |           ^^^^--- help: remove the unnecessary generics
    |           |
    |           expected 0 generic arguments
    |
note: struct defined here, with 0 generic parameters
   --> C:\Users\admin\.cargo\registry\src\index.crates.io-6f17d22bba15001f\axum-0.7.9\src\middleware\from_fn.rs:335:12
    |
335 | pub struct Next {
    |            ^^^^

error[E0107]: struct takes 0 generic arguments but 1 generic argument was supplied
   --> src\middleware\auth_middleware.rs:92:11
    |
92  |     next: Next<B>,
    |           ^^^^--- help: remove the unnecessary generics
    |           |
    |           expected 0 generic arguments
    |
note: struct defined here, with 0 generic parameters
   --> C:\Users\admin\.cargo\registry\src\index.crates.io-6f17d22bba15001f\axum-0.7.9\src\middleware\from_fn.rs:335:12
    |
335 | pub struct Next {
    |            ^^^^

error[E0107]: struct takes 0 generic arguments but 1 generic argument was supplied
   --> src\middleware\auth_middleware.rs:119:11
    |
119 |     next: Next<B>,
    |           ^^^^--- help: remove the unnecessary generics
    |           |
    |           expected 0 generic arguments
    |
note: struct defined here, with 0 generic parameters
   --> C:\Users\admin\.cargo\registry\src\index.crates.io-6f17d22bba15001f\axum-0.7.9\src\middleware\from_fn.rs:335:12
    |
335 | pub struct Next {
    |            ^^^^

error[E0107]: struct takes 0 generic arguments but 1 generic argument was supplied
   --> src\middleware\auth_middleware.rs:142:11
    |
142 |     next: Next<B>,
    |           ^^^^--- help: remove the unnecessary generics
    |           |
    |           expected 0 generic arguments
    |
note: struct defined here, with 0 generic parameters
   --> C:\Users\admin\.cargo\registry\src\index.crates.io-6f17d22bba15001f\axum-0.7.9\src\middleware\from_fn.rs:335:12
    |
335 | pub struct Next {
    |            ^^^^

error[E0107]: struct takes 0 generic arguments but 1 generic argument was supplied
   --> src\middleware\logger_middleware.rs:16:11
    |
16  |     next: Next<B>,
    |           ^^^^--- help: remove the unnecessary generics
    |           |
    |           expected 0 generic arguments
    |
note: struct defined here, with 0 generic parameters
   --> C:\Users\admin\.cargo\registry\src\index.crates.io-6f17d22bba15001f\axum-0.7.9\src\middleware\from_fn.rs:335:12
    |
335 | pub struct Next {
    |            ^^^^

error[E0107]: struct takes 0 generic arguments but 1 generic argument was supplied
   --> src\middleware\logger_middleware.rs:72:11
    |
72  |     next: Next<B>,
    |           ^^^^--- help: remove the unnecessary generics
    |           |
    |           expected 0 generic arguments
    |
note: struct defined here, with 0 generic parameters
   --> C:\Users\admin\.cargo\registry\src\index.crates.io-6f17d22bba15001f\axum-0.7.9\src\middleware\from_fn.rs:335:12
    |
335 | pub struct Next {
    |            ^^^^

error[E0107]: struct takes 0 generic arguments but 1 generic argument was supplied
   --> src\middleware\logger_middleware.rs:98:11
    |
98  |     next: Next<B>,
    |           ^^^^--- help: remove the unnecessary generics
    |           |
    |           expected 0 generic arguments
    |
note: struct defined here, with 0 generic parameters
   --> C:\Users\admin\.cargo\registry\src\index.crates.io-6f17d22bba15001f\axum-0.7.9\src\middleware\from_fn.rs:335:12
    |
335 | pub struct Next {
    |            ^^^^

error[E0107]: struct takes 0 generic arguments but 1 generic argument was supplied
   --> src\middleware\logger_middleware.rs:125:11
    |
125 |     next: Next<B>,
    |           ^^^^--- help: remove the unnecessary generics
    |           |
    |           expected 0 generic arguments
    |
note: struct defined here, with 0 generic parameters
   --> C:\Users\admin\.cargo\registry\src\index.crates.io-6f17d22bba15001f\axum-0.7.9\src\middleware\from_fn.rs:335:12
    |
335 | pub struct Next {
    |            ^^^^

error[E0507]: cannot move out of an `Arc`
   --> src\database\mod.rs:23:9
    |
23  |         self.connection.close().await
    |         ^^^^^^^^^^^^^^^ ------- value moved due to this method call
    |         |
    |         move occurs because value has type `sea_orm::DatabaseConnection`, which does not implement the `Copy` trait
    |
note: `sea_orm::DatabaseConnection::close` takes ownership of the receiver `self`, which moves value
   --> C:\Users\admin\.cargo\registry\src\index.crates.io-6f17d22bba15001f\sea-orm-1.1.19\src\database\db_connection.rs:480:24
    |
480 |     pub async fn close(self) -> Result<(), DbErr> {
    |                        ^^^^
help: you can `clone` the value and consume it, but this might not be your desired behavior
    |
23  |         <sea_orm::DatabaseConnection as Clone>::clone(&self.connection).close().await
    |         +++++++++++++++++++++++++++++++++++++++++++++++               +
help: consider cloning the value if the performance cost is acceptable
    |
23  |         self.connection.clone().close().await
    |                        ++++++++

error[E0560]: struct `auth_handler::LoginResponse` has no field named `user_info`
  --> src\handlers\auth_handler.rs:54:44
   |
54 |             Ok(Json(LoginResponse { token, user_info }))
   |                                            ^^^^^^^^^ `auth_handler::LoginResponse` does not have this field
   |
   = note: available fields are: `user`

error[E0061]: this method takes 1 argument but 3 arguments were supplied
   --> src\handlers\auth_handler.rs:130:34
    |
130 |     let new_token = auth_service.generate_token(
    |                                  ^^^^^^^^^^^^^^
131 |         &claims.sub,
132 |         &claims.username,
    |         ---------------- unexpected argument #2
133 |         claims.role_id,
    |         -------------- unexpected argument #3
    |
note: method defined here
   --> src\services\auth_service.rs:52:12
    |
52  |     pub fn generate_token(&self, user: &user::Model) -> Result<String, AuthError> {
    |            ^^^^^^^^^^^^^^        ------------------
help: remove the extra arguments
    |
131 -         &claims.sub,
132 -         &claims.username,
131 +         &claims.sub,
    |

error[E0061]: this function takes 2 arguments but 1 argument was supplied
   --> src\handlers\product_handler.rs:122:13
    |
122 |               ApiResponse::success(PaginatedResponse {
    |  _____________^^^^^^^^^^^^^^^^^^^^-
123 | |                 items: products,
124 | |                 total,
125 | |                 page,
126 | |                 page_size,
127 | |             })
    | |______________- argument #2 of type `std::option::Option<std::string::String>` is missing
    |
note: associated function defined here
   --> src\utils\response.rs:12:12
    |
12  |     pub fn success(data: T, message: Option<String>) -> Self {
    |            ^^^^^^^ -------  -----------------------
help: provide the argument
    |
122 ~             ApiResponse::success(PaginatedResponse {
123 +                 items: products,
124 +                 total,
125 +                 page,
126 +                 page_size,
127 +             }, /* std::option::Option<std::string::String> */)
    |

error[E0277]: the trait bound `product::Model: serde::Serialize` is not satisfied
   --> src\handlers\product_handler.rs:143:45
    |
143 |         Ok(product) => ApiResponse::success(product),
    |                        -------------------- ^^^^^^^ the trait `Serialize` is not implemented for `product::Model`
    |                        |
    |                        required by a bound introduced by this call
    |
    = note: for local types consider adding `#[derive(serde::Serialize)]` to your `product::Model` type
    = note: for types from other crates check whether the crate offers a `serde` feature flag
    = help: the following other types implement trait `Serialize`:
              &'a T
              &'a mut T
              ()
              (T,)
              (T0, T1)
              (T0, T1, T2)
              (T0, T1, T2, T3)
              (T0, T1, T2, T3, T4)
            and 402 others
note: required by a bound in `ApiResponse::<T>::success`
   --> src\utils\response.rs:11:9
    |
11  | impl<T: Serialize> ApiResponse<T> {
    |         ^^^^^^^^^ required by this bound in `ApiResponse::<T>::success`
12  |     pub fn success(data: T, message: Option<String>) -> Self {
    |            ------- required by a bound in this associated function

error[E0061]: this function takes 2 arguments but 1 argument was supplied
   --> src\handlers\product_handler.rs:143:24
    |
143 |         Ok(product) => ApiResponse::success(product),
    |                        ^^^^^^^^^^^^^^^^^^^^--------- argument #2 of type `std::option::Option<std::string::String>` is missing
    |
note: associated function defined here
   --> src\utils\response.rs:12:12
    |
12  |     pub fn success(data: T, message: Option<String>) -> Self {
    |            ^^^^^^^ -------  -----------------------
help: provide the argument
    |
143 |         Ok(product) => ApiResponse::success(product, /* std::option::Option<std::string::String> */),
    |                                            ~~~~~~~~~~~~~~~~~~~~~~~~~~~~~~~~~~~~~~~~~~~~~~~~~~~~~~~~~

error[E0308]: `match` arms have incompatible types
   --> src\handlers\product_handler.rs:145:13
    |
142 | /     match product_service.get_product(id).await {
143 | |         Ok(product) => ApiResponse::success(product),
    | |                        ----------------------------- this is found to be of type `ApiResponse<product::Model>`
144 | |         Err(e) => {
145 | |             (StatusCode::NOT_FOUND, Json(ApiResponse::<()>::error(&format!("浜у搧涓嶅瓨鍦細{}", e))))
    | |             ^^^^^^^^^^^^^^^^^^^^^^^^^^^^^^^^^^^^^^^^^^^^^^^^^^^^^^^^^^^^^^^^^^^^^^^^^^^^^^^^^^^^^^ expected `ApiResponse<Model>`, found `(Sta
tusCode, Json<ApiResponse<()>>)`
146 | |         }
147 | |     }
    | |_____- `match` arms have incompatible types
    |
    = note: expected struct `ApiResponse<product::Model>`
                found tuple `(axum::http::StatusCode, axum::Json<ApiResponse<()>>)`

error[E0061]: this method takes 19 arguments but 9 arguments were supplied
   --> src\handlers\product_handler.rs:157:27
    |
157 |       match product_service.create_product(
    |  ___________________________^^^^^^^^^^^^^^-
158 | |         req.name,
159 | |         req.code,
160 | |         req.category_id,
...   |
166 | |         req.status.unwrap_or_else(|| "active".to_string()),
167 | |     ).await {
    | |_____- multiple arguments are missing
    |
note: method defined here
   --> src\services\product_service.rs:71:18
    |
71  |     pub async fn create_product(
    |                  ^^^^^^^^^^^^^^
72  |         &self,
73  |         name: String,
    |         ------------
74  |         code: String,
    |         ------------
75  |         category_id: Option<i32>,
    |         ------------------------
76  |         specification: Option<String>,
    |         -----------------------------
77  |         unit: String,
    |         ------------
78  |         standard_price: Option<f64>,
    |         ---------------------------
79  |         cost_price: Option<f64>,
    |         -----------------------
80  |         description: Option<String>,
    |         ---------------------------
81  |         status: String,
    |         --------------
82  |         // 闈㈡枡琛屼笟瀛楁
83  |         product_type: String,
    |         --------------------
84  |         fabric_composition: Option<String>,
    |         ----------------------------------
85  |         yarn_count: Option<String>,
    |         --------------------------
86  |         density: Option<String>,
    |         -----------------------
87  |         width: Option<f64>,
    |         ------------------
88  |         gram_weight: Option<f64>,
    |         ------------------------
89  |         structure: Option<String>,
    |         -------------------------
90  |         finish: Option<String>,
    |         ----------------------
91  |         min_order_quantity: Option<f64>,
    |         -------------------------------
92  |         lead_time: Option<i32>,
    |         ----------------------
help: provide the arguments
    |
157 |     match product_service.create_product(req.name, req.code, req.category_id, req.specification, req.unit, req.standard_price, req.cost_price, 
req.description, req.status.unwrap_or_else(|| "active".to_string()), /* std::string::String */, /* std::option::Option<std::string::String> */, /* st
d::option::Option<std::string::String> */, /* std::option::Option<std::string::String> */, /* std::option::Option<f64> */, /* std::option::Option<f64
> */, /* std::option::Option<std::string::String> */, /* std::option::Option<std::string::String> */, /* std::option::Option<f64> */, /* std::option:
:Option<i32> */).await {
    |                                         ~~~~~~~~~~~~~~~~~~~~~~~~~~~~~~~~~~~~~~~~~~~~~~~~~~~~~~~~~~~~~~~~~~~~~~~~~~~~~~~~~~~~~~~~~~~~~~~~~~~~~~~
~~~~~~~~~~~~~~~~~~~~~~~~~~~~~~~~~~~~~~~~~~~~~~~~~~~~~~~~~~~~~~~~~~~~~~~~~~~~~~~~~~~~~~~~~~~~~~~~~~~~~~~~~~~~~~~~~~~~~~~~~~~~~~~~~~~~~~~~~~~~~~~~~~~~~
~~~~~~~~~~~~~~~~~~~~~~~~~~~~~~~~~~~~~~~~~~~~~~~~~~~~~~~~~~~~~~~~~~~~~~~~~~~~~~~~~~~~~~~~~~~~~~~~~~~~~~~~~~~~~~~~~~~~~~~~~~~~~~~~~~~~~~~~~~~~~~~~~~~~~
~~~~~~~~~~~~~~~~~~~~~~~~~~~~~~~~~~~~~~~~~~~~~~~~~~~~~~~~~~~~~~~~~~~~~~~~~~~~~~~~~~~~~~~~~~~~~~~~~~~~~~~~~~~~~~~~~~~~~~~~~~~~~~~~~~~~~~~~~~~~~~~~~~~~~
~~~~~~~~~~~~~~~~

error[E0277]: the trait bound `product::Model: serde::Serialize` is not satisfied
   --> src\handlers\product_handler.rs:169:70
    |
169 |             (StatusCode::CREATED, Json(ApiResponse::success_with_msg(product, "浜у搧鍒涘缓鎴愬姛")))
    |                                        ----------------------------- ^^^^^^^ the trait `Serialize` is not implemented for `product::Model`
    |                                        |
    |                                        required by a bound introduced by this call
    |
    = note: for local types consider adding `#[derive(serde::Serialize)]` to your `product::Model` type
    = note: for types from other crates check whether the crate offers a `serde` feature flag
    = help: the following other types implement trait `Serialize`:
              &'a T
              &'a mut T
              ()
              (T,)
              (T0, T1)
              (T0, T1, T2)
              (T0, T1, T2, T3)
              (T0, T1, T2, T3, T4)
            and 402 others
note: required by a bound in `ApiResponse::<T>::success_with_msg`
   --> src\utils\response.rs:11:9
    |
11  | impl<T: Serialize> ApiResponse<T> {
    |         ^^^^^^^^^ required by this bound in `ApiResponse::<T>::success_with_msg`
...
30  |     pub fn success_with_msg(data: T, message: &str) -> Self {
    |            ---------------- required by a bound in this associated function

error[E0308]: `match` arms have incompatible types
   --> src\handlers\product_handler.rs:172:13
    |
157 | /     match product_service.create_product(
158 | |         req.name,
159 | |         req.code,
160 | |         req.category_id,
...   |
169 | |             (StatusCode::CREATED, Json(ApiResponse::success_with_msg(product, "浜у搧鍒涘缓鎴愬姛")))
    | |             ----------------------------------------------------------------------------------- this is found to be of type `(axum::http::Sta
tusCode, axum::Json<ApiResponse<product::Model>>)`
...   |
172 | |             (StatusCode::BAD_REQUEST, Json(ApiResponse::<()>::error(&format!("鍒涘缓浜у搧澶辫触锛歿}", e))))
    | |             ^^^^^^^^^^^^^^^^^^^^^^^^^^^^^^^^^^^^^^^^^^^^^^^^^^^^^^^^^^^^^^^^^^^^^^^^^^^^^^^^^^^^^^^^^^ expected `(StatusCode, Json<...>)`, fo
und `(StatusCode, Json<ApiResponse<()>>)`
173 | |         }
174 | |     }
    | |_____- `match` arms have incompatible types
    |
    = note: expected tuple `(axum::http::StatusCode, axum::Json<ApiResponse<product::Model>>)`
               found tuple `(axum::http::StatusCode, axum::Json<ApiResponse<()>>)`

error[E0061]: this method takes 18 arguments but 8 arguments were supplied
   --> src\handlers\product_handler.rs:185:27
    |
185 |       match product_service.update_product(
    |  ___________________________^^^^^^^^^^^^^^-
186 | |         id,
187 | |         req.name,
188 | |         req.specification,
...   |
193 | |         req.status,
194 | |     ).await {
    | |_____- multiple arguments are missing
    |
note: method defined here
   --> src\services\product_service.rs:125:18
    |
125 |     pub async fn update_product(
    |                  ^^^^^^^^^^^^^^
126 |         &self,
127 |         id: i32,
    |         -------
128 |         name: Option<String>,
    |         --------------------
129 |         specification: Option<String>,
    |         -----------------------------
130 |         unit: Option<String>,
    |         --------------------
131 |         standard_price: Option<f64>,
    |         ---------------------------
132 |         cost_price: Option<f64>,
    |         -----------------------
133 |         description: Option<String>,
    |         ---------------------------
134 |         status: Option<String>,
    |         ----------------------
135 |         // 闈㈡枡琛屼笟瀛楁
136 |         product_type: Option<String>,
    |         ----------------------------
137 |         fabric_composition: Option<String>,
    |         ----------------------------------
138 |         yarn_count: Option<String>,
    |         --------------------------
139 |         density: Option<String>,
    |         -----------------------
140 |         width: Option<f64>,
    |         ------------------
141 |         gram_weight: Option<f64>,
    |         ------------------------
142 |         structure: Option<String>,
    |         -------------------------
143 |         finish: Option<String>,
    |         ----------------------
144 |         min_order_quantity: Option<f64>,
    |         -------------------------------
145 |         lead_time: Option<i32>,
    |         ----------------------
help: provide the arguments
    |
185 |     match product_service.update_product(id, req.name, req.specification, req.unit, req.standard_price, req.cost_price, req.description, req.st
atus, /* std::option::Option<std::string::String> */, /* std::option::Option<std::string::String> */, /* std::option::Option<std::string::String> */,
 /* std::option::Option<std::string::String> */, /* std::option::Option<f64> */, /* std::option::Option<f64> */, /* std::option::Option<std::string::
String> */, /* std::option::Option<std::string::String> */, /* std::option::Option<f64> */, /* std::option::Option<i32> */).await {
    |                                         ~~~~~~~~~~~~~~~~~~~~~~~~~~~~~~~~~~~~~~~~~~~~~~~~~~~~~~~~~~~~~~~~~~~~~~~~~~~~~~~~~~~~~~~~~~~~~~~~~~~~~~~
~~~~~~~~~~~~~~~~~~~~~~~~~~~~~~~~~~~~~~~~~~~~~~~~~~~~~~~~~~~~~~~~~~~~~~~~~~~~~~~~~~~~~~~~~~~~~~~~~~~~~~~~~~~~~~~~~~~~~~~~~~~~~~~~~~~~~~~~~~~~~~~~~~~~~
~~~~~~~~~~~~~~~~~~~~~~~~~~~~~~~~~~~~~~~~~~~~~~~~~~~~~~~~~~~~~~~~~~~~~~~~~~~~~~~~~~~~~~~~~~~~~~~~~~~~~~~~~~~~~~~~~~~~~~~~~~~~~~~~~~~~~~~~~~~~~~~~~~~~~
~~~~~~~~~~~~~~~~~~~~~~~~~~~~~~~~~~~~~~~~~~~~~~~~~~~~~~~~~~~~~~~~~~~~~~~~~~~~~~~~~~~~~~~~~~~~~~~~~~~~~~~~~~~~~~~~~~~~~~~~~~~

error[E0277]: the trait bound `product::Model: serde::Serialize` is not satisfied
   --> src\handlers\product_handler.rs:195:54
    |
195 |         Ok(product) => ApiResponse::success_with_msg(product, "浜у搧鏇存柊鎴愬姛"),
    |                        ----------------------------- ^^^^^^^ the trait `Serialize` is not implemented for `product::Model`
    |                        |
    |                        required by a bound introduced by this call
    |
    = note: for local types consider adding `#[derive(serde::Serialize)]` to your `product::Model` type
    = note: for types from other crates check whether the crate offers a `serde` feature flag
    = help: the following other types implement trait `Serialize`:
              &'a T
              &'a mut T
              ()
              (T,)
              (T0, T1)
              (T0, T1, T2)
              (T0, T1, T2, T3)
              (T0, T1, T2, T3, T4)
            and 402 others
note: required by a bound in `ApiResponse::<T>::success_with_msg`
   --> src\utils\response.rs:11:9
    |
11  | impl<T: Serialize> ApiResponse<T> {
    |         ^^^^^^^^^ required by this bound in `ApiResponse::<T>::success_with_msg`
...
30  |     pub fn success_with_msg(data: T, message: &str) -> Self {
    |            ---------------- required by a bound in this associated function

error[E0308]: `match` arms have incompatible types
   --> src\handlers\product_handler.rs:197:13
    |
185 | /     match product_service.update_product(
186 | |         id,
187 | |         req.name,
188 | |         req.specification,
...   |
195 | |         Ok(product) => ApiResponse::success_with_msg(product, "浜у搧鏇存柊鎴愬姛"),
    | |                        ------------------------------------------------------ this is found to be of type `ApiResponse<product::Model>`
196 | |         Err(e) => {
197 | |             (StatusCode::BAD_REQUEST, Json(ApiResponse::<()>::error(&format!("鏇存柊浜у搧澶辫触锛歿}", e))))
    | |             ^^^^^^^^^^^^^^^^^^^^^^^^^^^^^^^^^^^^^^^^^^^^^^^^^^^^^^^^^^^^^^^^^^^^^^^^^^^^^^^^^^^^^^^^^^ expected `ApiResponse<Model>`, found `
(StatusCode, Json<ApiResponse<()>>)`
198 | |         }
199 | |     }
    | |_____- `match` arms have incompatible types
    |
    = note: expected struct `ApiResponse<product::Model>`
                found tuple `(axum::http::StatusCode, axum::Json<ApiResponse<()>>)`

error[E0599]: no method named `delete_product` found for struct `ProductService` in the current scope
   --> src\handlers\product_handler.rs:209:27
    |
209 |     match product_service.delete_product(id).await {
    |                           ^^^^^^^^^^^^^^
    |
   ::: src\services\product_service.rs:10:1
    |
10  | pub struct ProductService {
    | ------------------------- method `delete_product` not found for this struct
    |
help: there is a method `delete_product_color` with a similar name
    |
209 |     match product_service.delete_product_color(id).await {
    |                           ~~~~~~~~~~~~~~~~~~~~

error[E0308]: `match` arms have incompatible types
   --> src\handlers\product_handler.rs:212:13
    |
209 | /     match product_service.delete_product(id).await {
210 | |         Ok(_) => ApiResponse::success_with_msg((), "浜у搧鍒犻櫎鎴愬姛"),
    | |                  ------------------------------------------------- this is found to be of type `ApiResponse<()>`
211 | |         Err(e) => {
212 | |             (StatusCode::BAD_REQUEST, Json(ApiResponse::<()>::error(&format!("鍒犻櫎浜у搧澶辫触锛歿}", e))))
    | |             ^^^^^^^^^^^^^^^^^^^^^^^^^^^^^^^^^^^^^^^^^^^^^^^^^^^^^^^^^^^^^^^^^^^^^^^^^^^^^^^^^^^^^^^^^^ expected `ApiResponse<()>`, found `(St
atusCode, Json<ApiResponse<()>>)`
213 | |         }
214 | |     }
    | |_____- `match` arms have incompatible types
    |
    = note: expected struct `ApiResponse<()>`
                found tuple `(axum::http::StatusCode, axum::Json<ApiResponse<()>>)`

error[E0277]: the trait bound `product_color::Model: serde::Serialize` is not satisfied
   --> src\handlers\product_handler.rs:227:44
    |
227 |         Ok(colors) => ApiResponse::success(colors),
    |                       -------------------- ^^^^^^ the trait `Serialize` is not implemented for `product_color::Model`, which is required by `Ve
c<product_color::Model>: Serialize`
    |                       |
    |                       required by a bound introduced by this call
    |
    = note: for local types consider adding `#[derive(serde::Serialize)]` to your `product_color::Model` type
    = note: for types from other crates check whether the crate offers a `serde` feature flag
    = help: the following other types implement trait `Serialize`:
              &'a T
              &'a mut T
              ()
              (T,)
              (T0, T1)
              (T0, T1, T2)
              (T0, T1, T2, T3)
              (T0, T1, T2, T3, T4)
            and 402 others
    = note: required for `Vec<product_color::Model>` to implement `Serialize`
note: required by a bound in `ApiResponse::<T>::success`
   --> src\utils\response.rs:11:9
    |
11  | impl<T: Serialize> ApiResponse<T> {
    |         ^^^^^^^^^ required by this bound in `ApiResponse::<T>::success`
12  |     pub fn success(data: T, message: Option<String>) -> Self {
    |            ------- required by a bound in this associated function

error[E0061]: this function takes 2 arguments but 1 argument was supplied
   --> src\handlers\product_handler.rs:227:23
    |
227 |         Ok(colors) => ApiResponse::success(colors),
    |                       ^^^^^^^^^^^^^^^^^^^^-------- argument #2 of type `std::option::Option<std::string::String>` is missing
    |
note: associated function defined here
   --> src\utils\response.rs:12:12
    |
12  |     pub fn success(data: T, message: Option<String>) -> Self {
    |            ^^^^^^^ -------  -----------------------
help: provide the argument
    |
227 |         Ok(colors) => ApiResponse::success(colors, /* std::option::Option<std::string::String> */),
    |                                           ~~~~~~~~~~~~~~~~~~~~~~~~~~~~~~~~~~~~~~~~~~~~~~~~~~~~~~~~

error[E0308]: `match` arms have incompatible types
   --> src\handlers\product_handler.rs:229:13
    |
226 | /     match product_service.list_product_colors(product_id).await {
227 | |         Ok(colors) => ApiResponse::success(colors),
    | |                       ---------------------------- this is found to be of type `ApiResponse<Vec<product_color::Model>>`
228 | |         Err(e) => {
229 | |             (StatusCode::INTERNAL_SERVER_ERROR, Json(ApiResponse::<()>::error(&format!("鑾峰彇鑹插彿鍒楄〃澶辫触锛歿}", e))))
    | |             ^^^^^^^^^^^^^^^^^^^^^^^^^^^^^^^^^^^^^^^^^^^^^^^^^^^^^^^^^^^^^^^^^^^^^^^^^^^^^^^^^^^^^^^^^^^^^^^^^^^^^^^^ expected `ApiResponse<Ve
c<Model>>`, found `(StatusCode, Json<ApiResponse<()>>)`
230 | |         }
231 | |     }
    | |_____- `match` arms have incompatible types
    |
    = note: expected struct `ApiResponse<Vec<product_color::Model>>`
                found tuple `(axum::http::StatusCode, axum::Json<ApiResponse<()>>)`

error[E0277]: the trait bound `product_color::Model: serde::Serialize` is not satisfied
   --> src\handlers\product_handler.rs:252:70
    |
252 |             (StatusCode::CREATED, Json(ApiResponse::success_with_msg(color, "鑹插彿鍒涘缓鎴愬姛")))
    |                                        ----------------------------- ^^^^^ the trait `Serialize` is not implemented for `product_color::Model`
    |                                        |
    |                                        required by a bound introduced by this call
    |
    = note: for local types consider adding `#[derive(serde::Serialize)]` to your `product_color::Model` type
    = note: for types from other crates check whether the crate offers a `serde` feature flag
    = help: the following other types implement trait `Serialize`:
              &'a T
              &'a mut T
              ()
              (T,)
              (T0, T1)
              (T0, T1, T2)
              (T0, T1, T2, T3)
              (T0, T1, T2, T3, T4)
            and 402 others
note: required by a bound in `ApiResponse::<T>::success_with_msg`
   --> src\utils\response.rs:11:9
    |
11  | impl<T: Serialize> ApiResponse<T> {
    |         ^^^^^^^^^ required by this bound in `ApiResponse::<T>::success_with_msg`
...
30  |     pub fn success_with_msg(data: T, message: &str) -> Self {
    |            ---------------- required by a bound in this associated function

error[E0308]: `match` arms have incompatible types
   --> src\handlers\product_handler.rs:255:13
    |
242 | /     match product_service.create_product_color(
243 | |         product_id,
244 | |         req.color_no,
245 | |         req.color_name,
...   |
252 | |             (StatusCode::CREATED, Json(ApiResponse::success_with_msg(color, "鑹插彿鍒涘缓鎴愬姛")))
    | |             --------------------------------------------------------------------------------- this is found to be of type `(axum::http::Statu
sCode, axum::Json<ApiResponse<product_color::Model>>)`
...   |
255 | |             (StatusCode::BAD_REQUEST, Json(ApiResponse::<()>::error(&format!("鍒涘缓鑹插彿澶辫触锛歿}", e))))
    | |             ^^^^^^^^^^^^^^^^^^^^^^^^^^^^^^^^^^^^^^^^^^^^^^^^^^^^^^^^^^^^^^^^^^^^^^^^^^^^^^^^^^^^^^^^^^ expected `(StatusCode, Json<...>)`, fo
und `(StatusCode, Json<ApiResponse<()>>)`
256 | |         }
257 | |     }
    | |_____- `match` arms have incompatible types
    |
    = note: expected tuple `(axum::http::StatusCode, axum::Json<ApiResponse<product_color::Model>>)`
               found tuple `(axum::http::StatusCode, axum::Json<ApiResponse<()>>)`

error[E0277]: the trait bound `product_color::Model: serde::Serialize` is not satisfied
   --> src\handlers\product_handler.rs:277:52
    |
277 |         Ok(color) => ApiResponse::success_with_msg(color, "鑹插彿鏇存柊鎴愬姛"),
    |                      ----------------------------- ^^^^^ the trait `Serialize` is not implemented for `product_color::Model`
    |                      |
    |                      required by a bound introduced by this call
    |
    = note: for local types consider adding `#[derive(serde::Serialize)]` to your `product_color::Model` type
    = note: for types from other crates check whether the crate offers a `serde` feature flag
    = help: the following other types implement trait `Serialize`:
              &'a T
              &'a mut T
              ()
              (T,)
              (T0, T1)
              (T0, T1, T2)
              (T0, T1, T2, T3)
              (T0, T1, T2, T3, T4)
            and 402 others
note: required by a bound in `ApiResponse::<T>::success_with_msg`
   --> src\utils\response.rs:11:9
    |
11  | impl<T: Serialize> ApiResponse<T> {
    |         ^^^^^^^^^ required by this bound in `ApiResponse::<T>::success_with_msg`
...
30  |     pub fn success_with_msg(data: T, message: &str) -> Self {
    |            ---------------- required by a bound in this associated function

error[E0308]: `match` arms have incompatible types
   --> src\handlers\product_handler.rs:279:13
    |
268 | /     match product_service.update_product_color(
269 | |         color_id,
270 | |         req.color_name,
271 | |         req.pantone_code,
...   |
277 | |         Ok(color) => ApiResponse::success_with_msg(color, "鑹插彿鏇存柊鎴愬姛"),
    | |                      ---------------------------------------------------- this is found to be of type `ApiResponse<product_color::Model>`
278 | |         Err(e) => {
279 | |             (StatusCode::BAD_REQUEST, Json(ApiResponse::<()>::error(&format!("鏇存柊鑹插彿澶辫触锛歿}", e))))
    | |             ^^^^^^^^^^^^^^^^^^^^^^^^^^^^^^^^^^^^^^^^^^^^^^^^^^^^^^^^^^^^^^^^^^^^^^^^^^^^^^^^^^^^^^^^^^ expected `ApiResponse<Model>`, found `
(StatusCode, Json<ApiResponse<()>>)`
280 | |         }
281 | |     }
    | |_____- `match` arms have incompatible types
    |
    = note: expected struct `ApiResponse<product_color::Model>`
                found tuple `(axum::http::StatusCode, axum::Json<ApiResponse<()>>)`

error[E0308]: `match` arms have incompatible types
   --> src\handlers\product_handler.rs:294:13
    |
291 | /     match product_service.delete_product_color(color_id).await {
292 | |         Ok(_) => ApiResponse::success_with_msg((), "鑹插彿鍒犻櫎鎴愬姛"),
    | |                  ------------------------------------------------- this is found to be of type `ApiResponse<()>`
293 | |         Err(e) => {
294 | |             (StatusCode::BAD_REQUEST, Json(ApiResponse::<()>::error(&format!("鍒犻櫎鑹插彿澶辫触锛歿}", e))))
    | |             ^^^^^^^^^^^^^^^^^^^^^^^^^^^^^^^^^^^^^^^^^^^^^^^^^^^^^^^^^^^^^^^^^^^^^^^^^^^^^^^^^^^^^^^^^^ expected `ApiResponse<()>`, found `(St
atusCode, Json<ApiResponse<()>>)`
295 | |         }
296 | |     }
    | |_____- `match` arms have incompatible types
    |
    = note: expected struct `ApiResponse<()>`
                found tuple `(axum::http::StatusCode, axum::Json<ApiResponse<()>>)`

error[E0277]: the trait bound `product_color::Model: serde::Serialize` is not satisfied
   --> src\handlers\product_handler.rs:320:70
    |
320 |             (StatusCode::CREATED, Json(ApiResponse::success_with_msg(colors, format!("鎵归噺鍒涘缓{}涓壊鍙锋垚鍔?, colors.len()))))
    |                                        ----------------------------- ^^^^^^ the trait `Serialize` is not implemented for `product_color::Model`
, which is required by `Vec<product_color::Model>: Serialize`
    |                                        |
    |                                        required by a bound introduced by this call
    |
    = note: for local types consider adding `#[derive(serde::Serialize)]` to your `product_color::Model` type
    = note: for types from other crates check whether the crate offers a `serde` feature flag
    = help: the following other types implement trait `Serialize`:
              &'a T
              &'a mut T
              ()
              (T,)
              (T0, T1)
              (T0, T1, T2)
              (T0, T1, T2, T3)
              (T0, T1, T2, T3, T4)
            and 402 others
    = note: required for `Vec<product_color::Model>` to implement `Serialize`
note: required by a bound in `ApiResponse::<T>::success_with_msg`
   --> src\utils\response.rs:11:9
    |
11  | impl<T: Serialize> ApiResponse<T> {
    |         ^^^^^^^^^ required by this bound in `ApiResponse::<T>::success_with_msg`
...
30  |     pub fn success_with_msg(data: T, message: &str) -> Self {
    |            ---------------- required by a bound in this associated function

error[E0308]: mismatched types
   --> src\handlers\product_handler.rs:320:78
    |
304 | ) -> impl IntoResponse {
    |      ----------------- expected `&str` because of return type
...
320 |             (StatusCode::CREATED, Json(ApiResponse::success_with_msg(colors, format!("鎵归噺鍒涘缓{}涓壊鍙锋垚鍔?, colors.len()))))
    |                                                                              ^^^^^^^^^^^^^^^^^^^^^^^^^^^^^^^^^^^^^^^^^^^^^ expected `&str`, fou
nd `String`
    |
    = note: this error originates in the macro `format` (in Nightly builds, run with -Z macro-backtrace for more info)

error[E0308]: `match` arms have incompatible types
   --> src\handlers\product_handler.rs:323:13
    |
318 | /     match product_service.batch_create_product_colors(product_id, colors_input).await {
319 | |         Ok(colors) => {
320 | |             (StatusCode::CREATED, Json(ApiResponse::success_with_msg(colors, format!("鎵归噺鍒涘缓{}涓壊鍙锋垚鍔?, colors.len()))))
    | |             ----------------------------------------------------------------------------------------------------------------- this is found t
o be of type `(axum::http::StatusCode, axum::Json<ApiResponse<Vec<product_color::Model>>>)`
321 | |         }
322 | |         Err(e) => {
323 | |             (StatusCode::BAD_REQUEST, Json(ApiResponse::<()>::error(&format!("鎵归噺鍒涘缓鑹插彿澶辫触锛歿}", e))))
    | |             ^^^^^^^^^^^^^^^^^^^^^^^^^^^^^^^^^^^^^^^^^^^^^^^^^^^^^^^^^^^^^^^^^^^^^^^^^^^^^^^^^^^^^^^^^^^^^^ expected `(StatusCode, Json<...>)`
, found `(StatusCode, Json<ApiResponse<()>>)`
324 | |         }
325 | |     }
    | |_____- `match` arms have incompatible types
    |
    = note: expected tuple `(axum::http::StatusCode, axum::Json<ApiResponse<Vec<product_color::Model>>>)`
               found tuple `(axum::http::StatusCode, axum::Json<ApiResponse<()>>)`

error[E0061]: this function takes 2 arguments but 1 argument was supplied
  --> src\handlers\product_category_handler.rs:57:13
   |
57 |               ApiResponse::success(PaginatedResponse {
   |  _____________^^^^^^^^^^^^^^^^^^^^-
58 | |                 items: categories,
59 | |                 total,
60 | |                 page,
61 | |                 page_size,
62 | |             })
   | |______________- argument #2 of type `std::option::Option<std::string::String>` is missing
   |
note: associated function defined here
  --> src\utils\response.rs:12:12
   |
12 |     pub fn success(data: T, message: Option<String>) -> Self {
   |            ^^^^^^^ -------  -----------------------
help: provide the argument
   |
57 ~             ApiResponse::success(PaginatedResponse {
58 +                 items: categories,
59 +                 total,
60 +                 page,
61 +                 page_size,
62 +             }, /* std::option::Option<std::string::String> */)
   |

error[E0277]: the trait bound `product_category::Model: serde::Serialize` is not satisfied
  --> src\handlers\product_category_handler.rs:78:46
   |
78 |         Ok(category) => ApiResponse::success(category),
   |                         -------------------- ^^^^^^^^ the trait `Serialize` is not implemented for `product_category::Model`
   |                         |
   |                         required by a bound introduced by this call
   |
   = note: for local types consider adding `#[derive(serde::Serialize)]` to your `product_category::Model` type
   = note: for types from other crates check whether the crate offers a `serde` feature flag
   = help: the following other types implement trait `Serialize`:
             &'a T
             &'a mut T
             ()
             (T,)
             (T0, T1)
             (T0, T1, T2)
             (T0, T1, T2, T3)
             (T0, T1, T2, T3, T4)
           and 402 others
note: required by a bound in `ApiResponse::<T>::success`
  --> src\utils\response.rs:11:9
   |
11 | impl<T: Serialize> ApiResponse<T> {
   |         ^^^^^^^^^ required by this bound in `ApiResponse::<T>::success`
12 |     pub fn success(data: T, message: Option<String>) -> Self {
   |            ------- required by a bound in this associated function

error[E0061]: this function takes 2 arguments but 1 argument was supplied
  --> src\handlers\product_category_handler.rs:78:25
   |
78 |         Ok(category) => ApiResponse::success(category),
   |                         ^^^^^^^^^^^^^^^^^^^^---------- argument #2 of type `std::option::Option<std::string::String>` is missing
   |
note: associated function defined here
  --> src\utils\response.rs:12:12
   |
12 |     pub fn success(data: T, message: Option<String>) -> Self {
   |            ^^^^^^^ -------  -----------------------
help: provide the argument
   |
78 |         Ok(category) => ApiResponse::success(category, /* std::option::Option<std::string::String> */),
   |                                             ~~~~~~~~~~~~~~~~~~~~~~~~~~~~~~~~~~~~~~~~~~~~~~~~~~~~~~~~~~

error[E0308]: `match` arms have incompatible types
  --> src\handlers\product_category_handler.rs:80:13
   |
77 | /     match category_service.get_category(id).await {
78 | |         Ok(category) => ApiResponse::success(category),
   | |                         ------------------------------ this is found to be of type `ApiResponse<product_category::Model>`
79 | |         Err(e) => {
80 | |             (StatusCode::NOT_FOUND, Json(ApiResponse::<()>::error(&format!("绫诲埆涓嶅瓨鍦細{}", e))))
   | |             ^^^^^^^^^^^^^^^^^^^^^^^^^^^^^^^^^^^^^^^^^^^^^^^^^^^^^^^^^^^^^^^^^^^^^^^^^^^^^^^^^^^^^^ expected `ApiResponse<Model>`, found `(Stat
usCode, Json<ApiResponse<()>>)`
81 | |         }
82 | |     }
   | |_____- `match` arms have incompatible types
   |
   = note: expected struct `ApiResponse<product_category::Model>`
               found tuple `(axum::http::StatusCode, axum::Json<ApiResponse<()>>)`

error[E0277]: the trait bound `product_category::Model: serde::Serialize` is not satisfied
  --> src\handlers\product_category_handler.rs:98:70
   |
98 |             (StatusCode::CREATED, Json(ApiResponse::success_with_msg(category, "浜у搧绫诲埆鍒涘缓鎴愬姛")))
   |                                        ----------------------------- ^^^^^^^^ the trait `Serialize` is not implemented for `product_category::Mo
del`
   |                                        |
   |                                        required by a bound introduced by this call
   |
   = note: for local types consider adding `#[derive(serde::Serialize)]` to your `product_category::Model` type
   = note: for types from other crates check whether the crate offers a `serde` feature flag
   = help: the following other types implement trait `Serialize`:
             &'a T
             &'a mut T
             ()
             (T,)
             (T0, T1)
             (T0, T1, T2)
             (T0, T1, T2, T3)
             (T0, T1, T2, T3, T4)
           and 402 others
note: required by a bound in `ApiResponse::<T>::success_with_msg`
  --> src\utils\response.rs:11:9
   |
11 | impl<T: Serialize> ApiResponse<T> {
   |         ^^^^^^^^^ required by this bound in `ApiResponse::<T>::success_with_msg`
...
30 |     pub fn success_with_msg(data: T, message: &str) -> Self {
   |            ---------------- required by a bound in this associated function

error[E0308]: `match` arms have incompatible types
   --> src\handlers\product_category_handler.rs:101:13
    |
92  | /     match category_service.create_category(
93  | |         req.name,
94  | |         req.parent_id,
95  | |         req.description,
...   |
98  | |             (StatusCode::CREATED, Json(ApiResponse::success_with_msg(category, "浜у搧绫诲埆鍒涘缓鎴愬姛")))
    | |             ---------------------------------------------------------------------------------------- this is found to be of type `(axum::http
::StatusCode, axum::Json<ApiResponse<product_category::Model>>)`
...   |
101 | |             (StatusCode::BAD_REQUEST, Json(ApiResponse::<()>::error(&format!("鍒涘缓浜у搧绫诲埆澶辫触锛歿}", e))))
    | |             ^^^^^^^^^^^^^^^^^^^^^^^^^^^^^^^^^^^^^^^^^^^^^^^^^^^^^^^^^^^^^^^^^^^^^^^^^^^^^^^^^^^^^^^^^^^^^^ expected `(StatusCode, Json<...>)`
, found `(StatusCode, Json<ApiResponse<()>>)`
102 | |         }
103 | |     }
    | |_____- `match` arms have incompatible types
    |
    = note: expected tuple `(axum::http::StatusCode, axum::Json<ApiResponse<product_category::Model>>)`
               found tuple `(axum::http::StatusCode, axum::Json<ApiResponse<()>>)`

error[E0277]: the trait bound `product_category::Model: serde::Serialize` is not satisfied
   --> src\handlers\product_category_handler.rs:120:55
    |
120 |         Ok(category) => ApiResponse::success_with_msg(category, "浜у搧绫诲埆鏇存柊鎴愬姛"),
    |                         ----------------------------- ^^^^^^^^ the trait `Serialize` is not implemented for `product_category::Model`
    |                         |
    |                         required by a bound introduced by this call
    |
    = note: for local types consider adding `#[derive(serde::Serialize)]` to your `product_category::Model` type
    = note: for types from other crates check whether the crate offers a `serde` feature flag
    = help: the following other types implement trait `Serialize`:
              &'a T
              &'a mut T
              ()
              (T,)
              (T0, T1)
              (T0, T1, T2)
              (T0, T1, T2, T3)
              (T0, T1, T2, T3, T4)
            and 402 others
note: required by a bound in `ApiResponse::<T>::success_with_msg`
   --> src\utils\response.rs:11:9
    |
11  | impl<T: Serialize> ApiResponse<T> {
    |         ^^^^^^^^^ required by this bound in `ApiResponse::<T>::success_with_msg`
...
30  |     pub fn success_with_msg(data: T, message: &str) -> Self {
    |            ---------------- required by a bound in this associated function

error[E0308]: `match` arms have incompatible types
   --> src\handlers\product_category_handler.rs:122:13
    |
114 | /     match category_service.update_category(
115 | |         id,
116 | |         req.name,
117 | |         req.parent_id,
...   |
120 | |         Ok(category) => ApiResponse::success_with_msg(category, "浜у搧绫诲埆鏇存柊鎴愬姛"),
    | |                         ----------------------------------------------------------- this is found to be of type `ApiResponse<product_category
::Model>`
121 | |         Err(e) => {
122 | |             (StatusCode::BAD_REQUEST, Json(ApiResponse::<()>::error(&format!("鏇存柊浜у搧绫诲埆澶辫触锛歿}", e))))
    | |             ^^^^^^^^^^^^^^^^^^^^^^^^^^^^^^^^^^^^^^^^^^^^^^^^^^^^^^^^^^^^^^^^^^^^^^^^^^^^^^^^^^^^^^^^^^^^^^ expected `ApiResponse<Model>`, fou
nd `(StatusCode, Json<ApiResponse<()>>)`
123 | |         }
124 | |     }
    | |_____- `match` arms have incompatible types
    |
    = note: expected struct `ApiResponse<product_category::Model>`
                found tuple `(axum::http::StatusCode, axum::Json<ApiResponse<()>>)`

error[E0308]: `match` arms have incompatible types
   --> src\handlers\product_category_handler.rs:137:13
    |
134 | /     match category_service.delete_category(id).await {
135 | |         Ok(_) => ApiResponse::success_with_msg((), "浜у搧绫诲埆鍒犻櫎鎴愬姛"),
    | |                  ----------------------------------------------------- this is found to be of type `ApiResponse<()>`
136 | |         Err(e) => {
137 | |             (StatusCode::BAD_REQUEST, Json(ApiResponse::<()>::error(&format!("鍒犻櫎浜у搧绫诲埆澶辫触锛歿}", e))))
    | |             ^^^^^^^^^^^^^^^^^^^^^^^^^^^^^^^^^^^^^^^^^^^^^^^^^^^^^^^^^^^^^^^^^^^^^^^^^^^^^^^^^^^^^^^^^^^^^^ expected `ApiResponse<()>`, found 
`(StatusCode, Json<ApiResponse<()>>)`
138 | |         }
139 | |     }
    | |_____- `match` arms have incompatible types
    |
    = note: expected struct `ApiResponse<()>`
                found tuple `(axum::http::StatusCode, axum::Json<ApiResponse<()>>)`

error[E0277]: the trait bound `product_category::Model: serde::Serialize` is not satisfied
   --> src\handlers\product_category_handler.rs:149:42
    |
149 |         Ok(tree) => ApiResponse::success(tree),
    |                     -------------------- ^^^^ the trait `Serialize` is not implemented for `product_category::Model`, which is required by `Vec
<product_category::Model>: Serialize`
    |                     |
    |                     required by a bound introduced by this call
    |
    = note: for local types consider adding `#[derive(serde::Serialize)]` to your `product_category::Model` type
    = note: for types from other crates check whether the crate offers a `serde` feature flag
    = help: the following other types implement trait `Serialize`:
              &'a T
              &'a mut T
              ()
              (T,)
              (T0, T1)
              (T0, T1, T2)
              (T0, T1, T2, T3)
              (T0, T1, T2, T3, T4)
            and 402 others
    = note: required for `Vec<product_category::Model>` to implement `Serialize`
note: required by a bound in `ApiResponse::<T>::success`
   --> src\utils\response.rs:11:9
    |
11  | impl<T: Serialize> ApiResponse<T> {
    |         ^^^^^^^^^ required by this bound in `ApiResponse::<T>::success`
12  |     pub fn success(data: T, message: Option<String>) -> Self {
    |            ------- required by a bound in this associated function

error[E0061]: this function takes 2 arguments but 1 argument was supplied
   --> src\handlers\product_category_handler.rs:149:21
    |
149 |         Ok(tree) => ApiResponse::success(tree),
    |                     ^^^^^^^^^^^^^^^^^^^^------ argument #2 of type `std::option::Option<std::string::String>` is missing
    |
note: associated function defined here
   --> src\utils\response.rs:12:12
    |
12  |     pub fn success(data: T, message: Option<String>) -> Self {
    |            ^^^^^^^ -------  -----------------------
help: provide the argument
    |
149 |         Ok(tree) => ApiResponse::success(tree, /* std::option::Option<std::string::String> */),
    |                                         ~~~~~~~~~~~~~~~~~~~~~~~~~~~~~~~~~~~~~~~~~~~~~~~~~~~~~~

error[E0308]: `match` arms have incompatible types
   --> src\handlers\product_category_handler.rs:151:13
    |
148 | /     match category_service.get_category_tree().await {
149 | |         Ok(tree) => ApiResponse::success(tree),
    | |                     -------------------------- this is found to be of type `ApiResponse<Vec<product_category::Model>>`
150 | |         Err(e) => {
151 | |             (StatusCode::INTERNAL_SERVER_ERROR, Json(ApiResponse::<()>::error(&e.to_string())))
    | |             ^^^^^^^^^^^^^^^^^^^^^^^^^^^^^^^^^^^^^^^^^^^^^^^^^^^^^^^^^^^^^^^^^^^^^^^^^^^^^^^^^^^ expected `ApiResponse<Vec<Model>>`, found `(S
tatusCode, Json<ApiResponse<()>>)`
152 | |         }
153 | |     }
    | |_____- `match` arms have incompatible types
    |
    = note: expected struct `ApiResponse<Vec<product_category::Model>>`
                found tuple `(axum::http::StatusCode, axum::Json<ApiResponse<()>>)`

error[E0061]: this function takes 2 arguments but 1 argument was supplied
  --> src\handlers\warehouse_handler.rs:64:13
   |
64 |               ApiResponse::success(PaginatedResponse {
   |  _____________^^^^^^^^^^^^^^^^^^^^-
65 | |                 items: warehouses,
66 | |                 total,
67 | |                 page,
68 | |                 page_size,
69 | |             })
   | |______________- argument #2 of type `std::option::Option<std::string::String>` is missing
   |
note: associated function defined here
  --> src\utils\response.rs:12:12
   |
12 |     pub fn success(data: T, message: Option<String>) -> Self {
   |            ^^^^^^^ -------  -----------------------
help: provide the argument
   |
64 ~             ApiResponse::success(PaginatedResponse {
65 +                 items: warehouses,
66 +                 total,
67 +                 page,
68 +                 page_size,
69 +             }, /* std::option::Option<std::string::String> */)
   |

error[E0277]: the trait bound `warehouse::Model: serde::Serialize` is not satisfied
  --> src\handlers\warehouse_handler.rs:85:47
   |
85 |         Ok(warehouse) => ApiResponse::success(warehouse),
   |                          -------------------- ^^^^^^^^^ the trait `Serialize` is not implemented for `warehouse::Model`
   |                          |
   |                          required by a bound introduced by this call
   |
   = note: for local types consider adding `#[derive(serde::Serialize)]` to your `warehouse::Model` type
   = note: for types from other crates check whether the crate offers a `serde` feature flag
   = help: the following other types implement trait `Serialize`:
             &'a T
             &'a mut T
             ()
             (T,)
             (T0, T1)
             (T0, T1, T2)
             (T0, T1, T2, T3)
             (T0, T1, T2, T3, T4)
           and 402 others
note: required by a bound in `ApiResponse::<T>::success`
  --> src\utils\response.rs:11:9
   |
11 | impl<T: Serialize> ApiResponse<T> {
   |         ^^^^^^^^^ required by this bound in `ApiResponse::<T>::success`
12 |     pub fn success(data: T, message: Option<String>) -> Self {
   |            ------- required by a bound in this associated function

error[E0061]: this function takes 2 arguments but 1 argument was supplied
  --> src\handlers\warehouse_handler.rs:85:26
   |
85 |         Ok(warehouse) => ApiResponse::success(warehouse),
   |                          ^^^^^^^^^^^^^^^^^^^^----------- argument #2 of type `std::option::Option<std::string::String>` is missing
   |
note: associated function defined here
  --> src\utils\response.rs:12:12
   |
12 |     pub fn success(data: T, message: Option<String>) -> Self {
   |            ^^^^^^^ -------  -----------------------
help: provide the argument
   |
85 |         Ok(warehouse) => ApiResponse::success(warehouse, /* std::option::Option<std::string::String> */),
   |                                              ~~~~~~~~~~~~~~~~~~~~~~~~~~~~~~~~~~~~~~~~~~~~~~~~~~~~~~~~~~~

error[E0308]: `match` arms have incompatible types
  --> src\handlers\warehouse_handler.rs:87:13
   |
84 | /     match warehouse_service.get_warehouse(id).await {
85 | |         Ok(warehouse) => ApiResponse::success(warehouse),
   | |                          ------------------------------- this is found to be of type `ApiResponse<warehouse::Model>`
86 | |         Err(e) => {
87 | |             (StatusCode::NOT_FOUND, Json(ApiResponse::<()>::error(&format!("浠撳簱涓嶅瓨鍦細{}", e))))
   | |             ^^^^^^^^^^^^^^^^^^^^^^^^^^^^^^^^^^^^^^^^^^^^^^^^^^^^^^^^^^^^^^^^^^^^^^^^^^^^^^^^^^^^^^ expected `ApiResponse<Model>`, found `(Stat
usCode, Json<ApiResponse<()>>)`
88 | |         }
89 | |     }
   | |_____- `match` arms have incompatible types
   |
   = note: expected struct `ApiResponse<warehouse::Model>`
               found tuple `(axum::http::StatusCode, axum::Json<ApiResponse<()>>)`

error[E0277]: the trait bound `warehouse::Model: serde::Serialize` is not satisfied
   --> src\handlers\warehouse_handler.rs:109:70
    |
109 |             (StatusCode::CREATED, Json(ApiResponse::success_with_msg(warehouse, "浠撳簱鍒涘缓鎴愬姛")))
    |                                        ----------------------------- ^^^^^^^^^ the trait `Serialize` is not implemented for `warehouse::Model`
    |                                        |
    |                                        required by a bound introduced by this call
    |
    = note: for local types consider adding `#[derive(serde::Serialize)]` to your `warehouse::Model` type
    = note: for types from other crates check whether the crate offers a `serde` feature flag
    = help: the following other types implement trait `Serialize`:
              &'a T
              &'a mut T
              ()
              (T,)
              (T0, T1)
              (T0, T1, T2)
              (T0, T1, T2, T3)
              (T0, T1, T2, T3, T4)
            and 402 others
note: required by a bound in `ApiResponse::<T>::success_with_msg`
   --> src\utils\response.rs:11:9
    |
11  | impl<T: Serialize> ApiResponse<T> {
    |         ^^^^^^^^^ required by this bound in `ApiResponse::<T>::success_with_msg`
...
30  |     pub fn success_with_msg(data: T, message: &str) -> Self {
    |            ---------------- required by a bound in this associated function

error[E0308]: `match` arms have incompatible types
   --> src\handlers\warehouse_handler.rs:112:13
    |
99  | /     match warehouse_service.create_warehouse(
100 | |         req.name,
101 | |         req.code,
102 | |         req.address,
...   |
109 | |             (StatusCode::CREATED, Json(ApiResponse::success_with_msg(warehouse, "浠撳簱鍒涘缓鎴愬姛")))
    | |             ------------------------------------------------------------------------------------- this is found to be of type `(axum::http::S
tatusCode, axum::Json<ApiResponse<warehouse::Model>>)`
...   |
112 | |             (StatusCode::BAD_REQUEST, Json(ApiResponse::<()>::error(&format!("鍒涘缓浠撳簱澶辫触锛歿}", e))))
    | |             ^^^^^^^^^^^^^^^^^^^^^^^^^^^^^^^^^^^^^^^^^^^^^^^^^^^^^^^^^^^^^^^^^^^^^^^^^^^^^^^^^^^^^^^^^^ expected `(StatusCode, Json<...>)`, fo
und `(StatusCode, Json<ApiResponse<()>>)`
113 | |         }
114 | |     }
    | |_____- `match` arms have incompatible types
    |
    = note: expected tuple `(axum::http::StatusCode, axum::Json<ApiResponse<warehouse::Model>>)`
               found tuple `(axum::http::StatusCode, axum::Json<ApiResponse<()>>)`

error[E0277]: the trait bound `warehouse::Model: serde::Serialize` is not satisfied
   --> src\handlers\warehouse_handler.rs:134:56
    |
134 |         Ok(warehouse) => ApiResponse::success_with_msg(warehouse, "浠撳簱鏇存柊鎴愬姛"),
    |                          ----------------------------- ^^^^^^^^^ the trait `Serialize` is not implemented for `warehouse::Model`
    |                          |
    |                          required by a bound introduced by this call
    |
    = note: for local types consider adding `#[derive(serde::Serialize)]` to your `warehouse::Model` type
    = note: for types from other crates check whether the crate offers a `serde` feature flag
    = help: the following other types implement trait `Serialize`:
              &'a T
              &'a mut T
              ()
              (T,)
              (T0, T1)
              (T0, T1, T2)
              (T0, T1, T2, T3)
              (T0, T1, T2, T3, T4)
            and 402 others
note: required by a bound in `ApiResponse::<T>::success_with_msg`
   --> src\utils\response.rs:11:9
    |
11  | impl<T: Serialize> ApiResponse<T> {
    |         ^^^^^^^^^ required by this bound in `ApiResponse::<T>::success_with_msg`
...
30  |     pub fn success_with_msg(data: T, message: &str) -> Self {
    |            ---------------- required by a bound in this associated function

error[E0308]: `match` arms have incompatible types
   --> src\handlers\warehouse_handler.rs:136:13
    |
125 | /     match warehouse_service.update_warehouse(
126 | |         id,
127 | |         req.name,
128 | |         req.address,
...   |
134 | |         Ok(warehouse) => ApiResponse::success_with_msg(warehouse, "浠撳簱鏇存柊鎴愬姛"),
    | |                          -------------------------------------------------------- this is found to be of type `ApiResponse<warehouse::Model>`
135 | |         Err(e) => {
136 | |             (StatusCode::BAD_REQUEST, Json(ApiResponse::<()>::error(&format!("鏇存柊浠撳簱澶辫触锛歿}", e))))
    | |             ^^^^^^^^^^^^^^^^^^^^^^^^^^^^^^^^^^^^^^^^^^^^^^^^^^^^^^^^^^^^^^^^^^^^^^^^^^^^^^^^^^^^^^^^^^ expected `ApiResponse<Model>`, found `
(StatusCode, Json<ApiResponse<()>>)`
137 | |         }
138 | |     }
    | |_____- `match` arms have incompatible types
    |
    = note: expected struct `ApiResponse<warehouse::Model>`
                found tuple `(axum::http::StatusCode, axum::Json<ApiResponse<()>>)`

error[E0308]: `match` arms have incompatible types
   --> src\handlers\warehouse_handler.rs:151:13
    |
148 | /     match warehouse_service.delete_warehouse(id).await {
149 | |         Ok(_) => ApiResponse::success_with_msg((), "浠撳簱鍒犻櫎鎴愬姛"),
    | |                  ------------------------------------------------- this is found to be of type `ApiResponse<()>`
150 | |         Err(e) => {
151 | |             (StatusCode::BAD_REQUEST, Json(ApiResponse::<()>::error(&format!("鍒犻櫎浠撳簱澶辫触锛歿}", e))))
    | |             ^^^^^^^^^^^^^^^^^^^^^^^^^^^^^^^^^^^^^^^^^^^^^^^^^^^^^^^^^^^^^^^^^^^^^^^^^^^^^^^^^^^^^^^^^^ expected `ApiResponse<()>`, found `(St
atusCode, Json<ApiResponse<()>>)`
152 | |         }
153 | |     }
    | |_____- `match` arms have incompatible types
    |
    = note: expected struct `ApiResponse<()>`
                found tuple `(axum::http::StatusCode, axum::Json<ApiResponse<()>>)`

error[E0061]: this function takes 2 arguments but 1 argument was supplied
   --> src\handlers\warehouse_handler.rs:223:13
    |
223 |               ApiResponse::success(PaginatedResponse {
    |  _____________^^^^^^^^^^^^^^^^^^^^-
224 | |                 items: locations,
225 | |                 total,
226 | |                 page,
227 | |                 page_size,
228 | |             })
    | |______________- argument #2 of type `std::option::Option<std::string::String>` is missing
    |
note: associated function defined here
   --> src\utils\response.rs:12:12
    |
12  |     pub fn success(data: T, message: Option<String>) -> Self {
    |            ^^^^^^^ -------  -----------------------
help: provide the argument
    |
223 ~             ApiResponse::success(PaginatedResponse {
224 +                 items: locations,
225 +                 total,
226 +                 page,
227 +                 page_size,
228 +             }, /* std::option::Option<std::string::String> */)
    |

error[E0609]: no field `is_active` on type `CreateLocationRequest`
   --> src\handlers\warehouse_handler.rs:254:28
    |
254 |         is_active: Set(req.is_active.unwrap_or(true)),
    |                            ^^^^^^^^^ unknown field
    |
    = note: available fields are: `warehouse_id`, `location_code`, `shelf_no`, `layer_no`, `position_no` ... and 2 others

error[E0308]: mismatched types
   --> src\handlers\warehouse_handler.rs:316:24
    |
316 |         Ok(updated) => ApiResponse::success_with_msg(updated, "搴撲綅鏇存柊鎴愬姛"),
    |                        ^^^^^^^^^^^^^^^^^^^^^^^^^^^^^^^^^^^^^^^^^^^^^^^^^^^^^^ expected `(StatusCode, Json<ApiResponse<()>>)`, found `ApiRespons
e<_>`
    |
    = note: expected tuple `(axum::http::StatusCode, axum::Json<ApiResponse<()>>)`
              found struct `ApiResponse<_>`
note: return type inferred to be `(axum::http::StatusCode, axum::Json<ApiResponse<()>>)` here
   --> src\handlers\warehouse_handler.rs:284:20
    |
284 |             return (StatusCode::NOT_FOUND, Json(ApiResponse::<()>::error("搴撲綅涓嶅瓨鍦?)));
    |                    ^^^^^^^^^^^^^^^^^^^^^^^^^^^^^^^^^^^^^^^^^^^^^^^^^^^^^^^^^^^^^^^^^^^^^

error[E0061]: this function takes 2 arguments but 1 argument was supplied
   --> src\handlers\warehouse_handler.rs:335:26
    |
335 |         Ok(Some(loc)) => ApiResponse::success(loc),
    |                          ^^^^^^^^^^^^^^^^^^^^----- argument #2 of type `std::option::Option<std::string::String>` is missing
    |
note: associated function defined here
   --> src\utils\response.rs:12:12
    |
12  |     pub fn success(data: T, message: Option<String>) -> Self {
    |            ^^^^^^^ -------  -----------------------
help: provide the argument
    |
335 |         Ok(Some(loc)) => ApiResponse::success(loc, /* std::option::Option<std::string::String> */),
    |                                              ~~~~~~~~~~~~~~~~~~~~~~~~~~~~~~~~~~~~~~~~~~~~~~~~~~~~~

error[E0308]: `match` arms have incompatible types
   --> src\handlers\warehouse_handler.rs:337:13
    |
331 | /     match location::Entity::find_by_id(id)
332 | |         .one(&db)
333 | |         .await
334 | |     {
335 | |         Ok(Some(loc)) => ApiResponse::success(loc),
    | |                          ------------------------- this is found to be of type `ApiResponse<_>`
336 | |         Ok(None) => {
337 | |             (StatusCode::NOT_FOUND, Json(ApiResponse::<()>::error("搴撲綅涓嶅瓨鍦?)))
    | |             ^^^^^^^^^^^^^^^^^^^^^^^^^^^^^^^^^^^^^^^^^^^^^^^^^^^^^^^^^^^^^^^^^^^^^ expected `ApiResponse<_>`, found `(StatusCode, Json<ApiResp
onse<()>>)`
...   |
341 | |         }
342 | |     }
    | |_____- `match` arms have incompatible types
    |
    = note: expected struct `ApiResponse<_>`
                found tuple `(axum::http::StatusCode, axum::Json<ApiResponse<()>>)`

error[E0308]: `match` arms have incompatible types
   --> src\handlers\warehouse_handler.rs:359:13
    |
353 | /     match location::Entity::delete_by_id(id)
354 | |         .exec(&db)
355 | |         .await
356 | |     {
357 | |         Ok(_) => ApiResponse::success_with_msg((), "搴撲綅鍒犻櫎鎴愬姛"),
    | |                  ------------------------------------------------- this is found to be of type `ApiResponse<()>`
358 | |         Err(e) => {
359 | |             (StatusCode::BAD_REQUEST, Json(ApiResponse::<()>::error(&format!("鍒犻櫎搴撲綅澶辫触锛歿}", e))))
    | |             ^^^^^^^^^^^^^^^^^^^^^^^^^^^^^^^^^^^^^^^^^^^^^^^^^^^^^^^^^^^^^^^^^^^^^^^^^^^^^^^^^^^^^^^^^^ expected `ApiResponse<()>`, found `(St
atusCode, Json<ApiResponse<()>>)`
360 | |         }
361 | |     }
    | |_____- `match` arms have incompatible types
    |
    = note: expected struct `ApiResponse<()>`
                found tuple `(axum::http::StatusCode, axum::Json<ApiResponse<()>>)`

error[E0061]: this function takes 2 arguments but 1 argument was supplied
  --> src\handlers\department_handler.rs:57:13
   |
57 |               ApiResponse::success(PaginatedResponse {
   |  _____________^^^^^^^^^^^^^^^^^^^^-
58 | |                 items: departments,
59 | |                 total,
60 | |                 page,
61 | |                 page_size,
62 | |             })
   | |______________- argument #2 of type `std::option::Option<std::string::String>` is missing
   |
note: associated function defined here
  --> src\utils\response.rs:12:12
   |
12 |     pub fn success(data: T, message: Option<String>) -> Self {
   |            ^^^^^^^ -------  -----------------------
help: provide the argument
   |
57 ~             ApiResponse::success(PaginatedResponse {
58 +                 items: departments,
59 +                 total,
60 +                 page,
61 +                 page_size,
62 +             }, /* std::option::Option<std::string::String> */)
   |

error[E0277]: the trait bound `department::Model: serde::Serialize` is not satisfied
  --> src\handlers\department_handler.rs:78:48
   |
78 |         Ok(department) => ApiResponse::success(department),
   |                           -------------------- ^^^^^^^^^^ the trait `Serialize` is not implemented for `department::Model`
   |                           |
   |                           required by a bound introduced by this call
   |
   = note: for local types consider adding `#[derive(serde::Serialize)]` to your `department::Model` type
   = note: for types from other crates check whether the crate offers a `serde` feature flag
   = help: the following other types implement trait `Serialize`:
             &'a T
             &'a mut T
             ()
             (T,)
             (T0, T1)
             (T0, T1, T2)
             (T0, T1, T2, T3)
             (T0, T1, T2, T3, T4)
           and 402 others
note: required by a bound in `ApiResponse::<T>::success`
  --> src\utils\response.rs:11:9
   |
11 | impl<T: Serialize> ApiResponse<T> {
   |         ^^^^^^^^^ required by this bound in `ApiResponse::<T>::success`
12 |     pub fn success(data: T, message: Option<String>) -> Self {
   |            ------- required by a bound in this associated function

error[E0061]: this function takes 2 arguments but 1 argument was supplied
  --> src\handlers\department_handler.rs:78:27
   |
78 |         Ok(department) => ApiResponse::success(department),
   |                           ^^^^^^^^^^^^^^^^^^^^------------ argument #2 of type `std::option::Option<std::string::String>` is missing
   |
note: associated function defined here
  --> src\utils\response.rs:12:12
   |
12 |     pub fn success(data: T, message: Option<String>) -> Self {
   |            ^^^^^^^ -------  -----------------------
help: provide the argument
   |
78 |         Ok(department) => ApiResponse::success(department, /* std::option::Option<std::string::String> */),
   |                                               ~~~~~~~~~~~~~~~~~~~~~~~~~~~~~~~~~~~~~~~~~~~~~~~~~~~~~~~~~~~~

error[E0308]: `match` arms have incompatible types
  --> src\handlers\department_handler.rs:80:13
   |
77 | /     match department_service.get_department(id).await {
78 | |         Ok(department) => ApiResponse::success(department),
   | |                           -------------------------------- this is found to be of type `ApiResponse<department::Model>`
79 | |         Err(e) => {
80 | |             (StatusCode::NOT_FOUND, Json(ApiResponse::<()>::error(&format!("閮ㄩ棬涓嶅瓨鍦細{}", e))))
   | |             ^^^^^^^^^^^^^^^^^^^^^^^^^^^^^^^^^^^^^^^^^^^^^^^^^^^^^^^^^^^^^^^^^^^^^^^^^^^^^^^^^^^^^^ expected `ApiResponse<Model>`, found `(Stat
usCode, Json<ApiResponse<()>>)`
81 | |         }
82 | |     }
   | |_____- `match` arms have incompatible types
   |
   = note: expected struct `ApiResponse<department::Model>`
               found tuple `(axum::http::StatusCode, axum::Json<ApiResponse<()>>)`

error[E0277]: the trait bound `department::Model: serde::Serialize` is not satisfied
  --> src\handlers\department_handler.rs:98:70
   |
98 |             (StatusCode::CREATED, Json(ApiResponse::success_with_msg(department, "閮ㄩ棬鍒涘缓鎴愬姛")))
   |                                        ----------------------------- ^^^^^^^^^^ the trait `Serialize` is not implemented for `department::Model`
   |                                        |
   |                                        required by a bound introduced by this call
   |
   = note: for local types consider adding `#[derive(serde::Serialize)]` to your `department::Model` type
   = note: for types from other crates check whether the crate offers a `serde` feature flag
   = help: the following other types implement trait `Serialize`:
             &'a T
             &'a mut T
             ()
             (T,)
             (T0, T1)
             (T0, T1, T2)
             (T0, T1, T2, T3)
             (T0, T1, T2, T3, T4)
           and 402 others
note: required by a bound in `ApiResponse::<T>::success_with_msg`
  --> src\utils\response.rs:11:9
   |
11 | impl<T: Serialize> ApiResponse<T> {
   |         ^^^^^^^^^ required by this bound in `ApiResponse::<T>::success_with_msg`
...
30 |     pub fn success_with_msg(data: T, message: &str) -> Self {
   |            ---------------- required by a bound in this associated function

error[E0308]: `match` arms have incompatible types
   --> src\handlers\department_handler.rs:101:13
    |
92  | /     match department_service.create_department(
93  | |         req.name,
94  | |         req.description,
95  | |         req.parent_id,
...   |
98  | |             (StatusCode::CREATED, Json(ApiResponse::success_with_msg(department, "閮ㄩ棬鍒涘缓鎴愬姛")))
    | |             -------------------------------------------------------------------------------------- this is found to be of type `(axum::http::
StatusCode, axum::Json<ApiResponse<department::Model>>)`
...   |
101 | |             (StatusCode::BAD_REQUEST, Json(ApiResponse::<()>::error(&format!("鍒涘缓閮ㄩ棬澶辫触锛歿}", e))))
    | |             ^^^^^^^^^^^^^^^^^^^^^^^^^^^^^^^^^^^^^^^^^^^^^^^^^^^^^^^^^^^^^^^^^^^^^^^^^^^^^^^^^^^^^^^^^^ expected `(StatusCode, Json<...>)`, fo
und `(StatusCode, Json<ApiResponse<()>>)`
102 | |         }
103 | |     }
    | |_____- `match` arms have incompatible types
    |
    = note: expected tuple `(axum::http::StatusCode, axum::Json<ApiResponse<department::Model>>)`
               found tuple `(axum::http::StatusCode, axum::Json<ApiResponse<()>>)`

error[E0277]: the trait bound `department::Model: serde::Serialize` is not satisfied
   --> src\handlers\department_handler.rs:120:57
    |
120 |         Ok(department) => ApiResponse::success_with_msg(department, "閮ㄩ棬鏇存柊鎴愬姛"),
    |                           ----------------------------- ^^^^^^^^^^ the trait `Serialize` is not implemented for `department::Model`
    |                           |
    |                           required by a bound introduced by this call
    |
    = note: for local types consider adding `#[derive(serde::Serialize)]` to your `department::Model` type
    = note: for types from other crates check whether the crate offers a `serde` feature flag
    = help: the following other types implement trait `Serialize`:
              &'a T
              &'a mut T
              ()
              (T,)
              (T0, T1)
              (T0, T1, T2)
              (T0, T1, T2, T3)
              (T0, T1, T2, T3, T4)
            and 402 others
note: required by a bound in `ApiResponse::<T>::success_with_msg`
   --> src\utils\response.rs:11:9
    |
11  | impl<T: Serialize> ApiResponse<T> {
    |         ^^^^^^^^^ required by this bound in `ApiResponse::<T>::success_with_msg`
...
30  |     pub fn success_with_msg(data: T, message: &str) -> Self {
    |            ---------------- required by a bound in this associated function

error[E0308]: `match` arms have incompatible types
   --> src\handlers\department_handler.rs:122:13
    |
114 | /     match department_service.update_department(
115 | |         id,
116 | |         req.name,
117 | |         req.description,
...   |
120 | |         Ok(department) => ApiResponse::success_with_msg(department, "閮ㄩ棬鏇存柊鎴愬姛"),
    | |                           --------------------------------------------------------- this is found to be of type `ApiResponse<department::Mode
l>`
121 | |         Err(e) => {
122 | |             (StatusCode::BAD_REQUEST, Json(ApiResponse::<()>::error(&format!("鏇存柊閮ㄩ棬澶辫触锛歿}", e))))
    | |             ^^^^^^^^^^^^^^^^^^^^^^^^^^^^^^^^^^^^^^^^^^^^^^^^^^^^^^^^^^^^^^^^^^^^^^^^^^^^^^^^^^^^^^^^^^ expected `ApiResponse<Model>`, found `
(StatusCode, Json<ApiResponse<()>>)`
123 | |         }
124 | |     }
    | |_____- `match` arms have incompatible types
    |
    = note: expected struct `ApiResponse<department::Model>`
                found tuple `(axum::http::StatusCode, axum::Json<ApiResponse<()>>)`

error[E0308]: `match` arms have incompatible types
   --> src\handlers\department_handler.rs:137:13
    |
134 | /     match department_service.delete_department(id).await {
135 | |         Ok(_) => ApiResponse::success_with_msg((), "閮ㄩ棬鍒犻櫎鎴愬姛"),
    | |                  ------------------------------------------------- this is found to be of type `ApiResponse<()>`
136 | |         Err(e) => {
137 | |             (StatusCode::BAD_REQUEST, Json(ApiResponse::<()>::error(&format!("鍒犻櫎閮ㄩ棬澶辫触锛歿}", e))))
    | |             ^^^^^^^^^^^^^^^^^^^^^^^^^^^^^^^^^^^^^^^^^^^^^^^^^^^^^^^^^^^^^^^^^^^^^^^^^^^^^^^^^^^^^^^^^^ expected `ApiResponse<()>`, found `(St
atusCode, Json<ApiResponse<()>>)`
138 | |         }
139 | |     }
    | |_____- `match` arms have incompatible types
    |
    = note: expected struct `ApiResponse<()>`
                found tuple `(axum::http::StatusCode, axum::Json<ApiResponse<()>>)`

error[E0061]: this function takes 2 arguments but 1 argument was supplied
   --> src\handlers\department_handler.rs:149:21
    |
149 |         Ok(tree) => ApiResponse::success(tree),
    |                     ^^^^^^^^^^^^^^^^^^^^------ argument #2 of type `std::option::Option<std::string::String>` is missing
    |
note: associated function defined here
   --> src\utils\response.rs:12:12
    |
12  |     pub fn success(data: T, message: Option<String>) -> Self {
    |            ^^^^^^^ -------  -----------------------
help: provide the argument
    |
149 |         Ok(tree) => ApiResponse::success(tree, /* std::option::Option<std::string::String> */),
    |                                         ~~~~~~~~~~~~~~~~~~~~~~~~~~~~~~~~~~~~~~~~~~~~~~~~~~~~~~

error[E0308]: `match` arms have incompatible types
   --> src\handlers\department_handler.rs:151:13
    |
148 | /     match department_service.get_department_tree().await {
149 | |         Ok(tree) => ApiResponse::success(tree),
    | |                     -------------------------- this is found to be of type `ApiResponse<Vec<DepartmentTreeNode>>`
150 | |         Err(e) => {
151 | |             (StatusCode::INTERNAL_SERVER_ERROR, Json(ApiResponse::<()>::error(&e.to_string())))
    | |             ^^^^^^^^^^^^^^^^^^^^^^^^^^^^^^^^^^^^^^^^^^^^^^^^^^^^^^^^^^^^^^^^^^^^^^^^^^^^^^^^^^^ expected `ApiResponse<Vec<...>>`, found `(Sta
tusCode, Json<ApiResponse<()>>)`
152 | |         }
153 | |     }
    | |_____- `match` arms have incompatible types
    |
    = note: expected struct `ApiResponse<Vec<DepartmentTreeNode>>`
                found tuple `(axum::http::StatusCode, axum::Json<ApiResponse<()>>)`

error[E0061]: this function takes 2 arguments but 1 argument was supplied
  --> src\handlers\dashboard_handler.rs:30:25
   |
30 |         Ok(overview) => ApiResponse::success(overview),
   |                         ^^^^^^^^^^^^^^^^^^^^---------- argument #2 of type `std::option::Option<std::string::String>` is missing
   |
note: associated function defined here
  --> src\utils\response.rs:12:12
   |
12 |     pub fn success(data: T, message: Option<String>) -> Self {
   |            ^^^^^^^ -------  -----------------------
help: provide the argument
   |
30 |         Ok(overview) => ApiResponse::success(overview, /* std::option::Option<std::string::String> */),
   |                                             ~~~~~~~~~~~~~~~~~~~~~~~~~~~~~~~~~~~~~~~~~~~~~~~~~~~~~~~~~~

error[E0308]: `match` arms have incompatible types
  --> src\handlers\dashboard_handler.rs:32:13
   |
29 | /     match dashboard_service.get_overview(query.start_date, query.end_date).await {
30 | |         Ok(overview) => ApiResponse::success(overview),
   | |                         ------------------------------ this is found to be of type `ApiResponse<DashboardOverview>`
31 | |         Err(e) => {
32 | |             (StatusCode::INTERNAL_SERVER_ERROR, Json(ApiResponse::<()>::error(&e.to_string())))
   | |             ^^^^^^^^^^^^^^^^^^^^^^^^^^^^^^^^^^^^^^^^^^^^^^^^^^^^^^^^^^^^^^^^^^^^^^^^^^^^^^^^^^^ expected `ApiResponse<DashboardOverview>`, fou
nd `(StatusCode, Json<ApiResponse<()>>)`
33 | |         }
34 | |     }
   | |_____- `match` arms have incompatible types
   |
   = note: expected struct `ApiResponse<DashboardOverview>`
               found tuple `(axum::http::StatusCode, axum::Json<ApiResponse<()>>)`

error[E0061]: this function takes 2 arguments but 1 argument was supplied
  --> src\handlers\dashboard_handler.rs:45:22
   |
45 |         Ok(stats) => ApiResponse::success(stats),
   |                      ^^^^^^^^^^^^^^^^^^^^------- argument #2 of type `std::option::Option<std::string::String>` is missing
   |
note: associated function defined here
  --> src\utils\response.rs:12:12
   |
12 |     pub fn success(data: T, message: Option<String>) -> Self {
   |            ^^^^^^^ -------  -----------------------
help: provide the argument
   |
45 |         Ok(stats) => ApiResponse::success(stats, /* std::option::Option<std::string::String> */),
   |                                          ~~~~~~~~~~~~~~~~~~~~~~~~~~~~~~~~~~~~~~~~~~~~~~~~~~~~~~~

error[E0308]: `match` arms have incompatible types
  --> src\handlers\dashboard_handler.rs:47:13
   |
44 | /     match dashboard_service.get_sales_statistics(query.start_date, query.end_date).await {
45 | |         Ok(stats) => ApiResponse::success(stats),
   | |                      --------------------------- this is found to be of type `ApiResponse<SalesStatistics>`
46 | |         Err(e) => {
47 | |             (StatusCode::INTERNAL_SERVER_ERROR, Json(ApiResponse::<()>::error(&e.to_string())))
   | |             ^^^^^^^^^^^^^^^^^^^^^^^^^^^^^^^^^^^^^^^^^^^^^^^^^^^^^^^^^^^^^^^^^^^^^^^^^^^^^^^^^^^ expected `ApiResponse<SalesStatistics>`, found
 `(StatusCode, Json<ApiResponse<()>>)`
48 | |         }
49 | |     }
   | |_____- `match` arms have incompatible types
   |
   = note: expected struct `ApiResponse<SalesStatistics>`
               found tuple `(axum::http::StatusCode, axum::Json<ApiResponse<()>>)`

error[E0061]: this function takes 2 arguments but 1 argument was supplied
  --> src\handlers\dashboard_handler.rs:60:22
   |
60 |         Ok(stats) => ApiResponse::success(stats),
   |                      ^^^^^^^^^^^^^^^^^^^^------- argument #2 of type `std::option::Option<std::string::String>` is missing
   |
note: associated function defined here
  --> src\utils\response.rs:12:12
   |
12 |     pub fn success(data: T, message: Option<String>) -> Self {
   |            ^^^^^^^ -------  -----------------------
help: provide the argument
   |
60 |         Ok(stats) => ApiResponse::success(stats, /* std::option::Option<std::string::String> */),
   |                                          ~~~~~~~~~~~~~~~~~~~~~~~~~~~~~~~~~~~~~~~~~~~~~~~~~~~~~~~

error[E0308]: `match` arms have incompatible types
  --> src\handlers\dashboard_handler.rs:62:13
   |
59 | /     match dashboard_service.get_inventory_statistics(query.start_date, query.end_date).await {
60 | |         Ok(stats) => ApiResponse::success(stats),
   | |                      --------------------------- this is found to be of type `ApiResponse<InventoryStatistics>`
61 | |         Err(e) => {
62 | |             (StatusCode::INTERNAL_SERVER_ERROR, Json(ApiResponse::<()>::error(&e.to_string())))
   | |             ^^^^^^^^^^^^^^^^^^^^^^^^^^^^^^^^^^^^^^^^^^^^^^^^^^^^^^^^^^^^^^^^^^^^^^^^^^^^^^^^^^^ expected `ApiResponse<InventoryStatistics>`, f
ound `(StatusCode, Json<ApiResponse<()>>)`
63 | |         }
64 | |     }
   | |_____- `match` arms have incompatible types
   |
   = note: expected struct `ApiResponse<InventoryStatistics>`
               found tuple `(axum::http::StatusCode, axum::Json<ApiResponse<()>>)`

error[E0061]: this function takes 2 arguments but 1 argument was supplied
  --> src\handlers\dashboard_handler.rs:74:23
   |
74 |         Ok(alerts) => ApiResponse::success(alerts),
   |                       ^^^^^^^^^^^^^^^^^^^^-------- argument #2 of type `std::option::Option<std::string::String>` is missing
   |
note: associated function defined here
  --> src\utils\response.rs:12:12
   |
12 |     pub fn success(data: T, message: Option<String>) -> Self {
   |            ^^^^^^^ -------  -----------------------
help: provide the argument
   |
74 |         Ok(alerts) => ApiResponse::success(alerts, /* std::option::Option<std::string::String> */),
   |                                           ~~~~~~~~~~~~~~~~~~~~~~~~~~~~~~~~~~~~~~~~~~~~~~~~~~~~~~~~

error[E0308]: `match` arms have incompatible types
  --> src\handlers\dashboard_handler.rs:76:13
   |
73 | /     match dashboard_service.get_low_stock_alerts().await {
74 | |         Ok(alerts) => ApiResponse::success(alerts),
   | |                       ---------------------------- this is found to be of type `ApiResponse<Vec<LowStockAlert>>`
75 | |         Err(e) => {
76 | |             (StatusCode::INTERNAL_SERVER_ERROR, Json(ApiResponse::<()>::error(&e.to_string())))
   | |             ^^^^^^^^^^^^^^^^^^^^^^^^^^^^^^^^^^^^^^^^^^^^^^^^^^^^^^^^^^^^^^^^^^^^^^^^^^^^^^^^^^^ expected `ApiResponse<Vec<LowStockAlert>>`, fo
und `(StatusCode, Json<ApiResponse<()>>)`
77 | |         }
78 | |     }
   | |_____- `match` arms have incompatible types
   |
   = note: expected struct `ApiResponse<Vec<LowStockAlert>>`
               found tuple `(axum::http::StatusCode, axum::Json<ApiResponse<()>>)`

error[E0308]: mismatched types
   --> src\handlers\sales_order_handler.rs:117:38
    |
117 |     match sales_service.create_order(request).await {
    |                         ------------ ^^^^^^^ expected `CreateSalesOrderRequest`, found a different `CreateSalesOrderRequest`
    |                         |
    |                         arguments to this method are incorrect
    |
    = note: `CreateSalesOrderRequest` and `CreateSalesOrderRequest` have similar names, but are actually distinct types
note: `CreateSalesOrderRequest` is defined in module `crate::handlers::sales_order_handler` of the current crate
   --> src\handlers\sales_order_handler.rs:25:1
    |
25  | pub struct CreateSalesOrderRequest {
    | ^^^^^^^^^^^^^^^^^^^^^^^^^^^^^^^^^^
note: `CreateSalesOrderRequest` is defined in module `crate::services::sales_service` of the current crate
   --> src\services\sales_service.rs:64:1
    |
64  | pub struct CreateSalesOrderRequest {
    | ^^^^^^^^^^^^^^^^^^^^^^^^^^^^^^^^^^
note: method defined here
   --> src\services\sales_service.rs:238:18
    |
238 |     pub async fn create_order(
    |                  ^^^^^^^^^^^^
239 |         &self,
240 |         request: CreateSalesOrderRequest,
    |         --------------------------------

error[E0308]: mismatched types
   --> src\handlers\sales_order_handler.rs:138:42
    |
138 |     match sales_service.update_order(id, request).await {
    |                         ------------     ^^^^^^^ expected `UpdateSalesOrderRequest`, found a different `UpdateSalesOrderRequest`
    |                         |
    |                         arguments to this method are incorrect
    |
    = note: `UpdateSalesOrderRequest` and `UpdateSalesOrderRequest` have similar names, but are actually distinct types
note: `UpdateSalesOrderRequest` is defined in module `crate::handlers::sales_order_handler` of the current crate
   --> src\handlers\sales_order_handler.rs:47:1
    |
47  | pub struct UpdateSalesOrderRequest {
    | ^^^^^^^^^^^^^^^^^^^^^^^^^^^^^^^^^^
note: `UpdateSalesOrderRequest` is defined in module `crate::services::sales_service` of the current crate
   --> src\services\sales_service.rs:86:1
    |
86  | pub struct UpdateSalesOrderRequest {
    | ^^^^^^^^^^^^^^^^^^^^^^^^^^^^^^^^^^
note: method defined here
   --> src\services\sales_service.rs:353:18
    |
353 |     pub async fn update_order(
    |                  ^^^^^^^^^^^^
...
356 |         request: UpdateSalesOrderRequest,
    |         --------------------------------

error[E0119]: conflicting implementations of trait `sea_orm::EntityTrait` for type `inventory_count_item::Entity`
  --> src\models\inventory_count_item.rs:17:35
   |
7  | #[derive(Copy, Clone, Default, Debug, DeriveEntity)]
   |                                       ------------ first implementation here
...
17 | #[derive(Clone, Debug, PartialEq, DeriveEntityModel, Eq, Serialize, Deserialize)]
   |                                   ^^^^^^^^^^^^^^^^^ conflicting implementation for `inventory_count_item::Entity`
   |
   = note: this error originates in the derive macro `sea_orm::prelude::DeriveEntity` (in Nightly builds, run with -Z macro-backtrace for more info)

error[E0119]: conflicting implementations of trait `sea_orm::EntityTrait` for type `inventory_adjustment_item::Entity`
  --> src\models\inventory_adjustment_item.rs:20:35
   |
10 | #[derive(Copy, Clone, Default, Debug, DeriveEntity)]
   |                                       ------------ first implementation here
...
20 | #[derive(Clone, Debug, PartialEq, DeriveEntityModel, Eq, Serialize, Deserialize)]
   |                                   ^^^^^^^^^^^^^^^^^ conflicting implementation for `inventory_adjustment_item::Entity`
   |
   = note: this error originates in the derive macro `sea_orm::prelude::DeriveEntity` (in Nightly builds, run with -Z macro-backtrace for more info)

error[E0119]: conflicting implementations of trait `sea_orm::EntityTrait` for type `inventory_reservation::Entity`
  --> src\models\inventory_reservation.rs:17:35
   |
7  | #[derive(Copy, Clone, Default, Debug, DeriveEntity)]
   |                                       ------------ first implementation here
...
17 | #[derive(Clone, Debug, PartialEq, DeriveEntityModel, Eq, Serialize, Deserialize)]
   |                                   ^^^^^^^^^^^^^^^^^ conflicting implementation for `inventory_reservation::Entity`
   |
   = note: this error originates in the derive macro `sea_orm::prelude::DeriveEntity` (in Nightly builds, run with -Z macro-backtrace for more info)

error[E0119]: conflicting implementations of trait `sea_orm::EntityTrait` for type `customer::Entity`
  --> src\models\customer.rs:17:35
   |
7  | #[derive(Copy, Clone, Default, Debug, DeriveEntity)]
   |                                       ------------ first implementation here
...
17 | #[derive(Clone, Debug, PartialEq, DeriveEntityModel, Eq, Serialize, Deserialize)]
   |                                   ^^^^^^^^^^^^^^^^^ conflicting implementation for `customer::Entity`
   |
   = note: this error originates in the derive macro `sea_orm::prelude::DeriveEntity` (in Nightly builds, run with -Z macro-backtrace for more info)

error[E0119]: conflicting implementations of trait `sea_orm::EntityTrait` for type `assist_accounting_dimension::Entity`
  --> src\models\assist_accounting_dimension.rs:17:35
   |
7  | #[derive(Copy, Clone, Default, Debug, DeriveEntity)]
   |                                       ------------ first implementation here
...
17 | #[derive(Clone, Debug, PartialEq, DeriveEntityModel, Eq)]
   |                                   ^^^^^^^^^^^^^^^^^ conflicting implementation for `assist_accounting_dimension::Entity`
   |
   = note: this error originates in the derive macro `sea_orm::prelude::DeriveEntity` (in Nightly builds, run with -Z macro-backtrace for more info)

error[E0119]: conflicting implementations of trait `sea_orm::EntityTrait` for type `assist_accounting_record::Entity`
  --> src\models\assist_accounting_record.rs:17:35
   |
7  | #[derive(Copy, Clone, Default, Debug, DeriveEntity)]
   |                                       ------------ first implementation here
...
17 | #[derive(Clone, Debug, PartialEq, DeriveEntityModel, Eq)]
   |                                   ^^^^^^^^^^^^^^^^^ conflicting implementation for `assist_accounting_record::Entity`
   |
   = note: this error originates in the derive macro `sea_orm::prelude::DeriveEntity` (in Nightly builds, run with -Z macro-backtrace for more info)

error[E0119]: conflicting implementations of trait `sea_orm::EntityTrait` for type `assist_accounting_summary::Entity`
  --> src\models\assist_accounting_summary.rs:17:35
   |
7  | #[derive(Copy, Clone, Default, Debug, DeriveEntity)]
   |                                       ------------ first implementation here
...
17 | #[derive(Clone, Debug, PartialEq, DeriveEntityModel, Eq)]
   |                                   ^^^^^^^^^^^^^^^^^ conflicting implementation for `assist_accounting_summary::Entity`
   |
   = note: this error originates in the derive macro `sea_orm::prelude::DeriveEntity` (in Nightly builds, run with -Z macro-backtrace for more info)

error[E0119]: conflicting implementations of trait `sea_orm::EntityTrait` for type `business_trace_chain::Entity`
  --> src\models\business_trace_chain.rs:18:35
   |
8  | #[derive(Copy, Clone, Default, Debug, DeriveEntity)]
   |                                       ------------ first implementation here
...
18 | #[derive(Clone, Debug, PartialEq, DeriveEntityModel, Eq)]
   |                                   ^^^^^^^^^^^^^^^^^ conflicting implementation for `business_trace_chain::Entity`
   |
   = note: this error originates in the derive macro `sea_orm::prelude::DeriveEntity` (in Nightly builds, run with -Z macro-backtrace for more info)

error[E0119]: conflicting implementations of trait `sea_orm::EntityTrait` for type `business_trace_snapshot::Entity`
  --> src\models\business_trace_snapshot.rs:19:35
   |
9  | #[derive(Copy, Clone, Default, Debug, DeriveEntity)]
   |                                       ------------ first implementation here
...
19 | #[derive(Clone, Debug, PartialEq, DeriveEntityModel, Eq)]
   |                                   ^^^^^^^^^^^^^^^^^ conflicting implementation for `business_trace_snapshot::Entity`
   |
   = note: this error originates in the derive macro `sea_orm::prelude::DeriveEntity` (in Nightly builds, run with -Z macro-backtrace for more info)

error[E0119]: conflicting implementations of trait `sea_orm::EntityTrait` for type `business_trace_view::Entity`
  --> src\models\business_trace_view.rs:18:35
   |
8  | #[derive(Copy, Clone, Default, Debug, DeriveEntity)]
   |                                       ------------ first implementation here
...
18 | #[derive(Clone, Debug, PartialEq, DeriveEntityModel, Eq)]
   |                                   ^^^^^^^^^^^^^^^^^ conflicting implementation for `business_trace_view::Entity`
   |
   = note: this error originates in the derive macro `sea_orm::prelude::DeriveEntity` (in Nightly builds, run with -Z macro-backtrace for more info)

error[E0119]: conflicting implementations of trait `sea_orm::EntityTrait` for type `purchase_order_item::Entity`
  --> src\models\purchase_order_item.rs:19:35
   |
9  | #[derive(Copy, Clone, Default, Debug, DeriveEntity)]
   |                                       ------------ first implementation here
...
19 | #[derive(Clone, Debug, PartialEq, DeriveEntityModel, Eq)]
   |                                   ^^^^^^^^^^^^^^^^^ conflicting implementation for `purchase_order_item::Entity`
   |
   = note: this error originates in the derive macro `sea_orm::prelude::DeriveEntity` (in Nightly builds, run with -Z macro-backtrace for more info)

error[E0119]: conflicting implementations of trait `sea_orm::EntityTrait` for type `purchase_receipt_item::Entity`
  --> src\models\purchase_receipt_item.rs:19:35
   |
9  | #[derive(Copy, Clone, Default, Debug, DeriveEntity)]
   |                                       ------------ first implementation here
...
19 | #[derive(Clone, Debug, PartialEq, DeriveEntityModel, Eq)]
   |                                   ^^^^^^^^^^^^^^^^^ conflicting implementation for `purchase_receipt_item::Entity`
   |
   = note: this error originates in the derive macro `sea_orm::prelude::DeriveEntity` (in Nightly builds, run with -Z macro-backtrace for more info)

error[E0599]: no method named `order_by_desc` found for struct `sea_orm::Select` in the current scope
   --> src\handlers\sales_fabric_order_handler.rs:154:10
    |
153 |       match query_builder
    |  ___________-
154 | |         .order_by_desc(sales_order::Column::CreatedAt)
    | |_________-^^^^^^^^^^^^^
    |
   ::: C:\Users\admin\.cargo\registry\src\index.crates.io-6f17d22bba15001f\sea-orm-1.1.19\src\query\helper.rs:645:8
    |
645 |       fn order_by_desc<C>(mut self, col: C) -> Self
    |          ------------- the method is available for `sea_orm::Select<sales_order::Entity>` here
    |
    = help: items from traits can only be used if the trait is in scope
help: there is a method `order_by` with a similar name, but with different arguments
   --> C:\Users\admin\.cargo\registry\src\index.crates.io-6f17d22bba15001f\sea-orm-1.1.19\src\query\helper.rs:604:5
    |
604 | /     fn order_by<C>(mut self, col: C, ord: Order) -> Self
605 | |     where
606 | |         C: IntoSimpleExpr,
    | |__________________________^
help: trait `QueryOrder` which provides `order_by_desc` is implemented but not in scope; perhaps you want to import it
    |
1   + use sea_orm::QueryOrder;
    |

error[E0061]: this function takes 2 arguments but 1 argument was supplied
   --> src\handlers\sales_fabric_order_handler.rs:160:13
    |
160 |               ApiResponse::success(PaginatedResponse {
    |  _____________^^^^^^^^^^^^^^^^^^^^-
161 | |                 items: orders,
162 | |                 total,
163 | |                 page,
164 | |                 page_size,
165 | |             })
    | |______________- argument #2 of type `std::option::Option<std::string::String>` is missing
    |
note: associated function defined here
   --> src\utils\response.rs:12:12
    |
12  |     pub fn success(data: T, message: Option<String>) -> Self {
    |            ^^^^^^^ -------  -----------------------
help: provide the argument
    |
160 ~             ApiResponse::success(PaginatedResponse {
161 +                 items: orders,
162 +                 total,
163 +                 page,
164 +                 page_size,
165 +             }, /* std::option::Option<std::string::String> */)
    |

error[E0277]: the trait bound `std::sync::Arc<sea_orm::DatabaseConnection>: ConnectionTrait` is not satisfied
   --> src\handlers\sales_fabric_order_handler.rs:182:14
    |
182 |         .one(&db)
    |          --- ^^^ the trait `ConnectionTrait` is not implemented for `std::sync::Arc<sea_orm::DatabaseConnection>`
    |          |
    |          required by a bound introduced by this call
    |
    = help: the following other types implement trait `ConnectionTrait`:
              DatabaseTransaction
              sea_orm::DatabaseConnection
note: required by a bound in `sea_orm::executor::select::<impl sea_orm::Select<E>>::one`
   --> C:\Users\admin\.cargo\registry\src\index.crates.io-6f17d22bba15001f\sea-orm-1.1.19\src\executor\select.rs:445:12
    |
443 |     pub async fn one<C>(self, db: &C) -> Result<Option<E::Model>, DbErr>
    |                  --- required by a bound in this associated function
444 |     where
445 |         C: ConnectionTrait,
    |            ^^^^^^^^^^^^^^^ required by this bound in `sea_orm::executor::select::<impl Select<E>>::one`

error[E0277]: the trait bound `std::sync::Arc<sea_orm::DatabaseConnection>: ConnectionTrait` is not satisfied
   --> src\handlers\sales_fabric_order_handler.rs:181:11
    |
181 |       match sales_order::Entity::find_by_id(id)
    |  ___________^
182 | |         .one(&db)
    | |_________________^ the trait `ConnectionTrait` is not implemented for `std::sync::Arc<sea_orm::DatabaseConnection>`
    |
    = help: the following other types implement trait `ConnectionTrait`:
              DatabaseTransaction
              sea_orm::DatabaseConnection
note: required by a bound in `sea_orm::executor::select::<impl sea_orm::Select<E>>::one`
   --> C:\Users\admin\.cargo\registry\src\index.crates.io-6f17d22bba15001f\sea-orm-1.1.19\src\executor\select.rs:445:12
    |
443 |     pub async fn one<C>(self, db: &C) -> Result<Option<E::Model>, DbErr>
    |                  --- required by a bound in this associated function
444 |     where
445 |         C: ConnectionTrait,
    |            ^^^^^^^^^^^^^^^ required by this bound in `sea_orm::executor::select::<impl Select<E>>::one`

error[E0277]: the trait bound `std::sync::Arc<sea_orm::DatabaseConnection>: ConnectionTrait` is not satisfied
   --> src\handlers\sales_fabric_order_handler.rs:183:10
    |
183 |         .await
    |          ^^^^^ the trait `ConnectionTrait` is not implemented for `std::sync::Arc<sea_orm::DatabaseConnection>`
    |
    = help: the following other types implement trait `ConnectionTrait`:
              DatabaseTransaction
              sea_orm::DatabaseConnection
note: required by a bound in `sea_orm::executor::select::<impl sea_orm::Select<E>>::one`
   --> C:\Users\admin\.cargo\registry\src\index.crates.io-6f17d22bba15001f\sea-orm-1.1.19\src\executor\select.rs:445:12
    |
443 |     pub async fn one<C>(self, db: &C) -> Result<Option<E::Model>, DbErr>
    |                  --- required by a bound in this associated function
444 |     where
445 |         C: ConnectionTrait,
    |            ^^^^^^^^^^^^^^^ required by this bound in `sea_orm::executor::select::<impl Select<E>>::one`

error[E0277]: the trait bound `sales_order::Model: serde::Serialize` is not satisfied
   --> src\handlers\sales_fabric_order_handler.rs:185:49
    |
185 |         Ok(Some(order)) => ApiResponse::success(order),
    |                            -------------------- ^^^^^ the trait `Serialize` is not implemented for `sales_order::Model`
    |                            |
    |                            required by a bound introduced by this call
    |
    = note: for local types consider adding `#[derive(serde::Serialize)]` to your `sales_order::Model` type
    = note: for types from other crates check whether the crate offers a `serde` feature flag
    = help: the following other types implement trait `Serialize`:
              &'a T
              &'a mut T
              ()
              (T,)
              (T0, T1)
              (T0, T1, T2)
              (T0, T1, T2, T3)
              (T0, T1, T2, T3, T4)
            and 402 others
note: required by a bound in `ApiResponse::<T>::success`
   --> src\utils\response.rs:11:9
    |
11  | impl<T: Serialize> ApiResponse<T> {
    |         ^^^^^^^^^ required by this bound in `ApiResponse::<T>::success`
12  |     pub fn success(data: T, message: Option<String>) -> Self {
    |            ------- required by a bound in this associated function

error[E0061]: this function takes 2 arguments but 1 argument was supplied
   --> src\handlers\sales_fabric_order_handler.rs:185:28
    |
185 |         Ok(Some(order)) => ApiResponse::success(order),
    |                            ^^^^^^^^^^^^^^^^^^^^------- argument #2 of type `std::option::Option<std::string::String>` is missing
    |
note: associated function defined here
   --> src\utils\response.rs:12:12
    |
12  |     pub fn success(data: T, message: Option<String>) -> Self {
    |            ^^^^^^^ -------  -----------------------
help: provide the argument
    |
185 |         Ok(Some(order)) => ApiResponse::success(order, /* std::option::Option<std::string::String> */),
    |                                                ~~~~~~~~~~~~~~~~~~~~~~~~~~~~~~~~~~~~~~~~~~~~~~~~~~~~~~~

error[E0308]: `match` arms have incompatible types
   --> src\handlers\sales_fabric_order_handler.rs:187:13
    |
181 | /     match sales_order::Entity::find_by_id(id)
182 | |         .one(&db)
183 | |         .await
184 | |     {
185 | |         Ok(Some(order)) => ApiResponse::success(order),
    | |                            --------------------------- this is found to be of type `ApiResponse<sales_order::Model>`
186 | |         Ok(None) => {
187 | |             (StatusCode::NOT_FOUND, Json(ApiResponse::<()>::error("璁㈠崟涓嶅瓨鍦?)))
    | |             ^^^^^^^^^^^^^^^^^^^^^^^^^^^^^^^^^^^^^^^^^^^^^^^^^^^^^^^^^^^^^^^^^^^^^ expected `ApiResponse<Model>`, found `(StatusCode, Json<Api
Response<()>>)`
...   |
191 | |         }
192 | |     }
    | |_____- `match` arms have incompatible types
    |
    = note: expected struct `ApiResponse<sales_order::Model>`
                found tuple `(axum::http::StatusCode, axum::Json<ApiResponse<()>>)`

error[E0599]: no method named `begin` found for struct `std::sync::Arc<sea_orm::DatabaseConnection>` in the current scope
   --> src\handlers\sales_fabric_order_handler.rs:205:24
    |
205 |     let txn = match db.begin().await {
    |                        ^^^^^ method not found in `Arc<DatabaseConnection>`
    |
    = help: items from traits can only be used if the trait is in scope
help: trait `TransactionTrait` which provides `begin` is implemented but not in scope; perhaps you want to import it
    |
1   + use sea_orm::TransactionTrait;
    |

error[E0277]: the trait bound `rust_decimal::Decimal: From<f64>` is not satisfied
   --> src\handlers\sales_fabric_order_handler.rs:221:22
    |
221 |         let amount = Decimal::from(item.quantity_meters) * Decimal::from(item.unit_price_meters);
    |                      ^^^^^^^ the trait `From<f64>` is not implemented for `rust_decimal::Decimal`
    |
    = help: the following other types implement trait `From<T>`:
              `rust_decimal::Decimal` implements `From<i128>`
              `rust_decimal::Decimal` implements `From<i16>`
              `rust_decimal::Decimal` implements `From<i32>`
              `rust_decimal::Decimal` implements `From<i64>`
              `rust_decimal::Decimal` implements `From<i8>`
              `rust_decimal::Decimal` implements `From<isize>`
              `rust_decimal::Decimal` implements `From<u128>`
              `rust_decimal::Decimal` implements `From<u16>`
            and 4 others

error[E0277]: the trait bound `rust_decimal::Decimal: From<f64>` is not satisfied
   --> src\handlers\sales_fabric_order_handler.rs:221:60
    |
221 |         let amount = Decimal::from(item.quantity_meters) * Decimal::from(item.unit_price_meters);
    |                                                            ^^^^^^^ the trait `From<f64>` is not implemented for `rust_decimal::Decimal`
    |
    = help: the following other types implement trait `From<T>`:
              `rust_decimal::Decimal` implements `From<i128>`
              `rust_decimal::Decimal` implements `From<i16>`
              `rust_decimal::Decimal` implements `From<i32>`
              `rust_decimal::Decimal` implements `From<i64>`
              `rust_decimal::Decimal` implements `From<i8>`
              `rust_decimal::Decimal` implements `From<isize>`
              `rust_decimal::Decimal` implements `From<u128>`
              `rust_decimal::Decimal` implements `From<u16>`
            and 4 others

error[E0277]: the trait bound `rust_decimal::Decimal: From<f64>` is not satisfied
   --> src\handlers\sales_fabric_order_handler.rs:223:34
    |
223 |         total_quantity_meters += Decimal::from(item.quantity_meters);
    |                                  ^^^^^^^ the trait `From<f64>` is not implemented for `rust_decimal::Decimal`
    |
    = help: the following other types implement trait `From<T>`:
              `rust_decimal::Decimal` implements `From<i128>`
              `rust_decimal::Decimal` implements `From<i16>`
              `rust_decimal::Decimal` implements `From<i32>`
              `rust_decimal::Decimal` implements `From<i64>`
              `rust_decimal::Decimal` implements `From<i8>`
              `rust_decimal::Decimal` implements `From<isize>`
              `rust_decimal::Decimal` implements `From<u128>`
              `rust_decimal::Decimal` implements `From<u16>`
            and 4 others

error[E0277]: the trait bound `rust_decimal::Decimal: From<f64>` is not satisfied
   --> src\handlers\sales_fabric_order_handler.rs:224:30
    |
224 |         total_quantity_kg += Decimal::from(item.quantity_kg);
    |                              ^^^^^^^ the trait `From<f64>` is not implemented for `rust_decimal::Decimal`
    |
    = help: the following other types implement trait `From<T>`:
              `rust_decimal::Decimal` implements `From<i128>`
              `rust_decimal::Decimal` implements `From<i16>`
              `rust_decimal::Decimal` implements `From<i32>`
              `rust_decimal::Decimal` implements `From<i64>`
              `rust_decimal::Decimal` implements `From<i8>`
              `rust_decimal::Decimal` implements `From<isize>`
              `rust_decimal::Decimal` implements `From<u128>`
              `rust_decimal::Decimal` implements `From<u16>`
            and 4 others

error[E0308]: mismatched types
   --> src\handlers\sales_fabric_order_handler.rs:232:25
    |
232 |         order_date: Set(req.order_date.naive_utc()),
    |                     --- ^^^^^^^^^^^^^^^^^^^^^^^^^^ expected `DateTime<Utc>`, found `NaiveDateTime`
    |                     |
    |                     arguments to this enum variant are incorrect
    |
    = note: expected struct `chrono::DateTime<Utc>`
               found struct `NaiveDateTime`
help: the type constructed contains `NaiveDateTime` due to the type of the argument passed
   --> src\handlers\sales_fabric_order_handler.rs:232:21
    |
232 |         order_date: Set(req.order_date.naive_utc()),
    |                     ^^^^--------------------------^
    |                         |
    |                         this argument influences the type of `Set`
note: tuple variant defined here
   --> C:\Users\admin\.cargo\registry\src\index.crates.io-6f17d22bba15001f\sea-orm-1.1.19\src\entity\active_model.rs:45:5
    |
45  |     Set(V),
    |     ^^^

error[E0308]: mismatched types
   --> src\handlers\sales_fabric_order_handler.rs:233:28
    |
233 |         required_date: Set(req.required_date.naive_utc()),
    |                        --- ^^^^^^^^^^^^^^^^^^^^^^^^^^^^^ expected `DateTime<Utc>`, found `NaiveDateTime`
    |                        |
    |                        arguments to this enum variant are incorrect
    |
    = note: expected struct `chrono::DateTime<Utc>`
               found struct `NaiveDateTime`
help: the type constructed contains `NaiveDateTime` due to the type of the argument passed
   --> src\handlers\sales_fabric_order_handler.rs:233:24
    |
233 |         required_date: Set(req.required_date.naive_utc()),
    |                        ^^^^-----------------------------^
    |                            |
    |                            this argument influences the type of `Set`
note: tuple variant defined here
   --> C:\Users\admin\.cargo\registry\src\index.crates.io-6f17d22bba15001f\sea-orm-1.1.19\src\entity\active_model.rs:45:5
    |
45  |     Set(V),
    |     ^^^

error[E0560]: struct `sales_order::ActiveModel` has no field named `payment_terms`
   --> src\handlers\sales_fabric_order_handler.rs:238:9
    |
238 |         payment_terms: Set(req.payment_terms),
    |         ^^^^^^^^^^^^^ `sales_order::ActiveModel` does not have this field
    |
    = note: available fields are: `ship_date`, `subtotal`, `tax_amount`, `discount_amount`, `shipping_cost` ... and 3 others

error[E0560]: struct `sales_order::ActiveModel` has no field named `remarks`
   --> src\handlers\sales_fabric_order_handler.rs:239:9
    |
239 |         remarks: Set(req.remarks),
    |         ^^^^^^^ `sales_order::ActiveModel` does not have this field
    |
    = note: available fields are: `ship_date`, `subtotal`, `tax_amount`, `discount_amount`, `shipping_cost` ... and 3 others

error[E0560]: struct `sales_order::ActiveModel` has no field named `batch_no`
   --> src\handlers\sales_fabric_order_handler.rs:246:9
    |
246 |         batch_no: Set(req.batch_no),
    |         ^^^^^^^^ `sales_order::ActiveModel` does not have this field
    |
    = note: available fields are: `ship_date`, `subtotal`, `tax_amount`, `discount_amount`, `shipping_cost` ... and 3 others

error[E0560]: struct `sales_order::ActiveModel` has no field named `color_no`
   --> src\handlers\sales_fabric_order_handler.rs:247:9
    |
247 |         color_no: Set(req.color_no),
    |         ^^^^^^^^ `sales_order::ActiveModel` does not have this field
    |
    = note: available fields are: `ship_date`, `subtotal`, `tax_amount`, `discount_amount`, `shipping_cost` ... and 3 others

error[E0560]: struct `sales_order::ActiveModel` has no field named `dye_lot_no`
   --> src\handlers\sales_fabric_order_handler.rs:248:9
    |
248 |         dye_lot_no: Set(req.dye_lot_no),
    |         ^^^^^^^^^^ `sales_order::ActiveModel` does not have this field
    |
    = note: available fields are: `ship_date`, `subtotal`, `tax_amount`, `discount_amount`, `shipping_cost` ... and 3 others

error[E0560]: struct `sales_order::ActiveModel` has no field named `grade`
   --> src\handlers\sales_fabric_order_handler.rs:249:9
    |
249 |         grade: Set(req.grade),
    |         ^^^^^ `sales_order::ActiveModel` does not have this field
    |
    = note: available fields are: `ship_date`, `subtotal`, `tax_amount`, `discount_amount`, `shipping_cost` ... and 3 others

error[E0560]: struct `sales_order::ActiveModel` has no field named `packaging_requirement`
   --> src\handlers\sales_fabric_order_handler.rs:250:9
    |
250 |         packaging_requirement: Set(req.packaging_requirement),
    |         ^^^^^^^^^^^^^^^^^^^^^ `sales_order::ActiveModel` does not have this field
    |
    = note: available fields are: `ship_date`, `subtotal`, `tax_amount`, `discount_amount`, `shipping_cost` ... and 3 others

error[E0560]: struct `sales_order::ActiveModel` has no field named `quality_standard`
   --> src\handlers\sales_fabric_order_handler.rs:251:9
    |
251 |         quality_standard: Set(req.quality_standard),
    |         ^^^^^^^^^^^^^^^^ `sales_order::ActiveModel` does not have this field
    |
    = note: available fields are: `ship_date`, `subtotal`, `tax_amount`, `discount_amount`, `shipping_cost` ... and 3 others

error[E0560]: struct `sales_order::ActiveModel` has no field named `total_quantity_meters`
   --> src\handlers\sales_fabric_order_handler.rs:252:9
    |
252 |         total_quantity_meters: Set(Some(total_quantity_meters)),
    |         ^^^^^^^^^^^^^^^^^^^^^ `sales_order::ActiveModel` does not have this field
    |
    = note: available fields are: `ship_date`, `subtotal`, `tax_amount`, `discount_amount`, `shipping_cost` ... and 3 others

error[E0560]: struct `sales_order::ActiveModel` has no field named `total_quantity_kg`
   --> src\handlers\sales_fabric_order_handler.rs:253:9
    |
253 |         total_quantity_kg: Set(Some(total_quantity_kg)),
    |         ^^^^^^^^^^^^^^^^^ `sales_order::ActiveModel` does not have this field
    |
    = note: available fields are: `ship_date`, `subtotal`, `tax_amount`, `discount_amount`, `shipping_cost` ... and 3 others

error[E0308]: mismatched types
   --> src\handlers\sales_fabric_order_handler.rs:271:62
    |
271 |     (StatusCode::CREATED, Json(ApiResponse::success_with_msg(created_order, "璁㈠崟鍒涘缓鎴愬姛")))
    |                                ----------------------------- ^^^^^^^^^^^^^ expected `()`, found `Model`
    |                                |
    |                                arguments to this function are incorrect
    |
note: associated function defined here
   --> src\utils\response.rs:30:12
    |
30  |     pub fn success_with_msg(data: T, message: &str) -> Self {
    |            ^^^^^^^^^^^^^^^^ -------

error[E0277]: the trait bound `std::sync::Arc<sea_orm::DatabaseConnection>: ConnectionTrait` is not satisfied
   --> src\handlers\sales_fabric_order_handler.rs:284:14
    |
284 |         .one(&db)
    |          --- ^^^ the trait `ConnectionTrait` is not implemented for `std::sync::Arc<sea_orm::DatabaseConnection>`
    |          |
    |          required by a bound introduced by this call
    |
    = help: the following other types implement trait `ConnectionTrait`:
              DatabaseTransaction
              sea_orm::DatabaseConnection
note: required by a bound in `sea_orm::executor::select::<impl sea_orm::Select<E>>::one`
   --> C:\Users\admin\.cargo\registry\src\index.crates.io-6f17d22bba15001f\sea-orm-1.1.19\src\executor\select.rs:445:12
    |
443 |     pub async fn one<C>(self, db: &C) -> Result<Option<E::Model>, DbErr>
    |                  --- required by a bound in this associated function
444 |     where
445 |         C: ConnectionTrait,
    |            ^^^^^^^^^^^^^^^ required by this bound in `sea_orm::executor::select::<impl Select<E>>::one`

error[E0277]: the trait bound `std::sync::Arc<sea_orm::DatabaseConnection>: ConnectionTrait` is not satisfied
   --> src\handlers\sales_fabric_order_handler.rs:283:53
    |
283 |       let mut order: sales_order::ActiveModel = match sales_order::Entity::find_by_id(id)
    |  _____________________________________________________^
284 | |         .one(&db)
    | |_________________^ the trait `ConnectionTrait` is not implemented for `std::sync::Arc<sea_orm::DatabaseConnection>`
    |
    = help: the following other types implement trait `ConnectionTrait`:
              DatabaseTransaction
              sea_orm::DatabaseConnection
note: required by a bound in `sea_orm::executor::select::<impl sea_orm::Select<E>>::one`
   --> C:\Users\admin\.cargo\registry\src\index.crates.io-6f17d22bba15001f\sea-orm-1.1.19\src\executor\select.rs:445:12
    |
443 |     pub async fn one<C>(self, db: &C) -> Result<Option<E::Model>, DbErr>
    |                  --- required by a bound in this associated function
444 |     where
445 |         C: ConnectionTrait,
    |            ^^^^^^^^^^^^^^^ required by this bound in `sea_orm::executor::select::<impl Select<E>>::one`

error[E0277]: the trait bound `std::sync::Arc<sea_orm::DatabaseConnection>: ConnectionTrait` is not satisfied
   --> src\handlers\sales_fabric_order_handler.rs:285:10
    |
285 |         .await
    |          ^^^^^ the trait `ConnectionTrait` is not implemented for `std::sync::Arc<sea_orm::DatabaseConnection>`
    |
    = help: the following other types implement trait `ConnectionTrait`:
              DatabaseTransaction
              sea_orm::DatabaseConnection
note: required by a bound in `sea_orm::executor::select::<impl sea_orm::Select<E>>::one`
   --> C:\Users\admin\.cargo\registry\src\index.crates.io-6f17d22bba15001f\sea-orm-1.1.19\src\executor\select.rs:445:12
    |
443 |     pub async fn one<C>(self, db: &C) -> Result<Option<E::Model>, DbErr>
    |                  --- required by a bound in this associated function
444 |     where
445 |         C: ConnectionTrait,
    |            ^^^^^^^^^^^^^^^ required by this bound in `sea_orm::executor::select::<impl Select<E>>::one`

error[E0308]: mismatched types
   --> src\handlers\sales_fabric_order_handler.rs:297:35
    |
297 |         order.required_date = Set(date.naive_utc());
    |                               --- ^^^^^^^^^^^^^^^^ expected `DateTime<Utc>`, found `NaiveDateTime`
    |                               |
    |                               arguments to this enum variant are incorrect
    |
    = note: expected struct `chrono::DateTime<Utc>`
               found struct `NaiveDateTime`
help: the type constructed contains `NaiveDateTime` due to the type of the argument passed
   --> src\handlers\sales_fabric_order_handler.rs:297:31
    |
297 |         order.required_date = Set(date.naive_utc());
    |                               ^^^^----------------^
    |                                   |
    |                                   this argument influences the type of `Set`
note: tuple variant defined here
   --> C:\Users\admin\.cargo\registry\src\index.crates.io-6f17d22bba15001f\sea-orm-1.1.19\src\entity\active_model.rs:45:5
    |
45  |     Set(V),
    |     ^^^

error[E0609]: no field `payment_terms` on type `sales_order::ActiveModel`
   --> src\handlers\sales_fabric_order_handler.rs:309:15
    |
309 |         order.payment_terms = Set(Some(terms));
    |               ^^^^^^^^^^^^^ unknown field
    |
    = note: available fields are: `id`, `order_no`, `customer_id`, `order_date`, `required_date` ... and 17 others

error[E0609]: no field `remarks` on type `sales_order::ActiveModel`
   --> src\handlers\sales_fabric_order_handler.rs:312:15
    |
312 |         order.remarks = Set(Some(remarks));
    |               ^^^^^^^ unknown field
    |
    = note: available fields are: `id`, `order_no`, `customer_id`, `order_date`, `required_date` ... and 17 others

error[E0609]: no field `batch_no` on type `sales_order::ActiveModel`
   --> src\handlers\sales_fabric_order_handler.rs:315:15
    |
315 |         order.batch_no = Set(Some(batch));
    |               ^^^^^^^^ unknown field
    |
    = note: available fields are: `id`, `order_no`, `customer_id`, `order_date`, `required_date` ... and 17 others

error[E0609]: no field `color_no` on type `sales_order::ActiveModel`
   --> src\handlers\sales_fabric_order_handler.rs:318:15
    |
318 |         order.color_no = Set(Some(color));
    |               ^^^^^^^^ unknown field
    |
    = note: available fields are: `id`, `order_no`, `customer_id`, `order_date`, `required_date` ... and 17 others

error[E0609]: no field `packaging_requirement` on type `sales_order::ActiveModel`
   --> src\handlers\sales_fabric_order_handler.rs:321:15
    |
321 |         order.packaging_requirement = Set(Some(pkg));
    |               ^^^^^^^^^^^^^^^^^^^^^ unknown field
    |
    = note: available fields are: `id`, `order_no`, `customer_id`, `order_date`, `required_date` ... and 17 others

error[E0609]: no field `quality_standard` on type `sales_order::ActiveModel`
   --> src\handlers\sales_fabric_order_handler.rs:324:15
    |
324 |         order.quality_standard = Set(Some(qs));
    |               ^^^^^^^^^^^^^^^^ unknown field
    |
    = note: available fields are: `id`, `order_no`, `customer_id`, `order_date`, `required_date` ... and 17 others

error[E0277]: the trait bound `std::sync::Arc<sea_orm::DatabaseConnection>: ConnectionTrait` is not satisfied
   --> src\handlers\sales_fabric_order_handler.rs:329:24
    |
329 |     match order.update(&db).await {
    |                 ------ ^^^ the trait `ConnectionTrait` is not implemented for `std::sync::Arc<sea_orm::DatabaseConnection>`
    |                 |
    |                 required by a bound introduced by this call
    |
    = help: the following other types implement trait `ConnectionTrait`:
              DatabaseTransaction
              sea_orm::DatabaseConnection
note: required by a bound in `sea_orm::ActiveModelTrait::update`
   --> C:\Users\admin\.cargo\registry\src\index.crates.io-6f17d22bba15001f\sea-orm-1.1.19\src\entity\active_model.rs:400:12
    |
396 |     async fn update<'a, C>(self, db: &'a C) -> Result<<Self::Entity as EntityTrait>::Model, DbErr>
    |              ------ required by a bound in this associated function
...
400 |         C: ConnectionTrait,
    |            ^^^^^^^^^^^^^^^ required by this bound in `ActiveModelTrait::update`

error[E0277]: the trait bound `sales_order::Model: serde::Serialize` is not satisfied
   --> src\handlers\sales_fabric_order_handler.rs:330:54
    |
330 |         Ok(updated) => ApiResponse::success_with_msg(updated, "璁㈠崟鏇存柊鎴愬姛"),
    |                        ----------------------------- ^^^^^^^ the trait `Serialize` is not implemented for `sales_order::Model`
    |                        |
    |                        required by a bound introduced by this call
    |
    = note: for local types consider adding `#[derive(serde::Serialize)]` to your `sales_order::Model` type
    = note: for types from other crates check whether the crate offers a `serde` feature flag
    = help: the following other types implement trait `Serialize`:
              &'a T
              &'a mut T
              ()
              (T,)
              (T0, T1)
              (T0, T1, T2)
              (T0, T1, T2, T3)
              (T0, T1, T2, T3, T4)
            and 402 others
note: required by a bound in `ApiResponse::<T>::success_with_msg`
   --> src\utils\response.rs:11:9
    |
11  | impl<T: Serialize> ApiResponse<T> {
    |         ^^^^^^^^^ required by this bound in `ApiResponse::<T>::success_with_msg`
...
30  |     pub fn success_with_msg(data: T, message: &str) -> Self {
    |            ---------------- required by a bound in this associated function

error[E0308]: mismatched types
   --> src\handlers\sales_fabric_order_handler.rs:330:24
    |
279 | ) -> impl IntoResponse {
    |      ----------------- expected `(axum::http::StatusCode, axum::Json<ApiResponse<()>>)` because of return type
...
330 |         Ok(updated) => ApiResponse::success_with_msg(updated, "璁㈠崟鏇存柊鎴愬姛"),
    |                        ^^^^^^^^^^^^^^^^^^^^^^^^^^^^^^^^^^^^^^^^^^^^^^^^^^^^^^ expected `(StatusCode, Json<ApiResponse<()>>)`, found `ApiRespons
e<Model>`
    |
    = note: expected tuple `(axum::http::StatusCode, axum::Json<ApiResponse<()>>)`
              found struct `ApiResponse<sales_order::Model>`
note: return type inferred to be `(axum::http::StatusCode, axum::Json<ApiResponse<()>>)` here
   --> src\handlers\sales_fabric_order_handler.rs:289:20
    |
289 |             return (StatusCode::NOT_FOUND, Json(ApiResponse::<()>::error("璁㈠崟涓嶅瓨鍦?)));
    |                    ^^^^^^^^^^^^^^^^^^^^^^^^^^^^^^^^^^^^^^^^^^^^^^^^^^^^^^^^^^^^^^^^^^^^^

error[E0277]: the trait bound `std::sync::Arc<sea_orm::DatabaseConnection>: ConnectionTrait` is not satisfied
   --> src\handlers\sales_fabric_order_handler.rs:346:15
    |
346 |         .exec(&db)
    |          ---- ^^^ the trait `ConnectionTrait` is not implemented for `std::sync::Arc<sea_orm::DatabaseConnection>`
    |          |
    |          required by a bound introduced by this call
    |
    = help: the following other types implement trait `ConnectionTrait`:
              DatabaseTransaction
              sea_orm::DatabaseConnection
note: required by a bound in `sea_orm::executor::delete::<impl DeleteMany<E>>::exec`
   --> C:\Users\admin\.cargo\registry\src\index.crates.io-6f17d22bba15001f\sea-orm-1.1.19\src\executor\delete.rs:59:12
    |
57  |     pub fn exec<C>(self, db: &'a C) -> impl Future<Output = Result<DeleteResult, DbErr>> + 'a
    |            ---- required by a bound in this associated function
58  |     where
59  |         C: ConnectionTrait,
    |            ^^^^^^^^^^^^^^^ required by this bound in `sea_orm::executor::delete::<impl DeleteMany<E>>::exec`

error[E0277]: the trait bound `std::sync::Arc<sea_orm::DatabaseConnection>: ConnectionTrait` is not satisfied
   --> src\handlers\sales_fabric_order_handler.rs:345:11
    |
345 |       match sales_order::Entity::delete_by_id(id)
    |  ___________^
346 | |         .exec(&db)
    | |__________________^ the trait `ConnectionTrait` is not implemented for `std::sync::Arc<sea_orm::DatabaseConnection>`
    |
    = help: the following other types implement trait `ConnectionTrait`:
              DatabaseTransaction
              sea_orm::DatabaseConnection
note: required by a bound in `sea_orm::executor::delete::<impl DeleteMany<E>>::exec`
   --> C:\Users\admin\.cargo\registry\src\index.crates.io-6f17d22bba15001f\sea-orm-1.1.19\src\executor\delete.rs:59:12
    |
57  |     pub fn exec<C>(self, db: &'a C) -> impl Future<Output = Result<DeleteResult, DbErr>> + 'a
    |            ---- required by a bound in this associated function
58  |     where
59  |         C: ConnectionTrait,
    |            ^^^^^^^^^^^^^^^ required by this bound in `sea_orm::executor::delete::<impl DeleteMany<E>>::exec`

error[E0277]: the trait bound `std::sync::Arc<sea_orm::DatabaseConnection>: ConnectionTrait` is not satisfied
   --> src\handlers\sales_fabric_order_handler.rs:347:10
    |
347 |         .await
    |          ^^^^^ the trait `ConnectionTrait` is not implemented for `std::sync::Arc<sea_orm::DatabaseConnection>`
    |
    = help: the following other types implement trait `ConnectionTrait`:
              DatabaseTransaction
              sea_orm::DatabaseConnection
note: required by a bound in `sea_orm::executor::delete::<impl DeleteMany<E>>::exec`
   --> C:\Users\admin\.cargo\registry\src\index.crates.io-6f17d22bba15001f\sea-orm-1.1.19\src\executor\delete.rs:59:12
    |
57  |     pub fn exec<C>(self, db: &'a C) -> impl Future<Output = Result<DeleteResult, DbErr>> + 'a
    |            ---- required by a bound in this associated function
58  |     where
59  |         C: ConnectionTrait,
    |            ^^^^^^^^^^^^^^^ required by this bound in `sea_orm::executor::delete::<impl DeleteMany<E>>::exec`

error[E0308]: `match` arms have incompatible types
   --> src\handlers\sales_fabric_order_handler.rs:351:13
    |
345 | /     match sales_order::Entity::delete_by_id(id)
346 | |         .exec(&db)
347 | |         .await
348 | |     {
349 | |         Ok(_) => ApiResponse::success_with_msg((), "璁㈠崟鍒犻櫎鎴愬姛"),
    | |                  ------------------------------------------------- this is found to be of type `ApiResponse<()>`
350 | |         Err(e) => {
351 | |             (StatusCode::BAD_REQUEST, Json(ApiResponse::<()>::error(&format!("鍒犻櫎璁㈠崟澶辫触锛歿}", e))))
    | |             ^^^^^^^^^^^^^^^^^^^^^^^^^^^^^^^^^^^^^^^^^^^^^^^^^^^^^^^^^^^^^^^^^^^^^^^^^^^^^^^^^^^^^^^^^^ expected `ApiResponse<()>`, found `(St
atusCode, Json<ApiResponse<()>>)`
352 | |         }
353 | |     }
    | |_____- `match` arms have incompatible types
    |
    = note: expected struct `ApiResponse<()>`
                found tuple `(axum::http::StatusCode, axum::Json<ApiResponse<()>>)`

error[E0277]: the trait bound `std::sync::Arc<sea_orm::DatabaseConnection>: ConnectionTrait` is not satisfied
   --> src\handlers\sales_fabric_order_handler.rs:366:14
    |
366 |         .one(&db)
    |          --- ^^^ the trait `ConnectionTrait` is not implemented for `std::sync::Arc<sea_orm::DatabaseConnection>`
    |          |
    |          required by a bound introduced by this call
    |
    = help: the following other types implement trait `ConnectionTrait`:
              DatabaseTransaction
              sea_orm::DatabaseConnection
note: required by a bound in `sea_orm::executor::select::<impl sea_orm::Select<E>>::one`
   --> C:\Users\admin\.cargo\registry\src\index.crates.io-6f17d22bba15001f\sea-orm-1.1.19\src\executor\select.rs:445:12
    |
443 |     pub async fn one<C>(self, db: &C) -> Result<Option<E::Model>, DbErr>
    |                  --- required by a bound in this associated function
444 |     where
445 |         C: ConnectionTrait,
    |            ^^^^^^^^^^^^^^^ required by this bound in `sea_orm::executor::select::<impl Select<E>>::one`

error[E0277]: the trait bound `std::sync::Arc<sea_orm::DatabaseConnection>: ConnectionTrait` is not satisfied
   --> src\handlers\sales_fabric_order_handler.rs:365:53
    |
365 |       let mut order: sales_order::ActiveModel = match sales_order::Entity::find_by_id(id)
    |  _____________________________________________________^
366 | |         .one(&db)
    | |_________________^ the trait `ConnectionTrait` is not implemented for `std::sync::Arc<sea_orm::DatabaseConnection>`
    |
    = help: the following other types implement trait `ConnectionTrait`:
              DatabaseTransaction
              sea_orm::DatabaseConnection
note: required by a bound in `sea_orm::executor::select::<impl sea_orm::Select<E>>::one`
   --> C:\Users\admin\.cargo\registry\src\index.crates.io-6f17d22bba15001f\sea-orm-1.1.19\src\executor\select.rs:445:12
    |
443 |     pub async fn one<C>(self, db: &C) -> Result<Option<E::Model>, DbErr>
    |                  --- required by a bound in this associated function
444 |     where
445 |         C: ConnectionTrait,
    |            ^^^^^^^^^^^^^^^ required by this bound in `sea_orm::executor::select::<impl Select<E>>::one`

error[E0277]: the trait bound `std::sync::Arc<sea_orm::DatabaseConnection>: ConnectionTrait` is not satisfied
   --> src\handlers\sales_fabric_order_handler.rs:367:10
    |
367 |         .await
    |          ^^^^^ the trait `ConnectionTrait` is not implemented for `std::sync::Arc<sea_orm::DatabaseConnection>`
    |
    = help: the following other types implement trait `ConnectionTrait`:
              DatabaseTransaction
              sea_orm::DatabaseConnection
note: required by a bound in `sea_orm::executor::select::<impl sea_orm::Select<E>>::one`
   --> C:\Users\admin\.cargo\registry\src\index.crates.io-6f17d22bba15001f\sea-orm-1.1.19\src\executor\select.rs:445:12
    |
443 |     pub async fn one<C>(self, db: &C) -> Result<Option<E::Model>, DbErr>
    |                  --- required by a bound in this associated function
444 |     where
445 |         C: ConnectionTrait,
    |            ^^^^^^^^^^^^^^^ required by this bound in `sea_orm::executor::select::<impl Select<E>>::one`

error[E0277]: the trait bound `std::sync::Arc<sea_orm::DatabaseConnection>: ConnectionTrait` is not satisfied
   --> src\handlers\sales_fabric_order_handler.rs:383:24
    |
383 |     match order.update(&db).await {
    |                 ------ ^^^ the trait `ConnectionTrait` is not implemented for `std::sync::Arc<sea_orm::DatabaseConnection>`
    |                 |
    |                 required by a bound introduced by this call
    |
    = help: the following other types implement trait `ConnectionTrait`:
              DatabaseTransaction
              sea_orm::DatabaseConnection
note: required by a bound in `sea_orm::ActiveModelTrait::update`
   --> C:\Users\admin\.cargo\registry\src\index.crates.io-6f17d22bba15001f\sea-orm-1.1.19\src\entity\active_model.rs:400:12
    |
396 |     async fn update<'a, C>(self, db: &'a C) -> Result<<Self::Entity as EntityTrait>::Model, DbErr>
    |              ------ required by a bound in this associated function
...
400 |         C: ConnectionTrait,
    |            ^^^^^^^^^^^^^^^ required by this bound in `ActiveModelTrait::update`

error[E0277]: the trait bound `sales_order::Model: serde::Serialize` is not satisfied
   --> src\handlers\sales_fabric_order_handler.rs:384:54
    |
384 |         Ok(updated) => ApiResponse::success_with_msg(updated, "璁㈠崟瀹℃牳鎴愬姛"),
    |                        ----------------------------- ^^^^^^^ the trait `Serialize` is not implemented for `sales_order::Model`
    |                        |
    |                        required by a bound introduced by this call
    |
    = note: for local types consider adding `#[derive(serde::Serialize)]` to your `sales_order::Model` type
    = note: for types from other crates check whether the crate offers a `serde` feature flag
    = help: the following other types implement trait `Serialize`:
              &'a T
              &'a mut T
              ()
              (T,)
              (T0, T1)
              (T0, T1, T2)
              (T0, T1, T2, T3)
              (T0, T1, T2, T3, T4)
            and 402 others
note: required by a bound in `ApiResponse::<T>::success_with_msg`
   --> src\utils\response.rs:11:9
    |
11  | impl<T: Serialize> ApiResponse<T> {
    |         ^^^^^^^^^ required by this bound in `ApiResponse::<T>::success_with_msg`
...
30  |     pub fn success_with_msg(data: T, message: &str) -> Self {
    |            ---------------- required by a bound in this associated function

error[E0308]: mismatched types
   --> src\handlers\sales_fabric_order_handler.rs:384:24
    |
360 | ) -> impl IntoResponse {
    |      ----------------- expected `(axum::http::StatusCode, axum::Json<ApiResponse<()>>)` because of return type
...
384 |         Ok(updated) => ApiResponse::success_with_msg(updated, "璁㈠崟瀹℃牳鎴愬姛"),
    |                        ^^^^^^^^^^^^^^^^^^^^^^^^^^^^^^^^^^^^^^^^^^^^^^^^^^^^^^ expected `(StatusCode, Json<ApiResponse<()>>)`, found `ApiRespons
e<Model>`
    |
    = note: expected tuple `(axum::http::StatusCode, axum::Json<ApiResponse<()>>)`
              found struct `ApiResponse<sales_order::Model>`
note: return type inferred to be `(axum::http::StatusCode, axum::Json<ApiResponse<()>>)` here
   --> src\handlers\sales_fabric_order_handler.rs:371:20
    |
371 |             return (StatusCode::NOT_FOUND, Json(ApiResponse::<()>::error("璁㈠崟涓嶅瓨鍦?)));
    |                    ^^^^^^^^^^^^^^^^^^^^^^^^^^^^^^^^^^^^^^^^^^^^^^^^^^^^^^^^^^^^^^^^^^^^^

error[E0616]: field `bin_location` of struct `inventory_stock::Model` is private
  --> src\handlers\inventory_stock_handler.rs:97:33
   |
97 |             bin_location: stock.bin_location,
   |                                 ^^^^^^^^^^^^ private field

error[E0616]: field `bin_location` of struct `inventory_stock::Model` is private
   --> src\handlers\inventory_stock_handler.rs:129:33
    |
129 |             bin_location: stock.bin_location,
    |                                 ^^^^^^^^^^^^ private field

error[E0616]: field `bin_location` of struct `inventory_stock::Model` is private
   --> src\handlers\inventory_stock_handler.rs:160:41
    |
160 |                     bin_location: stock.bin_location,
    |                                         ^^^^^^^^^^^^ private field

error[E0616]: field `bin_location` of struct `inventory_stock::Model` is private
   --> src\handlers\inventory_stock_handler.rs:195:41
    |
195 |                     bin_location: stock.bin_location,
    |                                         ^^^^^^^^^^^^ private field

error[E0616]: field `bin_location` of struct `inventory_stock::Model` is private
   --> src\handlers\inventory_stock_handler.rs:259:41
    |
259 |                     bin_location: stock.bin_location,
    |                                         ^^^^^^^^^^^^ private field

error[E0616]: field `bin_location` of struct `inventory_stock::Model` is private
   --> src\handlers\inventory_stock_handler.rs:552:33
    |
552 |             bin_location: stock.bin_location,
    |                                 ^^^^^^^^^^^^ private field

error[E0308]: mismatched types
   --> src\handlers\inventory_transfer_handler.rs:119:44
    |
119 |     match transfer_service.create_transfer(request).await {
    |                            --------------- ^^^^^^^ expected `CreateInventoryTransferRequest`, found a different `CreateInventoryTransferRequest
`
    |                            |
    |                            arguments to this method are incorrect
    |
    = note: `CreateInventoryTransferRequest` and `CreateInventoryTransferRequest` have similar names, but are actually distinct types
note: `CreateInventoryTransferRequest` is defined in module `crate::handlers::inventory_transfer_handler` of the current crate
   --> src\handlers\inventory_transfer_handler.rs:26:1
    |
26  | pub struct CreateInventoryTransferRequest {
    | ^^^^^^^^^^^^^^^^^^^^^^^^^^^^^^^^^^^^^^^^^
note: `CreateInventoryTransferRequest` is defined in module `crate::services::inventory_transfer_service` of the current crate
   --> src\services\inventory_transfer_service.rs:50:1
    |
50  | pub struct CreateInventoryTransferRequest {
    | ^^^^^^^^^^^^^^^^^^^^^^^^^^^^^^^^^^^^^^^^^
note: method defined here
   --> src\services\inventory_transfer_service.rs:202:18
    |
202 |     pub async fn create_transfer(
    |                  ^^^^^^^^^^^^^^^
203 |         &self,
204 |         request: CreateInventoryTransferRequest,
    |         ---------------------------------------

error[E0308]: mismatched types
   --> src\handlers\inventory_transfer_handler.rs:140:48
    |
140 |     match transfer_service.update_transfer(id, request).await {
    |                            ---------------     ^^^^^^^ expected `UpdateInventoryTransferRequest`, found a different `UpdateInventoryTransferReq
uest`
    |                            |
    |                            arguments to this method are incorrect
    |
    = note: `UpdateInventoryTransferRequest` and `UpdateInventoryTransferRequest` have similar names, but are actually distinct types
note: `UpdateInventoryTransferRequest` is defined in module `crate::handlers::inventory_transfer_handler` of the current crate
   --> src\handlers\inventory_transfer_handler.rs:44:1
    |
44  | pub struct UpdateInventoryTransferRequest {
    | ^^^^^^^^^^^^^^^^^^^^^^^^^^^^^^^^^^^^^^^^^
note: `UpdateInventoryTransferRequest` is defined in module `crate::services::inventory_transfer_service` of the current crate
   --> src\services\inventory_transfer_service.rs:68:1
    |
68  | pub struct UpdateInventoryTransferRequest {
    | ^^^^^^^^^^^^^^^^^^^^^^^^^^^^^^^^^^^^^^^^^
note: method defined here
   --> src\services\inventory_transfer_service.rs:284:18
    |
284 |     pub async fn update_transfer(
    |                  ^^^^^^^^^^^^^^^
...
287 |         request: UpdateInventoryTransferRequest,
    |         ---------------------------------------

error[E0308]: mismatched types
   --> src\handlers\inventory_count_handler.rs:117:38
    |
117 |     match count_service.create_count(request).await {
    |                         ------------ ^^^^^^^ expected `CreateInventoryCountRequest`, found a different `CreateInventoryCountRequest`
    |                         |
    |                         arguments to this method are incorrect
    |
    = note: `CreateInventoryCountRequest` and `CreateInventoryCountRequest` have similar names, but are actually distinct types
note: `CreateInventoryCountRequest` is defined in module `crate::handlers::inventory_count_handler` of the current crate
   --> src\handlers\inventory_count_handler.rs:25:1
    |
25  | pub struct CreateInventoryCountRequest {
    | ^^^^^^^^^^^^^^^^^^^^^^^^^^^^^^^^^^^^^^
note: `CreateInventoryCountRequest` is defined in module `crate::services::inventory_count_service` of the current crate
   --> src\services\inventory_count_service.rs:54:1
    |
54  | pub struct CreateInventoryCountRequest {
    | ^^^^^^^^^^^^^^^^^^^^^^^^^^^^^^^^^^^^^^
note: method defined here
   --> src\services\inventory_count_service.rs:206:18
    |
206 |     pub async fn create_count(
    |                  ^^^^^^^^^^^^
207 |         &self,
208 |         request: CreateInventoryCountRequest,
    |         ------------------------------------

error[E0308]: mismatched types
   --> src\handlers\inventory_count_handler.rs:138:42
    |
138 |     match count_service.update_count(id, request).await {
    |                         ------------     ^^^^^^^ expected `UpdateInventoryCountRequest`, found a different `UpdateInventoryCountRequest`
    |                         |
    |                         arguments to this method are incorrect
    |
    = note: `UpdateInventoryCountRequest` and `UpdateInventoryCountRequest` have similar names, but are actually distinct types
note: `UpdateInventoryCountRequest` is defined in module `crate::handlers::inventory_count_handler` of the current crate
   --> src\handlers\inventory_count_handler.rs:43:1
    |
43  | pub struct UpdateInventoryCountRequest {
    | ^^^^^^^^^^^^^^^^^^^^^^^^^^^^^^^^^^^^^^
note: `UpdateInventoryCountRequest` is defined in module `crate::services::inventory_count_service` of the current crate
   --> src\services\inventory_count_service.rs:72:1
    |
72  | pub struct UpdateInventoryCountRequest {
    | ^^^^^^^^^^^^^^^^^^^^^^^^^^^^^^^^^^^^^^
note: method defined here
   --> src\services\inventory_count_service.rs:291:18
    |
291 |     pub async fn update_count(
    |                  ^^^^^^^^^^^^
...
294 |         request: UpdateInventoryCountRequest,
    |         ------------------------------------

error[E0599]: `inventory_stock::Entity` is not an iterator
  --> src\handlers\batch_new_handler.rs:83:36
   |
83 |     match inventory_stock::Entity::find()
   |                                    ^^^^ `inventory_stock::Entity` is not an iterator
   |
  ::: src\models\inventory_stock.rs:7:35
   |
7  | #[derive(Clone, Debug, PartialEq, DeriveEntityModel, Eq)]
   |                                   ----------------- function or associated item `find` not found for this struct because it doesn't satisfy `inv
entory_stock::Entity: Iterator`
   |
   = note: the following trait bounds were not satisfied:
           `inventory_stock::Entity: Iterator`
           which is required by `&mut inventory_stock::Entity: Iterator`
note: the trait `Iterator` must be implemented
  --> /rustc/90b35a6239c3d8bdabc530a6a0816f7ff89a0aaf\library\core\src\iter\traits\iterator.rs:39:1
   = help: items from traits can only be used if the trait is in scope
help: trait `EntityTrait` which provides `find` is implemented but not in scope; perhaps you want to import it
   |
1  + use sea_orm::EntityTrait;
   |

error[E0599]: `inventory_stock::Column` is not an iterator
  --> src\handlers\batch_new_handler.rs:84:50
   |
84 |         .filter(inventory_stock::Column::BatchNo.ne(""))
   |                                                  ^^ `inventory_stock::Column` is not an iterator
   |
  ::: src\models\inventory_stock.rs:7:35
   |
7  | #[derive(Clone, Debug, PartialEq, DeriveEntityModel, Eq)]
   |                                   ----------------- method `ne` not found for this enum because it doesn't satisfy `inventory_stock::Column: Ite
rator`
   |
   = note: the following trait bounds were not satisfied:
           `inventory_stock::Column: Iterator`
           which is required by `&mut inventory_stock::Column: Iterator`
note: the trait `Iterator` must be implemented
  --> /rustc/90b35a6239c3d8bdabc530a6a0816f7ff89a0aaf\library\core\src\iter\traits\iterator.rs:39:1
   = help: items from traits can only be used if the trait is in scope
help: trait `ColumnTrait` which provides `ne` is implemented but not in scope; perhaps you want to import it
   |
1  + use sea_orm::ColumnTrait;
   |

error[E0061]: this function takes 2 arguments but 1 argument was supplied
  --> src\handlers\batch_new_handler.rs:91:13
   |
91 |               ApiResponse::success(PaginatedResponse {
   |  _____________^^^^^^^^^^^^^^^^^^^^-
92 | |                 items: batches,
93 | |                 total,
94 | |                 page,
95 | |                 page_size,
96 | |             })
   | |______________- argument #2 of type `std::option::Option<std::string::String>` is missing
   |
note: associated function defined here
  --> src\utils\response.rs:12:12
   |
12 |     pub fn success(data: T, message: Option<String>) -> Self {
   |            ^^^^^^^ -------  -----------------------
help: provide the argument
   |
91 ~             ApiResponse::success(PaginatedResponse {
92 +                 items: batches,
93 +                 total,
94 +                 page,
95 +                 page_size,
96 +             }, /* std::option::Option<std::string::String> */)
   |

error[E0599]: no function or associated item named `find_by_id` found for struct `inventory_stock::Entity` in the current scope
   --> src\handlers\batch_new_handler.rs:109:36
    |
109 |     match inventory_stock::Entity::find_by_id(id)
    |                                    ^^^^^^^^^^ function or associated item not found in `Entity`
    |
   ::: src\models\inventory_stock.rs:7:35
    |
7   | #[derive(Clone, Debug, PartialEq, DeriveEntityModel, Eq)]
    |                                   ----------------- function or associated item `find_by_id` not found for this struct
    |
    = help: items from traits can only be used if the trait is in scope
help: trait `EntityTrait` which provides `find_by_id` is implemented but not in scope; perhaps you want to import it
    |
1   + use sea_orm::EntityTrait;
    |

error[E0061]: this function takes 2 arguments but 1 argument was supplied
   --> src\handlers\batch_new_handler.rs:113:28
    |
113 |         Ok(Some(batch)) => ApiResponse::success(batch),
    |                            ^^^^^^^^^^^^^^^^^^^^------- argument #2 of type `std::option::Option<std::string::String>` is missing
    |
note: associated function defined here
   --> src\utils\response.rs:12:12
    |
12  |     pub fn success(data: T, message: Option<String>) -> Self {
    |            ^^^^^^^ -------  -----------------------
help: provide the argument
    |
113 |         Ok(Some(batch)) => ApiResponse::success(batch, /* std::option::Option<std::string::String> */),
    |                                                ~~~~~~~~~~~~~~~~~~~~~~~~~~~~~~~~~~~~~~~~~~~~~~~~~~~~~~~

error[E0308]: `match` arms have incompatible types
   --> src\handlers\batch_new_handler.rs:115:13
    |
109 | /     match inventory_stock::Entity::find_by_id(id)
110 | |         .one(&db)
111 | |         .await
112 | |     {
113 | |         Ok(Some(batch)) => ApiResponse::success(batch),
    | |                            --------------------------- this is found to be of type `ApiResponse<_>`
114 | |         Ok(None) => {
115 | |             (StatusCode::NOT_FOUND, Json(ApiResponse::<()>::error("鎵规涓嶅瓨鍦?)))
    | |             ^^^^^^^^^^^^^^^^^^^^^^^^^^^^^^^^^^^^^^^^^^^^^^^^^^^^^^^^^^^^^^^^^^^^^ expected `ApiResponse<_>`, found `(StatusCode, Json<ApiResp
onse<()>>)`
...   |
119 | |         }
120 | |     }
    | |_____- `match` arms have incompatible types
    |
    = note: expected struct `ApiResponse<_>`
                found tuple `(axum::http::StatusCode, axum::Json<ApiResponse<()>>)`

error[E0277]: the trait bound `rust_decimal::Decimal: From<f64>` is not satisfied
   --> src\handlers\batch_new_handler.rs:139:31
    |
139 |         quantity_on_hand: Set(rust_decimal::Decimal::from(req.quantity_meters)),
    |                               ^^^^^^^^^^^^^^^^^^^^^ the trait `From<f64>` is not implemented for `rust_decimal::Decimal`
    |
    = help: the following other types implement trait `From<T>`:
              `rust_decimal::Decimal` implements `From<i128>`
              `rust_decimal::Decimal` implements `From<i16>`
              `rust_decimal::Decimal` implements `From<i32>`
              `rust_decimal::Decimal` implements `From<i64>`
              `rust_decimal::Decimal` implements `From<i8>`
              `rust_decimal::Decimal` implements `From<isize>`
              `rust_decimal::Decimal` implements `From<u128>`
              `rust_decimal::Decimal` implements `From<u16>`
            and 4 others

error[E0277]: the trait bound `rust_decimal::Decimal: From<f64>` is not satisfied
   --> src\handlers\batch_new_handler.rs:140:33
    |
140 |         quantity_available: Set(rust_decimal::Decimal::from(req.quantity_meters)),
    |                                 ^^^^^^^^^^^^^^^^^^^^^ the trait `From<f64>` is not implemented for `rust_decimal::Decimal`
    |
    = help: the following other types implement trait `From<T>`:
              `rust_decimal::Decimal` implements `From<i128>`
              `rust_decimal::Decimal` implements `From<i16>`
              `rust_decimal::Decimal` implements `From<i32>`
              `rust_decimal::Decimal` implements `From<i64>`
              `rust_decimal::Decimal` implements `From<i8>`
              `rust_decimal::Decimal` implements `From<isize>`
              `rust_decimal::Decimal` implements `From<u128>`
              `rust_decimal::Decimal` implements `From<u16>`
            and 4 others

error[E0277]: the trait bound `rust_decimal::Decimal: From<f64>` is not satisfied
   --> src\handlers\batch_new_handler.rs:151:30
    |
151 |         quantity_meters: Set(rust_decimal::Decimal::from(req.quantity_meters)),
    |                              ^^^^^^^^^^^^^^^^^^^^^ the trait `From<f64>` is not implemented for `rust_decimal::Decimal`
    |
    = help: the following other types implement trait `From<T>`:
              `rust_decimal::Decimal` implements `From<i128>`
              `rust_decimal::Decimal` implements `From<i16>`
              `rust_decimal::Decimal` implements `From<i32>`
              `rust_decimal::Decimal` implements `From<i64>`
              `rust_decimal::Decimal` implements `From<i8>`
              `rust_decimal::Decimal` implements `From<isize>`
              `rust_decimal::Decimal` implements `From<u128>`
              `rust_decimal::Decimal` implements `From<u16>`
            and 4 others

error[E0277]: the trait bound `rust_decimal::Decimal: From<f64>` is not satisfied
   --> src\handlers\batch_new_handler.rs:152:26
    |
152 |         quantity_kg: Set(rust_decimal::Decimal::from(req.quantity_kg)),
    |                          ^^^^^^^^^^^^^^^^^^^^^ the trait `From<f64>` is not implemented for `rust_decimal::Decimal`
    |
    = help: the following other types implement trait `From<T>`:
              `rust_decimal::Decimal` implements `From<i128>`
              `rust_decimal::Decimal` implements `From<i16>`
              `rust_decimal::Decimal` implements `From<i32>`
              `rust_decimal::Decimal` implements `From<i64>`
              `rust_decimal::Decimal` implements `From<i8>`
              `rust_decimal::Decimal` implements `From<isize>`
              `rust_decimal::Decimal` implements `From<u128>`
              `rust_decimal::Decimal` implements `From<u16>`
            and 4 others

error[E0308]: mismatched types
   --> src\handlers\batch_new_handler.rs:155:30
    |
155 |         production_date: Set(req.production_date.map(|d| d.naive_utc())),
    |                          --- ^^^^^^^^^^^^^^^^^^^^^^^^^^^^^^^^^^^^^^^^^^ expected `Option<DateTime<Utc>>`, found `Option<NaiveDateTime>`
    |                          |
    |                          arguments to this enum variant are incorrect
    |
    = note: expected enum `std::option::Option<chrono::DateTime<Utc>>`
               found enum `std::option::Option<NaiveDateTime>`
help: the type constructed contains `std::option::Option<NaiveDateTime>` due to the type of the argument passed
   --> src\handlers\batch_new_handler.rs:155:26
    |
155 |         production_date: Set(req.production_date.map(|d| d.naive_utc())),
    |                          ^^^^------------------------------------------^
    |                              |
    |                              this argument influences the type of `Set`
note: tuple variant defined here
   --> C:\Users\admin\.cargo\registry\src\index.crates.io-6f17d22bba15001f\sea-orm-1.1.19\src\entity\active_model.rs:45:5
    |
45  |     Set(V),
    |     ^^^

error[E0308]: mismatched types
   --> src\handlers\batch_new_handler.rs:156:26
    |
156 |         expiry_date: Set(req.expiry_date.map(|d| d.naive_utc())),
    |                      --- ^^^^^^^^^^^^^^^^^^^^^^^^^^^^^^^^^^^^^^ expected `Option<DateTime<Utc>>`, found `Option<NaiveDateTime>`
    |                      |
    |                      arguments to this enum variant are incorrect
    |
    = note: expected enum `std::option::Option<chrono::DateTime<Utc>>`
               found enum `std::option::Option<NaiveDateTime>`
help: the type constructed contains `std::option::Option<NaiveDateTime>` due to the type of the argument passed
   --> src\handlers\batch_new_handler.rs:156:22
    |
156 |         expiry_date: Set(req.expiry_date.map(|d| d.naive_utc())),
    |                      ^^^^--------------------------------------^
    |                          |
    |                          this argument influences the type of `Set`
note: tuple variant defined here
   --> C:\Users\admin\.cargo\registry\src\index.crates.io-6f17d22bba15001f\sea-orm-1.1.19\src\entity\active_model.rs:45:5
    |
45  |     Set(V),
    |     ^^^

error[E0277]: the trait bound `std::sync::Arc<sea_orm::DatabaseConnection>: ConnectionTrait` is not satisfied
   --> src\handlers\batch_new_handler.rs:164:24
    |
164 |     match batch.insert(&db).await {
    |                 ------ ^^^ the trait `ConnectionTrait` is not implemented for `std::sync::Arc<sea_orm::DatabaseConnection>`
    |                 |
    |                 required by a bound introduced by this call
    |
    = help: the following other types implement trait `ConnectionTrait`:
              DatabaseTransaction
              sea_orm::DatabaseConnection
note: required by a bound in `sea_orm::ActiveModelTrait::insert`
   --> C:\Users\admin\.cargo\registry\src\index.crates.io-6f17d22bba15001f\sea-orm-1.1.19\src\entity\active_model.rs:278:12
    |
274 |     async fn insert<'a, C>(self, db: &'a C) -> Result<<Self::Entity as EntityTrait>::Model, DbErr>
    |              ------ required by a bound in this associated function
...
278 |         C: ConnectionTrait,
    |            ^^^^^^^^^^^^^^^ required by this bound in `ActiveModelTrait::insert`

error[E0277]: the trait bound `inventory_stock::Model: serde::Serialize` is not satisfied
   --> src\handlers\batch_new_handler.rs:166:70
    |
166 |             (StatusCode::CREATED, Json(ApiResponse::success_with_msg(created, "鎵规鍒涘缓鎴愬姛")))
    |                                        ----------------------------- ^^^^^^^ the trait `Serialize` is not implemented for `inventory_stock::Mod
el`
    |                                        |
    |                                        required by a bound introduced by this call
    |
    = note: for local types consider adding `#[derive(serde::Serialize)]` to your `inventory_stock::Model` type
    = note: for types from other crates check whether the crate offers a `serde` feature flag
    = help: the following other types implement trait `Serialize`:
              &'a T
              &'a mut T
              ()
              (T,)
              (T0, T1)
              (T0, T1, T2)
              (T0, T1, T2, T3)
              (T0, T1, T2, T3, T4)
            and 402 others
note: required by a bound in `ApiResponse::<T>::success_with_msg`
   --> src\utils\response.rs:11:9
    |
11  | impl<T: Serialize> ApiResponse<T> {
    |         ^^^^^^^^^ required by this bound in `ApiResponse::<T>::success_with_msg`
...
30  |     pub fn success_with_msg(data: T, message: &str) -> Self {
    |            ---------------- required by a bound in this associated function

error[E0308]: `match` arms have incompatible types
   --> src\handlers\batch_new_handler.rs:169:13
    |
164 | /     match batch.insert(&db).await {
165 | |         Ok(created) => {
166 | |             (StatusCode::CREATED, Json(ApiResponse::success_with_msg(created, "鎵规鍒涘缓鎴愬姛")))
    | |             ----------------------------------------------------------------------------------- this is found to be of type `(axum::http::Sta
tusCode, axum::Json<ApiResponse<inventory_stock::Model>>)`
167 | |         }
168 | |         Err(e) => {
169 | |             (StatusCode::BAD_REQUEST, Json(ApiResponse::<()>::error(&format!("鍒涘缓鎵规澶辫触锛歿}", e))))
    | |             ^^^^^^^^^^^^^^^^^^^^^^^^^^^^^^^^^^^^^^^^^^^^^^^^^^^^^^^^^^^^^^^^^^^^^^^^^^^^^^^^^^^^^^^^^^ expected `(StatusCode, Json<...>)`, fo
und `(StatusCode, Json<ApiResponse<()>>)`
170 | |         }
171 | |     }
    | |_____- `match` arms have incompatible types
    |
    = note: expected tuple `(axum::http::StatusCode, axum::Json<ApiResponse<inventory_stock::Model>>)`
               found tuple `(axum::http::StatusCode, axum::Json<ApiResponse<()>>)`

error[E0277]: the trait bound `std::sync::Arc<sea_orm::DatabaseConnection>: ConnectionTrait` is not satisfied
   --> src\handlers\batch_new_handler.rs:184:14
    |
184 |         .one(&db)
    |          --- ^^^ the trait `ConnectionTrait` is not implemented for `std::sync::Arc<sea_orm::DatabaseConnection>`
    |          |
    |          required by a bound introduced by this call
    |
    = help: the following other types implement trait `ConnectionTrait`:
              DatabaseTransaction
              sea_orm::DatabaseConnection
note: required by a bound in `sea_orm::executor::select::<impl sea_orm::Select<E>>::one`
   --> C:\Users\admin\.cargo\registry\src\index.crates.io-6f17d22bba15001f\sea-orm-1.1.19\src\executor\select.rs:445:12
    |
443 |     pub async fn one<C>(self, db: &C) -> Result<Option<E::Model>, DbErr>
    |                  --- required by a bound in this associated function
444 |     where
445 |         C: ConnectionTrait,
    |            ^^^^^^^^^^^^^^^ required by this bound in `sea_orm::executor::select::<impl Select<E>>::one`

error[E0277]: the trait bound `std::sync::Arc<sea_orm::DatabaseConnection>: ConnectionTrait` is not satisfied
   --> src\handlers\batch_new_handler.rs:183:57
    |
183 |       let mut batch: inventory_stock::ActiveModel = match inventory_stock::Entity::find_by_id(id)
    |  _________________________________________________________^
184 | |         .one(&db)
    | |_________________^ the trait `ConnectionTrait` is not implemented for `std::sync::Arc<sea_orm::DatabaseConnection>`
    |
    = help: the following other types implement trait `ConnectionTrait`:
              DatabaseTransaction
              sea_orm::DatabaseConnection
note: required by a bound in `sea_orm::executor::select::<impl sea_orm::Select<E>>::one`
   --> C:\Users\admin\.cargo\registry\src\index.crates.io-6f17d22bba15001f\sea-orm-1.1.19\src\executor\select.rs:445:12
    |
443 |     pub async fn one<C>(self, db: &C) -> Result<Option<E::Model>, DbErr>
    |                  --- required by a bound in this associated function
444 |     where
445 |         C: ConnectionTrait,
    |            ^^^^^^^^^^^^^^^ required by this bound in `sea_orm::executor::select::<impl Select<E>>::one`

error[E0277]: the trait bound `std::sync::Arc<sea_orm::DatabaseConnection>: ConnectionTrait` is not satisfied
   --> src\handlers\batch_new_handler.rs:185:10
    |
185 |         .await
    |          ^^^^^ the trait `ConnectionTrait` is not implemented for `std::sync::Arc<sea_orm::DatabaseConnection>`
    |
    = help: the following other types implement trait `ConnectionTrait`:
              DatabaseTransaction
              sea_orm::DatabaseConnection
note: required by a bound in `sea_orm::executor::select::<impl sea_orm::Select<E>>::one`
   --> C:\Users\admin\.cargo\registry\src\index.crates.io-6f17d22bba15001f\sea-orm-1.1.19\src\executor\select.rs:445:12
    |
443 |     pub async fn one<C>(self, db: &C) -> Result<Option<E::Model>, DbErr>
    |                  --- required by a bound in this associated function
444 |     where
445 |         C: ConnectionTrait,
    |            ^^^^^^^^^^^^^^^ required by this bound in `sea_orm::executor::select::<impl Select<E>>::one`

error[E0308]: mismatched types
   --> src\handlers\batch_new_handler.rs:200:32
    |
200 |         batch.dye_lot_no = Set(dye_lot);
    |                            --- ^^^^^^^ expected `Option<String>`, found `String`
    |                            |
    |                            arguments to this enum variant are incorrect
    |
    = note: expected enum `std::option::Option<std::string::String>`
             found struct `std::string::String`
help: the type constructed contains `std::string::String` due to the type of the argument passed
   --> src\handlers\batch_new_handler.rs:200:28
    |
200 |         batch.dye_lot_no = Set(dye_lot);
    |                            ^^^^-------^
    |                                |
    |                                this argument influences the type of `Set`
note: tuple variant defined here
   --> C:\Users\admin\.cargo\registry\src\index.crates.io-6f17d22bba15001f\sea-orm-1.1.19\src\entity\active_model.rs:45:5
    |
45  |     Set(V),
    |     ^^^
help: try wrapping the expression in `Some`
    |
200 |         batch.dye_lot_no = Set(Some(dye_lot));
    |                                +++++       +

error[E0308]: mismatched types
   --> src\handlers\batch_new_handler.rs:212:38
    |
212 |         batch.expiry_date = Set(Some(exp.naive_utc()));
    |                                 ---- ^^^^^^^^^^^^^^^ expected `DateTime<Utc>`, found `NaiveDateTime`
    |                                 |
    |                                 arguments to this enum variant are incorrect
    |
    = note: expected struct `chrono::DateTime<Utc>`
               found struct `NaiveDateTime`
help: the type constructed contains `NaiveDateTime` due to the type of the argument passed
   --> src\handlers\batch_new_handler.rs:212:33
    |
212 |         batch.expiry_date = Set(Some(exp.naive_utc()));
    |                                 ^^^^^---------------^
    |                                      |
    |                                      this argument influences the type of `Some`
note: tuple variant defined here
   --> /rustc/90b35a6239c3d8bdabc530a6a0816f7ff89a0aaf\library\core\src\option.rs:579:5

error[E0277]: the trait bound `std::sync::Arc<sea_orm::DatabaseConnection>: ConnectionTrait` is not satisfied
   --> src\handlers\batch_new_handler.rs:226:24
    |
226 |     match batch.update(&db).await {
    |                 ------ ^^^ the trait `ConnectionTrait` is not implemented for `std::sync::Arc<sea_orm::DatabaseConnection>`
    |                 |
    |                 required by a bound introduced by this call
    |
    = help: the following other types implement trait `ConnectionTrait`:
              DatabaseTransaction
              sea_orm::DatabaseConnection
note: required by a bound in `sea_orm::ActiveModelTrait::update`
   --> C:\Users\admin\.cargo\registry\src\index.crates.io-6f17d22bba15001f\sea-orm-1.1.19\src\entity\active_model.rs:400:12
    |
396 |     async fn update<'a, C>(self, db: &'a C) -> Result<<Self::Entity as EntityTrait>::Model, DbErr>
    |              ------ required by a bound in this associated function
...
400 |         C: ConnectionTrait,
    |            ^^^^^^^^^^^^^^^ required by this bound in `ActiveModelTrait::update`

error[E0277]: the trait bound `inventory_stock::Model: serde::Serialize` is not satisfied
   --> src\handlers\batch_new_handler.rs:227:54
    |
227 |         Ok(updated) => ApiResponse::success_with_msg(updated, "鎵规鏇存柊鎴愬姛"),
    |                        ----------------------------- ^^^^^^^ the trait `Serialize` is not implemented for `inventory_stock::Model`
    |                        |
    |                        required by a bound introduced by this call
    |
    = note: for local types consider adding `#[derive(serde::Serialize)]` to your `inventory_stock::Model` type
    = note: for types from other crates check whether the crate offers a `serde` feature flag
    = help: the following other types implement trait `Serialize`:
              &'a T
              &'a mut T
              ()
              (T,)
              (T0, T1)
              (T0, T1, T2)
              (T0, T1, T2, T3)
              (T0, T1, T2, T3, T4)
            and 402 others
note: required by a bound in `ApiResponse::<T>::success_with_msg`
   --> src\utils\response.rs:11:9
    |
11  | impl<T: Serialize> ApiResponse<T> {
    |         ^^^^^^^^^ required by this bound in `ApiResponse::<T>::success_with_msg`
...
30  |     pub fn success_with_msg(data: T, message: &str) -> Self {
    |            ---------------- required by a bound in this associated function

error[E0308]: mismatched types
   --> src\handlers\batch_new_handler.rs:227:24
    |
179 | ) -> impl IntoResponse {
    |      ----------------- expected `(axum::http::StatusCode, axum::Json<ApiResponse<()>>)` because of return type
...
227 |         Ok(updated) => ApiResponse::success_with_msg(updated, "鎵规鏇存柊鎴愬姛"),
    |                        ^^^^^^^^^^^^^^^^^^^^^^^^^^^^^^^^^^^^^^^^^^^^^^^^^^^^^^ expected `(StatusCode, Json<ApiResponse<()>>)`, found `ApiRespons
e<Model>`
    |
    = note: expected tuple `(axum::http::StatusCode, axum::Json<ApiResponse<()>>)`
              found struct `ApiResponse<inventory_stock::Model>`
note: return type inferred to be `(axum::http::StatusCode, axum::Json<ApiResponse<()>>)` here
   --> src\handlers\batch_new_handler.rs:189:20
    |
189 |             return (StatusCode::NOT_FOUND, Json(ApiResponse::<()>::error("鎵规涓嶅瓨鍦?)));
    |                    ^^^^^^^^^^^^^^^^^^^^^^^^^^^^^^^^^^^^^^^^^^^^^^^^^^^^^^^^^^^^^^^^^^^^^

error[E0277]: the trait bound `std::sync::Arc<sea_orm::DatabaseConnection>: ConnectionTrait` is not satisfied
   --> src\handlers\batch_new_handler.rs:242:15
    |
242 |         .exec(&db)
    |          ---- ^^^ the trait `ConnectionTrait` is not implemented for `std::sync::Arc<sea_orm::DatabaseConnection>`
    |          |
    |          required by a bound introduced by this call
    |
    = help: the following other types implement trait `ConnectionTrait`:
              DatabaseTransaction
              sea_orm::DatabaseConnection
note: required by a bound in `sea_orm::executor::delete::<impl DeleteMany<E>>::exec`
   --> C:\Users\admin\.cargo\registry\src\index.crates.io-6f17d22bba15001f\sea-orm-1.1.19\src\executor\delete.rs:59:12
    |
57  |     pub fn exec<C>(self, db: &'a C) -> impl Future<Output = Result<DeleteResult, DbErr>> + 'a
    |            ---- required by a bound in this associated function
58  |     where
59  |         C: ConnectionTrait,
    |            ^^^^^^^^^^^^^^^ required by this bound in `sea_orm::executor::delete::<impl DeleteMany<E>>::exec`

error[E0277]: the trait bound `std::sync::Arc<sea_orm::DatabaseConnection>: ConnectionTrait` is not satisfied
   --> src\handlers\batch_new_handler.rs:241:11
    |
241 |       match inventory_stock::Entity::delete_by_id(id)
    |  ___________^
242 | |         .exec(&db)
    | |__________________^ the trait `ConnectionTrait` is not implemented for `std::sync::Arc<sea_orm::DatabaseConnection>`
    |
    = help: the following other types implement trait `ConnectionTrait`:
              DatabaseTransaction
              sea_orm::DatabaseConnection
note: required by a bound in `sea_orm::executor::delete::<impl DeleteMany<E>>::exec`
   --> C:\Users\admin\.cargo\registry\src\index.crates.io-6f17d22bba15001f\sea-orm-1.1.19\src\executor\delete.rs:59:12
    |
57  |     pub fn exec<C>(self, db: &'a C) -> impl Future<Output = Result<DeleteResult, DbErr>> + 'a
    |            ---- required by a bound in this associated function
58  |     where
59  |         C: ConnectionTrait,
    |            ^^^^^^^^^^^^^^^ required by this bound in `sea_orm::executor::delete::<impl DeleteMany<E>>::exec`

error[E0277]: the trait bound `std::sync::Arc<sea_orm::DatabaseConnection>: ConnectionTrait` is not satisfied
   --> src\handlers\batch_new_handler.rs:243:10
    |
243 |         .await
    |          ^^^^^ the trait `ConnectionTrait` is not implemented for `std::sync::Arc<sea_orm::DatabaseConnection>`
    |
    = help: the following other types implement trait `ConnectionTrait`:
              DatabaseTransaction
              sea_orm::DatabaseConnection
note: required by a bound in `sea_orm::executor::delete::<impl DeleteMany<E>>::exec`
   --> C:\Users\admin\.cargo\registry\src\index.crates.io-6f17d22bba15001f\sea-orm-1.1.19\src\executor\delete.rs:59:12
    |
57  |     pub fn exec<C>(self, db: &'a C) -> impl Future<Output = Result<DeleteResult, DbErr>> + 'a
    |            ---- required by a bound in this associated function
58  |     where
59  |         C: ConnectionTrait,
    |            ^^^^^^^^^^^^^^^ required by this bound in `sea_orm::executor::delete::<impl DeleteMany<E>>::exec`

error[E0308]: `match` arms have incompatible types
   --> src\handlers\batch_new_handler.rs:247:13
    |
241 | /     match inventory_stock::Entity::delete_by_id(id)
242 | |         .exec(&db)
243 | |         .await
244 | |     {
245 | |         Ok(_) => ApiResponse::success_with_msg((), "鎵规鍒犻櫎鎴愬姛"),
    | |                  ------------------------------------------------- this is found to be of type `ApiResponse<()>`
246 | |         Err(e) => {
247 | |             (StatusCode::BAD_REQUEST, Json(ApiResponse::<()>::error(&format!("鍒犻櫎鎵规澶辫触锛歿}", e))))
    | |             ^^^^^^^^^^^^^^^^^^^^^^^^^^^^^^^^^^^^^^^^^^^^^^^^^^^^^^^^^^^^^^^^^^^^^^^^^^^^^^^^^^^^^^^^^^ expected `ApiResponse<()>`, found `(St
atusCode, Json<ApiResponse<()>>)`
248 | |         }
249 | |     }
    | |_____- `match` arms have incompatible types
    |
    = note: expected struct `ApiResponse<()>`
                found tuple `(axum::http::StatusCode, axum::Json<ApiResponse<()>>)`

error[E0599]: no method named `begin` found for struct `std::sync::Arc<sea_orm::DatabaseConnection>` in the current scope
   --> src\handlers\batch_new_handler.rs:262:24
    |
262 |     let txn = match db.begin().await {
    |                        ^^^^^ method not found in `Arc<DatabaseConnection>`
    |
    = help: items from traits can only be used if the trait is in scope
help: trait `TransactionTrait` which provides `begin` is implemented but not in scope; perhaps you want to import it
    |
1   + use sea_orm::TransactionTrait;
    |

error[E0277]: the trait bound `rust_decimal::Decimal: From<f64>` is not satisfied
   --> src\handlers\batch_new_handler.rs:283:27
    |
283 |     let transfer_meters = rust_decimal::Decimal::from(req.quantity_meters);
    |                           ^^^^^^^^^^^^^^^^^^^^^ the trait `From<f64>` is not implemented for `rust_decimal::Decimal`
    |
    = help: the following other types implement trait `From<T>`:
              `rust_decimal::Decimal` implements `From<i128>`
              `rust_decimal::Decimal` implements `From<i16>`
              `rust_decimal::Decimal` implements `From<i32>`
              `rust_decimal::Decimal` implements `From<i64>`
              `rust_decimal::Decimal` implements `From<i8>`
              `rust_decimal::Decimal` implements `From<isize>`
              `rust_decimal::Decimal` implements `From<u128>`
              `rust_decimal::Decimal` implements `From<u16>`
            and 4 others

error[E0277]: the trait bound `rust_decimal::Decimal: From<f64>` is not satisfied
   --> src\handlers\batch_new_handler.rs:284:23
    |
284 |     let transfer_kg = rust_decimal::Decimal::from(req.quantity_kg);
    |                       ^^^^^^^^^^^^^^^^^^^^^ the trait `From<f64>` is not implemented for `rust_decimal::Decimal`
    |
    = help: the following other types implement trait `From<T>`:
              `rust_decimal::Decimal` implements `From<i128>`
              `rust_decimal::Decimal` implements `From<i16>`
              `rust_decimal::Decimal` implements `From<i32>`
              `rust_decimal::Decimal` implements `From<i64>`
              `rust_decimal::Decimal` implements `From<i8>`
              `rust_decimal::Decimal` implements `From<isize>`
              `rust_decimal::Decimal` implements `From<u128>`
              `rust_decimal::Decimal` implements `From<u16>`
            and 4 others

error[E0599]: `sea_orm::Select<inventory_stock::Entity>` is not an iterator
   --> src\handlers\batch_new_handler.rs:303:10
    |
302 |       let target_batch = inventory_stock::Entity::find()
    |  ________________________-
303 | |         .filter(inventory_stock::Column::WarehouseId.eq(req.to_warehouse_id))
    | |         -^^^^^^ `sea_orm::Select<inventory_stock::Entity>` is not an iterator
    | |_________|
    |
    |
   ::: C:\Users\admin\.cargo\registry\src\index.crates.io-6f17d22bba15001f\sea-orm-1.1.19\src\query\select.rs:8:1
    |
8   |   pub struct Select<E>
    |   -------------------- doesn't satisfy `sea_orm::Select<inventory_stock::Entity>: Iterator`
    |
    = note: the following trait bounds were not satisfied:
            `sea_orm::Select<inventory_stock::Entity>: Iterator`
            which is required by `&mut sea_orm::Select<inventory_stock::Entity>: Iterator`
    = help: items from traits can only be used if the trait is in scope
help: trait `QueryFilter` which provides `filter` is implemented but not in scope; perhaps you want to import it
    |
1   + use sea_orm::QueryFilter;
    |

error[E0599]: `inventory_stock::Column` is not an iterator
   --> src\handlers\batch_new_handler.rs:303:54
    |
303 |         .filter(inventory_stock::Column::WarehouseId.eq(req.to_warehouse_id))
    |                                                      ^^ `inventory_stock::Column` is not an iterator
    |
   ::: src\models\inventory_stock.rs:7:35
    |
7   | #[derive(Clone, Debug, PartialEq, DeriveEntityModel, Eq)]
    |                                   ----------------- method `eq` not found for this enum because it doesn't satisfy `inventory_stock::Column: It
erator`
    |
    = note: the following trait bounds were not satisfied:
            `inventory_stock::Column: Iterator`
            which is required by `&mut inventory_stock::Column: Iterator`
note: the trait `Iterator` must be implemented
   --> /rustc/90b35a6239c3d8bdabc530a6a0816f7ff89a0aaf\library\core\src\iter\traits\iterator.rs:39:1
    = help: items from traits can only be used if the trait is in scope
help: trait `ColumnTrait` which provides `eq` is implemented but not in scope; perhaps you want to import it
    |
1   + use sea_orm::ColumnTrait;
    |

error[E0599]: `inventory_stock::Column` is not an iterator
   --> src\handlers\batch_new_handler.rs:304:52
    |
304 |         .filter(inventory_stock::Column::ProductId.eq(source_batch.product_id))
    |                                                    ^^ `inventory_stock::Column` is not an iterator
    |
   ::: src\models\inventory_stock.rs:7:35
    |
7   | #[derive(Clone, Debug, PartialEq, DeriveEntityModel, Eq)]
    |                                   ----------------- method `eq` not found for this enum because it doesn't satisfy `inventory_stock::Column: It
erator`
    |
    = note: the following trait bounds were not satisfied:
            `inventory_stock::Column: Iterator`
            which is required by `&mut inventory_stock::Column: Iterator`
note: the trait `Iterator` must be implemented
   --> /rustc/90b35a6239c3d8bdabc530a6a0816f7ff89a0aaf\library\core\src\iter\traits\iterator.rs:39:1
    = help: items from traits can only be used if the trait is in scope
help: trait `ColumnTrait` which provides `eq` is implemented but not in scope; perhaps you want to import it
    |
1   + use sea_orm::ColumnTrait;
    |

error[E0599]: `inventory_stock::Column` is not an iterator
   --> src\handlers\batch_new_handler.rs:305:50
    |
305 |         .filter(inventory_stock::Column::BatchNo.eq(source_batch.batch_no))
    |                                                  ^^ `inventory_stock::Column` is not an iterator
    |
   ::: src\models\inventory_stock.rs:7:35
    |
7   | #[derive(Clone, Debug, PartialEq, DeriveEntityModel, Eq)]
    |                                   ----------------- method `eq` not found for this enum because it doesn't satisfy `inventory_stock::Column: It
erator`
    |
    = note: the following trait bounds were not satisfied:
            `inventory_stock::Column: Iterator`
            which is required by `&mut inventory_stock::Column: Iterator`
note: the trait `Iterator` must be implemented
   --> /rustc/90b35a6239c3d8bdabc530a6a0816f7ff89a0aaf\library\core\src\iter\traits\iterator.rs:39:1
    = help: items from traits can only be used if the trait is in scope
help: trait `ColumnTrait` which provides `eq` is implemented but not in scope; perhaps you want to import it
    |
1   + use sea_orm::ColumnTrait;
    |

error[E0599]: `inventory_stock::Column` is not an iterator
   --> src\handlers\batch_new_handler.rs:306:50
    |
306 |         .filter(inventory_stock::Column::ColorNo.eq(source_batch.color_no))
    |                                                  ^^ `inventory_stock::Column` is not an iterator
    |
   ::: src\models\inventory_stock.rs:7:35
    |
7   | #[derive(Clone, Debug, PartialEq, DeriveEntityModel, Eq)]
    |                                   ----------------- method `eq` not found for this enum because it doesn't satisfy `inventory_stock::Column: It
erator`
    |
    = note: the following trait bounds were not satisfied:
            `inventory_stock::Column: Iterator`
            which is required by `&mut inventory_stock::Column: Iterator`
note: the trait `Iterator` must be implemented
   --> /rustc/90b35a6239c3d8bdabc530a6a0816f7ff89a0aaf\library\core\src\iter\traits\iterator.rs:39:1
    = help: items from traits can only be used if the trait is in scope
help: trait `ColumnTrait` which provides `eq` is implemented but not in scope; perhaps you want to import it
    |
1   + use sea_orm::ColumnTrait;
    |

error[E0308]: mismatched types
   --> src\handlers\batch_new_handler.rs:370:5
    |
257 | ) -> impl IntoResponse {
    |      ----------------- expected `(axum::http::StatusCode, axum::Json<ApiResponse<()>>)` because of return type
...
370 |     ApiResponse::success_with_msg((), "鎵规杞Щ鎴愬姛")
    |     ^^^^^^^^^^^^^^^^^^^^^^^^^^^^^^^^^^^^^^^^^^^^^^^^^ expected `(StatusCode, Json<ApiResponse<()>>)`, found `ApiResponse<()>`
    |
    = note: expected tuple `(axum::http::StatusCode, axum::Json<ApiResponse<()>>)`
              found struct `ApiResponse<()>`
note: return type inferred to be `(axum::http::StatusCode, axum::Json<ApiResponse<()>>)` here
   --> src\handlers\batch_new_handler.rs:265:20
    |
265 |             return (StatusCode::INTERNAL_SERVER_ERROR, Json(ApiResponse::<()>::error(&format!("寮€鍚簨鍔″け璐ワ細{}", e))));
    |                    ^^^^^^^^^^^^^^^^^^^^^^^^^^^^^^^^^^^^^^^^^^^^^^^^^^^^^^^^^^^^^^^^^^^^^^^^^^^^^^^^^^^^^^^^^^^^^^^^^^^^

error[E0599]: the method `len` exists for struct `Vec<Model>`, but its trait bounds were not satisfied
  --> src\handlers\account_subject_handler.rs:76:60
   |
76 |     info!("鐢ㄦ埛 {} 鏌ヨ浼氳绉戠洰鎴愬姛锛屽叡 {} 鏉?, auth.username, subjects.len());
   |                                                                         ^^^ private field, not a method
   |
  ::: src\models\account_subject.rs:10:1
   |
10 | pub struct Model {
   | ---------------- doesn't satisfy `account_subject::Model: Sized`
   |
   = note: the following trait bounds were not satisfied:
           `{type error}: Sized`
           which is required by `account_subject::Model: Sized`
   = help: items from traits can only be used if the trait is in scope
help: trait `Chain` which provides `len` is implemented but not in scope; perhaps you want to import it
   |
5  + use chumsky::chain::Chain;
   |

error[E0061]: this function takes 2 arguments but 1 argument was supplied
  --> src\handlers\account_subject_handler.rs:78:13
   |
78 |     Ok(Json(ApiResponse::success(subjects)))
   |             ^^^^^^^^^^^^^^^^^^^^---------- argument #2 of type `std::option::Option<std::string::String>` is missing
   |
note: associated function defined here
  --> src\utils\response.rs:12:12
   |
12 |     pub fn success(data: T, message: Option<String>) -> Self {
   |            ^^^^^^^ -------  -----------------------
help: provide the argument
   |
78 |     Ok(Json(ApiResponse::success(subjects, /* std::option::Option<std::string::String> */)))
   |                                 ~~~~~~~~~~~~~~~~~~~~~~~~~~~~~~~~~~~~~~~~~~~~~~~~~~~~~~~~~~

error[E0277]: the trait bound `SubjectTreeNode: serde::Serialize` is not satisfied
  --> src\handlers\account_subject_handler.rs:92:34
   |
92 |     Ok(Json(ApiResponse::success(tree)))
   |             -------------------- ^^^^ the trait `Serialize` is not implemented for `SubjectTreeNode`, which is required by `Vec<SubjectTreeNode>
: Serialize`
   |             |
   |             required by a bound introduced by this call
   |
   = note: for local types consider adding `#[derive(serde::Serialize)]` to your `SubjectTreeNode` type
   = note: for types from other crates check whether the crate offers a `serde` feature flag
   = help: the following other types implement trait `Serialize`:
             &'a T
             &'a mut T
             ()
             (T,)
             (T0, T1)
             (T0, T1, T2)
             (T0, T1, T2, T3)
             (T0, T1, T2, T3, T4)
           and 402 others
   = note: required for `Vec<SubjectTreeNode>` to implement `Serialize`
note: required by a bound in `ApiResponse::<T>::success`
  --> src\utils\response.rs:11:9
   |
11 | impl<T: Serialize> ApiResponse<T> {
   |         ^^^^^^^^^ required by this bound in `ApiResponse::<T>::success`
12 |     pub fn success(data: T, message: Option<String>) -> Self {
   |            ------- required by a bound in this associated function

error[E0061]: this function takes 2 arguments but 1 argument was supplied
  --> src\handlers\account_subject_handler.rs:92:13
   |
92 |     Ok(Json(ApiResponse::success(tree)))
   |             ^^^^^^^^^^^^^^^^^^^^------ argument #2 of type `std::option::Option<std::string::String>` is missing
   |
note: associated function defined here
  --> src\utils\response.rs:12:12
   |
12 |     pub fn success(data: T, message: Option<String>) -> Self {
   |            ^^^^^^^ -------  -----------------------
help: provide the argument
   |
92 |     Ok(Json(ApiResponse::success(tree, /* std::option::Option<std::string::String> */)))
   |                                 ~~~~~~~~~~~~~~~~~~~~~~~~~~~~~~~~~~~~~~~~~~~~~~~~~~~~~~

error[E0308]: arguments to this function are incorrect
   --> src\handlers\account_subject_handler.rs:120:13
    |
120 |     Ok(Json(ApiResponse::success_with_message(
    |             ^^^^^^^^^^^^^^^^^^^^^^^^^^^^^^^^^
121 |         "浼氳绉戠洰鍒涘缓鎴愬姛",
    |         ------------------ expected `account_subject::Model`, found `&'static str`
122 |         subject,
    |         ------- expected `&str`, found `account_subject::Model`
    |
note: associated function defined here
   --> src\utils\response.rs:21:12
    |
21  |     pub fn success_with_message(data: T, message: &str) -> Self {
    |            ^^^^^^^^^^^^^^^^^^^^ -------  -------------
help: swap these arguments
    |
120 |     Ok(Json(ApiResponse::success_with_message(subject, "浼氳绉戠洰鍒涘缓鎴愬姛")))
    |                                              ~~~~~~~~~~~~~~~~~~~~~~~~~~~~~

error[E0308]: arguments to this function are incorrect
   --> src\handlers\account_subject_handler.rs:149:13
    |
149 |     Ok(Json(ApiResponse::success_with_message(
    |             ^^^^^^^^^^^^^^^^^^^^^^^^^^^^^^^^^
150 |         "浼氳绉戠洰鏇存柊鎴愬姛",
    |         ------------------ expected `account_subject::Model`, found `&'static str`
151 |         subject,
    |         ------- expected `&str`, found `account_subject::Model`
    |
note: associated function defined here
   --> src\utils\response.rs:21:12
    |
21  |     pub fn success_with_message(data: T, message: &str) -> Self {
    |            ^^^^^^^^^^^^^^^^^^^^ -------  -------------
help: swap these arguments
    |
149 |     Ok(Json(ApiResponse::success_with_message(subject, "浼氳绉戠洰鏇存柊鎴愬姛")))
    |                                              ~~~~~~~~~~~~~~~~~~~~~~~~~~~~~

error[E0308]: arguments to this function are incorrect
   --> src\handlers\account_subject_handler.rs:167:13
    |
167 |     Ok(Json(ApiResponse::success_with_message(
    |             ^^^^^^^^^^^^^^^^^^^^^^^^^^^^^^^^^
168 |         "浼氳绉戠洰鍒犻櫎鎴愬姛",
    |         ------------------ expected `()`, found `&'static str`
169 |         (),
    |         -- expected `&str`, found `()`
    |
note: associated function defined here
   --> src\utils\response.rs:21:12
    |
21  |     pub fn success_with_message(data: T, message: &str) -> Self {
    |            ^^^^^^^^^^^^^^^^^^^^ -------  -------------
help: swap these arguments
    |
167 |     Ok(Json(ApiResponse::success_with_message((), "浼氳绉戠洰鍒犻櫎鎴愬姛")))
    |                                              ~~~~~~~~~~~~~~~~~~~~~~~~

error[E0599]: no method named `into_response` found for struct `ApiResponse` in the current scope
  --> src\handlers\dual_unit_converter_handler.rs:69:76
   |
69 |         return ApiResponse::error("鏃犳晥鐨勫崟浣嶏紝蹇呴』鏄?'meters' 鎴?'kg'".to_string()).into_response();
   |                                                                                      ^^^^^^^^^^^^^ method not found in `ApiResponse<_>`
   |
  ::: src\utils\response.rs:4:1
   |
4  | pub struct ApiResponse<T> {
   | ------------------------- method `into_response` not found for this struct
   |
   = help: items from traits can only be used if the trait is implemented and in scope
   = note: the following traits define an item `into_response`, perhaps you need to implement one of them:
           candidate #1: `IntoResponse`
           candidate #2: `axum_core::response::into_response::IntoResponse`

error[E0599]: no method named `into_response` found for struct `ApiResponse` in the current scope
  --> src\handlers\dual_unit_converter_handler.rs:92:56
   |
92 |                 Err(e) => return ApiResponse::error(e).into_response(),
   |                                                        ^^^^^^^^^^^^^ method not found in `ApiResponse<_>`
   |
  ::: src\utils\response.rs:4:1
   |
4  | pub struct ApiResponse<T> {
   | ------------------------- method `into_response` not found for this struct
   |
   = help: items from traits can only be used if the trait is implemented and in scope
   = note: the following traits define an item `into_response`, perhaps you need to implement one of them:
           candidate #1: `IntoResponse`
           candidate #2: `axum_core::response::into_response::IntoResponse`

error[E0599]: no method named `into_response` found for struct `ApiResponse` in the current scope
   --> src\handlers\dual_unit_converter_handler.rs:113:56
    |
113 |                 Err(e) => return ApiResponse::error(e).into_response(),
    |                                                        ^^^^^^^^^^^^^ method not found in `ApiResponse<_>`
    |
   ::: src\utils\response.rs:4:1
    |
4   | pub struct ApiResponse<T> {
    | ------------------------- method `into_response` not found for this struct
    |
    = help: items from traits can only be used if the trait is implemented and in scope
    = note: the following traits define an item `into_response`, perhaps you need to implement one of them:
            candidate #1: `IntoResponse`
            candidate #2: `axum_core::response::into_response::IntoResponse`

error[E0599]: no method named `into_response` found for struct `ApiResponse` in the current scope
   --> src\handlers\dual_unit_converter_handler.rs:116:64
    |
116 |         _ => return ApiResponse::error("涓嶆敮鎸佺殑鍗曚綅杞崲".to_string()).into_response(),
    |                                                                        ^^^^^^^^^^^^^ method not found in `ApiResponse<_>`
    |
   ::: src\utils\response.rs:4:1
    |
4   | pub struct ApiResponse<T> {
    | ------------------------- method `into_response` not found for this struct
    |
    = help: items from traits can only be used if the trait is implemented and in scope
    = note: the following traits define an item `into_response`, perhaps you need to implement one of them:
            candidate #1: `IntoResponse`
            candidate #2: `axum_core::response::into_response::IntoResponse`

error[E0599]: no function or associated item named `success_with_data` found for struct `ApiResponse` in the current scope
   --> src\handlers\dual_unit_converter_handler.rs:119:18
    |
119 |     ApiResponse::success_with_data(result).into_response()
    |                  ^^^^^^^^^^^^^^^^^ function or associated item not found in `ApiResponse<_>`
    |
   ::: src\utils\response.rs:4:1
    |
4   | pub struct ApiResponse<T> {
    | ------------------------- function or associated item `success_with_data` not found for this struct
    |
note: if you're trying to build a new `ApiResponse<_>` consider using one of the following associated functions:
      ApiResponse::<T>::success
      ApiResponse::<T>::success_with_message
      ApiResponse::<T>::success_with_msg
      ApiResponse::<T>::error
      ApiResponse::<T>::error_msg
   --> src\utils\response.rs:12:5
    |
12  |     pub fn success(data: T, message: Option<String>) -> Self {
    |     ^^^^^^^^^^^^^^^^^^^^^^^^^^^^^^^^^^^^^^^^^^^^^^^^^^^^^^^^
...
21  |     pub fn success_with_message(data: T, message: &str) -> Self {
    |     ^^^^^^^^^^^^^^^^^^^^^^^^^^^^^^^^^^^^^^^^^^^^^^^^^^^^^^^^^^^
...
30  |     pub fn success_with_msg(data: T, message: &str) -> Self {
    |     ^^^^^^^^^^^^^^^^^^^^^^^^^^^^^^^^^^^^^^^^^^^^^^^^^^^^^^^
...
39  |     pub fn error(message: impl Into<String>) -> Self {
    |     ^^^^^^^^^^^^^^^^^^^^^^^^^^^^^^^^^^^^^^^^^^^^^^^^
...
48  |     pub fn error_msg(message: &str) -> Self {
    |     ^^^^^^^^^^^^^^^^^^^^^^^^^^^^^^^^^^^^^^^
help: there is an associated function `success_with_msg` with a similar name
   --> src\utils\response.rs:30:5
    |
30  |     pub fn success_with_msg(data: T, message: &str) -> Self {
    |     ^^^^^^^^^^^^^^^^^^^^^^^^^^^^^^^^^^^^^^^^^^^^^^^^^^^^^^^

error[E0599]: no function or associated item named `from_str` found for struct `rust_decimal::Decimal` in the current scope
   --> src\handlers\dual_unit_converter_handler.rs:172:76
    |
172 |             let tolerance = req.tolerance.unwrap_or(rust_decimal::Decimal::from_str("0.005").unwrap());
    |                                                                            ^^^^^^^^ function or associated item not found in `Decimal`
    |
note: if you're trying to build a new `rust_decimal::Decimal` consider using one of the following associated functions:
      rust_decimal::Decimal::new
      rust_decimal::Decimal::try_new
      rust_decimal::Decimal::from_i128_with_scale
      rust_decimal::Decimal::try_from_i128_with_scale
      and 10 others
   --> C:\Users\admin\.cargo\registry\src\index.crates.io-6f17d22bba15001f\rust_decimal-1.40.0\src\decimal.rs:408:5
    |
408 |     pub fn new(num: i64, scale: u32) -> Decimal {
    |     ^^^^^^^^^^^^^^^^^^^^^^^^^^^^^^^^^^^^^^^^^^^
...
425 |     pub const fn try_new(num: i64, scale: u32) -> crate::Result<Decimal> {
    |     ^^^^^^^^^^^^^^^^^^^^^^^^^^^^^^^^^^^^^^^^^^^^^^^^^^^^^^^^^^^^^^^^^^^^
...
468 |     pub fn from_i128_with_scale(num: i128, scale: u32) -> Decimal {
    |     ^^^^^^^^^^^^^^^^^^^^^^^^^^^^^^^^^^^^^^^^^^^^^^^^^^^^^^^^^^^^^
...
486 |     pub const fn try_from_i128_with_scale(num: i128, scale: u32) -> crate::Result<Decimal> {
    |     ^^^^^^^^^^^^^^^^^^^^^^^^^^^^^^^^^^^^^^^^^^^^^^^^^^^^^^^^^^^^^^^^^^^^^^^^^^^^^^^^^^^^^^
    = help: items from traits can only be used if the trait is in scope
help: trait `FromStr` which provides `from_str` is implemented but not in scope; perhaps you want to import it
    |
1   + use std::str::FromStr;
    |
help: there is an associated function `from` with a similar name
    |
172 |             let tolerance = req.tolerance.unwrap_or(rust_decimal::Decimal::from("0.005").unwrap());
    |                                                                            ~~~~

error[E0599]: no function or associated item named `success_with_data` found for struct `ApiResponse` in the current scope
   --> src\handlers\dual_unit_converter_handler.rs:189:26
    |
189 |             ApiResponse::success_with_data(response).into_response()
    |                          ^^^^^^^^^^^^^^^^^ function or associated item not found in `ApiResponse<_>`
    |
   ::: src\utils\response.rs:4:1
    |
4   | pub struct ApiResponse<T> {
    | ------------------------- function or associated item `success_with_data` not found for this struct
    |
note: if you're trying to build a new `ApiResponse<_>` consider using one of the following associated functions:
      ApiResponse::<T>::success
      ApiResponse::<T>::success_with_message
      ApiResponse::<T>::success_with_msg
      ApiResponse::<T>::error
      ApiResponse::<T>::error_msg
   --> src\utils\response.rs:12:5
    |
12  |     pub fn success(data: T, message: Option<String>) -> Self {
    |     ^^^^^^^^^^^^^^^^^^^^^^^^^^^^^^^^^^^^^^^^^^^^^^^^^^^^^^^^
...
21  |     pub fn success_with_message(data: T, message: &str) -> Self {
    |     ^^^^^^^^^^^^^^^^^^^^^^^^^^^^^^^^^^^^^^^^^^^^^^^^^^^^^^^^^^^
...
30  |     pub fn success_with_msg(data: T, message: &str) -> Self {
    |     ^^^^^^^^^^^^^^^^^^^^^^^^^^^^^^^^^^^^^^^^^^^^^^^^^^^^^^^
...
39  |     pub fn error(message: impl Into<String>) -> Self {
    |     ^^^^^^^^^^^^^^^^^^^^^^^^^^^^^^^^^^^^^^^^^^^^^^^^
...
48  |     pub fn error_msg(message: &str) -> Self {
    |     ^^^^^^^^^^^^^^^^^^^^^^^^^^^^^^^^^^^^^^^
help: there is an associated function `success_with_msg` with a similar name
   --> src\utils\response.rs:30:5
    |
30  |     pub fn success_with_msg(data: T, message: &str) -> Self {
    |     ^^^^^^^^^^^^^^^^^^^^^^^^^^^^^^^^^^^^^^^^^^^^^^^^^^^^^^^

error[E0599]: no method named `into_response` found for struct `ApiResponse` in the current scope
   --> src\handlers\dual_unit_converter_handler.rs:191:41
    |
191 |         Err(e) => ApiResponse::error(e).into_response(),
    |                                         ^^^^^^^^^^^^^ method not found in `ApiResponse<_>`
    |
   ::: src\utils\response.rs:4:1
    |
4   | pub struct ApiResponse<T> {
    | ------------------------- method `into_response` not found for this struct
    |
    = help: items from traits can only be used if the trait is implemented and in scope
    = note: the following traits define an item `into_response`, perhaps you need to implement one of them:
            candidate #1: `IntoResponse`
            candidate #2: `axum_core::response::into_response::IntoResponse`

error[E0277]: the trait bound `rust_decimal::Decimal: From<{float}>` is not satisfied
   --> src\handlers\five_dimension_handler.rs:136:30
    |
136 |                 quantity_kg: Decimal::from(19.2),
    |                              ^^^^^^^ the trait `From<{float}>` is not implemented for `rust_decimal::Decimal`
    |
    = help: the following other types implement trait `From<T>`:
              `rust_decimal::Decimal` implements `From<i128>`
              `rust_decimal::Decimal` implements `From<i16>`
              `rust_decimal::Decimal` implements `From<i32>`
              `rust_decimal::Decimal` implements `From<i64>`
              `rust_decimal::Decimal` implements `From<i8>`
              `rust_decimal::Decimal` implements `From<isize>`
              `rust_decimal::Decimal` implements `From<u128>`
              `rust_decimal::Decimal` implements `From<u16>`
            and 4 others

error[E0277]: the trait bound `rust_decimal::Decimal: From<{float}>` is not satisfied
   --> src\handlers\five_dimension_handler.rs:142:30
    |
142 |                 quantity_kg: Decimal::from(12.8),
    |                              ^^^^^^^ the trait `From<{float}>` is not implemented for `rust_decimal::Decimal`
    |
    = help: the following other types implement trait `From<T>`:
              `rust_decimal::Decimal` implements `From<i128>`
              `rust_decimal::Decimal` implements `From<i16>`
              `rust_decimal::Decimal` implements `From<i32>`
              `rust_decimal::Decimal` implements `From<i64>`
              `rust_decimal::Decimal` implements `From<i8>`
              `rust_decimal::Decimal` implements `From<isize>`
              `rust_decimal::Decimal` implements `From<u128>`
              `rust_decimal::Decimal` implements `From<u16>`
            and 4 others

error[E0382]: borrow of partially moved value: `dimension`
   --> src\handlers\five_dimension_handler.rs:177:32
    |
176 |             grade: dimension.grade,
    |                    --------------- value partially moved here
177 |             five_dimension_id: dimension.generate_unique_id(),
    |                                ^^^^^^^^^ value borrowed here after partial move
    |
    = note: partial move occurs because `dimension.grade` has type `std::string::String`, which does not implement the `Copy` trait

error[E0382]: borrow of partially moved value: `dimension`
   --> src\handlers\five_dimension_handler.rs:210:40
    |
209 |                     grade: dimension.grade,
    |                            --------------- value partially moved here
210 |                     five_dimension_id: dimension.generate_unique_id(),
    |                                        ^^^^^^^^^ value borrowed here after partial move
    |
    = note: partial move occurs because `dimension.grade` has type `std::string::String`, which does not implement the `Copy` trait

error[E0609]: no field `page` on type `FiveDimensionStatsParams`
   --> src\handlers\five_dimension_handler.rs:272:23
    |
272 |     let page = params.page.unwrap_or(0);
    |                       ^^^^ unknown field
    |
    = note: available fields are: `product_id`, `batch_no`, `color_no`, `dye_lot_no`, `grade`, `warehouse_id`

error[E0609]: no field `page_size` on type `FiveDimensionStatsParams`
   --> src\handlers\five_dimension_handler.rs:273:28
    |
273 |     let page_size = params.page_size.unwrap_or(20);
    |                            ^^^^^^^^^ unknown field
    |
    = note: available fields are: `product_id`, `batch_no`, `color_no`, `dye_lot_no`, `grade`, `warehouse_id`

error[E0308]: `if` and `else` have incompatible types
   --> src\handlers\health_handler.rs:158:9
    |
155 | /      if db_status.status == "healthy" {
156 | |          StatusCode::OK
    | |          -------------- expected because of this
157 | |      } else {
158 | |/         (
159 | ||             StatusCode::SERVICE_UNAVAILABLE,
160 | ||             Json(serde_json::json!({
161 | ||                 "status": "not_ready",
162 | ||                 "reason": db_status.message
163 | ||             }))
164 | ||         )
    | ||_________^ expected `StatusCode`, found `(StatusCode, Json<Value>)`
165 | |      }
    | |______- `if` and `else` have incompatible types
    |
    = note: expected struct `axum::http::StatusCode`
                found tuple `(axum::http::StatusCode, axum::Json<JsonValue>)`
help: you could change the return type to be a boxed trait object
    |
151 | ) -> Box<dyn IntoResponse> {
    |      ~~~~~~~             +
help: if you change the return type to expect trait objects, box the returned expressions
    |
156 ~         Box::new(StatusCode::OK)
157 |     } else {
158 ~         Box::new((
159 |             StatusCode::SERVICE_UNAVAILABLE,
...
163 |             }))
164 ~         ))
    |

error[E0277]: the trait bound `PaginatedResponse<supplier::Model>: serde::Serialize` is not satisfied
   --> src\handlers\supplier_handler.rs:24:55
    |
24  |     Ok(Json(ApiResponse::success(serde_json::to_value(result)?)))
    |                                  -------------------- ^^^^^^ the trait `Serialize` is not implemented for `PaginatedResponse<supplier::Model>`
    |                                  |
    |                                  required by a bound introduced by this call
    |
    = note: for local types consider adding `#[derive(serde::Serialize)]` to your `PaginatedResponse<supplier::Model>` type
    = note: for types from other crates check whether the crate offers a `serde` feature flag
    = help: the following other types implement trait `Serialize`:
              &'a T
              &'a mut T
              ()
              (T,)
              (T0, T1)
              (T0, T1, T2)
              (T0, T1, T2, T3)
              (T0, T1, T2, T3, T4)
            and 402 others
note: required by a bound in `serde_json::to_value`
   --> C:\Users\admin\.cargo\registry\src\index.crates.io-6f17d22bba15001f\serde_json-1.0.149\src\value\mod.rs:997:8
    |
995 | pub fn to_value<T>(value: T) -> Result<Value, Error>
    |        -------- required by a bound in this function
996 | where
997 |     T: Serialize,
    |        ^^^^^^^^^ required by this bound in `to_value`

error[E0277]: `?` couldn't convert the error to `AppError`
  --> src\handlers\supplier_handler.rs:24:62
   |
24 |     Ok(Json(ApiResponse::success(serde_json::to_value(result)?)))
   |                                                              ^ the trait `From<serde_json::Error>` is not implemented for `AppError`, which is r
equired by `Result<axum::Json<ApiResponse<JsonValue>>, AppError>: FromResidual<Result<Infallible, serde_json::Error>>`
   |
   = note: the question mark operation (`?`) implicitly performs a conversion on the error value using the `From` trait
   = help: the trait `From<sea_orm::DbErr>` is implemented for `AppError`
   = help: for that trait implementation, expected `sea_orm::DbErr`, found `serde_json::Error`
   = note: required for `Result<axum::Json<ApiResponse<JsonValue>>, AppError>` to implement `FromResidual<Result<Infallible, serde_json::Error>>`

error[E0061]: this function takes 2 arguments but 1 argument was supplied
  --> src\handlers\supplier_handler.rs:24:13
   |
24 |     Ok(Json(ApiResponse::success(serde_json::to_value(result)?)))
   |             ^^^^^^^^^^^^^^^^^^^^------------------------------- argument #2 of type `std::option::Option<std::string::String>` is missing
   |
note: associated function defined here
  --> src\utils\response.rs:12:12
   |
12 |     pub fn success(data: T, message: Option<String>) -> Self {
   |            ^^^^^^^ -------  -----------------------
help: provide the argument
   |
24 |     Ok(Json(ApiResponse::success(serde_json::to_value(result)?, /* std::option::Option<std::string::String> */)))
   |                                 ~~~~~~~~~~~~~~~~~~~~~~~~~~~~~~~~~~~~~~~~~~~~~~~~~~~~~~~~~~~~~~~~~~~~~~~~~~~~~~~

error[E0277]: the trait bound `supplier::Model: serde::Serialize` is not satisfied
   --> src\handlers\supplier_handler.rs:35:55
    |
35  |     Ok(Json(ApiResponse::success(serde_json::to_value(supplier)?)))
    |                                  -------------------- ^^^^^^^^ the trait `Serialize` is not implemented for `supplier::Model`
    |                                  |
    |                                  required by a bound introduced by this call
    |
    = note: for local types consider adding `#[derive(serde::Serialize)]` to your `supplier::Model` type
    = note: for types from other crates check whether the crate offers a `serde` feature flag
    = help: the following other types implement trait `Serialize`:
              &'a T
              &'a mut T
              ()
              (T,)
              (T0, T1)
              (T0, T1, T2)
              (T0, T1, T2, T3)
              (T0, T1, T2, T3, T4)
            and 402 others
note: required by a bound in `serde_json::to_value`
   --> C:\Users\admin\.cargo\registry\src\index.crates.io-6f17d22bba15001f\serde_json-1.0.149\src\value\mod.rs:997:8
    |
995 | pub fn to_value<T>(value: T) -> Result<Value, Error>
    |        -------- required by a bound in this function
996 | where
997 |     T: Serialize,
    |        ^^^^^^^^^ required by this bound in `to_value`

error[E0277]: `?` couldn't convert the error to `AppError`
  --> src\handlers\supplier_handler.rs:35:64
   |
35 |     Ok(Json(ApiResponse::success(serde_json::to_value(supplier)?)))
   |                                                                ^ the trait `From<serde_json::Error>` is not implemented for `AppError`, which is
 required by `Result<axum::Json<ApiResponse<JsonValue>>, AppError>: FromResidual<Result<Infallible, serde_json::Error>>`
   |
   = note: the question mark operation (`?`) implicitly performs a conversion on the error value using the `From` trait
   = help: the trait `From<sea_orm::DbErr>` is implemented for `AppError`
   = help: for that trait implementation, expected `sea_orm::DbErr`, found `serde_json::Error`
   = note: required for `Result<axum::Json<ApiResponse<JsonValue>>, AppError>` to implement `FromResidual<Result<Infallible, serde_json::Error>>`

error[E0061]: this function takes 2 arguments but 1 argument was supplied
  --> src\handlers\supplier_handler.rs:35:13
   |
35 |     Ok(Json(ApiResponse::success(serde_json::to_value(supplier)?)))
   |             ^^^^^^^^^^^^^^^^^^^^--------------------------------- argument #2 of type `std::option::Option<std::string::String>` is missing
   |
note: associated function defined here
  --> src\utils\response.rs:12:12
   |
12 |     pub fn success(data: T, message: Option<String>) -> Self {
   |            ^^^^^^^ -------  -----------------------
help: provide the argument
   |
35 |     Ok(Json(ApiResponse::success(serde_json::to_value(supplier)?, /* std::option::Option<std::string::String> */)))
   |                                 ~~~~~~~~~~~~~~~~~~~~~~~~~~~~~~~~~~~~~~~~~~~~~~~~~~~~~~~~~~~~~~~~~~~~~~~~~~~~~~~~~

error[E0599]: no method named `validate` found for struct `CreateSupplierRequest` in the current scope
   --> src\handlers\supplier_handler.rs:45:9
    |
45  |     req.validate().map_err(|e| {
    |         ^^^^^^^^ method not found in `CreateSupplierRequest`
    |
   ::: src\services\supplier_service.rs:483:1
    |
483 | pub struct CreateSupplierRequest {
    | -------------------------------- method `validate` not found for this struct
    |
    = help: items from traits can only be used if the trait is implemented and in scope
    = note: the following traits define an item `validate`, perhaps you need to implement one of them:
            candidate #1: `Validate`
            candidate #2: `chumsky::Parser`
            candidate #3: `rust_xlsxwriter::ConditionalFormat`
            candidate #4: `webpki::verify_cert::ExtendedKeyUsageValidator`

error[E0277]: the trait bound `supplier::Model: serde::Serialize` is not satisfied
   --> src\handlers\supplier_handler.rs:57:30
    |
57  |         serde_json::to_value(supplier)?,
    |         -------------------- ^^^^^^^^ the trait `Serialize` is not implemented for `supplier::Model`
    |         |
    |         required by a bound introduced by this call
    |
    = note: for local types consider adding `#[derive(serde::Serialize)]` to your `supplier::Model` type
    = note: for types from other crates check whether the crate offers a `serde` feature flag
    = help: the following other types implement trait `Serialize`:
              &'a T
              &'a mut T
              ()
              (T,)
              (T0, T1)
              (T0, T1, T2)
              (T0, T1, T2, T3)
              (T0, T1, T2, T3, T4)
            and 402 others
note: required by a bound in `serde_json::to_value`
   --> C:\Users\admin\.cargo\registry\src\index.crates.io-6f17d22bba15001f\serde_json-1.0.149\src\value\mod.rs:997:8
    |
995 | pub fn to_value<T>(value: T) -> Result<Value, Error>
    |        -------- required by a bound in this function
996 | where
997 |     T: Serialize,
    |        ^^^^^^^^^ required by this bound in `to_value`

error[E0308]: `?` operator has incompatible types
  --> src\handlers\supplier_handler.rs:57:9
   |
43 | ) -> Result<Json<ApiResponse<serde_json::Value>>, AppError> {
   |      ------------------------------------------------------ expected `&str` because of return type
...
57 |         serde_json::to_value(supplier)?,
   |         ^^^^^^^^^^^^^^^^^^^^^^^^^^^^^^^ expected `&str`, found `Value`
   |
   = note: `?` operator cannot convert from `JsonValue` to `&str`

error[E0277]: `?` couldn't convert the error to `AppError`
  --> src\handlers\supplier_handler.rs:57:39
   |
57 |         serde_json::to_value(supplier)?,
   |                                       ^ the trait `From<serde_json::Error>` is not implemented for `AppError`, which is required by `Result<axum
::Json<ApiResponse<JsonValue>>, AppError>: FromResidual<Result<Infallible, serde_json::Error>>`
   |
   = note: the question mark operation (`?`) implicitly performs a conversion on the error value using the `From` trait
   = help: the trait `From<sea_orm::DbErr>` is implemented for `AppError`
   = help: for that trait implementation, expected `sea_orm::DbErr`, found `serde_json::Error`
   = note: required for `Result<axum::Json<ApiResponse<JsonValue>>, AppError>` to implement `FromResidual<Result<Infallible, serde_json::Error>>`

error[E0308]: mismatched types
  --> src\handlers\supplier_handler.rs:56:9
   |
55 |     Ok(Json(ApiResponse::success_with_message(
   |             --------------------------------- arguments to this function are incorrect
56 |         "渚涘簲鍟嗗垱寤烘垚鍔?,
   |         ^^^^^^^^^^^^^^^^ expected `Value`, found `&str`
   |
note: associated function defined here
  --> src\utils\response.rs:21:12
   |
21 |     pub fn success_with_message(data: T, message: &str) -> Self {
   |            ^^^^^^^^^^^^^^^^^^^^ -------
help: call `Into::into` on this expression to convert `&'static str` into `JsonValue`
   |
56 |         "渚涘簲鍟嗗垱寤烘垚鍔?.into(),
   |                         +++++++

error[E0277]: the trait bound `supplier::Model: serde::Serialize` is not satisfied
   --> src\handlers\supplier_handler.rs:76:30
    |
76  |         serde_json::to_value(supplier)?,
    |         -------------------- ^^^^^^^^ the trait `Serialize` is not implemented for `supplier::Model`
    |         |
    |         required by a bound introduced by this call
    |
    = note: for local types consider adding `#[derive(serde::Serialize)]` to your `supplier::Model` type
    = note: for types from other crates check whether the crate offers a `serde` feature flag
    = help: the following other types implement trait `Serialize`:
              &'a T
              &'a mut T
              ()
              (T,)
              (T0, T1)
              (T0, T1, T2)
              (T0, T1, T2, T3)
              (T0, T1, T2, T3, T4)
            and 402 others
note: required by a bound in `serde_json::to_value`
   --> C:\Users\admin\.cargo\registry\src\index.crates.io-6f17d22bba15001f\serde_json-1.0.149\src\value\mod.rs:997:8
    |
995 | pub fn to_value<T>(value: T) -> Result<Value, Error>
    |        -------- required by a bound in this function
996 | where
997 |     T: Serialize,
    |        ^^^^^^^^^ required by this bound in `to_value`

error[E0308]: `?` operator has incompatible types
  --> src\handlers\supplier_handler.rs:76:9
   |
67 | ) -> Result<Json<ApiResponse<serde_json::Value>>, AppError> {
   |      ------------------------------------------------------ expected `&str` because of return type
...
76 |         serde_json::to_value(supplier)?,
   |         ^^^^^^^^^^^^^^^^^^^^^^^^^^^^^^^ expected `&str`, found `Value`
   |
   = note: `?` operator cannot convert from `JsonValue` to `&str`

error[E0277]: `?` couldn't convert the error to `AppError`
  --> src\handlers\supplier_handler.rs:76:39
   |
76 |         serde_json::to_value(supplier)?,
   |                                       ^ the trait `From<serde_json::Error>` is not implemented for `AppError`, which is required by `Result<axum
::Json<ApiResponse<JsonValue>>, AppError>: FromResidual<Result<Infallible, serde_json::Error>>`
   |
   = note: the question mark operation (`?`) implicitly performs a conversion on the error value using the `From` trait
   = help: the trait `From<sea_orm::DbErr>` is implemented for `AppError`
   = help: for that trait implementation, expected `sea_orm::DbErr`, found `serde_json::Error`
   = note: required for `Result<axum::Json<ApiResponse<JsonValue>>, AppError>` to implement `FromResidual<Result<Infallible, serde_json::Error>>`

error[E0308]: mismatched types
  --> src\handlers\supplier_handler.rs:75:9
   |
74 |     Ok(Json(ApiResponse::success_with_message(
   |             --------------------------------- arguments to this function are incorrect
75 |         "渚涘簲鍟嗘洿鏂版垚鍔?,
   |         ^^^^^^^^^^^^^^^^ expected `Value`, found `&str`
   |
note: associated function defined here
  --> src\utils\response.rs:21:12
   |
21 |     pub fn success_with_message(data: T, message: &str) -> Self {
   |            ^^^^^^^^^^^^^^^^^^^^ -------
help: call `Into::into` on this expression to convert `&'static str` into `JsonValue`
   |
75 |         "渚涘簲鍟嗘洿鏂版垚鍔?.into(),
   |                         +++++++

error[E0599]: no method named `delete` found for struct `supplier::Model` in the current scope
   --> src\services\supplier_service.rs:311:18
    |
311 |         supplier.delete(&*self.db).await?;
    |                  ^^^^^^ this is an associated function, not a method
    |
   ::: src\models\supplier.rs:5:1
    |
5   | pub struct Model {
    | ---------------- method `delete` not found for this struct
    |
   ::: C:\Users\admin\.cargo\registry\src\index.crates.io-6f17d22bba15001f\sea-orm-1.1.19\src\entity\model.rs:53:14
    |
53  |     async fn delete<'a, A, C>(self, db: &'a C) -> Result<DeleteResult, DbErr>
    |              ------ the method is available for `supplier::Model` here
    |
    = note: found the following associated functions; to be used as methods, functions must have a `self` parameter
note: the candidate is defined in the trait `sea_orm::EntityTrait`
   --> C:\Users\admin\.cargo\registry\src\index.crates.io-6f17d22bba15001f\sea-orm-1.1.19\src\entity\base_entity.rs:844:5
    |
844 | /     fn delete<A>(model: A) -> DeleteOne<A>
845 | |     where
846 | |         A: ActiveModelTrait<Entity = Self>,
    | |___________________________________________^
    = help: items from traits can only be used if the trait is in scope
help: use associated function syntax instead
    |
311 |         supplier::Model::delete(&*self.db).await?;
    |         ~~~~~~~~~~~~~~~~~~~~~~~~~~~~~~~~~~
help: trait `ModelTrait` which provides `delete` is implemented but not in scope; perhaps you want to import it
    |
1   + use sea_orm::ModelTrait;
    |

error[E0308]: mismatched types
   --> src\handlers\supplier_handler.rs:106:25
    |
98  | ) -> Result<Json<ApiResponse<serde_json::Value>>, AppError> {
    |      ------------------------------------------------------ expected `JsonValue` because of return type
...
106 |         if req.enable { "渚涘簲鍟嗗凡鍚敤" } else { "渚涘簲鍟嗗凡鍋滅敤" },
    |                         ^^^^^^^^^^^^^^ expected `Value`, found `&str`
    |
help: call `Into::into` on this expression to convert `&'static str` into `JsonValue`
    |
106 |         if req.enable { "渚涘簲鍟嗗凡鍚敤".into() } else { "渚涘簲鍟嗗凡鍋滅敤" },
    |                                       +++++++

error[E0308]: mismatched types
   --> src\handlers\supplier_handler.rs:106:43
    |
98  | ) -> Result<Json<ApiResponse<serde_json::Value>>, AppError> {
    |      ------------------------------------------------------ expected `JsonValue` because of return type
...
106 |         if req.enable { "渚涘簲鍟嗗凡鍚敤" } else { "渚涘簲鍟嗗凡鍋滅敤" },
    |                                                 ^^^^^^^^^^^^^^ expected `Value`, found `&str`
    |
help: call `Into::into` on this expression to convert `&'static str` into `JsonValue`
    |
106 |         if req.enable { "渚涘簲鍟嗗凡鍚敤" } else { "渚涘簲鍟嗗凡鍋滅敤".into() },
    |                                                               +++++++

error[E0277]: the trait bound `supplier::Model: serde::Serialize` is not satisfied
   --> src\handlers\supplier_handler.rs:107:30
    |
107 |         serde_json::to_value(supplier)?,
    |         -------------------- ^^^^^^^^ the trait `Serialize` is not implemented for `supplier::Model`
    |         |
    |         required by a bound introduced by this call
    |
    = note: for local types consider adding `#[derive(serde::Serialize)]` to your `supplier::Model` type
    = note: for types from other crates check whether the crate offers a `serde` feature flag
    = help: the following other types implement trait `Serialize`:
              &'a T
              &'a mut T
              ()
              (T,)
              (T0, T1)
              (T0, T1, T2)
              (T0, T1, T2, T3)
              (T0, T1, T2, T3, T4)
            and 402 others
note: required by a bound in `serde_json::to_value`
   --> C:\Users\admin\.cargo\registry\src\index.crates.io-6f17d22bba15001f\serde_json-1.0.149\src\value\mod.rs:997:8
    |
995 | pub fn to_value<T>(value: T) -> Result<Value, Error>
    |        -------- required by a bound in this function
996 | where
997 |     T: Serialize,
    |        ^^^^^^^^^ required by this bound in `to_value`

error[E0308]: `?` operator has incompatible types
   --> src\handlers\supplier_handler.rs:107:9
    |
98  | ) -> Result<Json<ApiResponse<serde_json::Value>>, AppError> {
    |      ------------------------------------------------------ expected `&str` because of return type
...
107 |         serde_json::to_value(supplier)?,
    |         ^^^^^^^^^^^^^^^^^^^^^^^^^^^^^^^ expected `&str`, found `Value`
    |
    = note: `?` operator cannot convert from `JsonValue` to `&str`

error[E0277]: `?` couldn't convert the error to `AppError`
   --> src\handlers\supplier_handler.rs:107:39
    |
107 |         serde_json::to_value(supplier)?,
    |                                       ^ the trait `From<serde_json::Error>` is not implemented for `AppError`, which is required by `Result<axu
m::Json<ApiResponse<JsonValue>>, AppError>: FromResidual<Result<Infallible, serde_json::Error>>`
    |
    = note: the question mark operation (`?`) implicitly performs a conversion on the error value using the `From` trait
    = help: the trait `From<sea_orm::DbErr>` is implemented for `AppError`
    = help: for that trait implementation, expected `sea_orm::DbErr`, found `serde_json::Error`
    = note: required for `Result<axum::Json<ApiResponse<JsonValue>>, AppError>` to implement `FromResidual<Result<Infallible, serde_json::Error>>`

error[E0277]: the trait bound `supplier_contact::Model: serde::Serialize` is not satisfied
   --> src\handlers\supplier_handler.rs:127:55
    |
127 |     Ok(Json(ApiResponse::success(serde_json::to_value(contacts)?)))
    |                                  -------------------- ^^^^^^^^ the trait `Serialize` is not implemented for `supplier_contact::Model`, which is
 required by `Vec<supplier_contact::Model>: Serialize`
    |                                  |
    |                                  required by a bound introduced by this call
    |
    = note: for local types consider adding `#[derive(serde::Serialize)]` to your `supplier_contact::Model` type
    = note: for types from other crates check whether the crate offers a `serde` feature flag
    = help: the following other types implement trait `Serialize`:
              &'a T
              &'a mut T
              ()
              (T,)
              (T0, T1)
              (T0, T1, T2)
              (T0, T1, T2, T3)
              (T0, T1, T2, T3, T4)
            and 402 others
    = note: required for `Vec<supplier_contact::Model>` to implement `Serialize`
note: required by a bound in `serde_json::to_value`
   --> C:\Users\admin\.cargo\registry\src\index.crates.io-6f17d22bba15001f\serde_json-1.0.149\src\value\mod.rs:997:8
    |
995 | pub fn to_value<T>(value: T) -> Result<Value, Error>
    |        -------- required by a bound in this function
996 | where
997 |     T: Serialize,
    |        ^^^^^^^^^ required by this bound in `to_value`

error[E0277]: `?` couldn't convert the error to `AppError`
   --> src\handlers\supplier_handler.rs:127:64
    |
127 |     Ok(Json(ApiResponse::success(serde_json::to_value(contacts)?)))
    |                                                                ^ the trait `From<serde_json::Error>` is not implemented for `AppError`, which i
s required by `Result<axum::Json<ApiResponse<JsonValue>>, AppError>: FromResidual<Result<Infallible, serde_json::Error>>`
    |
    = note: the question mark operation (`?`) implicitly performs a conversion on the error value using the `From` trait
    = help: the trait `From<sea_orm::DbErr>` is implemented for `AppError`
    = help: for that trait implementation, expected `sea_orm::DbErr`, found `serde_json::Error`
    = note: required for `Result<axum::Json<ApiResponse<JsonValue>>, AppError>` to implement `FromResidual<Result<Infallible, serde_json::Error>>`

error[E0061]: this function takes 2 arguments but 1 argument was supplied
   --> src\handlers\supplier_handler.rs:127:13
    |
127 |     Ok(Json(ApiResponse::success(serde_json::to_value(contacts)?)))
    |             ^^^^^^^^^^^^^^^^^^^^--------------------------------- argument #2 of type `std::option::Option<std::string::String>` is missing
    |
note: associated function defined here
   --> src\utils\response.rs:12:12
    |
12  |     pub fn success(data: T, message: Option<String>) -> Self {
    |            ^^^^^^^ -------  -----------------------
help: provide the argument
    |
127 |     Ok(Json(ApiResponse::success(serde_json::to_value(contacts)?, /* std::option::Option<std::string::String> */)))
    |                                 ~~~~~~~~~~~~~~~~~~~~~~~~~~~~~~~~~~~~~~~~~~~~~~~~~~~~~~~~~~~~~~~~~~~~~~~~~~~~~~~~~

error[E0599]: no method named `validate` found for struct `CreateContactRequest` in the current scope
   --> src\handlers\supplier_handler.rs:138:9
    |
138 |     req.validate().map_err(|e| {
    |         ^^^^^^^^ method not found in `CreateContactRequest`
    |
   ::: src\services\supplier_service.rs:549:1
    |
549 | pub struct CreateContactRequest {
    | ------------------------------- method `validate` not found for this struct
    |
    = help: items from traits can only be used if the trait is implemented and in scope
    = note: the following traits define an item `validate`, perhaps you need to implement one of them:
            candidate #1: `Validate`
            candidate #2: `chumsky::Parser`
            candidate #3: `rust_xlsxwriter::ConditionalFormat`
            candidate #4: `webpki::verify_cert::ExtendedKeyUsageValidator`

error[E0277]: the trait bound `supplier_contact::Model: serde::Serialize` is not satisfied
   --> src\handlers\supplier_handler.rs:150:30
    |
150 |         serde_json::to_value(contact)?,
    |         -------------------- ^^^^^^^ the trait `Serialize` is not implemented for `supplier_contact::Model`
    |         |
    |         required by a bound introduced by this call
    |
    = note: for local types consider adding `#[derive(serde::Serialize)]` to your `supplier_contact::Model` type
    = note: for types from other crates check whether the crate offers a `serde` feature flag
    = help: the following other types implement trait `Serialize`:
              &'a T
              &'a mut T
              ()
              (T,)
              (T0, T1)
              (T0, T1, T2)
              (T0, T1, T2, T3)
              (T0, T1, T2, T3, T4)
            and 402 others
note: required by a bound in `serde_json::to_value`
   --> C:\Users\admin\.cargo\registry\src\index.crates.io-6f17d22bba15001f\serde_json-1.0.149\src\value\mod.rs:997:8
    |
995 | pub fn to_value<T>(value: T) -> Result<Value, Error>
    |        -------- required by a bound in this function
996 | where
997 |     T: Serialize,
    |        ^^^^^^^^^ required by this bound in `to_value`

error[E0308]: `?` operator has incompatible types
   --> src\handlers\supplier_handler.rs:150:9
    |
136 | ) -> Result<Json<ApiResponse<serde_json::Value>>, AppError> {
    |      ------------------------------------------------------ expected `&str` because of return type
...
150 |         serde_json::to_value(contact)?,
    |         ^^^^^^^^^^^^^^^^^^^^^^^^^^^^^^ expected `&str`, found `Value`
    |
    = note: `?` operator cannot convert from `JsonValue` to `&str`

error[E0277]: `?` couldn't convert the error to `AppError`
   --> src\handlers\supplier_handler.rs:150:38
    |
150 |         serde_json::to_value(contact)?,
    |                                      ^ the trait `From<serde_json::Error>` is not implemented for `AppError`, which is required by `Result<axum
::Json<ApiResponse<JsonValue>>, AppError>: FromResidual<Result<Infallible, serde_json::Error>>`
    |
    = note: the question mark operation (`?`) implicitly performs a conversion on the error value using the `From` trait
    = help: the trait `From<sea_orm::DbErr>` is implemented for `AppError`
    = help: for that trait implementation, expected `sea_orm::DbErr`, found `serde_json::Error`
    = note: required for `Result<axum::Json<ApiResponse<JsonValue>>, AppError>` to implement `FromResidual<Result<Infallible, serde_json::Error>>`

error[E0308]: mismatched types
   --> src\handlers\supplier_handler.rs:149:9
    |
148 |     Ok(Json(ApiResponse::success_with_message(
    |             --------------------------------- arguments to this function are incorrect
149 |         "鑱旂郴浜哄垱寤烘垚鍔?,
    |         ^^^^^^^^^^^^^^^^ expected `Value`, found `&str`
    |
note: associated function defined here
   --> src\utils\response.rs:21:12
    |
21  |     pub fn success_with_message(data: T, message: &str) -> Self {
    |            ^^^^^^^^^^^^^^^^^^^^ -------
help: call `Into::into` on this expression to convert `&'static str` into `JsonValue`
    |
149 |         "鑱旂郴浜哄垱寤烘垚鍔?.into(),
    |                         +++++++

error[E0277]: the trait bound `supplier_contact::Model: serde::Serialize` is not satisfied
   --> src\handlers\supplier_handler.rs:169:30
    |
169 |         serde_json::to_value(contact)?,
    |         -------------------- ^^^^^^^ the trait `Serialize` is not implemented for `supplier_contact::Model`
    |         |
    |         required by a bound introduced by this call
    |
    = note: for local types consider adding `#[derive(serde::Serialize)]` to your `supplier_contact::Model` type
    = note: for types from other crates check whether the crate offers a `serde` feature flag
    = help: the following other types implement trait `Serialize`:
              &'a T
              &'a mut T
              ()
              (T,)
              (T0, T1)
              (T0, T1, T2)
              (T0, T1, T2, T3)
              (T0, T1, T2, T3, T4)
            and 402 others
note: required by a bound in `serde_json::to_value`
   --> C:\Users\admin\.cargo\registry\src\index.crates.io-6f17d22bba15001f\serde_json-1.0.149\src\value\mod.rs:997:8
    |
995 | pub fn to_value<T>(value: T) -> Result<Value, Error>
    |        -------- required by a bound in this function
996 | where
997 |     T: Serialize,
    |        ^^^^^^^^^ required by this bound in `to_value`

error[E0308]: `?` operator has incompatible types
   --> src\handlers\supplier_handler.rs:169:9
    |
160 | ) -> Result<Json<ApiResponse<serde_json::Value>>, AppError> {
    |      ------------------------------------------------------ expected `&str` because of return type
...
169 |         serde_json::to_value(contact)?,
    |         ^^^^^^^^^^^^^^^^^^^^^^^^^^^^^^ expected `&str`, found `Value`
    |
    = note: `?` operator cannot convert from `JsonValue` to `&str`

error[E0277]: `?` couldn't convert the error to `AppError`
   --> src\handlers\supplier_handler.rs:169:38
    |
169 |         serde_json::to_value(contact)?,
    |                                      ^ the trait `From<serde_json::Error>` is not implemented for `AppError`, which is required by `Result<axum
::Json<ApiResponse<JsonValue>>, AppError>: FromResidual<Result<Infallible, serde_json::Error>>`
    |
    = note: the question mark operation (`?`) implicitly performs a conversion on the error value using the `From` trait
    = help: the trait `From<sea_orm::DbErr>` is implemented for `AppError`
    = help: for that trait implementation, expected `sea_orm::DbErr`, found `serde_json::Error`
    = note: required for `Result<axum::Json<ApiResponse<JsonValue>>, AppError>` to implement `FromResidual<Result<Infallible, serde_json::Error>>`

error[E0308]: mismatched types
   --> src\handlers\supplier_handler.rs:168:9
    |
167 |     Ok(Json(ApiResponse::success_with_message(
    |             --------------------------------- arguments to this function are incorrect
168 |         "鑱旂郴浜烘洿鏂版垚鍔?,
    |         ^^^^^^^^^^^^^^^^ expected `Value`, found `&str`
    |
note: associated function defined here
   --> src\utils\response.rs:21:12
    |
21  |     pub fn success_with_message(data: T, message: &str) -> Self {
    |            ^^^^^^^^^^^^^^^^^^^^ -------
help: call `Into::into` on this expression to convert `&'static str` into `JsonValue`
    |
168 |         "鑱旂郴浜烘洿鏂版垚鍔?.into(),
    |                         +++++++

warning: unused variable: `supplier_id`
   --> src\handlers\supplier_handler.rs:175:11
    |
175 |     Path((supplier_id, contact_id)): Path<(i32, i32)>,
    |           ^^^^^^^^^^^ help: if this is intentional, prefix it with an underscore: `_supplier_id`
    |
    = note: `#[warn(unused_variables)]` on by default

error[E0599]: no method named `delete` found for struct `supplier_contact::Model` in the current scope
   --> src\services\supplier_service.rs:440:17
    |
440 |         contact.delete(&*self.db).await?;
    |                 ^^^^^^ this is an associated function, not a method
    |
   ::: src\models\supplier_contact.rs:5:1
    |
5   | pub struct Model {
    | ---------------- method `delete` not found for this struct
    |
   ::: C:\Users\admin\.cargo\registry\src\index.crates.io-6f17d22bba15001f\sea-orm-1.1.19\src\entity\model.rs:53:14
    |
53  |     async fn delete<'a, A, C>(self, db: &'a C) -> Result<DeleteResult, DbErr>
    |              ------ the method is available for `supplier_contact::Model` here
    |
    = note: found the following associated functions; to be used as methods, functions must have a `self` parameter
note: the candidate is defined in the trait `sea_orm::EntityTrait`
   --> C:\Users\admin\.cargo\registry\src\index.crates.io-6f17d22bba15001f\sea-orm-1.1.19\src\entity\base_entity.rs:844:5
    |
844 | /     fn delete<A>(model: A) -> DeleteOne<A>
845 | |     where
846 | |         A: ActiveModelTrait<Entity = Self>,
    | |___________________________________________^
    = help: items from traits can only be used if the trait is in scope
help: use associated function syntax instead
    |
440 |         supplier_contact::Model::delete(&*self.db).await?;
    |         ~~~~~~~~~~~~~~~~~~~~~~~~~~~~~~~~~~~~~~~~~~
help: trait `ModelTrait` which provides `delete` is implemented but not in scope; perhaps you want to import it
    |
1   + use sea_orm::ModelTrait;
    |

error[E0061]: this function takes 2 arguments but 1 argument was supplied
   --> src\handlers\supplier_handler.rs:193:13
    |
193 |     Ok(Json(ApiResponse::success(serde_json::json!([]))))
    |             ^^^^^^^^^^^^^^^^^^^^----------------------- argument #2 of type `std::option::Option<std::string::String>` is missing
    |
note: associated function defined here
   --> src\utils\response.rs:12:12
    |
12  |     pub fn success(data: T, message: Option<String>) -> Self {
    |            ^^^^^^^ -------  -----------------------
help: provide the argument
    |
193 |     Ok(Json(ApiResponse::success(serde_json::json!([]), /* std::option::Option<std::string::String> */)))
    |                                 ~~~~~~~~~~~~~~~~~~~~~~~~~~~~~~~~~~~~~~~~~~~~~~~~~~~~~~~~~~~~~~~~~~~~~~~

error[E0599]: no method named `validate` found for struct `CreateQualificationRequest` in the current scope
   --> src\handlers\supplier_handler.rs:204:9
    |
204 |     req.validate().map_err(|e| {
    |         ^^^^^^^^ method not found in `CreateQualificationRequest`
    |
   ::: src\services\supplier_service.rs:581:1
    |
581 | pub struct CreateQualificationRequest {
    | ------------------------------------- method `validate` not found for this struct
    |
    = help: items from traits can only be used if the trait is implemented and in scope
    = note: the following traits define an item `validate`, perhaps you need to implement one of them:
            candidate #1: `Validate`
            candidate #2: `chumsky::Parser`
            candidate #3: `rust_xlsxwriter::ConditionalFormat`
            candidate #4: `webpki::verify_cert::ExtendedKeyUsageValidator`

error[E0277]: the trait bound `CreateQualificationRequest: serde::Serialize` is not satisfied
   --> src\handlers\supplier_handler.rs:211:9
    |
211 |         serde_json::json!({"supplier_id": supplier_id, "qualification": req}),
    |         ^^^^^^^^^^^^^^^^^^^^^^^^^^^^^^^^^^^^^^^^^^^^^^^^^^^^^^^^^^^^^^^^^^^^^
    |         |
    |         the trait `Serialize` is not implemented for `CreateQualificationRequest`, which is required by `&CreateQualificationRequest: Serialize
`
    |         required by a bound introduced by this call
    |
    = note: for local types consider adding `#[derive(serde::Serialize)]` to your `CreateQualificationRequest` type
    = note: for types from other crates check whether the crate offers a `serde` feature flag
    = help: the following other types implement trait `Serialize`:
              &'a T
              &'a mut T
              ()
              (T,)
              (T0, T1)
              (T0, T1, T2)
              (T0, T1, T2, T3)
              (T0, T1, T2, T3, T4)
            and 402 others
    = note: required for `&CreateQualificationRequest` to implement `Serialize`
note: required by a bound in `serde_json::to_value`
   --> C:\Users\admin\.cargo\registry\src\index.crates.io-6f17d22bba15001f\serde_json-1.0.149\src\value\mod.rs:997:8
    |
995 | pub fn to_value<T>(value: T) -> Result<Value, Error>
    |        -------- required by a bound in this function
996 | where
997 |     T: Serialize,
    |        ^^^^^^^^^ required by this bound in `to_value`
    = note: this error originates in the macro `$crate::json_internal` which comes from the expansion of the macro `serde_json::json` (in Nightly bui
lds, run with -Z macro-backtrace for more info)

error[E0308]: arguments to this function are incorrect
   --> src\handlers\supplier_handler.rs:209:13
    |
209 |     Ok(Json(ApiResponse::success_with_message(
    |             ^^^^^^^^^^^^^^^^^^^^^^^^^^^^^^^^^
210 |         "璧勮川鍒涘缓鎴愬姛",
    |         -------------- expected `JsonValue`, found `&'static str`
211 |         serde_json::json!({"supplier_id": supplier_id, "qualification": req}),
    |         --------------------------------------------------------------------- expected `&str`, found `JsonValue`
    |
note: associated function defined here
   --> src\utils\response.rs:21:12
    |
21  |     pub fn success_with_message(data: T, message: &str) -> Self {
    |            ^^^^^^^^^^^^^^^^^^^^ -------  -------------
help: swap these arguments
    |
209 |     Ok(Json(ApiResponse::success_with_message(serde_json::json!({"supplier_id": supplier_id, "qualification": req}), "璧勮川鍒涘缓鎴愬姛")))
    |                                              ~~~~~~~~~~~~~~~~~~~~~~~~~~~~~~~~~~~~~~~~~~~~~~~~~~~~~~~~~~~~~~~~~~~~~~~~~~~~~~~~~~~~~~~

error[E0061]: this function takes 2 arguments but 1 argument was supplied
  --> src\handlers\purchase_order_handler.rs:41:13
   |
41 |     Ok(Json(ApiResponse::success(result)))
   |             ^^^^^^^^^^^^^^^^^^^^-------- argument #2 of type `std::option::Option<std::string::String>` is missing
   |
note: associated function defined here
  --> src\utils\response.rs:12:12
   |
12 |     pub fn success(data: T, message: Option<String>) -> Self {
   |            ^^^^^^^ -------  -----------------------
help: provide the argument
   |
41 |     Ok(Json(ApiResponse::success(result, /* std::option::Option<std::string::String> */)))
   |                                 ~~~~~~~~~~~~~~~~~~~~~~~~~~~~~~~~~~~~~~~~~~~~~~~~~~~~~~~~

error[E0277]: `?` couldn't convert the error to `AppError`
  --> src\handlers\purchase_order_handler.rs:52:61
   |
52 |     Ok(Json(ApiResponse::success(serde_json::to_value(order)?)))
   |                                                             ^ the trait `From<serde_json::Error>` is not implemented for `AppError`, which is re
quired by `Result<axum::Json<ApiResponse<JsonValue>>, AppError>: FromResidual<Result<Infallible, serde_json::Error>>`
   |
   = note: the question mark operation (`?`) implicitly performs a conversion on the error value using the `From` trait
   = help: the trait `From<sea_orm::DbErr>` is implemented for `AppError`
   = help: for that trait implementation, expected `sea_orm::DbErr`, found `serde_json::Error`
   = note: required for `Result<axum::Json<ApiResponse<JsonValue>>, AppError>` to implement `FromResidual<Result<Infallible, serde_json::Error>>`

error[E0061]: this function takes 2 arguments but 1 argument was supplied
  --> src\handlers\purchase_order_handler.rs:52:13
   |
52 |     Ok(Json(ApiResponse::success(serde_json::to_value(order)?)))
   |             ^^^^^^^^^^^^^^^^^^^^------------------------------ argument #2 of type `std::option::Option<std::string::String>` is missing
   |
note: associated function defined here
  --> src\utils\response.rs:12:12
   |
12 |     pub fn success(data: T, message: Option<String>) -> Self {
   |            ^^^^^^^ -------  -----------------------
help: provide the argument
   |
52 |     Ok(Json(ApiResponse::success(serde_json::to_value(order)?, /* std::option::Option<std::string::String> */)))
   |                                 ~~~~~~~~~~~~~~~~~~~~~~~~~~~~~~~~~~~~~~~~~~~~~~~~~~~~~~~~~~~~~~~~~~~~~~~~~~~~~~

error[E0308]: `?` operator has incompatible types
  --> src\handlers\purchase_order_handler.rs:72:9
   |
59 | ) -> Result<Json<ApiResponse<serde_json::Value>>, AppError> {
   |      ------------------------------------------------------ expected `&str` because of return type
...
72 |         serde_json::to_value(order)?,
   |         ^^^^^^^^^^^^^^^^^^^^^^^^^^^^ expected `&str`, found `Value`
   |
   = note: `?` operator cannot convert from `JsonValue` to `&str`

error[E0277]: `?` couldn't convert the error to `AppError`
  --> src\handlers\purchase_order_handler.rs:72:36
   |
72 |         serde_json::to_value(order)?,
   |                                    ^ the trait `From<serde_json::Error>` is not implemented for `AppError`, which is required by `Result<axum::J
son<ApiResponse<JsonValue>>, AppError>: FromResidual<Result<Infallible, serde_json::Error>>`
   |
   = note: the question mark operation (`?`) implicitly performs a conversion on the error value using the `From` trait
   = help: the trait `From<sea_orm::DbErr>` is implemented for `AppError`
   = help: for that trait implementation, expected `sea_orm::DbErr`, found `serde_json::Error`
   = note: required for `Result<axum::Json<ApiResponse<JsonValue>>, AppError>` to implement `FromResidual<Result<Infallible, serde_json::Error>>`

error[E0308]: mismatched types
  --> src\handlers\purchase_order_handler.rs:71:9
   |
70 |     Ok(Json(ApiResponse::success_with_message(
   |             --------------------------------- arguments to this function are incorrect
71 |         "閲囪喘璁㈠崟鍒涘缓鎴愬姛",
   |         ^^^^^^^^^^^^^^^^^^ expected `Value`, found `&str`
   |
note: associated function defined here
  --> src\utils\response.rs:21:12
   |
21 |     pub fn success_with_message(data: T, message: &str) -> Self {
   |            ^^^^^^^^^^^^^^^^^^^^ -------
help: call `Into::into` on this expression to convert `&'static str` into `JsonValue`
   |
71 |         "閲囪喘璁㈠崟鍒涘缓鎴愬姛".into(),
   |                           +++++++

error[E0308]: `?` operator has incompatible types
  --> src\handlers\purchase_order_handler.rs:89:9
   |
81 | ) -> Result<Json<ApiResponse<serde_json::Value>>, AppError> {
   |      ------------------------------------------------------ expected `&str` because of return type
...
89 |         serde_json::to_value(order)?,
   |         ^^^^^^^^^^^^^^^^^^^^^^^^^^^^ expected `&str`, found `Value`
   |
   = note: `?` operator cannot convert from `JsonValue` to `&str`

error[E0277]: `?` couldn't convert the error to `AppError`
  --> src\handlers\purchase_order_handler.rs:89:36
   |
89 |         serde_json::to_value(order)?,
   |                                    ^ the trait `From<serde_json::Error>` is not implemented for `AppError`, which is required by `Result<axum::J
son<ApiResponse<JsonValue>>, AppError>: FromResidual<Result<Infallible, serde_json::Error>>`
   |
   = note: the question mark operation (`?`) implicitly performs a conversion on the error value using the `From` trait
   = help: the trait `From<sea_orm::DbErr>` is implemented for `AppError`
   = help: for that trait implementation, expected `sea_orm::DbErr`, found `serde_json::Error`
   = note: required for `Result<axum::Json<ApiResponse<JsonValue>>, AppError>` to implement `FromResidual<Result<Infallible, serde_json::Error>>`

error[E0308]: mismatched types
  --> src\handlers\purchase_order_handler.rs:88:9
   |
87 |     Ok(Json(ApiResponse::success_with_message(
   |             --------------------------------- arguments to this function are incorrect
88 |         "閲囪喘璁㈠崟鏇存柊鎴愬姛",
   |         ^^^^^^^^^^^^^^^^^^ expected `Value`, found `&str`
   |
note: associated function defined here
  --> src\utils\response.rs:21:12
   |
21 |     pub fn success_with_message(data: T, message: &str) -> Self {
   |            ^^^^^^^^^^^^^^^^^^^^ -------
help: call `Into::into` on this expression to convert `&'static str` into `JsonValue`
   |
88 |         "閲囪喘璁㈠崟鏇存柊鎴愬姛".into(),
   |                           +++++++

error[E0599]: no variant or associated item named `PermissionDenied` found for enum `AppError` in the current scope
   --> src\services\purchase_order_service.rs:237:34
    |
237 |             return Err(AppError::PermissionDenied(
    |                                  ^^^^^^^^^^^^^^^^ variant or associated item not found in `AppError`
    |
   ::: src\utils\error.rs:16:1
    |
16  | pub enum AppError {
    | ----------------- variant or associated item `PermissionDenied` not found for this enum

error[E0308]: `?` operator has incompatible types
   --> src\handlers\purchase_order_handler.rs:116:9
    |
108 | ) -> Result<Json<ApiResponse<serde_json::Value>>, AppError> {
    |      ------------------------------------------------------ expected `&str` because of return type
...
116 |         serde_json::to_value(order)?,
    |         ^^^^^^^^^^^^^^^^^^^^^^^^^^^^ expected `&str`, found `Value`
    |
    = note: `?` operator cannot convert from `JsonValue` to `&str`

error[E0277]: `?` couldn't convert the error to `AppError`
   --> src\handlers\purchase_order_handler.rs:116:36
    |
116 |         serde_json::to_value(order)?,
    |                                    ^ the trait `From<serde_json::Error>` is not implemented for `AppError`, which is required by `Result<axum::
Json<ApiResponse<JsonValue>>, AppError>: FromResidual<Result<Infallible, serde_json::Error>>`
    |
    = note: the question mark operation (`?`) implicitly performs a conversion on the error value using the `From` trait
    = help: the trait `From<sea_orm::DbErr>` is implemented for `AppError`
    = help: for that trait implementation, expected `sea_orm::DbErr`, found `serde_json::Error`
    = note: required for `Result<axum::Json<ApiResponse<JsonValue>>, AppError>` to implement `FromResidual<Result<Infallible, serde_json::Error>>`

error[E0308]: mismatched types
   --> src\handlers\purchase_order_handler.rs:115:9
    |
114 |     Ok(Json(ApiResponse::success_with_message(
    |             --------------------------------- arguments to this function are incorrect
115 |         "閲囪喘璁㈠崟鎻愪氦鎴愬姛",
    |         ^^^^^^^^^^^^^^^^^^ expected `Value`, found `&str`
    |
note: associated function defined here
   --> src\utils\response.rs:21:12
    |
21  |     pub fn success_with_message(data: T, message: &str) -> Self {
    |            ^^^^^^^^^^^^^^^^^^^^ -------
help: call `Into::into` on this expression to convert `&'static str` into `JsonValue`
    |
115 |         "閲囪喘璁㈠崟鎻愪氦鎴愬姛".into(),
    |                           +++++++

error[E0308]: `?` operator has incompatible types
   --> src\handlers\purchase_order_handler.rs:132:9
    |
124 | ) -> Result<Json<ApiResponse<serde_json::Value>>, AppError> {
    |      ------------------------------------------------------ expected `&str` because of return type
...
132 |         serde_json::to_value(order)?,
    |         ^^^^^^^^^^^^^^^^^^^^^^^^^^^^ expected `&str`, found `Value`
    |
    = note: `?` operator cannot convert from `JsonValue` to `&str`

error[E0277]: `?` couldn't convert the error to `AppError`
   --> src\handlers\purchase_order_handler.rs:132:36
    |
132 |         serde_json::to_value(order)?,
    |                                    ^ the trait `From<serde_json::Error>` is not implemented for `AppError`, which is required by `Result<axum::
Json<ApiResponse<JsonValue>>, AppError>: FromResidual<Result<Infallible, serde_json::Error>>`
    |
    = note: the question mark operation (`?`) implicitly performs a conversion on the error value using the `From` trait
    = help: the trait `From<sea_orm::DbErr>` is implemented for `AppError`
    = help: for that trait implementation, expected `sea_orm::DbErr`, found `serde_json::Error`
    = note: required for `Result<axum::Json<ApiResponse<JsonValue>>, AppError>` to implement `FromResidual<Result<Infallible, serde_json::Error>>`

error[E0308]: mismatched types
   --> src\handlers\purchase_order_handler.rs:131:9
    |
130 |     Ok(Json(ApiResponse::success_with_message(
    |             --------------------------------- arguments to this function are incorrect
131 |         "閲囪喘璁㈠崟瀹℃壒鎴愬姛",
    |         ^^^^^^^^^^^^^^^^^^ expected `Value`, found `&str`
    |
note: associated function defined here
   --> src\utils\response.rs:21:12
    |
21  |     pub fn success_with_message(data: T, message: &str) -> Self {
    |            ^^^^^^^^^^^^^^^^^^^^ -------
help: call `Into::into` on this expression to convert `&'static str` into `JsonValue`
    |
131 |         "閲囪喘璁㈠崟瀹℃壒鎴愬姛".into(),
    |                           +++++++

error[E0308]: `?` operator has incompatible types
   --> src\handlers\purchase_order_handler.rs:149:9
    |
141 | ) -> Result<Json<ApiResponse<serde_json::Value>>, AppError> {
    |      ------------------------------------------------------ expected `&str` because of return type
...
149 |         serde_json::to_value(order)?,
    |         ^^^^^^^^^^^^^^^^^^^^^^^^^^^^ expected `&str`, found `Value`
    |
    = note: `?` operator cannot convert from `JsonValue` to `&str`

error[E0277]: `?` couldn't convert the error to `AppError`
   --> src\handlers\purchase_order_handler.rs:149:36
    |
149 |         serde_json::to_value(order)?,
    |                                    ^ the trait `From<serde_json::Error>` is not implemented for `AppError`, which is required by `Result<axum::
Json<ApiResponse<JsonValue>>, AppError>: FromResidual<Result<Infallible, serde_json::Error>>`
    |
    = note: the question mark operation (`?`) implicitly performs a conversion on the error value using the `From` trait
    = help: the trait `From<sea_orm::DbErr>` is implemented for `AppError`
    = help: for that trait implementation, expected `sea_orm::DbErr`, found `serde_json::Error`
    = note: required for `Result<axum::Json<ApiResponse<JsonValue>>, AppError>` to implement `FromResidual<Result<Infallible, serde_json::Error>>`

error[E0308]: mismatched types
   --> src\handlers\purchase_order_handler.rs:148:9
    |
147 |     Ok(Json(ApiResponse::success_with_message(
    |             --------------------------------- arguments to this function are incorrect
148 |         "閲囪喘璁㈠崟宸叉嫆缁?,
    |         ^^^^^^^^^^^^^^^^ expected `Value`, found `&str`
    |
note: associated function defined here
   --> src\utils\response.rs:21:12
    |
21  |     pub fn success_with_message(data: T, message: &str) -> Self {
    |            ^^^^^^^^^^^^^^^^^^^^ -------
help: call `Into::into` on this expression to convert `&'static str` into `JsonValue`
    |
148 |         "閲囪喘璁㈠崟宸叉嫆缁?.into(),
    |                         +++++++

error[E0308]: `?` operator has incompatible types
   --> src\handlers\purchase_order_handler.rs:165:9
    |
157 | ) -> Result<Json<ApiResponse<serde_json::Value>>, AppError> {
    |      ------------------------------------------------------ expected `&str` because of return type
...
165 |         serde_json::to_value(order)?,
    |         ^^^^^^^^^^^^^^^^^^^^^^^^^^^^ expected `&str`, found `Value`
    |
    = note: `?` operator cannot convert from `JsonValue` to `&str`

error[E0277]: `?` couldn't convert the error to `AppError`
   --> src\handlers\purchase_order_handler.rs:165:36
    |
165 |         serde_json::to_value(order)?,
    |                                    ^ the trait `From<serde_json::Error>` is not implemented for `AppError`, which is required by `Result<axum::
Json<ApiResponse<JsonValue>>, AppError>: FromResidual<Result<Infallible, serde_json::Error>>`
    |
    = note: the question mark operation (`?`) implicitly performs a conversion on the error value using the `From` trait
    = help: the trait `From<sea_orm::DbErr>` is implemented for `AppError`
    = help: for that trait implementation, expected `sea_orm::DbErr`, found `serde_json::Error`
    = note: required for `Result<axum::Json<ApiResponse<JsonValue>>, AppError>` to implement `FromResidual<Result<Infallible, serde_json::Error>>`

error[E0308]: mismatched types
   --> src\handlers\purchase_order_handler.rs:164:9
    |
163 |     Ok(Json(ApiResponse::success_with_message(
    |             --------------------------------- arguments to this function are incorrect
164 |         "閲囪喘璁㈠崟宸插叧闂?,
    |         ^^^^^^^^^^^^^^^^ expected `Value`, found `&str`
    |
note: associated function defined here
   --> src\utils\response.rs:21:12
    |
21  |     pub fn success_with_message(data: T, message: &str) -> Self {
    |            ^^^^^^^^^^^^^^^^^^^^ -------
help: call `Into::into` on this expression to convert `&'static str` into `JsonValue`
    |
164 |         "閲囪喘璁㈠崟宸插叧闂?.into(),
    |                         +++++++

error[E0277]: the trait bound `purchase_order_item::Model: serde::Serialize` is not satisfied
   --> src\handlers\purchase_order_handler.rs:177:55
    |
177 |     Ok(Json(ApiResponse::success(serde_json::to_value(items)?)))
    |                                  -------------------- ^^^^^ the trait `Serialize` is not implemented for `purchase_order_item::Model`, which is
 required by `Vec<purchase_order_item::Model>: Serialize`
    |                                  |
    |                                  required by a bound introduced by this call
    |
    = note: for local types consider adding `#[derive(serde::Serialize)]` to your `purchase_order_item::Model` type
    = note: for types from other crates check whether the crate offers a `serde` feature flag
    = help: the following other types implement trait `Serialize`:
              &'a T
              &'a mut T
              ()
              (T,)
              (T0, T1)
              (T0, T1, T2)
              (T0, T1, T2, T3)
              (T0, T1, T2, T3, T4)
            and 402 others
    = note: required for `Vec<purchase_order_item::Model>` to implement `Serialize`
note: required by a bound in `serde_json::to_value`
   --> C:\Users\admin\.cargo\registry\src\index.crates.io-6f17d22bba15001f\serde_json-1.0.149\src\value\mod.rs:997:8
    |
995 | pub fn to_value<T>(value: T) -> Result<Value, Error>
    |        -------- required by a bound in this function
996 | where
997 |     T: Serialize,
    |        ^^^^^^^^^ required by this bound in `to_value`

error[E0277]: `?` couldn't convert the error to `AppError`
   --> src\handlers\purchase_order_handler.rs:177:61
    |
177 |     Ok(Json(ApiResponse::success(serde_json::to_value(items)?)))
    |                                                             ^ the trait `From<serde_json::Error>` is not implemented for `AppError`, which is r
equired by `Result<axum::Json<ApiResponse<JsonValue>>, AppError>: FromResidual<Result<Infallible, serde_json::Error>>`
    |
    = note: the question mark operation (`?`) implicitly performs a conversion on the error value using the `From` trait
    = help: the trait `From<sea_orm::DbErr>` is implemented for `AppError`
    = help: for that trait implementation, expected `sea_orm::DbErr`, found `serde_json::Error`
    = note: required for `Result<axum::Json<ApiResponse<JsonValue>>, AppError>` to implement `FromResidual<Result<Infallible, serde_json::Error>>`

error[E0061]: this function takes 2 arguments but 1 argument was supplied
   --> src\handlers\purchase_order_handler.rs:177:13
    |
177 |     Ok(Json(ApiResponse::success(serde_json::to_value(items)?)))
    |             ^^^^^^^^^^^^^^^^^^^^------------------------------ argument #2 of type `std::option::Option<std::string::String>` is missing
    |
note: associated function defined here
   --> src\utils\response.rs:12:12
    |
12  |     pub fn success(data: T, message: Option<String>) -> Self {
    |            ^^^^^^^ -------  -----------------------
help: provide the argument
    |
177 |     Ok(Json(ApiResponse::success(serde_json::to_value(items)?, /* std::option::Option<std::string::String> */)))
    |                                 ~~~~~~~~~~~~~~~~~~~~~~~~~~~~~~~~~~~~~~~~~~~~~~~~~~~~~~~~~~~~~~~~~~~~~~~~~~~~~~

error[E0599]: no method named `validate` found for struct `CreateOrderItemRequest` in the current scope
   --> src\handlers\purchase_order_handler.rs:187:9
    |
187 |     req.validate().map_err(|e| {
    |         ^^^^^^^^ method not found in `CreateOrderItemRequest`
    |
   ::: src\services\purchase_order_service.rs:753:1
    |
753 | pub struct CreateOrderItemRequest {
    | --------------------------------- method `validate` not found for this struct
    |
    = help: items from traits can only be used if the trait is implemented and in scope
    = note: the following traits define an item `validate`, perhaps you need to implement one of them:
            candidate #1: `Validate`
            candidate #2: `chumsky::Parser`
            candidate #3: `rust_xlsxwriter::ConditionalFormat`
            candidate #4: `webpki::verify_cert::ExtendedKeyUsageValidator`

error[E0277]: the trait bound `purchase_order_item::Model: serde::Serialize` is not satisfied
   --> src\handlers\purchase_order_handler.rs:198:30
    |
198 |         serde_json::to_value(item)?,
    |         -------------------- ^^^^ the trait `Serialize` is not implemented for `purchase_order_item::Model`
    |         |
    |         required by a bound introduced by this call
    |
    = note: for local types consider adding `#[derive(serde::Serialize)]` to your `purchase_order_item::Model` type
    = note: for types from other crates check whether the crate offers a `serde` feature flag
    = help: the following other types implement trait `Serialize`:
              &'a T
              &'a mut T
              ()
              (T,)
              (T0, T1)
              (T0, T1, T2)
              (T0, T1, T2, T3)
              (T0, T1, T2, T3, T4)
            and 402 others
note: required by a bound in `serde_json::to_value`
   --> C:\Users\admin\.cargo\registry\src\index.crates.io-6f17d22bba15001f\serde_json-1.0.149\src\value\mod.rs:997:8
    |
995 | pub fn to_value<T>(value: T) -> Result<Value, Error>
    |        -------- required by a bound in this function
996 | where
997 |     T: Serialize,
    |        ^^^^^^^^^ required by this bound in `to_value`

error[E0308]: `?` operator has incompatible types
   --> src\handlers\purchase_order_handler.rs:198:9
    |
185 | ) -> Result<Json<ApiResponse<serde_json::Value>>, AppError> {
    |      ------------------------------------------------------ expected `&str` because of return type
...
198 |         serde_json::to_value(item)?,
    |         ^^^^^^^^^^^^^^^^^^^^^^^^^^^ expected `&str`, found `Value`
    |
    = note: `?` operator cannot convert from `JsonValue` to `&str`

error[E0277]: `?` couldn't convert the error to `AppError`
   --> src\handlers\purchase_order_handler.rs:198:35
    |
198 |         serde_json::to_value(item)?,
    |                                   ^ the trait `From<serde_json::Error>` is not implemented for `AppError`, which is required by `Result<axum::J
son<ApiResponse<JsonValue>>, AppError>: FromResidual<Result<Infallible, serde_json::Error>>`
    |
    = note: the question mark operation (`?`) implicitly performs a conversion on the error value using the `From` trait
    = help: the trait `From<sea_orm::DbErr>` is implemented for `AppError`
    = help: for that trait implementation, expected `sea_orm::DbErr`, found `serde_json::Error`
    = note: required for `Result<axum::Json<ApiResponse<JsonValue>>, AppError>` to implement `FromResidual<Result<Infallible, serde_json::Error>>`

error[E0308]: mismatched types
   --> src\handlers\purchase_order_handler.rs:197:9
    |
196 |     Ok(Json(ApiResponse::success_with_message(
    |             --------------------------------- arguments to this function are incorrect
197 |         "璁㈠崟鏄庣粏娣诲姞鎴愬姛",
    |         ^^^^^^^^^^^^^^^^^^ expected `Value`, found `&str`
    |
note: associated function defined here
   --> src\utils\response.rs:21:12
    |
21  |     pub fn success_with_message(data: T, message: &str) -> Self {
    |            ^^^^^^^^^^^^^^^^^^^^ -------
help: call `Into::into` on this expression to convert `&'static str` into `JsonValue`
    |
197 |         "璁㈠崟鏄庣粏娣诲姞鎴愬姛".into(),
    |                           +++++++

error[E0277]: the trait bound `purchase_order_item::Model: serde::Serialize` is not satisfied
   --> src\handlers\purchase_order_handler.rs:216:30
    |
216 |         serde_json::to_value(item)?,
    |         -------------------- ^^^^ the trait `Serialize` is not implemented for `purchase_order_item::Model`
    |         |
    |         required by a bound introduced by this call
    |
    = note: for local types consider adding `#[derive(serde::Serialize)]` to your `purchase_order_item::Model` type
    = note: for types from other crates check whether the crate offers a `serde` feature flag
    = help: the following other types implement trait `Serialize`:
              &'a T
              &'a mut T
              ()
              (T,)
              (T0, T1)
              (T0, T1, T2)
              (T0, T1, T2, T3)
              (T0, T1, T2, T3, T4)
            and 402 others
note: required by a bound in `serde_json::to_value`
   --> C:\Users\admin\.cargo\registry\src\index.crates.io-6f17d22bba15001f\serde_json-1.0.149\src\value\mod.rs:997:8
    |
995 | pub fn to_value<T>(value: T) -> Result<Value, Error>
    |        -------- required by a bound in this function
996 | where
997 |     T: Serialize,
    |        ^^^^^^^^^ required by this bound in `to_value`

error[E0308]: `?` operator has incompatible types
   --> src\handlers\purchase_order_handler.rs:216:9
    |
208 | ) -> Result<Json<ApiResponse<serde_json::Value>>, AppError> {
    |      ------------------------------------------------------ expected `&str` because of return type
...
216 |         serde_json::to_value(item)?,
    |         ^^^^^^^^^^^^^^^^^^^^^^^^^^^ expected `&str`, found `Value`
    |
    = note: `?` operator cannot convert from `JsonValue` to `&str`

error[E0277]: `?` couldn't convert the error to `AppError`
   --> src\handlers\purchase_order_handler.rs:216:35
    |
216 |         serde_json::to_value(item)?,
    |                                   ^ the trait `From<serde_json::Error>` is not implemented for `AppError`, which is required by `Result<axum::J
son<ApiResponse<JsonValue>>, AppError>: FromResidual<Result<Infallible, serde_json::Error>>`
    |
    = note: the question mark operation (`?`) implicitly performs a conversion on the error value using the `From` trait
    = help: the trait `From<sea_orm::DbErr>` is implemented for `AppError`
    = help: for that trait implementation, expected `sea_orm::DbErr`, found `serde_json::Error`
    = note: required for `Result<axum::Json<ApiResponse<JsonValue>>, AppError>` to implement `FromResidual<Result<Infallible, serde_json::Error>>`

error[E0308]: mismatched types
   --> src\handlers\purchase_order_handler.rs:215:9
    |
214 |     Ok(Json(ApiResponse::success_with_message(
    |             --------------------------------- arguments to this function are incorrect
215 |         "璁㈠崟鏄庣粏鏇存柊鎴愬姛",
    |         ^^^^^^^^^^^^^^^^^^ expected `Value`, found `&str`
    |
note: associated function defined here
   --> src\utils\response.rs:21:12
    |
21  |     pub fn success_with_message(data: T, message: &str) -> Self {
    |            ^^^^^^^^^^^^^^^^^^^^ -------
help: call `Into::into` on this expression to convert `&'static str` into `JsonValue`
    |
215 |         "璁㈠崟鏄庣粏鏇存柊鎴愬姛".into(),
    |                           +++++++

warning: unused variable: `order_id`
   --> src\handlers\purchase_order_handler.rs:222:10
    |
222 |     Path(order_id): Path<i32>,
    |          ^^^^^^^^ help: if this is intentional, prefix it with an underscore: `_order_id`

error[E0599]: no variant or associated item named `PermissionDenied` found for enum `AppError` in the current scope
   --> src\services\purchase_order_service.rs:574:34
    |
574 |             return Err(AppError::PermissionDenied(
    |                                  ^^^^^^^^^^^^^^^^ variant or associated item not found in `AppError`
    |
   ::: src\utils\error.rs:16:1
    |
16  | pub enum AppError {
    | ----------------- variant or associated item `PermissionDenied` not found for this enum

error[E0609]: no field `order_id` on type `purchase_order::Model`
   --> src\services\purchase_order_service.rs:585:42
    |
585 |         self.calculate_order_total(order.order_id).await?;
    |                                          ^^^^^^^^ unknown field
    |
help: a field with a similar name exists
    |
585 |         self.calculate_order_total(order.order_no).await?;
    |                                          ~~~~~~~~

error[E0061]: this function takes 2 arguments but 1 argument was supplied
  --> src\handlers\purchase_receipt_handler.rs:42:13
   |
42 |     Ok(Json(ApiResponse::success(result)))
   |             ^^^^^^^^^^^^^^^^^^^^-------- argument #2 of type `std::option::Option<std::string::String>` is missing
   |
note: associated function defined here
  --> src\utils\response.rs:12:12
   |
12 |     pub fn success(data: T, message: Option<String>) -> Self {
   |            ^^^^^^^ -------  -----------------------
help: provide the argument
   |
42 |     Ok(Json(ApiResponse::success(result, /* std::option::Option<std::string::String> */)))
   |                                 ~~~~~~~~~~~~~~~~~~~~~~~~~~~~~~~~~~~~~~~~~~~~~~~~~~~~~~~~

error[E0277]: `?` couldn't convert the error to `AppError`
  --> src\handlers\purchase_receipt_handler.rs:53:63
   |
53 |     Ok(Json(ApiResponse::success(serde_json::to_value(receipt)?)))
   |                                                               ^ the trait `From<serde_json::Error>` is not implemented for `AppError`, which is 
required by `Result<axum::Json<ApiResponse<JsonValue>>, AppError>: FromResidual<Result<Infallible, serde_json::Error>>`
   |
   = note: the question mark operation (`?`) implicitly performs a conversion on the error value using the `From` trait
   = help: the trait `From<sea_orm::DbErr>` is implemented for `AppError`
   = help: for that trait implementation, expected `sea_orm::DbErr`, found `serde_json::Error`
   = note: required for `Result<axum::Json<ApiResponse<JsonValue>>, AppError>` to implement `FromResidual<Result<Infallible, serde_json::Error>>`

error[E0061]: this function takes 2 arguments but 1 argument was supplied
  --> src\handlers\purchase_receipt_handler.rs:53:13
   |
53 |     Ok(Json(ApiResponse::success(serde_json::to_value(receipt)?)))
   |             ^^^^^^^^^^^^^^^^^^^^-------------------------------- argument #2 of type `std::option::Option<std::string::String>` is missing
   |
note: associated function defined here
  --> src\utils\response.rs:12:12
   |
12 |     pub fn success(data: T, message: Option<String>) -> Self {
   |            ^^^^^^^ -------  -----------------------
help: provide the argument
   |
53 |     Ok(Json(ApiResponse::success(serde_json::to_value(receipt)?, /* std::option::Option<std::string::String> */)))
   |                                 ~~~~~~~~~~~~~~~~~~~~~~~~~~~~~~~~~~~~~~~~~~~~~~~~~~~~~~~~~~~~~~~~~~~~~~~~~~~~~~~~

error[E0308]: `?` operator has incompatible types
  --> src\handlers\purchase_receipt_handler.rs:73:9
   |
60 | ) -> Result<Json<ApiResponse<serde_json::Value>>, AppError> {
   |      ------------------------------------------------------ expected `&str` because of return type
...
73 |         serde_json::to_value(receipt)?,
   |         ^^^^^^^^^^^^^^^^^^^^^^^^^^^^^^ expected `&str`, found `Value`
   |
   = note: `?` operator cannot convert from `JsonValue` to `&str`

error[E0277]: `?` couldn't convert the error to `AppError`
  --> src\handlers\purchase_receipt_handler.rs:73:38
   |
73 |         serde_json::to_value(receipt)?,
   |                                      ^ the trait `From<serde_json::Error>` is not implemented for `AppError`, which is required by `Result<axum:
:Json<ApiResponse<JsonValue>>, AppError>: FromResidual<Result<Infallible, serde_json::Error>>`
   |
   = note: the question mark operation (`?`) implicitly performs a conversion on the error value using the `From` trait
   = help: the trait `From<sea_orm::DbErr>` is implemented for `AppError`
   = help: for that trait implementation, expected `sea_orm::DbErr`, found `serde_json::Error`
   = note: required for `Result<axum::Json<ApiResponse<JsonValue>>, AppError>` to implement `FromResidual<Result<Infallible, serde_json::Error>>`

error[E0308]: mismatched types
  --> src\handlers\purchase_receipt_handler.rs:72:9
   |
71 |     Ok(Json(ApiResponse::success_with_message(
   |             --------------------------------- arguments to this function are incorrect
72 |         "閲囪喘鍏ュ簱鍗曞垱寤烘垚鍔?,
   |         ^^^^^^^^^^^^^^^^^^^^ expected `Value`, found `&str`
   |
note: associated function defined here
  --> src\utils\response.rs:21:12
   |
21 |     pub fn success_with_message(data: T, message: &str) -> Self {
   |            ^^^^^^^^^^^^^^^^^^^^ -------
help: call `Into::into` on this expression to convert `&'static str` into `JsonValue`
   |
72 |         "閲囪喘鍏ュ簱鍗曞垱寤烘垚鍔?.into(),
   |                             +++++++

error[E0308]: `?` operator has incompatible types
  --> src\handlers\purchase_receipt_handler.rs:90:9
   |
82 | ) -> Result<Json<ApiResponse<serde_json::Value>>, AppError> {
   |      ------------------------------------------------------ expected `&str` because of return type
...
90 |         serde_json::to_value(receipt)?,
   |         ^^^^^^^^^^^^^^^^^^^^^^^^^^^^^^ expected `&str`, found `Value`
   |
   = note: `?` operator cannot convert from `JsonValue` to `&str`

error[E0277]: `?` couldn't convert the error to `AppError`
  --> src\handlers\purchase_receipt_handler.rs:90:38
   |
90 |         serde_json::to_value(receipt)?,
   |                                      ^ the trait `From<serde_json::Error>` is not implemented for `AppError`, which is required by `Result<axum:
:Json<ApiResponse<JsonValue>>, AppError>: FromResidual<Result<Infallible, serde_json::Error>>`
   |
   = note: the question mark operation (`?`) implicitly performs a conversion on the error value using the `From` trait
   = help: the trait `From<sea_orm::DbErr>` is implemented for `AppError`
   = help: for that trait implementation, expected `sea_orm::DbErr`, found `serde_json::Error`
   = note: required for `Result<axum::Json<ApiResponse<JsonValue>>, AppError>` to implement `FromResidual<Result<Infallible, serde_json::Error>>`

error[E0308]: mismatched types
  --> src\handlers\purchase_receipt_handler.rs:89:9
   |
88 |     Ok(Json(ApiResponse::success_with_message(
   |             --------------------------------- arguments to this function are incorrect
89 |         "閲囪喘鍏ュ簱鍗曟洿鏂版垚鍔?,
   |         ^^^^^^^^^^^^^^^^^^^^ expected `Value`, found `&str`
   |
note: associated function defined here
  --> src\utils\response.rs:21:12
   |
21 |     pub fn success_with_message(data: T, message: &str) -> Self {
   |            ^^^^^^^^^^^^^^^^^^^^ -------
help: call `Into::into` on this expression to convert `&'static str` into `JsonValue`
   |
89 |         "閲囪喘鍏ュ簱鍗曟洿鏂版垚鍔?.into(),
   |                             +++++++

error[E0308]: `?` operator has incompatible types
   --> src\handlers\purchase_receipt_handler.rs:106:9
    |
98  | ) -> Result<Json<ApiResponse<serde_json::Value>>, AppError> {
    |      ------------------------------------------------------ expected `&str` because of return type
...
106 |         serde_json::to_value(receipt)?,
    |         ^^^^^^^^^^^^^^^^^^^^^^^^^^^^^^ expected `&str`, found `Value`
    |
    = note: `?` operator cannot convert from `JsonValue` to `&str`

error[E0277]: `?` couldn't convert the error to `AppError`
   --> src\handlers\purchase_receipt_handler.rs:106:38
    |
106 |         serde_json::to_value(receipt)?,
    |                                      ^ the trait `From<serde_json::Error>` is not implemented for `AppError`, which is required by `Result<axum
::Json<ApiResponse<JsonValue>>, AppError>: FromResidual<Result<Infallible, serde_json::Error>>`
    |
    = note: the question mark operation (`?`) implicitly performs a conversion on the error value using the `From` trait
    = help: the trait `From<sea_orm::DbErr>` is implemented for `AppError`
    = help: for that trait implementation, expected `sea_orm::DbErr`, found `serde_json::Error`
    = note: required for `Result<axum::Json<ApiResponse<JsonValue>>, AppError>` to implement `FromResidual<Result<Infallible, serde_json::Error>>`

error[E0308]: mismatched types
   --> src\handlers\purchase_receipt_handler.rs:105:9
    |
104 |     Ok(Json(ApiResponse::success_with_message(
    |             --------------------------------- arguments to this function are incorrect
105 |         "閲囪喘鍏ュ簱鍗曞凡纭",
    |         ^^^^^^^^^^^^^^^^^^ expected `Value`, found `&str`
    |
note: associated function defined here
   --> src\utils\response.rs:21:12
    |
21  |     pub fn success_with_message(data: T, message: &str) -> Self {
    |            ^^^^^^^^^^^^^^^^^^^^ -------
help: call `Into::into` on this expression to convert `&'static str` into `JsonValue`
    |
105 |         "閲囪喘鍏ュ簱鍗曞凡纭".into(),
    |                           +++++++

error[E0277]: the trait bound `purchase_receipt_item::Model: serde::Serialize` is not satisfied
   --> src\handlers\purchase_receipt_handler.rs:118:55
    |
118 |     Ok(Json(ApiResponse::success(serde_json::to_value(items)?)))
    |                                  -------------------- ^^^^^ the trait `Serialize` is not implemented for `purchase_receipt_item::Model`, which 
is required by `Vec<purchase_receipt_item::Model>: Serialize`
    |                                  |
    |                                  required by a bound introduced by this call
    |
    = note: for local types consider adding `#[derive(serde::Serialize)]` to your `purchase_receipt_item::Model` type
    = note: for types from other crates check whether the crate offers a `serde` feature flag
    = help: the following other types implement trait `Serialize`:
              &'a T
              &'a mut T
              ()
              (T,)
              (T0, T1)
              (T0, T1, T2)
              (T0, T1, T2, T3)
              (T0, T1, T2, T3, T4)
            and 402 others
    = note: required for `Vec<purchase_receipt_item::Model>` to implement `Serialize`
note: required by a bound in `serde_json::to_value`
   --> C:\Users\admin\.cargo\registry\src\index.crates.io-6f17d22bba15001f\serde_json-1.0.149\src\value\mod.rs:997:8
    |
995 | pub fn to_value<T>(value: T) -> Result<Value, Error>
    |        -------- required by a bound in this function
996 | where
997 |     T: Serialize,
    |        ^^^^^^^^^ required by this bound in `to_value`

error[E0277]: `?` couldn't convert the error to `AppError`
   --> src\handlers\purchase_receipt_handler.rs:118:61
    |
118 |     Ok(Json(ApiResponse::success(serde_json::to_value(items)?)))
    |                                                             ^ the trait `From<serde_json::Error>` is not implemented for `AppError`, which is r
equired by `Result<axum::Json<ApiResponse<JsonValue>>, AppError>: FromResidual<Result<Infallible, serde_json::Error>>`
    |
    = note: the question mark operation (`?`) implicitly performs a conversion on the error value using the `From` trait
    = help: the trait `From<sea_orm::DbErr>` is implemented for `AppError`
    = help: for that trait implementation, expected `sea_orm::DbErr`, found `serde_json::Error`
    = note: required for `Result<axum::Json<ApiResponse<JsonValue>>, AppError>` to implement `FromResidual<Result<Infallible, serde_json::Error>>`

error[E0061]: this function takes 2 arguments but 1 argument was supplied
   --> src\handlers\purchase_receipt_handler.rs:118:13
    |
118 |     Ok(Json(ApiResponse::success(serde_json::to_value(items)?)))
    |             ^^^^^^^^^^^^^^^^^^^^------------------------------ argument #2 of type `std::option::Option<std::string::String>` is missing
    |
note: associated function defined here
   --> src\utils\response.rs:12:12
    |
12  |     pub fn success(data: T, message: Option<String>) -> Self {
    |            ^^^^^^^ -------  -----------------------
help: provide the argument
    |
118 |     Ok(Json(ApiResponse::success(serde_json::to_value(items)?, /* std::option::Option<std::string::String> */)))
    |                                 ~~~~~~~~~~~~~~~~~~~~~~~~~~~~~~~~~~~~~~~~~~~~~~~~~~~~~~~~~~~~~~~~~~~~~~~~~~~~~~

error[E0599]: no method named `validate` found for struct `CreateReceiptItemRequest` in the current scope
   --> src\handlers\purchase_receipt_handler.rs:128:9
    |
128 |     req.validate().map_err(|e| {
    |         ^^^^^^^^ method not found in `CreateReceiptItemRequest`
    |
   ::: src\services\purchase_receipt_service.rs:608:1
    |
608 | pub struct CreateReceiptItemRequest {
    | ----------------------------------- method `validate` not found for this struct
    |
    = help: items from traits can only be used if the trait is implemented and in scope
    = note: the following traits define an item `validate`, perhaps you need to implement one of them:
            candidate #1: `Validate`
            candidate #2: `chumsky::Parser`
            candidate #3: `rust_xlsxwriter::ConditionalFormat`
            candidate #4: `webpki::verify_cert::ExtendedKeyUsageValidator`

error[E0277]: the trait bound `purchase_receipt_item::Model: serde::Serialize` is not satisfied
   --> src\handlers\purchase_receipt_handler.rs:139:30
    |
139 |         serde_json::to_value(item)?,
    |         -------------------- ^^^^ the trait `Serialize` is not implemented for `purchase_receipt_item::Model`
    |         |
    |         required by a bound introduced by this call
    |
    = note: for local types consider adding `#[derive(serde::Serialize)]` to your `purchase_receipt_item::Model` type
    = note: for types from other crates check whether the crate offers a `serde` feature flag
    = help: the following other types implement trait `Serialize`:
              &'a T
              &'a mut T
              ()
              (T,)
              (T0, T1)
              (T0, T1, T2)
              (T0, T1, T2, T3)
              (T0, T1, T2, T3, T4)
            and 402 others
note: required by a bound in `serde_json::to_value`
   --> C:\Users\admin\.cargo\registry\src\index.crates.io-6f17d22bba15001f\serde_json-1.0.149\src\value\mod.rs:997:8
    |
995 | pub fn to_value<T>(value: T) -> Result<Value, Error>
    |        -------- required by a bound in this function
996 | where
997 |     T: Serialize,
    |        ^^^^^^^^^ required by this bound in `to_value`

error[E0308]: `?` operator has incompatible types
   --> src\handlers\purchase_receipt_handler.rs:139:9
    |
126 | ) -> Result<Json<ApiResponse<serde_json::Value>>, AppError> {
    |      ------------------------------------------------------ expected `&str` because of return type
...
139 |         serde_json::to_value(item)?,
    |         ^^^^^^^^^^^^^^^^^^^^^^^^^^^ expected `&str`, found `Value`
    |
    = note: `?` operator cannot convert from `JsonValue` to `&str`

error[E0277]: `?` couldn't convert the error to `AppError`
   --> src\handlers\purchase_receipt_handler.rs:139:35
    |
139 |         serde_json::to_value(item)?,
    |                                   ^ the trait `From<serde_json::Error>` is not implemented for `AppError`, which is required by `Result<axum::J
son<ApiResponse<JsonValue>>, AppError>: FromResidual<Result<Infallible, serde_json::Error>>`
    |
    = note: the question mark operation (`?`) implicitly performs a conversion on the error value using the `From` trait
    = help: the trait `From<sea_orm::DbErr>` is implemented for `AppError`
    = help: for that trait implementation, expected `sea_orm::DbErr`, found `serde_json::Error`
    = note: required for `Result<axum::Json<ApiResponse<JsonValue>>, AppError>` to implement `FromResidual<Result<Infallible, serde_json::Error>>`

error[E0308]: mismatched types
   --> src\handlers\purchase_receipt_handler.rs:138:9
    |
137 |     Ok(Json(ApiResponse::success_with_message(
    |             --------------------------------- arguments to this function are incorrect
138 |         "鍏ュ簱鏄庣粏娣诲姞鎴愬姛",
    |         ^^^^^^^^^^^^^^^^^^ expected `Value`, found `&str`
    |
note: associated function defined here
   --> src\utils\response.rs:21:12
    |
21  |     pub fn success_with_message(data: T, message: &str) -> Self {
    |            ^^^^^^^^^^^^^^^^^^^^ -------
help: call `Into::into` on this expression to convert `&'static str` into `JsonValue`
    |
138 |         "鍏ュ簱鏄庣粏娣诲姞鎴愬姛".into(),
    |                           +++++++

error[E0277]: the trait bound `purchase_receipt_item::Model: serde::Serialize` is not satisfied
   --> src\handlers\purchase_receipt_handler.rs:157:30
    |
157 |         serde_json::to_value(item)?,
    |         -------------------- ^^^^ the trait `Serialize` is not implemented for `purchase_receipt_item::Model`
    |         |
    |         required by a bound introduced by this call
    |
    = note: for local types consider adding `#[derive(serde::Serialize)]` to your `purchase_receipt_item::Model` type
    = note: for types from other crates check whether the crate offers a `serde` feature flag
    = help: the following other types implement trait `Serialize`:
              &'a T
              &'a mut T
              ()
              (T,)
              (T0, T1)
              (T0, T1, T2)
              (T0, T1, T2, T3)
              (T0, T1, T2, T3, T4)
            and 402 others
note: required by a bound in `serde_json::to_value`
   --> C:\Users\admin\.cargo\registry\src\index.crates.io-6f17d22bba15001f\serde_json-1.0.149\src\value\mod.rs:997:8
    |
995 | pub fn to_value<T>(value: T) -> Result<Value, Error>
    |        -------- required by a bound in this function
996 | where
997 |     T: Serialize,
    |        ^^^^^^^^^ required by this bound in `to_value`

error[E0308]: `?` operator has incompatible types
   --> src\handlers\purchase_receipt_handler.rs:157:9
    |
149 | ) -> Result<Json<ApiResponse<serde_json::Value>>, AppError> {
    |      ------------------------------------------------------ expected `&str` because of return type
...
157 |         serde_json::to_value(item)?,
    |         ^^^^^^^^^^^^^^^^^^^^^^^^^^^ expected `&str`, found `Value`
    |
    = note: `?` operator cannot convert from `JsonValue` to `&str`

error[E0277]: `?` couldn't convert the error to `AppError`
   --> src\handlers\purchase_receipt_handler.rs:157:35
    |
157 |         serde_json::to_value(item)?,
    |                                   ^ the trait `From<serde_json::Error>` is not implemented for `AppError`, which is required by `Result<axum::J
son<ApiResponse<JsonValue>>, AppError>: FromResidual<Result<Infallible, serde_json::Error>>`
    |
    = note: the question mark operation (`?`) implicitly performs a conversion on the error value using the `From` trait
    = help: the trait `From<sea_orm::DbErr>` is implemented for `AppError`
    = help: for that trait implementation, expected `sea_orm::DbErr`, found `serde_json::Error`
    = note: required for `Result<axum::Json<ApiResponse<JsonValue>>, AppError>` to implement `FromResidual<Result<Infallible, serde_json::Error>>`

error[E0308]: mismatched types
   --> src\handlers\purchase_receipt_handler.rs:156:9
    |
155 |     Ok(Json(ApiResponse::success_with_message(
    |             --------------------------------- arguments to this function are incorrect
156 |         "鍏ュ簱鏄庣粏鏇存柊鎴愬姛",
    |         ^^^^^^^^^^^^^^^^^^ expected `Value`, found `&str`
    |
note: associated function defined here
   --> src\utils\response.rs:21:12
    |
21  |     pub fn success_with_message(data: T, message: &str) -> Self {
    |            ^^^^^^^^^^^^^^^^^^^^ -------
help: call `Into::into` on this expression to convert `&'static str` into `JsonValue`
    |
156 |         "鍏ュ簱鏄庣粏鏇存柊鎴愬姛".into(),
    |                           +++++++

warning: unused variable: `receipt_id`
   --> src\handlers\purchase_receipt_handler.rs:163:10
    |
163 |     Path(receipt_id): Path<i32>,
    |          ^^^^^^^^^^ help: if this is intentional, prefix it with an underscore: `_receipt_id`

error[E0599]: no variant or associated item named `PermissionDenied` found for enum `AppError` in the current scope
   --> src\services\purchase_receipt_service.rs:422:34
    |
422 |             return Err(AppError::PermissionDenied(
    |                                  ^^^^^^^^^^^^^^^^ variant or associated item not found in `AppError`
    |
   ::: src\utils\error.rs:16:1
    |
16  | pub enum AppError {
    | ----------------- variant or associated item `PermissionDenied` not found for this enum

error[E0609]: no field `receipt_id` on type `purchase_receipt::Model`
   --> src\services\purchase_receipt_service.rs:433:46
    |
433 |         self.calculate_receipt_total(receipt.receipt_id).await?;
    |                                              ^^^^^^^^^^ unknown field
    |
help: a field with a similar name exists
    |
433 |         self.calculate_receipt_total(receipt.receipt_no).await?;
    |                                              ~~~~~~~~~~

error[E0061]: this function takes 2 arguments but 1 argument was supplied
  --> src\handlers\purchase_return_handler.rs:40:13
   |
40 |     Ok(Json(ApiResponse::success(result)))
   |             ^^^^^^^^^^^^^^^^^^^^-------- argument #2 of type `std::option::Option<std::string::String>` is missing
   |
note: associated function defined here
  --> src\utils\response.rs:12:12
   |
12 |     pub fn success(data: T, message: Option<String>) -> Self {
   |            ^^^^^^^ -------  -----------------------
help: provide the argument
   |
40 |     Ok(Json(ApiResponse::success(result, /* std::option::Option<std::string::String> */)))
   |                                 ~~~~~~~~~~~~~~~~~~~~~~~~~~~~~~~~~~~~~~~~~~~~~~~~~~~~~~~~

error[E0277]: `?` couldn't convert the error to `AppError`
  --> src\handlers\purchase_return_handler.rs:51:68
   |
51 |     Ok(Json(ApiResponse::success(serde_json::to_value(return_order)?)))
   |                                                                    ^ the trait `From<serde_json::Error>` is not implemented for `AppError`, whic
h is required by `Result<axum::Json<ApiResponse<JsonValue>>, AppError>: FromResidual<Result<Infallible, serde_json::Error>>`
   |
   = note: the question mark operation (`?`) implicitly performs a conversion on the error value using the `From` trait
   = help: the trait `From<sea_orm::DbErr>` is implemented for `AppError`
   = help: for that trait implementation, expected `sea_orm::DbErr`, found `serde_json::Error`
   = note: required for `Result<axum::Json<ApiResponse<JsonValue>>, AppError>` to implement `FromResidual<Result<Infallible, serde_json::Error>>`

error[E0061]: this function takes 2 arguments but 1 argument was supplied
  --> src\handlers\purchase_return_handler.rs:51:13
   |
51 |     Ok(Json(ApiResponse::success(serde_json::to_value(return_order)?)))
   |             ^^^^^^^^^^^^^^^^^^^^------------------------------------- argument #2 of type `std::option::Option<std::string::String>` is missing
   |
note: associated function defined here
  --> src\utils\response.rs:12:12
   |
12 |     pub fn success(data: T, message: Option<String>) -> Self {
   |            ^^^^^^^ -------  -----------------------
help: provide the argument
   |
51 |     Ok(Json(ApiResponse::success(serde_json::to_value(return_order)?, /* std::option::Option<std::string::String> */)))
   |                                 ~~~~~~~~~~~~~~~~~~~~~~~~~~~~~~~~~~~~~~~~~~~~~~~~~~~~~~~~~~~~~~~~~~~~~~~~~~~~~~~~~~~~~

warning: this function depends on never type fallback being `()`
  --> src\handlers\purchase_return_handler.rs:44:1
   |
44 | / pub async fn get_return(
45 | |     Path(id): Path<i32>,
46 | |     State(db): State<Arc<DatabaseConnection>>,
47 | | ) -> Result<Json<ApiResponse<serde_json::Value>>, AppError> {
   | |___________________________________________________________^
   |
   = warning: this was previously accepted by the compiler but is being phased out; it will become a hard error in a future release!
   = note: for more information, see issue #123748 <https://github.com/rust-lang/rust/issues/123748>
   = help: specify the types explicitly
note: in edition 2024, the requirement `!: Serialize` will fail
  --> src\handlers\purchase_return_handler.rs:51:55
   |
51 |     Ok(Json(ApiResponse::success(serde_json::to_value(return_order)?)))
   |                                                       ^^^^^^^^^^^^
   = note: `#[warn(dependency_on_unit_never_type_fallback)]` on by default

error[E0308]: `?` operator has incompatible types
  --> src\handlers\purchase_return_handler.rs:70:9
   |
58 | ) -> Result<Json<ApiResponse<serde_json::Value>>, AppError> {
   |      ------------------------------------------------------ expected `&str` because of return type
...
70 |         serde_json::to_value(return_order)?,
   |         ^^^^^^^^^^^^^^^^^^^^^^^^^^^^^^^^^^^ expected `&str`, found `Value`
   |
   = note: `?` operator cannot convert from `JsonValue` to `&str`

error[E0277]: `?` couldn't convert the error to `AppError`
  --> src\handlers\purchase_return_handler.rs:70:43
   |
70 |         serde_json::to_value(return_order)?,
   |                                           ^ the trait `From<serde_json::Error>` is not implemented for `AppError`, which is required by `Result<
axum::Json<ApiResponse<JsonValue>>, AppError>: FromResidual<Result<Infallible, serde_json::Error>>`
   |
   = note: the question mark operation (`?`) implicitly performs a conversion on the error value using the `From` trait
   = help: the trait `From<sea_orm::DbErr>` is implemented for `AppError`
   = help: for that trait implementation, expected `sea_orm::DbErr`, found `serde_json::Error`
   = note: required for `Result<axum::Json<ApiResponse<JsonValue>>, AppError>` to implement `FromResidual<Result<Infallible, serde_json::Error>>`

error[E0308]: mismatched types
  --> src\handlers\purchase_return_handler.rs:69:9
   |
68 |     Ok(Json(ApiResponse::success_with_message(
   |             --------------------------------- arguments to this function are incorrect
69 |         "閲囪喘閫€璐у崟鍒涘缓鎴愬姛",
   |         ^^^^^^^^^^^^^^^^^^^^ expected `Value`, found `&str`
   |
note: associated function defined here
  --> src\utils\response.rs:21:12
   |
21 |     pub fn success_with_message(data: T, message: &str) -> Self {
   |            ^^^^^^^^^^^^^^^^^^^^ -------
help: call `Into::into` on this expression to convert `&'static str` into `JsonValue`
   |
69 |         "閲囪喘閫€璐у崟鍒涘缓鎴愬姛".into(),
   |                             +++++++

warning: this function depends on never type fallback being `()`
  --> src\handlers\purchase_return_handler.rs:55:1
   |
55 | / pub async fn create_return(
56 | |     Json(req): Json<CreatePurchaseReturnRequest>,
57 | |     State(db): State<Arc<DatabaseConnection>>,
58 | | ) -> Result<Json<ApiResponse<serde_json::Value>>, AppError> {
   | |___________________________________________________________^
   |
   = warning: this was previously accepted by the compiler but is being phased out; it will become a hard error in a future release!
   = note: for more information, see issue #123748 <https://github.com/rust-lang/rust/issues/123748>
   = help: specify the types explicitly
note: in edition 2024, the requirement `!: Serialize` will fail
  --> src\handlers\purchase_return_handler.rs:70:30
   |
70 |         serde_json::to_value(return_order)?,
   |                              ^^^^^^^^^^^^

error[E0308]: `?` operator has incompatible types
  --> src\handlers\purchase_return_handler.rs:87:9
   |
79 | ) -> Result<Json<ApiResponse<serde_json::Value>>, AppError> {
   |      ------------------------------------------------------ expected `&str` because of return type
...
87 |         serde_json::to_value(return_order)?,
   |         ^^^^^^^^^^^^^^^^^^^^^^^^^^^^^^^^^^^ expected `&str`, found `Value`
   |
   = note: `?` operator cannot convert from `JsonValue` to `&str`

error[E0277]: `?` couldn't convert the error to `AppError`
  --> src\handlers\purchase_return_handler.rs:87:43
   |
87 |         serde_json::to_value(return_order)?,
   |                                           ^ the trait `From<serde_json::Error>` is not implemented for `AppError`, which is required by `Result<
axum::Json<ApiResponse<JsonValue>>, AppError>: FromResidual<Result<Infallible, serde_json::Error>>`
   |
   = note: the question mark operation (`?`) implicitly performs a conversion on the error value using the `From` trait
   = help: the trait `From<sea_orm::DbErr>` is implemented for `AppError`
   = help: for that trait implementation, expected `sea_orm::DbErr`, found `serde_json::Error`
   = note: required for `Result<axum::Json<ApiResponse<JsonValue>>, AppError>` to implement `FromResidual<Result<Infallible, serde_json::Error>>`

error[E0308]: mismatched types
  --> src\handlers\purchase_return_handler.rs:86:9
   |
85 |     Ok(Json(ApiResponse::success_with_message(
   |             --------------------------------- arguments to this function are incorrect
86 |         "閲囪喘閫€璐у崟鏇存柊鎴愬姛",
   |         ^^^^^^^^^^^^^^^^^^^^ expected `Value`, found `&str`
   |
note: associated function defined here
  --> src\utils\response.rs:21:12
   |
21 |     pub fn success_with_message(data: T, message: &str) -> Self {
   |            ^^^^^^^^^^^^^^^^^^^^ -------
help: call `Into::into` on this expression to convert `&'static str` into `JsonValue`
   |
86 |         "閲囪喘閫€璐у崟鏇存柊鎴愬姛".into(),
   |                             +++++++

warning: this function depends on never type fallback being `()`
  --> src\handlers\purchase_return_handler.rs:75:1
   |
75 | / pub async fn update_return(
76 | |     Path(id): Path<i32>,
77 | |     Json(req): Json<UpdatePurchaseReturnRequest>,
78 | |     State(db): State<Arc<DatabaseConnection>>,
79 | | ) -> Result<Json<ApiResponse<serde_json::Value>>, AppError> {
   | |___________________________________________________________^
   |
   = warning: this was previously accepted by the compiler but is being phased out; it will become a hard error in a future release!
   = note: for more information, see issue #123748 <https://github.com/rust-lang/rust/issues/123748>
   = help: specify the types explicitly
note: in edition 2024, the requirement `!: Serialize` will fail
  --> src\handlers\purchase_return_handler.rs:87:30
   |
87 |         serde_json::to_value(return_order)?,
   |                              ^^^^^^^^^^^^

error[E0308]: `?` operator has incompatible types
   --> src\handlers\purchase_return_handler.rs:103:9
    |
95  | ) -> Result<Json<ApiResponse<serde_json::Value>>, AppError> {
    |      ------------------------------------------------------ expected `&str` because of return type
...
103 |         serde_json::to_value(return_order)?,
    |         ^^^^^^^^^^^^^^^^^^^^^^^^^^^^^^^^^^^ expected `&str`, found `Value`
    |
    = note: `?` operator cannot convert from `JsonValue` to `&str`

error[E0277]: `?` couldn't convert the error to `AppError`
   --> src\handlers\purchase_return_handler.rs:103:43
    |
103 |         serde_json::to_value(return_order)?,
    |                                           ^ the trait `From<serde_json::Error>` is not implemented for `AppError`, which is required by `Result
<axum::Json<ApiResponse<JsonValue>>, AppError>: FromResidual<Result<Infallible, serde_json::Error>>`
    |
    = note: the question mark operation (`?`) implicitly performs a conversion on the error value using the `From` trait
    = help: the trait `From<sea_orm::DbErr>` is implemented for `AppError`
    = help: for that trait implementation, expected `sea_orm::DbErr`, found `serde_json::Error`
    = note: required for `Result<axum::Json<ApiResponse<JsonValue>>, AppError>` to implement `FromResidual<Result<Infallible, serde_json::Error>>`

error[E0308]: mismatched types
   --> src\handlers\purchase_return_handler.rs:102:9
    |
101 |     Ok(Json(ApiResponse::success_with_message(
    |             --------------------------------- arguments to this function are incorrect
102 |         "閲囪喘閫€璐у崟宸叉彁浜?,
    |         ^^^^^^^^^^^^^^^^^^ expected `Value`, found `&str`
    |
note: associated function defined here
   --> src\utils\response.rs:21:12
    |
21  |     pub fn success_with_message(data: T, message: &str) -> Self {
    |            ^^^^^^^^^^^^^^^^^^^^ -------
help: call `Into::into` on this expression to convert `&'static str` into `JsonValue`
    |
102 |         "閲囪喘閫€璐у崟宸叉彁浜?.into(),
    |                           +++++++

warning: this function depends on never type fallback being `()`
   --> src\handlers\purchase_return_handler.rs:92:1
    |
92  | / pub async fn submit_return(
93  | |     Path(id): Path<i32>,
94  | |     State(db): State<Arc<DatabaseConnection>>,
95  | | ) -> Result<Json<ApiResponse<serde_json::Value>>, AppError> {
    | |___________________________________________________________^
    |
    = warning: this was previously accepted by the compiler but is being phased out; it will become a hard error in a future release!
    = note: for more information, see issue #123748 <https://github.com/rust-lang/rust/issues/123748>
    = help: specify the types explicitly
note: in edition 2024, the requirement `!: Serialize` will fail
   --> src\handlers\purchase_return_handler.rs:103:30
    |
103 |         serde_json::to_value(return_order)?,
    |                              ^^^^^^^^^^^^

error[E0308]: `?` operator has incompatible types
   --> src\handlers\purchase_return_handler.rs:119:9
    |
111 | ) -> Result<Json<ApiResponse<serde_json::Value>>, AppError> {
    |      ------------------------------------------------------ expected `&str` because of return type
...
119 |         serde_json::to_value(return_order)?,
    |         ^^^^^^^^^^^^^^^^^^^^^^^^^^^^^^^^^^^ expected `&str`, found `Value`
    |
    = note: `?` operator cannot convert from `JsonValue` to `&str`

error[E0277]: `?` couldn't convert the error to `AppError`
   --> src\handlers\purchase_return_handler.rs:119:43
    |
119 |         serde_json::to_value(return_order)?,
    |                                           ^ the trait `From<serde_json::Error>` is not implemented for `AppError`, which is required by `Result
<axum::Json<ApiResponse<JsonValue>>, AppError>: FromResidual<Result<Infallible, serde_json::Error>>`
    |
    = note: the question mark operation (`?`) implicitly performs a conversion on the error value using the `From` trait
    = help: the trait `From<sea_orm::DbErr>` is implemented for `AppError`
    = help: for that trait implementation, expected `sea_orm::DbErr`, found `serde_json::Error`
    = note: required for `Result<axum::Json<ApiResponse<JsonValue>>, AppError>` to implement `FromResidual<Result<Infallible, serde_json::Error>>`

error[E0308]: mismatched types
   --> src\handlers\purchase_return_handler.rs:118:9
    |
117 |     Ok(Json(ApiResponse::success_with_message(
    |             --------------------------------- arguments to this function are incorrect
118 |         "閲囪喘閫€璐у崟宸插鎵?,
    |         ^^^^^^^^^^^^^^^^^^ expected `Value`, found `&str`
    |
note: associated function defined here
   --> src\utils\response.rs:21:12
    |
21  |     pub fn success_with_message(data: T, message: &str) -> Self {
    |            ^^^^^^^^^^^^^^^^^^^^ -------
help: call `Into::into` on this expression to convert `&'static str` into `JsonValue`
    |
118 |         "閲囪喘閫€璐у崟宸插鎵?.into(),
    |                           +++++++

warning: this function depends on never type fallback being `()`
   --> src\handlers\purchase_return_handler.rs:108:1
    |
108 | / pub async fn approve_return(
109 | |     Path(id): Path<i32>,
110 | |     State(db): State<Arc<DatabaseConnection>>,
111 | | ) -> Result<Json<ApiResponse<serde_json::Value>>, AppError> {
    | |___________________________________________________________^
    |
    = warning: this was previously accepted by the compiler but is being phased out; it will become a hard error in a future release!
    = note: for more information, see issue #123748 <https://github.com/rust-lang/rust/issues/123748>
    = help: specify the types explicitly
note: in edition 2024, the requirement `!: Serialize` will fail
   --> src\handlers\purchase_return_handler.rs:119:30
    |
119 |         serde_json::to_value(return_order)?,
    |                              ^^^^^^^^^^^^

error[E0308]: `?` operator has incompatible types
   --> src\handlers\purchase_return_handler.rs:136:9
    |
128 | ) -> Result<Json<ApiResponse<serde_json::Value>>, AppError> {
    |      ------------------------------------------------------ expected `&str` because of return type
...
136 |         serde_json::to_value(return_order)?,
    |         ^^^^^^^^^^^^^^^^^^^^^^^^^^^^^^^^^^^ expected `&str`, found `Value`
    |
    = note: `?` operator cannot convert from `JsonValue` to `&str`

error[E0277]: `?` couldn't convert the error to `AppError`
   --> src\handlers\purchase_return_handler.rs:136:43
    |
136 |         serde_json::to_value(return_order)?,
    |                                           ^ the trait `From<serde_json::Error>` is not implemented for `AppError`, which is required by `Result
<axum::Json<ApiResponse<JsonValue>>, AppError>: FromResidual<Result<Infallible, serde_json::Error>>`
    |
    = note: the question mark operation (`?`) implicitly performs a conversion on the error value using the `From` trait
    = help: the trait `From<sea_orm::DbErr>` is implemented for `AppError`
    = help: for that trait implementation, expected `sea_orm::DbErr`, found `serde_json::Error`
    = note: required for `Result<axum::Json<ApiResponse<JsonValue>>, AppError>` to implement `FromResidual<Result<Infallible, serde_json::Error>>`

error[E0308]: mismatched types
   --> src\handlers\purchase_return_handler.rs:135:9
    |
134 |     Ok(Json(ApiResponse::success_with_message(
    |             --------------------------------- arguments to this function are incorrect
135 |         "閲囪喘閫€璐у崟宸叉嫆缁?,
    |         ^^^^^^^^^^^^^^^^^^ expected `Value`, found `&str`
    |
note: associated function defined here
   --> src\utils\response.rs:21:12
    |
21  |     pub fn success_with_message(data: T, message: &str) -> Self {
    |            ^^^^^^^^^^^^^^^^^^^^ -------
help: call `Into::into` on this expression to convert `&'static str` into `JsonValue`
    |
135 |         "閲囪喘閫€璐у崟宸叉嫆缁?.into(),
    |                           +++++++

warning: this function depends on never type fallback being `()`
   --> src\handlers\purchase_return_handler.rs:124:1
    |
124 | / pub async fn reject_return(
125 | |     Path(id): Path<i32>,
126 | |     Json(req): Json<RejectReturnRequest>,
127 | |     State(db): State<Arc<DatabaseConnection>>,
128 | | ) -> Result<Json<ApiResponse<serde_json::Value>>, AppError> {
    | |___________________________________________________________^
    |
    = warning: this was previously accepted by the compiler but is being phased out; it will become a hard error in a future release!
    = note: for more information, see issue #123748 <https://github.com/rust-lang/rust/issues/123748>
    = help: specify the types explicitly
note: in edition 2024, the requirement `!: Serialize` will fail
   --> src\handlers\purchase_return_handler.rs:136:30
    |
136 |         serde_json::to_value(return_order)?,
    |                              ^^^^^^^^^^^^

error[E0061]: this function takes 2 arguments but 1 argument was supplied
  --> src\handlers\purchase_inspection_handler.rs:41:13
   |
41 |     Ok(Json(ApiResponse::success(result)))
   |             ^^^^^^^^^^^^^^^^^^^^-------- argument #2 of type `std::option::Option<std::string::String>` is missing
   |
note: associated function defined here
  --> src\utils\response.rs:12:12
   |
12 |     pub fn success(data: T, message: Option<String>) -> Self {
   |            ^^^^^^^ -------  -----------------------
help: provide the argument
   |
41 |     Ok(Json(ApiResponse::success(result, /* std::option::Option<std::string::String> */)))
   |                                 ~~~~~~~~~~~~~~~~~~~~~~~~~~~~~~~~~~~~~~~~~~~~~~~~~~~~~~~~

error[E0277]: `?` couldn't convert the error to `AppError`
  --> src\handlers\purchase_inspection_handler.rs:52:66
   |
52 |     Ok(Json(ApiResponse::success(serde_json::to_value(inspection)?)))
   |                                                                  ^ the trait `From<serde_json::Error>` is not implemented for `AppError`, which 
is required by `Result<axum::Json<ApiResponse<JsonValue>>, AppError>: FromResidual<Result<Infallible, serde_json::Error>>`
   |
   = note: the question mark operation (`?`) implicitly performs a conversion on the error value using the `From` trait
   = help: the trait `From<sea_orm::DbErr>` is implemented for `AppError`
   = help: for that trait implementation, expected `sea_orm::DbErr`, found `serde_json::Error`
   = note: required for `Result<axum::Json<ApiResponse<JsonValue>>, AppError>` to implement `FromResidual<Result<Infallible, serde_json::Error>>`

error[E0061]: this function takes 2 arguments but 1 argument was supplied
  --> src\handlers\purchase_inspection_handler.rs:52:13
   |
52 |     Ok(Json(ApiResponse::success(serde_json::to_value(inspection)?)))
   |             ^^^^^^^^^^^^^^^^^^^^----------------------------------- argument #2 of type `std::option::Option<std::string::String>` is missing
   |
note: associated function defined here
  --> src\utils\response.rs:12:12
   |
12 |     pub fn success(data: T, message: Option<String>) -> Self {
   |            ^^^^^^^ -------  -----------------------
help: provide the argument
   |
52 |     Ok(Json(ApiResponse::success(serde_json::to_value(inspection)?, /* std::option::Option<std::string::String> */)))
   |                                 ~~~~~~~~~~~~~~~~~~~~~~~~~~~~~~~~~~~~~~~~~~~~~~~~~~~~~~~~~~~~~~~~~~~~~~~~~~~~~~~~~~~

warning: this function depends on never type fallback being `()`
  --> src\handlers\purchase_inspection_handler.rs:45:1
   |
45 | / pub async fn get_inspection(
46 | |     Path(id): Path<i32>,
47 | |     State(db): State<Arc<DatabaseConnection>>,
48 | | ) -> Result<Json<ApiResponse<serde_json::Value>>, AppError> {
   | |___________________________________________________________^
   |
   = warning: this was previously accepted by the compiler but is being phased out; it will become a hard error in a future release!
   = note: for more information, see issue #123748 <https://github.com/rust-lang/rust/issues/123748>
   = help: specify the types explicitly
note: in edition 2024, the requirement `!: Serialize` will fail
  --> src\handlers\purchase_inspection_handler.rs:52:55
   |
52 |     Ok(Json(ApiResponse::success(serde_json::to_value(inspection)?)))
   |                                                       ^^^^^^^^^^

error[E0308]: `?` operator has incompatible types
  --> src\handlers\purchase_inspection_handler.rs:71:9
   |
59 | ) -> Result<Json<ApiResponse<serde_json::Value>>, AppError> {
   |      ------------------------------------------------------ expected `&str` because of return type
...
71 |         serde_json::to_value(inspection)?,
   |         ^^^^^^^^^^^^^^^^^^^^^^^^^^^^^^^^^ expected `&str`, found `Value`
   |
   = note: `?` operator cannot convert from `JsonValue` to `&str`

error[E0277]: `?` couldn't convert the error to `AppError`
  --> src\handlers\purchase_inspection_handler.rs:71:41
   |
71 |         serde_json::to_value(inspection)?,
   |                                         ^ the trait `From<serde_json::Error>` is not implemented for `AppError`, which is required by `Result<ax
um::Json<ApiResponse<JsonValue>>, AppError>: FromResidual<Result<Infallible, serde_json::Error>>`
   |
   = note: the question mark operation (`?`) implicitly performs a conversion on the error value using the `From` trait
   = help: the trait `From<sea_orm::DbErr>` is implemented for `AppError`
   = help: for that trait implementation, expected `sea_orm::DbErr`, found `serde_json::Error`
   = note: required for `Result<axum::Json<ApiResponse<JsonValue>>, AppError>` to implement `FromResidual<Result<Infallible, serde_json::Error>>`

error[E0308]: mismatched types
  --> src\handlers\purchase_inspection_handler.rs:70:9
   |
69 |     Ok(Json(ApiResponse::success_with_message(
   |             --------------------------------- arguments to this function are incorrect
70 |         "閲囪喘璐ㄦ鍗曞垱寤烘垚鍔?,
   |         ^^^^^^^^^^^^^^^^^^^^ expected `Value`, found `&str`
   |
note: associated function defined here
  --> src\utils\response.rs:21:12
   |
21 |     pub fn success_with_message(data: T, message: &str) -> Self {
   |            ^^^^^^^^^^^^^^^^^^^^ -------
help: call `Into::into` on this expression to convert `&'static str` into `JsonValue`
   |
70 |         "閲囪喘璐ㄦ鍗曞垱寤烘垚鍔?.into(),
   |                             +++++++

warning: this function depends on never type fallback being `()`
  --> src\handlers\purchase_inspection_handler.rs:56:1
   |
56 | / pub async fn create_inspection(
57 | |     Json(req): Json<CreatePurchaseInspectionRequest>,
58 | |     State(db): State<Arc<DatabaseConnection>>,
59 | | ) -> Result<Json<ApiResponse<serde_json::Value>>, AppError> {
   | |___________________________________________________________^
   |
   = warning: this was previously accepted by the compiler but is being phased out; it will become a hard error in a future release!
   = note: for more information, see issue #123748 <https://github.com/rust-lang/rust/issues/123748>
   = help: specify the types explicitly
note: in edition 2024, the requirement `!: Serialize` will fail
  --> src\handlers\purchase_inspection_handler.rs:71:30
   |
71 |         serde_json::to_value(inspection)?,
   |                              ^^^^^^^^^^

error[E0308]: `?` operator has incompatible types
  --> src\handlers\purchase_inspection_handler.rs:88:9
   |
80 | ) -> Result<Json<ApiResponse<serde_json::Value>>, AppError> {
   |      ------------------------------------------------------ expected `&str` because of return type
...
88 |         serde_json::to_value(inspection)?,
   |         ^^^^^^^^^^^^^^^^^^^^^^^^^^^^^^^^^ expected `&str`, found `Value`
   |
   = note: `?` operator cannot convert from `JsonValue` to `&str`

error[E0277]: `?` couldn't convert the error to `AppError`
  --> src\handlers\purchase_inspection_handler.rs:88:41
   |
88 |         serde_json::to_value(inspection)?,
   |                                         ^ the trait `From<serde_json::Error>` is not implemented for `AppError`, which is required by `Result<ax
um::Json<ApiResponse<JsonValue>>, AppError>: FromResidual<Result<Infallible, serde_json::Error>>`
   |
   = note: the question mark operation (`?`) implicitly performs a conversion on the error value using the `From` trait
   = help: the trait `From<sea_orm::DbErr>` is implemented for `AppError`
   = help: for that trait implementation, expected `sea_orm::DbErr`, found `serde_json::Error`
   = note: required for `Result<axum::Json<ApiResponse<JsonValue>>, AppError>` to implement `FromResidual<Result<Infallible, serde_json::Error>>`

error[E0308]: mismatched types
  --> src\handlers\purchase_inspection_handler.rs:87:9
   |
86 |     Ok(Json(ApiResponse::success_with_message(
   |             --------------------------------- arguments to this function are incorrect
87 |         "閲囪喘璐ㄦ鍗曟洿鏂版垚鍔?,
   |         ^^^^^^^^^^^^^^^^^^^^ expected `Value`, found `&str`
   |
note: associated function defined here
  --> src\utils\response.rs:21:12
   |
21 |     pub fn success_with_message(data: T, message: &str) -> Self {
   |            ^^^^^^^^^^^^^^^^^^^^ -------
help: call `Into::into` on this expression to convert `&'static str` into `JsonValue`
   |
87 |         "閲囪喘璐ㄦ鍗曟洿鏂版垚鍔?.into(),
   |                             +++++++

warning: this function depends on never type fallback being `()`
  --> src\handlers\purchase_inspection_handler.rs:76:1
   |
76 | / pub async fn update_inspection(
77 | |     Path(id): Path<i32>,
78 | |     Json(req): Json<UpdatePurchaseInspectionRequest>,
79 | |     State(db): State<Arc<DatabaseConnection>>,
80 | | ) -> Result<Json<ApiResponse<serde_json::Value>>, AppError> {
   | |___________________________________________________________^
   |
   = warning: this was previously accepted by the compiler but is being phased out; it will become a hard error in a future release!
   = note: for more information, see issue #123748 <https://github.com/rust-lang/rust/issues/123748>
   = help: specify the types explicitly
note: in edition 2024, the requirement `!: Serialize` will fail
  --> src\handlers\purchase_inspection_handler.rs:88:30
   |
88 |         serde_json::to_value(inspection)?,
   |                              ^^^^^^^^^^

error[E0599]: no method named `validate` found for struct `CompleteInspectionRequest` in the current scope
   --> src\handlers\purchase_inspection_handler.rs:98:9
    |
98  |     req.validate().map_err(|e| {
    |         ^^^^^^^^ method not found in `CompleteInspectionRequest`
    |
   ::: src\services\purchase_inspection_service.rs:252:1
    |
252 | pub struct CompleteInspectionRequest {
    | ------------------------------------ method `validate` not found for this struct
    |
    = help: items from traits can only be used if the trait is implemented and in scope
    = note: the following traits define an item `validate`, perhaps you need to implement one of them:
            candidate #1: `Validate`
            candidate #2: `chumsky::Parser`
            candidate #3: `rust_xlsxwriter::ConditionalFormat`
            candidate #4: `webpki::verify_cert::ExtendedKeyUsageValidator`

error[E0308]: `?` operator has incompatible types
   --> src\handlers\purchase_inspection_handler.rs:109:9
    |
97  | ) -> Result<Json<ApiResponse<serde_json::Value>>, AppError> {
    |      ------------------------------------------------------ expected `&str` because of return type
...
109 |         serde_json::to_value(inspection)?,
    |         ^^^^^^^^^^^^^^^^^^^^^^^^^^^^^^^^^ expected `&str`, found `Value`
    |
    = note: `?` operator cannot convert from `JsonValue` to `&str`

error[E0277]: `?` couldn't convert the error to `AppError`
   --> src\handlers\purchase_inspection_handler.rs:109:41
    |
109 |         serde_json::to_value(inspection)?,
    |                                         ^ the trait `From<serde_json::Error>` is not implemented for `AppError`, which is required by `Result<a
xum::Json<ApiResponse<JsonValue>>, AppError>: FromResidual<Result<Infallible, serde_json::Error>>`
    |
    = note: the question mark operation (`?`) implicitly performs a conversion on the error value using the `From` trait
    = help: the trait `From<sea_orm::DbErr>` is implemented for `AppError`
    = help: for that trait implementation, expected `sea_orm::DbErr`, found `serde_json::Error`
    = note: required for `Result<axum::Json<ApiResponse<JsonValue>>, AppError>` to implement `FromResidual<Result<Infallible, serde_json::Error>>`

error[E0308]: mismatched types
   --> src\handlers\purchase_inspection_handler.rs:108:9
    |
107 |     Ok(Json(ApiResponse::success_with_message(
    |             --------------------------------- arguments to this function are incorrect
108 |         "閲囪喘璐ㄦ鍗曞凡瀹屾垚",
    |         ^^^^^^^^^^^^^^^^^^ expected `Value`, found `&str`
    |
note: associated function defined here
   --> src\utils\response.rs:21:12
    |
21  |     pub fn success_with_message(data: T, message: &str) -> Self {
    |            ^^^^^^^^^^^^^^^^^^^^ -------
help: call `Into::into` on this expression to convert `&'static str` into `JsonValue`
    |
108 |         "閲囪喘璐ㄦ鍗曞凡瀹屾垚".into(),
    |                           +++++++

warning: this function depends on never type fallback being `()`
   --> src\handlers\purchase_inspection_handler.rs:93:1
    |
93  | / pub async fn complete_inspection(
94  | |     Path(id): Path<i32>,
95  | |     Json(req): Json<CompleteInspectionRequest>,
96  | |     State(db): State<Arc<DatabaseConnection>>,
97  | | ) -> Result<Json<ApiResponse<serde_json::Value>>, AppError> {
    | |___________________________________________________________^
    |
    = warning: this was previously accepted by the compiler but is being phased out; it will become a hard error in a future release!
    = note: for more information, see issue #123748 <https://github.com/rust-lang/rust/issues/123748>
    = help: specify the types explicitly
note: in edition 2024, the requirement `!: Serialize` will fail
   --> src\handlers\purchase_inspection_handler.rs:109:30
    |
109 |         serde_json::to_value(inspection)?,
    |                              ^^^^^^^^^^

error[E0061]: this function takes 2 arguments but 1 argument was supplied
  --> src\handlers\ap_invoice_handler.rs:63:13
   |
63 |     Ok(Json(ApiResponse::success(result)))
   |             ^^^^^^^^^^^^^^^^^^^^-------- argument #2 of type `std::option::Option<std::string::String>` is missing
   |
note: associated function defined here
  --> src\utils\response.rs:12:12
   |
12 |     pub fn success(data: T, message: Option<String>) -> Self {
   |            ^^^^^^^ -------  -----------------------
help: provide the argument
   |
63 |     Ok(Json(ApiResponse::success(result, /* std::option::Option<std::string::String> */)))
   |                                 ~~~~~~~~~~~~~~~~~~~~~~~~~~~~~~~~~~~~~~~~~~~~~~~~~~~~~~~~

error[E0277]: `?` couldn't convert the error to `AppError`
  --> src\handlers\ap_invoice_handler.rs:79:63
   |
79 |     Ok(Json(ApiResponse::success(serde_json::to_value(invoice)?)))
   |                                                               ^ the trait `From<serde_json::Error>` is not implemented for `AppError`, which is 
required by `Result<axum::Json<ApiResponse<JsonValue>>, AppError>: FromResidual<Result<Infallible, serde_json::Error>>`
   |
   = note: the question mark operation (`?`) implicitly performs a conversion on the error value using the `From` trait
   = help: the trait `From<sea_orm::DbErr>` is implemented for `AppError`
   = help: for that trait implementation, expected `sea_orm::DbErr`, found `serde_json::Error`
   = note: required for `Result<axum::Json<ApiResponse<JsonValue>>, AppError>` to implement `FromResidual<Result<Infallible, serde_json::Error>>`

error[E0061]: this function takes 2 arguments but 1 argument was supplied
  --> src\handlers\ap_invoice_handler.rs:79:13
   |
79 |     Ok(Json(ApiResponse::success(serde_json::to_value(invoice)?)))
   |             ^^^^^^^^^^^^^^^^^^^^-------------------------------- argument #2 of type `std::option::Option<std::string::String>` is missing
   |
note: associated function defined here
  --> src\utils\response.rs:12:12
   |
12 |     pub fn success(data: T, message: Option<String>) -> Self {
   |            ^^^^^^^ -------  -----------------------
help: provide the argument
   |
79 |     Ok(Json(ApiResponse::success(serde_json::to_value(invoice)?, /* std::option::Option<std::string::String> */)))
   |                                 ~~~~~~~~~~~~~~~~~~~~~~~~~~~~~~~~~~~~~~~~~~~~~~~~~~~~~~~~~~~~~~~~~~~~~~~~~~~~~~~~

error[E0308]: `?` operator has incompatible types
   --> src\handlers\ap_invoice_handler.rs:103:9
    |
87  | ) -> Result<Json<ApiResponse<serde_json::Value>>, AppError> {
    |      ------------------------------------------------------ expected `&str` because of return type
...
103 |         serde_json::to_value(invoice)?,
    |         ^^^^^^^^^^^^^^^^^^^^^^^^^^^^^^ expected `&str`, found `Value`
    |
    = note: `?` operator cannot convert from `JsonValue` to `&str`

error[E0277]: `?` couldn't convert the error to `AppError`
   --> src\handlers\ap_invoice_handler.rs:103:38
    |
103 |         serde_json::to_value(invoice)?,
    |                                      ^ the trait `From<serde_json::Error>` is not implemented for `AppError`, which is required by `Result<axum
::Json<ApiResponse<JsonValue>>, AppError>: FromResidual<Result<Infallible, serde_json::Error>>`
    |
    = note: the question mark operation (`?`) implicitly performs a conversion on the error value using the `From` trait
    = help: the trait `From<sea_orm::DbErr>` is implemented for `AppError`
    = help: for that trait implementation, expected `sea_orm::DbErr`, found `serde_json::Error`
    = note: required for `Result<axum::Json<ApiResponse<JsonValue>>, AppError>` to implement `FromResidual<Result<Infallible, serde_json::Error>>`

error[E0308]: mismatched types
   --> src\handlers\ap_invoice_handler.rs:102:9
    |
101 |     Ok(Json(ApiResponse::success_with_message(
    |             --------------------------------- arguments to this function are incorrect
102 |         "搴斾粯鍗曞垱寤烘垚鍔?,
    |         ^^^^^^^^^^^^^^^^ expected `Value`, found `&str`
    |
note: associated function defined here
   --> src\utils\response.rs:21:12
    |
21  |     pub fn success_with_message(data: T, message: &str) -> Self {
    |            ^^^^^^^^^^^^^^^^^^^^ -------
help: call `Into::into` on this expression to convert `&'static str` into `JsonValue`
    |
102 |         "搴斾粯鍗曞垱寤烘垚鍔?.into(),
    |                         +++++++

error[E0308]: `?` operator has incompatible types
   --> src\handlers\ap_invoice_handler.rs:123:9
    |
113 | ) -> Result<Json<ApiResponse<serde_json::Value>>, AppError> {
    |      ------------------------------------------------------ expected `&str` because of return type
...
123 |         serde_json::to_value(invoice)?,
    |         ^^^^^^^^^^^^^^^^^^^^^^^^^^^^^^ expected `&str`, found `Value`
    |
    = note: `?` operator cannot convert from `JsonValue` to `&str`

error[E0277]: `?` couldn't convert the error to `AppError`
   --> src\handlers\ap_invoice_handler.rs:123:38
    |
123 |         serde_json::to_value(invoice)?,
    |                                      ^ the trait `From<serde_json::Error>` is not implemented for `AppError`, which is required by `Result<axum
::Json<ApiResponse<JsonValue>>, AppError>: FromResidual<Result<Infallible, serde_json::Error>>`
    |
    = note: the question mark operation (`?`) implicitly performs a conversion on the error value using the `From` trait
    = help: the trait `From<sea_orm::DbErr>` is implemented for `AppError`
    = help: for that trait implementation, expected `sea_orm::DbErr`, found `serde_json::Error`
    = note: required for `Result<axum::Json<ApiResponse<JsonValue>>, AppError>` to implement `FromResidual<Result<Infallible, serde_json::Error>>`

error[E0308]: mismatched types
   --> src\handlers\ap_invoice_handler.rs:122:9
    |
121 |     Ok(Json(ApiResponse::success_with_message(
    |             --------------------------------- arguments to this function are incorrect
122 |         "搴斾粯鍗曟洿鏂版垚鍔?,
    |         ^^^^^^^^^^^^^^^^ expected `Value`, found `&str`
    |
note: associated function defined here
   --> src\utils\response.rs:21:12
    |
21  |     pub fn success_with_message(data: T, message: &str) -> Self {
    |            ^^^^^^^^^^^^^^^^^^^^ -------
help: call `Into::into` on this expression to convert `&'static str` into `JsonValue`
    |
122 |         "搴斾粯鍗曟洿鏂版垚鍔?.into(),
    |                         +++++++

error[E0308]: arguments to this function are incorrect
   --> src\handlers\ap_invoice_handler.rs:140:13
    |
140 |     Ok(Json(ApiResponse::success_with_message("搴斾粯鍗曞垹闄ゆ垚鍔?, ())))
    |             ^^^^^^^^^^^^^^^^^^^^^^^^^^^^^^^^^ ----------------  -- expected `&str`, found `()`
    |                                               |
    |                                               expected `()`, found `&'static str`
    |
note: associated function defined here
   --> src\utils\response.rs:21:12
    |
21  |     pub fn success_with_message(data: T, message: &str) -> Self {
    |            ^^^^^^^^^^^^^^^^^^^^ -------  -------------
help: swap these arguments
    |
140 |     Ok(Json(ApiResponse::success_with_message((), "搴斾粯鍗曞垹闄ゆ垚鍔?)))
    |                                              ~~~~~~~~~~~~~~~~~~~~~~

error[E0308]: `?` operator has incompatible types
   --> src\handlers\ap_invoice_handler.rs:158:9
    |
148 | ) -> Result<Json<ApiResponse<serde_json::Value>>, AppError> {
    |      ------------------------------------------------------ expected `&str` because of return type
...
158 |         serde_json::to_value(invoice)?,
    |         ^^^^^^^^^^^^^^^^^^^^^^^^^^^^^^ expected `&str`, found `Value`
    |
    = note: `?` operator cannot convert from `JsonValue` to `&str`

error[E0277]: `?` couldn't convert the error to `AppError`
   --> src\handlers\ap_invoice_handler.rs:158:38
    |
158 |         serde_json::to_value(invoice)?,
    |                                      ^ the trait `From<serde_json::Error>` is not implemented for `AppError`, which is required by `Result<axum
::Json<ApiResponse<JsonValue>>, AppError>: FromResidual<Result<Infallible, serde_json::Error>>`
    |
    = note: the question mark operation (`?`) implicitly performs a conversion on the error value using the `From` trait
    = help: the trait `From<sea_orm::DbErr>` is implemented for `AppError`
    = help: for that trait implementation, expected `sea_orm::DbErr`, found `serde_json::Error`
    = note: required for `Result<axum::Json<ApiResponse<JsonValue>>, AppError>` to implement `FromResidual<Result<Infallible, serde_json::Error>>`

error[E0308]: mismatched types
   --> src\handlers\ap_invoice_handler.rs:157:9
    |
156 |     Ok(Json(ApiResponse::success_with_message(
    |             --------------------------------- arguments to this function are incorrect
157 |         "搴斾粯鍗曞鏍告垚鍔?,
    |         ^^^^^^^^^^^^^^^^ expected `Value`, found `&str`
    |
note: associated function defined here
   --> src\utils\response.rs:21:12
    |
21  |     pub fn success_with_message(data: T, message: &str) -> Self {
    |            ^^^^^^^^^^^^^^^^^^^^ -------
help: call `Into::into` on this expression to convert `&'static str` into `JsonValue`
    |
157 |         "搴斾粯鍗曞鏍告垚鍔?.into(),
    |                         +++++++

error[E0308]: `?` operator has incompatible types
   --> src\handlers\ap_invoice_handler.rs:183:9
    |
173 | ) -> Result<Json<ApiResponse<serde_json::Value>>, AppError> {
    |      ------------------------------------------------------ expected `&str` because of return type
...
183 |         serde_json::to_value(invoice)?,
    |         ^^^^^^^^^^^^^^^^^^^^^^^^^^^^^^ expected `&str`, found `Value`
    |
    = note: `?` operator cannot convert from `JsonValue` to `&str`

error[E0277]: `?` couldn't convert the error to `AppError`
   --> src\handlers\ap_invoice_handler.rs:183:38
    |
183 |         serde_json::to_value(invoice)?,
    |                                      ^ the trait `From<serde_json::Error>` is not implemented for `AppError`, which is required by `Result<axum
::Json<ApiResponse<JsonValue>>, AppError>: FromResidual<Result<Infallible, serde_json::Error>>`
    |
    = note: the question mark operation (`?`) implicitly performs a conversion on the error value using the `From` trait
    = help: the trait `From<sea_orm::DbErr>` is implemented for `AppError`
    = help: for that trait implementation, expected `sea_orm::DbErr`, found `serde_json::Error`
    = note: required for `Result<axum::Json<ApiResponse<JsonValue>>, AppError>` to implement `FromResidual<Result<Infallible, serde_json::Error>>`

error[E0308]: mismatched types
   --> src\handlers\ap_invoice_handler.rs:182:9
    |
181 |     Ok(Json(ApiResponse::success_with_message(
    |             --------------------------------- arguments to this function are incorrect
182 |         "搴斾粯鍗曞彇娑堟垚鍔?,
    |         ^^^^^^^^^^^^^^^^ expected `Value`, found `&str`
    |
note: associated function defined here
   --> src\utils\response.rs:21:12
    |
21  |     pub fn success_with_message(data: T, message: &str) -> Self {
    |            ^^^^^^^^^^^^^^^^^^^^ -------
help: call `Into::into` on this expression to convert `&'static str` into `JsonValue`
    |
182 |         "搴斾粯鍗曞彇娑堟垚鍔?.into(),
    |                         +++++++

error[E0308]: `?` operator has incompatible types
   --> src\handlers\ap_invoice_handler.rs:207:9
    |
197 | ) -> Result<Json<ApiResponse<serde_json::Value>>, AppError> {
    |      ------------------------------------------------------ expected `&str` because of return type
...
207 |         serde_json::to_value(invoice)?,
    |         ^^^^^^^^^^^^^^^^^^^^^^^^^^^^^^ expected `&str`, found `Value`
    |
    = note: `?` operator cannot convert from `JsonValue` to `&str`

error[E0277]: `?` couldn't convert the error to `AppError`
   --> src\handlers\ap_invoice_handler.rs:207:38
    |
207 |         serde_json::to_value(invoice)?,
    |                                      ^ the trait `From<serde_json::Error>` is not implemented for `AppError`, which is required by `Result<axum
::Json<ApiResponse<JsonValue>>, AppError>: FromResidual<Result<Infallible, serde_json::Error>>`
    |
    = note: the question mark operation (`?`) implicitly performs a conversion on the error value using the `From` trait
    = help: the trait `From<sea_orm::DbErr>` is implemented for `AppError`
    = help: for that trait implementation, expected `sea_orm::DbErr`, found `serde_json::Error`
    = note: required for `Result<axum::Json<ApiResponse<JsonValue>>, AppError>` to implement `FromResidual<Result<Infallible, serde_json::Error>>`

error[E0308]: mismatched types
   --> src\handlers\ap_invoice_handler.rs:206:9
    |
205 |     Ok(Json(ApiResponse::success_with_message(
    |             --------------------------------- arguments to this function are incorrect
206 |         "搴斾粯鍗曡嚜鍔ㄧ敓鎴愭垚鍔?,
    |         ^^^^^^^^^^^^^^^^^^^^ expected `Value`, found `&str`
    |
note: associated function defined here
   --> src\utils\response.rs:21:12
    |
21  |     pub fn success_with_message(data: T, message: &str) -> Self {
    |            ^^^^^^^^^^^^^^^^^^^^ -------
help: call `Into::into` on this expression to convert `&'static str` into `JsonValue`
    |
206 |         "搴斾粯鍗曡嚜鍔ㄧ敓鎴愭垚鍔?.into(),
    |                             +++++++

error[E0277]: `?` couldn't convert the error to `AppError`
   --> src\handlers\ap_invoice_handler.rs:224:66
    |
224 |     Ok(Json(ApiResponse::success(serde_json::to_value(aging_data)?)))
    |                                                                  ^ the trait `From<serde_json::Error>` is not implemented for `AppError`, which
 is required by `Result<axum::Json<ApiResponse<JsonValue>>, AppError>: FromResidual<Result<Infallible, serde_json::Error>>`
    |
    = note: the question mark operation (`?`) implicitly performs a conversion on the error value using the `From` trait
    = help: the trait `From<sea_orm::DbErr>` is implemented for `AppError`
    = help: for that trait implementation, expected `sea_orm::DbErr`, found `serde_json::Error`
    = note: required for `Result<axum::Json<ApiResponse<JsonValue>>, AppError>` to implement `FromResidual<Result<Infallible, serde_json::Error>>`

error[E0061]: this function takes 2 arguments but 1 argument was supplied
   --> src\handlers\ap_invoice_handler.rs:224:13
    |
224 |     Ok(Json(ApiResponse::success(serde_json::to_value(aging_data)?)))
    |             ^^^^^^^^^^^^^^^^^^^^----------------------------------- argument #2 of type `std::option::Option<std::string::String>` is missing
    |
note: associated function defined here
   --> src\utils\response.rs:12:12
    |
12  |     pub fn success(data: T, message: Option<String>) -> Self {
    |            ^^^^^^^ -------  -----------------------
help: provide the argument
    |
224 |     Ok(Json(ApiResponse::success(serde_json::to_value(aging_data)?, /* std::option::Option<std::string::String> */)))
    |                                 ~~~~~~~~~~~~~~~~~~~~~~~~~~~~~~~~~~~~~~~~~~~~~~~~~~~~~~~~~~~~~~~~~~~~~~~~~~~~~~~~~~~

error[E0277]: `?` couldn't convert the error to `AppError`
   --> src\handlers\ap_invoice_handler.rs:240:63
    |
240 |     Ok(Json(ApiResponse::success(serde_json::to_value(summary)?)))
    |                                                               ^ the trait `From<serde_json::Error>` is not implemented for `AppError`, which is
 required by `Result<axum::Json<ApiResponse<JsonValue>>, AppError>: FromResidual<Result<Infallible, serde_json::Error>>`
    |
    = note: the question mark operation (`?`) implicitly performs a conversion on the error value using the `From` trait
    = help: the trait `From<sea_orm::DbErr>` is implemented for `AppError`
    = help: for that trait implementation, expected `sea_orm::DbErr`, found `serde_json::Error`
    = note: required for `Result<axum::Json<ApiResponse<JsonValue>>, AppError>` to implement `FromResidual<Result<Infallible, serde_json::Error>>`

error[E0061]: this function takes 2 arguments but 1 argument was supplied
   --> src\handlers\ap_invoice_handler.rs:240:13
    |
240 |     Ok(Json(ApiResponse::success(serde_json::to_value(summary)?)))
    |             ^^^^^^^^^^^^^^^^^^^^-------------------------------- argument #2 of type `std::option::Option<std::string::String>` is missing
    |
note: associated function defined here
   --> src\utils\response.rs:12:12
    |
12  |     pub fn success(data: T, message: Option<String>) -> Self {
    |            ^^^^^^^ -------  -----------------------
help: provide the argument
    |
240 |     Ok(Json(ApiResponse::success(serde_json::to_value(summary)?, /* std::option::Option<std::string::String> */)))
    |                                 ~~~~~~~~~~~~~~~~~~~~~~~~~~~~~~~~~~~~~~~~~~~~~~~~~~~~~~~~~~~~~~~~~~~~~~~~~~~~~~~~

error[E0061]: this function takes 2 arguments but 1 argument was supplied
   --> src\handlers\ap_invoice_handler.rs:256:13
    |
256 |     Ok(Json(ApiResponse::success(result)))
    |             ^^^^^^^^^^^^^^^^^^^^-------- argument #2 of type `std::option::Option<std::string::String>` is missing
    |
note: associated function defined here
   --> src\utils\response.rs:12:12
    |
12  |     pub fn success(data: T, message: Option<String>) -> Self {
    |            ^^^^^^^ -------  -----------------------
help: provide the argument
    |
256 |     Ok(Json(ApiResponse::success(result, /* std::option::Option<std::string::String> */)))
    |                                 ~~~~~~~~~~~~~~~~~~~~~~~~~~~~~~~~~~~~~~~~~~~~~~~~~~~~~~~~

error[E0061]: this function takes 2 arguments but 1 argument was supplied
  --> src\handlers\ap_payment_request_handler.rs:63:13
   |
63 |     Ok(Json(ApiResponse::success(result)))
   |             ^^^^^^^^^^^^^^^^^^^^-------- argument #2 of type `std::option::Option<std::string::String>` is missing
   |
note: associated function defined here
  --> src\utils\response.rs:12:12
   |
12 |     pub fn success(data: T, message: Option<String>) -> Self {
   |            ^^^^^^^ -------  -----------------------
help: provide the argument
   |
63 |     Ok(Json(ApiResponse::success(result, /* std::option::Option<std::string::String> */)))
   |                                 ~~~~~~~~~~~~~~~~~~~~~~~~~~~~~~~~~~~~~~~~~~~~~~~~~~~~~~~~

error[E0277]: `?` couldn't convert the error to `AppError`
  --> src\handlers\ap_payment_request_handler.rs:79:63
   |
79 |     Ok(Json(ApiResponse::success(serde_json::to_value(request)?)))
   |                                                               ^ the trait `From<serde_json::Error>` is not implemented for `AppError`, which is 
required by `Result<axum::Json<ApiResponse<JsonValue>>, AppError>: FromResidual<Result<Infallible, serde_json::Error>>`
   |
   = note: the question mark operation (`?`) implicitly performs a conversion on the error value using the `From` trait
   = help: the trait `From<sea_orm::DbErr>` is implemented for `AppError`
   = help: for that trait implementation, expected `sea_orm::DbErr`, found `serde_json::Error`
   = note: required for `Result<axum::Json<ApiResponse<JsonValue>>, AppError>` to implement `FromResidual<Result<Infallible, serde_json::Error>>`

error[E0061]: this function takes 2 arguments but 1 argument was supplied
  --> src\handlers\ap_payment_request_handler.rs:79:13
   |
79 |     Ok(Json(ApiResponse::success(serde_json::to_value(request)?)))
   |             ^^^^^^^^^^^^^^^^^^^^-------------------------------- argument #2 of type `std::option::Option<std::string::String>` is missing
   |
note: associated function defined here
  --> src\utils\response.rs:12:12
   |
12 |     pub fn success(data: T, message: Option<String>) -> Self {
   |            ^^^^^^^ -------  -----------------------
help: provide the argument
   |
79 |     Ok(Json(ApiResponse::success(serde_json::to_value(request)?, /* std::option::Option<std::string::String> */)))
   |                                 ~~~~~~~~~~~~~~~~~~~~~~~~~~~~~~~~~~~~~~~~~~~~~~~~~~~~~~~~~~~~~~~~~~~~~~~~~~~~~~~~

error[E0308]: `?` operator has incompatible types
   --> src\handlers\ap_payment_request_handler.rs:102:9
    |
87  | ) -> Result<Json<ApiResponse<serde_json::Value>>, AppError> {
    |      ------------------------------------------------------ expected `&str` because of return type
...
102 |         serde_json::to_value(request)?,
    |         ^^^^^^^^^^^^^^^^^^^^^^^^^^^^^^ expected `&str`, found `Value`
    |
    = note: `?` operator cannot convert from `JsonValue` to `&str`

error[E0277]: `?` couldn't convert the error to `AppError`
   --> src\handlers\ap_payment_request_handler.rs:102:38
    |
102 |         serde_json::to_value(request)?,
    |                                      ^ the trait `From<serde_json::Error>` is not implemented for `AppError`, which is required by `Result<axum
::Json<ApiResponse<JsonValue>>, AppError>: FromResidual<Result<Infallible, serde_json::Error>>`
    |
    = note: the question mark operation (`?`) implicitly performs a conversion on the error value using the `From` trait
    = help: the trait `From<sea_orm::DbErr>` is implemented for `AppError`
    = help: for that trait implementation, expected `sea_orm::DbErr`, found `serde_json::Error`
    = note: required for `Result<axum::Json<ApiResponse<JsonValue>>, AppError>` to implement `FromResidual<Result<Infallible, serde_json::Error>>`

error[E0308]: mismatched types
   --> src\handlers\ap_payment_request_handler.rs:101:9
    |
100 |     Ok(Json(ApiResponse::success_with_message(
    |             --------------------------------- arguments to this function are incorrect
101 |         "浠樻鐢宠鍒涘缓鎴愬姛",
    |         ^^^^^^^^^^^^^^^^^^ expected `Value`, found `&str`
    |
note: associated function defined here
   --> src\utils\response.rs:21:12
    |
21  |     pub fn success_with_message(data: T, message: &str) -> Self {
    |            ^^^^^^^^^^^^^^^^^^^^ -------
help: call `Into::into` on this expression to convert `&'static str` into `JsonValue`
    |
101 |         "浠樻鐢宠鍒涘缓鎴愬姛".into(),
    |                           +++++++

error[E0308]: `?` operator has incompatible types
   --> src\handlers\ap_payment_request_handler.rs:127:9
    |
112 | ) -> Result<Json<ApiResponse<serde_json::Value>>, AppError> {
    |      ------------------------------------------------------ expected `&str` because of return type
...
127 |         serde_json::to_value(request)?,
    |         ^^^^^^^^^^^^^^^^^^^^^^^^^^^^^^ expected `&str`, found `Value`
    |
    = note: `?` operator cannot convert from `JsonValue` to `&str`

error[E0277]: `?` couldn't convert the error to `AppError`
   --> src\handlers\ap_payment_request_handler.rs:127:38
    |
127 |         serde_json::to_value(request)?,
    |                                      ^ the trait `From<serde_json::Error>` is not implemented for `AppError`, which is required by `Result<axum
::Json<ApiResponse<JsonValue>>, AppError>: FromResidual<Result<Infallible, serde_json::Error>>`
    |
    = note: the question mark operation (`?`) implicitly performs a conversion on the error value using the `From` trait
    = help: the trait `From<sea_orm::DbErr>` is implemented for `AppError`
    = help: for that trait implementation, expected `sea_orm::DbErr`, found `serde_json::Error`
    = note: required for `Result<axum::Json<ApiResponse<JsonValue>>, AppError>` to implement `FromResidual<Result<Infallible, serde_json::Error>>`

error[E0308]: mismatched types
   --> src\handlers\ap_payment_request_handler.rs:126:9
    |
125 |     Ok(Json(ApiResponse::success_with_message(
    |             --------------------------------- arguments to this function are incorrect
126 |         "浠樻鐢宠鏇存柊鎴愬姛",
    |         ^^^^^^^^^^^^^^^^^^ expected `Value`, found `&str`
    |
note: associated function defined here
   --> src\utils\response.rs:21:12
    |
21  |     pub fn success_with_message(data: T, message: &str) -> Self {
    |            ^^^^^^^^^^^^^^^^^^^^ -------
help: call `Into::into` on this expression to convert `&'static str` into `JsonValue`
    |
126 |         "浠樻鐢宠鏇存柊鎴愬姛".into(),
    |                           +++++++

error[E0308]: arguments to this function are incorrect
   --> src\handlers\ap_payment_request_handler.rs:144:13
    |
144 |     Ok(Json(ApiResponse::success_with_message("浠樻鐢宠鍒犻櫎鎴愬姛", ())))
    |             ^^^^^^^^^^^^^^^^^^^^^^^^^^^^^^^^^ ------------------  -- expected `&str`, found `()`
    |                                               |
    |                                               expected `()`, found `&'static str`
    |
note: associated function defined here
   --> src\utils\response.rs:21:12
    |
21  |     pub fn success_with_message(data: T, message: &str) -> Self {
    |            ^^^^^^^^^^^^^^^^^^^^ -------  -------------
help: swap these arguments
    |
144 |     Ok(Json(ApiResponse::success_with_message((), "浠樻鐢宠鍒犻櫎鎴愬姛")))
    |                                              ~~~~~~~~~~~~~~~~~~~~~~~~

error[E0308]: `?` operator has incompatible types
   --> src\handlers\ap_payment_request_handler.rs:162:9
    |
152 | ) -> Result<Json<ApiResponse<serde_json::Value>>, AppError> {
    |      ------------------------------------------------------ expected `&str` because of return type
...
162 |         serde_json::to_value(request)?,
    |         ^^^^^^^^^^^^^^^^^^^^^^^^^^^^^^ expected `&str`, found `Value`
    |
    = note: `?` operator cannot convert from `JsonValue` to `&str`

error[E0277]: `?` couldn't convert the error to `AppError`
   --> src\handlers\ap_payment_request_handler.rs:162:38
    |
162 |         serde_json::to_value(request)?,
    |                                      ^ the trait `From<serde_json::Error>` is not implemented for `AppError`, which is required by `Result<axum
::Json<ApiResponse<JsonValue>>, AppError>: FromResidual<Result<Infallible, serde_json::Error>>`
    |
    = note: the question mark operation (`?`) implicitly performs a conversion on the error value using the `From` trait
    = help: the trait `From<sea_orm::DbErr>` is implemented for `AppError`
    = help: for that trait implementation, expected `sea_orm::DbErr`, found `serde_json::Error`
    = note: required for `Result<axum::Json<ApiResponse<JsonValue>>, AppError>` to implement `FromResidual<Result<Infallible, serde_json::Error>>`

error[E0308]: mismatched types
   --> src\handlers\ap_payment_request_handler.rs:161:9
    |
160 |     Ok(Json(ApiResponse::success_with_message(
    |             --------------------------------- arguments to this function are incorrect
161 |         "浠樻鐢宠鎻愪氦鎴愬姛",
    |         ^^^^^^^^^^^^^^^^^^ expected `Value`, found `&str`
    |
note: associated function defined here
   --> src\utils\response.rs:21:12
    |
21  |     pub fn success_with_message(data: T, message: &str) -> Self {
    |            ^^^^^^^^^^^^^^^^^^^^ -------
help: call `Into::into` on this expression to convert `&'static str` into `JsonValue`
    |
161 |         "浠樻鐢宠鎻愪氦鎴愬姛".into(),
    |                           +++++++

error[E0308]: `?` operator has incompatible types
   --> src\handlers\ap_payment_request_handler.rs:181:9
    |
171 | ) -> Result<Json<ApiResponse<serde_json::Value>>, AppError> {
    |      ------------------------------------------------------ expected `&str` because of return type
...
181 |         serde_json::to_value(request)?,
    |         ^^^^^^^^^^^^^^^^^^^^^^^^^^^^^^ expected `&str`, found `Value`
    |
    = note: `?` operator cannot convert from `JsonValue` to `&str`

error[E0277]: `?` couldn't convert the error to `AppError`
   --> src\handlers\ap_payment_request_handler.rs:181:38
    |
181 |         serde_json::to_value(request)?,
    |                                      ^ the trait `From<serde_json::Error>` is not implemented for `AppError`, which is required by `Result<axum
::Json<ApiResponse<JsonValue>>, AppError>: FromResidual<Result<Infallible, serde_json::Error>>`
    |
    = note: the question mark operation (`?`) implicitly performs a conversion on the error value using the `From` trait
    = help: the trait `From<sea_orm::DbErr>` is implemented for `AppError`
    = help: for that trait implementation, expected `sea_orm::DbErr`, found `serde_json::Error`
    = note: required for `Result<axum::Json<ApiResponse<JsonValue>>, AppError>` to implement `FromResidual<Result<Infallible, serde_json::Error>>`

error[E0308]: mismatched types
   --> src\handlers\ap_payment_request_handler.rs:180:9
    |
179 |     Ok(Json(ApiResponse::success_with_message(
    |             --------------------------------- arguments to this function are incorrect
180 |         "浠樻鐢宠瀹℃壒閫氳繃",
    |         ^^^^^^^^^^^^^^^^^^ expected `Value`, found `&str`
    |
note: associated function defined here
   --> src\utils\response.rs:21:12
    |
21  |     pub fn success_with_message(data: T, message: &str) -> Self {
    |            ^^^^^^^^^^^^^^^^^^^^ -------
help: call `Into::into` on this expression to convert `&'static str` into `JsonValue`
    |
180 |         "浠樻鐢宠瀹℃壒閫氳繃".into(),
    |                           +++++++

error[E0308]: `?` operator has incompatible types
   --> src\handlers\ap_payment_request_handler.rs:206:9
    |
196 | ) -> Result<Json<ApiResponse<serde_json::Value>>, AppError> {
    |      ------------------------------------------------------ expected `&str` because of return type
...
206 |         serde_json::to_value(request)?,
    |         ^^^^^^^^^^^^^^^^^^^^^^^^^^^^^^ expected `&str`, found `Value`
    |
    = note: `?` operator cannot convert from `JsonValue` to `&str`

error[E0277]: `?` couldn't convert the error to `AppError`
   --> src\handlers\ap_payment_request_handler.rs:206:38
    |
206 |         serde_json::to_value(request)?,
    |                                      ^ the trait `From<serde_json::Error>` is not implemented for `AppError`, which is required by `Result<axum
::Json<ApiResponse<JsonValue>>, AppError>: FromResidual<Result<Infallible, serde_json::Error>>`
    |
    = note: the question mark operation (`?`) implicitly performs a conversion on the error value using the `From` trait
    = help: the trait `From<sea_orm::DbErr>` is implemented for `AppError`
    = help: for that trait implementation, expected `sea_orm::DbErr`, found `serde_json::Error`
    = note: required for `Result<axum::Json<ApiResponse<JsonValue>>, AppError>` to implement `FromResidual<Result<Infallible, serde_json::Error>>`

error[E0308]: mismatched types
   --> src\handlers\ap_payment_request_handler.rs:205:9
    |
204 |     Ok(Json(ApiResponse::success_with_message(
    |             --------------------------------- arguments to this function are incorrect
205 |         "浠樻鐢宠宸叉嫆缁?,
    |         ^^^^^^^^^^^^^^^^ expected `Value`, found `&str`
    |
note: associated function defined here
   --> src\utils\response.rs:21:12
    |
21  |     pub fn success_with_message(data: T, message: &str) -> Self {
    |            ^^^^^^^^^^^^^^^^^^^^ -------
help: call `Into::into` on this expression to convert `&'static str` into `JsonValue`
    |
205 |         "浠樻鐢宠宸叉嫆缁?.into(),
    |                         +++++++

error[E0061]: this function takes 2 arguments but 1 argument was supplied
  --> src\handlers\ap_payment_handler.rs:63:13
   |
63 |     Ok(Json(ApiResponse::success(result)))
   |             ^^^^^^^^^^^^^^^^^^^^-------- argument #2 of type `std::option::Option<std::string::String>` is missing
   |
note: associated function defined here
  --> src\utils\response.rs:12:12
   |
12 |     pub fn success(data: T, message: Option<String>) -> Self {
   |            ^^^^^^^ -------  -----------------------
help: provide the argument
   |
63 |     Ok(Json(ApiResponse::success(result, /* std::option::Option<std::string::String> */)))
   |                                 ~~~~~~~~~~~~~~~~~~~~~~~~~~~~~~~~~~~~~~~~~~~~~~~~~~~~~~~~

error[E0277]: `?` couldn't convert the error to `AppError`
  --> src\handlers\ap_payment_handler.rs:79:63
   |
79 |     Ok(Json(ApiResponse::success(serde_json::to_value(payment)?)))
   |                                                               ^ the trait `From<serde_json::Error>` is not implemented for `AppError`, which is 
required by `Result<axum::Json<ApiResponse<JsonValue>>, AppError>: FromResidual<Result<Infallible, serde_json::Error>>`
   |
   = note: the question mark operation (`?`) implicitly performs a conversion on the error value using the `From` trait
   = help: the trait `From<sea_orm::DbErr>` is implemented for `AppError`
   = help: for that trait implementation, expected `sea_orm::DbErr`, found `serde_json::Error`
   = note: required for `Result<axum::Json<ApiResponse<JsonValue>>, AppError>` to implement `FromResidual<Result<Infallible, serde_json::Error>>`

error[E0061]: this function takes 2 arguments but 1 argument was supplied
  --> src\handlers\ap_payment_handler.rs:79:13
   |
79 |     Ok(Json(ApiResponse::success(serde_json::to_value(payment)?)))
   |             ^^^^^^^^^^^^^^^^^^^^-------------------------------- argument #2 of type `std::option::Option<std::string::String>` is missing
   |
note: associated function defined here
  --> src\utils\response.rs:12:12
   |
12 |     pub fn success(data: T, message: Option<String>) -> Self {
   |            ^^^^^^^ -------  -----------------------
help: provide the argument
   |
79 |     Ok(Json(ApiResponse::success(serde_json::to_value(payment)?, /* std::option::Option<std::string::String> */)))
   |                                 ~~~~~~~~~~~~~~~~~~~~~~~~~~~~~~~~~~~~~~~~~~~~~~~~~~~~~~~~~~~~~~~~~~~~~~~~~~~~~~~~

error[E0609]: no field `supplier_id` on type `ap_payment_service::CreateApPaymentRequest`
  --> src\handlers\ap_payment_handler.rs:88:55
   |
88 |     info!("鐢ㄦ埛 {} 鍒涘缓浠樻锛屼緵搴斿晢 ID: {}", auth.username, req.supplier_id);
   |                                                                 ^^^^^^^^^^^ unknown field
   |
   = note: available fields are: `request_id`, `payment_date`, `notes`, `attachment_urls`

error[E0308]: `?` operator has incompatible types
   --> src\handlers\ap_payment_handler.rs:102:9
    |
87  | ) -> Result<Json<ApiResponse<serde_json::Value>>, AppError> {
    |      ------------------------------------------------------ expected `&str` because of return type
...
102 |         serde_json::to_value(payment)?,
    |         ^^^^^^^^^^^^^^^^^^^^^^^^^^^^^^ expected `&str`, found `Value`
    |
    = note: `?` operator cannot convert from `JsonValue` to `&str`

error[E0277]: `?` couldn't convert the error to `AppError`
   --> src\handlers\ap_payment_handler.rs:102:38
    |
102 |         serde_json::to_value(payment)?,
    |                                      ^ the trait `From<serde_json::Error>` is not implemented for `AppError`, which is required by `Result<axum
::Json<ApiResponse<JsonValue>>, AppError>: FromResidual<Result<Infallible, serde_json::Error>>`
    |
    = note: the question mark operation (`?`) implicitly performs a conversion on the error value using the `From` trait
    = help: the trait `From<sea_orm::DbErr>` is implemented for `AppError`
    = help: for that trait implementation, expected `sea_orm::DbErr`, found `serde_json::Error`
    = note: required for `Result<axum::Json<ApiResponse<JsonValue>>, AppError>` to implement `FromResidual<Result<Infallible, serde_json::Error>>`

error[E0308]: mismatched types
   --> src\handlers\ap_payment_handler.rs:101:9
    |
100 |     Ok(Json(ApiResponse::success_with_message(
    |             --------------------------------- arguments to this function are incorrect
101 |         "浠樻鍒涘缓鎴愬姛",
    |         ^^^^^^^^^^^^^^ expected `Value`, found `&str`
    |
note: associated function defined here
   --> src\utils\response.rs:21:12
    |
21  |     pub fn success_with_message(data: T, message: &str) -> Self {
    |            ^^^^^^^^^^^^^^^^^^^^ -------
help: call `Into::into` on this expression to convert `&'static str` into `JsonValue`
    |
101 |         "浠樻鍒涘缓鎴愬姛".into(),
    |                       +++++++

error[E0308]: `?` operator has incompatible types
   --> src\handlers\ap_payment_handler.rs:127:9
    |
112 | ) -> Result<Json<ApiResponse<serde_json::Value>>, AppError> {
    |      ------------------------------------------------------ expected `&str` because of return type
...
127 |         serde_json::to_value(payment)?,
    |         ^^^^^^^^^^^^^^^^^^^^^^^^^^^^^^ expected `&str`, found `Value`
    |
    = note: `?` operator cannot convert from `JsonValue` to `&str`

error[E0277]: `?` couldn't convert the error to `AppError`
   --> src\handlers\ap_payment_handler.rs:127:38
    |
127 |         serde_json::to_value(payment)?,
    |                                      ^ the trait `From<serde_json::Error>` is not implemented for `AppError`, which is required by `Result<axum
::Json<ApiResponse<JsonValue>>, AppError>: FromResidual<Result<Infallible, serde_json::Error>>`
    |
    = note: the question mark operation (`?`) implicitly performs a conversion on the error value using the `From` trait
    = help: the trait `From<sea_orm::DbErr>` is implemented for `AppError`
    = help: for that trait implementation, expected `sea_orm::DbErr`, found `serde_json::Error`
    = note: required for `Result<axum::Json<ApiResponse<JsonValue>>, AppError>` to implement `FromResidual<Result<Infallible, serde_json::Error>>`

error[E0308]: mismatched types
   --> src\handlers\ap_payment_handler.rs:126:9
    |
125 |     Ok(Json(ApiResponse::success_with_message(
    |             --------------------------------- arguments to this function are incorrect
126 |         "浠樻鏇存柊鎴愬姛",
    |         ^^^^^^^^^^^^^^ expected `Value`, found `&str`
    |
note: associated function defined here
   --> src\utils\response.rs:21:12
    |
21  |     pub fn success_with_message(data: T, message: &str) -> Self {
    |            ^^^^^^^^^^^^^^^^^^^^ -------
help: call `Into::into` on this expression to convert `&'static str` into `JsonValue`
    |
126 |         "浠樻鏇存柊鎴愬姛".into(),
    |                       +++++++

error[E0308]: `?` operator has incompatible types
   --> src\handlers\ap_payment_handler.rs:146:9
    |
136 | ) -> Result<Json<ApiResponse<serde_json::Value>>, AppError> {
    |      ------------------------------------------------------ expected `&str` because of return type
...
146 |         serde_json::to_value(payment)?,
    |         ^^^^^^^^^^^^^^^^^^^^^^^^^^^^^^ expected `&str`, found `Value`
    |
    = note: `?` operator cannot convert from `JsonValue` to `&str`

error[E0277]: `?` couldn't convert the error to `AppError`
   --> src\handlers\ap_payment_handler.rs:146:38
    |
146 |         serde_json::to_value(payment)?,
    |                                      ^ the trait `From<serde_json::Error>` is not implemented for `AppError`, which is required by `Result<axum
::Json<ApiResponse<JsonValue>>, AppError>: FromResidual<Result<Infallible, serde_json::Error>>`
    |
    = note: the question mark operation (`?`) implicitly performs a conversion on the error value using the `From` trait
    = help: the trait `From<sea_orm::DbErr>` is implemented for `AppError`
    = help: for that trait implementation, expected `sea_orm::DbErr`, found `serde_json::Error`
    = note: required for `Result<axum::Json<ApiResponse<JsonValue>>, AppError>` to implement `FromResidual<Result<Infallible, serde_json::Error>>`

error[E0308]: mismatched types
   --> src\handlers\ap_payment_handler.rs:145:9
    |
144 |     Ok(Json(ApiResponse::success_with_message(
    |             --------------------------------- arguments to this function are incorrect
145 |         "浠樻纭鎴愬姛",
    |         ^^^^^^^^^^^^^^ expected `Value`, found `&str`
    |
note: associated function defined here
   --> src\utils\response.rs:21:12
    |
21  |     pub fn success_with_message(data: T, message: &str) -> Self {
    |            ^^^^^^^^^^^^^^^^^^^^ -------
help: call `Into::into` on this expression to convert `&'static str` into `JsonValue`
    |
145 |         "浠樻纭鎴愬姛".into(),
    |                       +++++++

error[E0277]: `?` couldn't convert the error to `AppError`
   --> src\handlers\ap_payment_handler.rs:174:64
    |
174 |     Ok(Json(ApiResponse::success(serde_json::to_value(schedule)?)))
    |                                                                ^ the trait `From<serde_json::Error>` is not implemented for `AppError`, which i
s required by `Result<axum::Json<ApiResponse<JsonValue>>, AppError>: FromResidual<Result<Infallible, serde_json::Error>>`
    |
    = note: the question mark operation (`?`) implicitly performs a conversion on the error value using the `From` trait
    = help: the trait `From<sea_orm::DbErr>` is implemented for `AppError`
    = help: for that trait implementation, expected `sea_orm::DbErr`, found `serde_json::Error`
    = note: required for `Result<axum::Json<ApiResponse<JsonValue>>, AppError>` to implement `FromResidual<Result<Infallible, serde_json::Error>>`

error[E0061]: this function takes 2 arguments but 1 argument was supplied
   --> src\handlers\ap_payment_handler.rs:174:13
    |
174 |     Ok(Json(ApiResponse::success(serde_json::to_value(schedule)?)))
    |             ^^^^^^^^^^^^^^^^^^^^--------------------------------- argument #2 of type `std::option::Option<std::string::String>` is missing
    |
note: associated function defined here
   --> src\utils\response.rs:12:12
    |
12  |     pub fn success(data: T, message: Option<String>) -> Self {
    |            ^^^^^^^ -------  -----------------------
help: provide the argument
    |
174 |     Ok(Json(ApiResponse::success(serde_json::to_value(schedule)?, /* std::option::Option<std::string::String> */)))
    |                                 ~~~~~~~~~~~~~~~~~~~~~~~~~~~~~~~~~~~~~~~~~~~~~~~~~~~~~~~~~~~~~~~~~~~~~~~~~~~~~~~~~

error[E0061]: this function takes 2 arguments but 1 argument was supplied
  --> src\handlers\ap_verification_handler.rs:61:13
   |
61 |     Ok(Json(ApiResponse::success(result)))
   |             ^^^^^^^^^^^^^^^^^^^^-------- argument #2 of type `std::option::Option<std::string::String>` is missing
   |
note: associated function defined here
  --> src\utils\response.rs:12:12
   |
12 |     pub fn success(data: T, message: Option<String>) -> Self {
   |            ^^^^^^^ -------  -----------------------
help: provide the argument
   |
61 |     Ok(Json(ApiResponse::success(result, /* std::option::Option<std::string::String> */)))
   |                                 ~~~~~~~~~~~~~~~~~~~~~~~~~~~~~~~~~~~~~~~~~~~~~~~~~~~~~~~~

error[E0277]: `?` couldn't convert the error to `AppError`
  --> src\handlers\ap_verification_handler.rs:77:68
   |
77 |     Ok(Json(ApiResponse::success(serde_json::to_value(verification)?)))
   |                                                                    ^ the trait `From<serde_json::Error>` is not implemented for `AppError`, whic
h is required by `Result<axum::Json<ApiResponse<JsonValue>>, AppError>: FromResidual<Result<Infallible, serde_json::Error>>`
   |
   = note: the question mark operation (`?`) implicitly performs a conversion on the error value using the `From` trait
   = help: the trait `From<sea_orm::DbErr>` is implemented for `AppError`
   = help: for that trait implementation, expected `sea_orm::DbErr`, found `serde_json::Error`
   = note: required for `Result<axum::Json<ApiResponse<JsonValue>>, AppError>` to implement `FromResidual<Result<Infallible, serde_json::Error>>`

error[E0061]: this function takes 2 arguments but 1 argument was supplied
  --> src\handlers\ap_verification_handler.rs:77:13
   |
77 |     Ok(Json(ApiResponse::success(serde_json::to_value(verification)?)))
   |             ^^^^^^^^^^^^^^^^^^^^------------------------------------- argument #2 of type `std::option::Option<std::string::String>` is missing
   |
note: associated function defined here
  --> src\utils\response.rs:12:12
   |
12 |     pub fn success(data: T, message: Option<String>) -> Self {
   |            ^^^^^^^ -------  -----------------------
help: provide the argument
   |
77 |     Ok(Json(ApiResponse::success(serde_json::to_value(verification)?, /* std::option::Option<std::string::String> */)))
   |                                 ~~~~~~~~~~~~~~~~~~~~~~~~~~~~~~~~~~~~~~~~~~~~~~~~~~~~~~~~~~~~~~~~~~~~~~~~~~~~~~~~~~~~~

error[E0308]: `?` operator has incompatible types
   --> src\handlers\ap_verification_handler.rs:100:9
    |
90  | ) -> Result<Json<ApiResponse<serde_json::Value>>, AppError> {
    |      ------------------------------------------------------ expected `&str` because of return type
...
100 |         serde_json::to_value(verification)?,
    |         ^^^^^^^^^^^^^^^^^^^^^^^^^^^^^^^^^^^ expected `&str`, found `Value`
    |
    = note: `?` operator cannot convert from `JsonValue` to `&str`

error[E0277]: `?` couldn't convert the error to `AppError`
   --> src\handlers\ap_verification_handler.rs:100:43
    |
100 |         serde_json::to_value(verification)?,
    |                                           ^ the trait `From<serde_json::Error>` is not implemented for `AppError`, which is required by `Result
<axum::Json<ApiResponse<JsonValue>>, AppError>: FromResidual<Result<Infallible, serde_json::Error>>`
    |
    = note: the question mark operation (`?`) implicitly performs a conversion on the error value using the `From` trait
    = help: the trait `From<sea_orm::DbErr>` is implemented for `AppError`
    = help: for that trait implementation, expected `sea_orm::DbErr`, found `serde_json::Error`
    = note: required for `Result<axum::Json<ApiResponse<JsonValue>>, AppError>` to implement `FromResidual<Result<Infallible, serde_json::Error>>`

error[E0308]: mismatched types
  --> src\handlers\ap_verification_handler.rs:99:9
   |
98 |     Ok(Json(ApiResponse::success_with_message(
   |             --------------------------------- arguments to this function are incorrect
99 |         "鑷姩鏍搁攢鎴愬姛",
   |         ^^^^^^^^^^^^^^ expected `Value`, found `&str`
   |
note: associated function defined here
  --> src\utils\response.rs:21:12
   |
21 |     pub fn success_with_message(data: T, message: &str) -> Self {
   |            ^^^^^^^^^^^^^^^^^^^^ -------
help: call `Into::into` on this expression to convert `&'static str` into `JsonValue`
   |
99 |         "鑷姩鏍搁攢鎴愬姛".into(),
   |                       +++++++

error[E0308]: `?` operator has incompatible types
   --> src\handlers\ap_verification_handler.rs:124:9
    |
109 | ) -> Result<Json<ApiResponse<serde_json::Value>>, AppError> {
    |      ------------------------------------------------------ expected `&str` because of return type
...
124 |         serde_json::to_value(verification)?,
    |         ^^^^^^^^^^^^^^^^^^^^^^^^^^^^^^^^^^^ expected `&str`, found `Value`
    |
    = note: `?` operator cannot convert from `JsonValue` to `&str`

error[E0277]: `?` couldn't convert the error to `AppError`
   --> src\handlers\ap_verification_handler.rs:124:43
    |
124 |         serde_json::to_value(verification)?,
    |                                           ^ the trait `From<serde_json::Error>` is not implemented for `AppError`, which is required by `Result
<axum::Json<ApiResponse<JsonValue>>, AppError>: FromResidual<Result<Infallible, serde_json::Error>>`
    |
    = note: the question mark operation (`?`) implicitly performs a conversion on the error value using the `From` trait
    = help: the trait `From<sea_orm::DbErr>` is implemented for `AppError`
    = help: for that trait implementation, expected `sea_orm::DbErr`, found `serde_json::Error`
    = note: required for `Result<axum::Json<ApiResponse<JsonValue>>, AppError>` to implement `FromResidual<Result<Infallible, serde_json::Error>>`

error[E0308]: mismatched types
   --> src\handlers\ap_verification_handler.rs:123:9
    |
122 |     Ok(Json(ApiResponse::success_with_message(
    |             --------------------------------- arguments to this function are incorrect
123 |         "鎵嬪伐鏍搁攢鎴愬姛",
    |         ^^^^^^^^^^^^^^ expected `Value`, found `&str`
    |
note: associated function defined here
   --> src\utils\response.rs:21:12
    |
21  |     pub fn success_with_message(data: T, message: &str) -> Self {
    |            ^^^^^^^^^^^^^^^^^^^^ -------
help: call `Into::into` on this expression to convert `&'static str` into `JsonValue`
    |
123 |         "鎵嬪伐鏍搁攢鎴愬姛".into(),
    |                       +++++++

error[E0308]: `?` operator has incompatible types
   --> src\handlers\ap_verification_handler.rs:149:9
    |
139 | ) -> Result<Json<ApiResponse<serde_json::Value>>, AppError> {
    |      ------------------------------------------------------ expected `&str` because of return type
...
149 |         serde_json::to_value(verification)?,
    |         ^^^^^^^^^^^^^^^^^^^^^^^^^^^^^^^^^^^ expected `&str`, found `Value`
    |
    = note: `?` operator cannot convert from `JsonValue` to `&str`

error[E0277]: `?` couldn't convert the error to `AppError`
   --> src\handlers\ap_verification_handler.rs:149:43
    |
149 |         serde_json::to_value(verification)?,
    |                                           ^ the trait `From<serde_json::Error>` is not implemented for `AppError`, which is required by `Result
<axum::Json<ApiResponse<JsonValue>>, AppError>: FromResidual<Result<Infallible, serde_json::Error>>`
    |
    = note: the question mark operation (`?`) implicitly performs a conversion on the error value using the `From` trait
    = help: the trait `From<sea_orm::DbErr>` is implemented for `AppError`
    = help: for that trait implementation, expected `sea_orm::DbErr`, found `serde_json::Error`
    = note: required for `Result<axum::Json<ApiResponse<JsonValue>>, AppError>` to implement `FromResidual<Result<Infallible, serde_json::Error>>`

error[E0308]: mismatched types
   --> src\handlers\ap_verification_handler.rs:148:9
    |
147 |     Ok(Json(ApiResponse::success_with_message(
    |             --------------------------------- arguments to this function are incorrect
148 |         "鏍搁攢宸插彇娑?,
    |         ^^^^^^^^^^^^ expected `Value`, found `&str`
    |
note: associated function defined here
   --> src\utils\response.rs:21:12
    |
21  |     pub fn success_with_message(data: T, message: &str) -> Self {
    |            ^^^^^^^^^^^^^^^^^^^^ -------
help: call `Into::into` on this expression to convert `&'static str` into `JsonValue`
    |
148 |         "鏍搁攢宸插彇娑?.into(),
    |                     +++++++

error[E0277]: `?` couldn't convert the error to `AppError`
   --> src\handlers\ap_verification_handler.rs:171:64
    |
171 |     Ok(Json(ApiResponse::success(serde_json::to_value(invoices)?)))
    |                                                                ^ the trait `From<serde_json::Error>` is not implemented for `AppError`, which i
s required by `Result<axum::Json<ApiResponse<JsonValue>>, AppError>: FromResidual<Result<Infallible, serde_json::Error>>`
    |
    = note: the question mark operation (`?`) implicitly performs a conversion on the error value using the `From` trait
    = help: the trait `From<sea_orm::DbErr>` is implemented for `AppError`
    = help: for that trait implementation, expected `sea_orm::DbErr`, found `serde_json::Error`
    = note: required for `Result<axum::Json<ApiResponse<JsonValue>>, AppError>` to implement `FromResidual<Result<Infallible, serde_json::Error>>`

error[E0061]: this function takes 2 arguments but 1 argument was supplied
   --> src\handlers\ap_verification_handler.rs:171:13
    |
171 |     Ok(Json(ApiResponse::success(serde_json::to_value(invoices)?)))
    |             ^^^^^^^^^^^^^^^^^^^^--------------------------------- argument #2 of type `std::option::Option<std::string::String>` is missing
    |
note: associated function defined here
   --> src\utils\response.rs:12:12
    |
12  |     pub fn success(data: T, message: Option<String>) -> Self {
    |            ^^^^^^^ -------  -----------------------
help: provide the argument
    |
171 |     Ok(Json(ApiResponse::success(serde_json::to_value(invoices)?, /* std::option::Option<std::string::String> */)))
    |                                 ~~~~~~~~~~~~~~~~~~~~~~~~~~~~~~~~~~~~~~~~~~~~~~~~~~~~~~~~~~~~~~~~~~~~~~~~~~~~~~~~~

error[E0277]: `?` couldn't convert the error to `AppError`
   --> src\handlers\ap_verification_handler.rs:192:64
    |
192 |     Ok(Json(ApiResponse::success(serde_json::to_value(payments)?)))
    |                                                                ^ the trait `From<serde_json::Error>` is not implemented for `AppError`, which i
s required by `Result<axum::Json<ApiResponse<JsonValue>>, AppError>: FromResidual<Result<Infallible, serde_json::Error>>`
    |
    = note: the question mark operation (`?`) implicitly performs a conversion on the error value using the `From` trait
    = help: the trait `From<sea_orm::DbErr>` is implemented for `AppError`
    = help: for that trait implementation, expected `sea_orm::DbErr`, found `serde_json::Error`
    = note: required for `Result<axum::Json<ApiResponse<JsonValue>>, AppError>` to implement `FromResidual<Result<Infallible, serde_json::Error>>`

error[E0061]: this function takes 2 arguments but 1 argument was supplied
   --> src\handlers\ap_verification_handler.rs:192:13
    |
192 |     Ok(Json(ApiResponse::success(serde_json::to_value(payments)?)))
    |             ^^^^^^^^^^^^^^^^^^^^--------------------------------- argument #2 of type `std::option::Option<std::string::String>` is missing
    |
note: associated function defined here
   --> src\utils\response.rs:12:12
    |
12  |     pub fn success(data: T, message: Option<String>) -> Self {
    |            ^^^^^^^ -------  -----------------------
help: provide the argument
    |
192 |     Ok(Json(ApiResponse::success(serde_json::to_value(payments)?, /* std::option::Option<std::string::String> */)))
    |                                 ~~~~~~~~~~~~~~~~~~~~~~~~~~~~~~~~~~~~~~~~~~~~~~~~~~~~~~~~~~~~~~~~~~~~~~~~~~~~~~~~~

error[E0061]: this function takes 2 arguments but 1 argument was supplied
  --> src\handlers\ap_reconciliation_handler.rs:61:13
   |
61 |     Ok(Json(ApiResponse::success(result)))
   |             ^^^^^^^^^^^^^^^^^^^^-------- argument #2 of type `std::option::Option<std::string::String>` is missing
   |
note: associated function defined here
  --> src\utils\response.rs:12:12
   |
12 |     pub fn success(data: T, message: Option<String>) -> Self {
   |            ^^^^^^^ -------  -----------------------
help: provide the argument
   |
61 |     Ok(Json(ApiResponse::success(result, /* std::option::Option<std::string::String> */)))
   |                                 ~~~~~~~~~~~~~~~~~~~~~~~~~~~~~~~~~~~~~~~~~~~~~~~~~~~~~~~~

error[E0277]: `?` couldn't convert the error to `AppError`
  --> src\handlers\ap_reconciliation_handler.rs:77:70
   |
77 |     Ok(Json(ApiResponse::success(serde_json::to_value(reconciliation)?)))
   |                                                                      ^ the trait `From<serde_json::Error>` is not implemented for `AppError`, wh
ich is required by `Result<axum::Json<ApiResponse<JsonValue>>, AppError>: FromResidual<Result<Infallible, serde_json::Error>>`
   |
   = note: the question mark operation (`?`) implicitly performs a conversion on the error value using the `From` trait
   = help: the trait `From<sea_orm::DbErr>` is implemented for `AppError`
   = help: for that trait implementation, expected `sea_orm::DbErr`, found `serde_json::Error`
   = note: required for `Result<axum::Json<ApiResponse<JsonValue>>, AppError>` to implement `FromResidual<Result<Infallible, serde_json::Error>>`

error[E0061]: this function takes 2 arguments but 1 argument was supplied
  --> src\handlers\ap_reconciliation_handler.rs:77:13
   |
77 |     Ok(Json(ApiResponse::success(serde_json::to_value(reconciliation)?)))
   |             ^^^^^^^^^^^^^^^^^^^^--------------------------------------- argument #2 of type `std::option::Option<std::string::String>` is missin
g
   |
note: associated function defined here
  --> src\utils\response.rs:12:12
   |
12 |     pub fn success(data: T, message: Option<String>) -> Self {
   |            ^^^^^^^ -------  -----------------------
help: provide the argument
   |
77 |     Ok(Json(ApiResponse::success(serde_json::to_value(reconciliation)?, /* std::option::Option<std::string::String> */)))
   |                                 ~~~~~~~~~~~~~~~~~~~~~~~~~~~~~~~~~~~~~~~~~~~~~~~~~~~~~~~~~~~~~~~~~~~~~~~~~~~~~~~~~~~~~~~

error[E0308]: `?` operator has incompatible types
   --> src\handlers\ap_reconciliation_handler.rs:100:9
    |
85  | ) -> Result<Json<ApiResponse<serde_json::Value>>, AppError> {
    |      ------------------------------------------------------ expected `&str` because of return type
...
100 |         serde_json::to_value(reconciliation)?,
    |         ^^^^^^^^^^^^^^^^^^^^^^^^^^^^^^^^^^^^^ expected `&str`, found `Value`
    |
    = note: `?` operator cannot convert from `JsonValue` to `&str`

error[E0277]: `?` couldn't convert the error to `AppError`
   --> src\handlers\ap_reconciliation_handler.rs:100:45
    |
100 |         serde_json::to_value(reconciliation)?,
    |                                             ^ the trait `From<serde_json::Error>` is not implemented for `AppError`, which is required by `Resu
lt<axum::Json<ApiResponse<JsonValue>>, AppError>: FromResidual<Result<Infallible, serde_json::Error>>`
    |
    = note: the question mark operation (`?`) implicitly performs a conversion on the error value using the `From` trait
    = help: the trait `From<sea_orm::DbErr>` is implemented for `AppError`
    = help: for that trait implementation, expected `sea_orm::DbErr`, found `serde_json::Error`
    = note: required for `Result<axum::Json<ApiResponse<JsonValue>>, AppError>` to implement `FromResidual<Result<Infallible, serde_json::Error>>`

error[E0308]: mismatched types
  --> src\handlers\ap_reconciliation_handler.rs:99:9
   |
98 |     Ok(Json(ApiResponse::success_with_message(
   |             --------------------------------- arguments to this function are incorrect
99 |         "瀵硅处鍗曠敓鎴愭垚鍔?,
   |         ^^^^^^^^^^^^^^^^ expected `Value`, found `&str`
   |
note: associated function defined here
  --> src\utils\response.rs:21:12
   |
21 |     pub fn success_with_message(data: T, message: &str) -> Self {
   |            ^^^^^^^^^^^^^^^^^^^^ -------
help: call `Into::into` on this expression to convert `&'static str` into `JsonValue`
   |
99 |         "瀵硅处鍗曠敓鎴愭垚鍔?.into(),
   |                         +++++++

error[E0308]: `?` operator has incompatible types
   --> src\handlers\ap_reconciliation_handler.rs:119:9
    |
109 | ) -> Result<Json<ApiResponse<serde_json::Value>>, AppError> {
    |      ------------------------------------------------------ expected `&str` because of return type
...
119 |         serde_json::to_value(reconciliation)?,
    |         ^^^^^^^^^^^^^^^^^^^^^^^^^^^^^^^^^^^^^ expected `&str`, found `Value`
    |
    = note: `?` operator cannot convert from `JsonValue` to `&str`

error[E0277]: `?` couldn't convert the error to `AppError`
   --> src\handlers\ap_reconciliation_handler.rs:119:45
    |
119 |         serde_json::to_value(reconciliation)?,
    |                                             ^ the trait `From<serde_json::Error>` is not implemented for `AppError`, which is required by `Resu
lt<axum::Json<ApiResponse<JsonValue>>, AppError>: FromResidual<Result<Infallible, serde_json::Error>>`
    |
    = note: the question mark operation (`?`) implicitly performs a conversion on the error value using the `From` trait
    = help: the trait `From<sea_orm::DbErr>` is implemented for `AppError`
    = help: for that trait implementation, expected `sea_orm::DbErr`, found `serde_json::Error`
    = note: required for `Result<axum::Json<ApiResponse<JsonValue>>, AppError>` to implement `FromResidual<Result<Infallible, serde_json::Error>>`

error[E0308]: mismatched types
   --> src\handlers\ap_reconciliation_handler.rs:118:9
    |
117 |     Ok(Json(ApiResponse::success_with_message(
    |             --------------------------------- arguments to this function are incorrect
118 |         "瀵硅处鍗曠‘璁ゆ垚鍔?,
    |         ^^^^^^^^^^^^^^^^ expected `Value`, found `&str`
    |
note: associated function defined here
   --> src\utils\response.rs:21:12
    |
21  |     pub fn success_with_message(data: T, message: &str) -> Self {
    |            ^^^^^^^^^^^^^^^^^^^^ -------
help: call `Into::into` on this expression to convert `&'static str` into `JsonValue`
    |
118 |         "瀵硅处鍗曠‘璁ゆ垚鍔?.into(),
    |                         +++++++

error[E0308]: `?` operator has incompatible types
   --> src\handlers\ap_reconciliation_handler.rs:144:9
    |
134 | ) -> Result<Json<ApiResponse<serde_json::Value>>, AppError> {
    |      ------------------------------------------------------ expected `&str` because of return type
...
144 |         serde_json::to_value(reconciliation)?,
    |         ^^^^^^^^^^^^^^^^^^^^^^^^^^^^^^^^^^^^^ expected `&str`, found `Value`
    |
    = note: `?` operator cannot convert from `JsonValue` to `&str`

error[E0277]: `?` couldn't convert the error to `AppError`
   --> src\handlers\ap_reconciliation_handler.rs:144:45
    |
144 |         serde_json::to_value(reconciliation)?,
    |                                             ^ the trait `From<serde_json::Error>` is not implemented for `AppError`, which is required by `Resu
lt<axum::Json<ApiResponse<JsonValue>>, AppError>: FromResidual<Result<Infallible, serde_json::Error>>`
    |
    = note: the question mark operation (`?`) implicitly performs a conversion on the error value using the `From` trait
    = help: the trait `From<sea_orm::DbErr>` is implemented for `AppError`
    = help: for that trait implementation, expected `sea_orm::DbErr`, found `serde_json::Error`
    = note: required for `Result<axum::Json<ApiResponse<JsonValue>>, AppError>` to implement `FromResidual<Result<Infallible, serde_json::Error>>`

error[E0308]: mismatched types
   --> src\handlers\ap_reconciliation_handler.rs:143:9
    |
142 |     Ok(Json(ApiResponse::success_with_message(
    |             --------------------------------- arguments to this function are incorrect
143 |         "宸叉彁鍑轰簤璁?,
    |         ^^^^^^^^^^^^ expected `Value`, found `&str`
    |
note: associated function defined here
   --> src\utils\response.rs:21:12
    |
21  |     pub fn success_with_message(data: T, message: &str) -> Self {
    |            ^^^^^^^^^^^^^^^^^^^^ -------
help: call `Into::into` on this expression to convert `&'static str` into `JsonValue`
    |
143 |         "宸叉彁鍑轰簤璁?.into(),
    |                     +++++++

error[E0277]: `?` couldn't convert the error to `AppError`
   --> src\handlers\ap_reconciliation_handler.rs:161:63
    |
161 |     Ok(Json(ApiResponse::success(serde_json::to_value(summary)?)))
    |                                                               ^ the trait `From<serde_json::Error>` is not implemented for `AppError`, which is
 required by `Result<axum::Json<ApiResponse<JsonValue>>, AppError>: FromResidual<Result<Infallible, serde_json::Error>>`
    |
    = note: the question mark operation (`?`) implicitly performs a conversion on the error value using the `From` trait
    = help: the trait `From<sea_orm::DbErr>` is implemented for `AppError`
    = help: for that trait implementation, expected `sea_orm::DbErr`, found `serde_json::Error`
    = note: required for `Result<axum::Json<ApiResponse<JsonValue>>, AppError>` to implement `FromResidual<Result<Infallible, serde_json::Error>>`

error[E0061]: this function takes 2 arguments but 1 argument was supplied
   --> src\handlers\ap_reconciliation_handler.rs:161:13
    |
161 |     Ok(Json(ApiResponse::success(serde_json::to_value(summary)?)))
    |             ^^^^^^^^^^^^^^^^^^^^-------------------------------- argument #2 of type `std::option::Option<std::string::String>` is missing
    |
note: associated function defined here
   --> src\utils\response.rs:12:12
    |
12  |     pub fn success(data: T, message: Option<String>) -> Self {
    |            ^^^^^^^ -------  -----------------------
help: provide the argument
    |
161 |     Ok(Json(ApiResponse::success(serde_json::to_value(summary)?, /* std::option::Option<std::string::String> */)))
    |                                 ~~~~~~~~~~~~~~~~~~~~~~~~~~~~~~~~~~~~~~~~~~~~~~~~~~~~~~~~~~~~~~~~~~~~~~~~~~~~~~~~

error[E0277]: `?` couldn't convert the error to `AppError`
  --> src\handlers\ap_report_handler.rs:44:62
   |
44 |     Ok(Json(ApiResponse::success(serde_json::to_value(report)?)))
   |                                                              ^ the trait `From<serde_json::Error>` is not implemented for `AppError`, which is r
equired by `Result<axum::Json<ApiResponse<JsonValue>>, AppError>: FromResidual<Result<Infallible, serde_json::Error>>`
   |
   = note: the question mark operation (`?`) implicitly performs a conversion on the error value using the `From` trait
   = help: the trait `From<sea_orm::DbErr>` is implemented for `AppError`
   = help: for that trait implementation, expected `sea_orm::DbErr`, found `serde_json::Error`
   = note: required for `Result<axum::Json<ApiResponse<JsonValue>>, AppError>` to implement `FromResidual<Result<Infallible, serde_json::Error>>`

error[E0061]: this function takes 2 arguments but 1 argument was supplied
  --> src\handlers\ap_report_handler.rs:44:13
   |
44 |     Ok(Json(ApiResponse::success(serde_json::to_value(report)?)))
   |             ^^^^^^^^^^^^^^^^^^^^------------------------------- argument #2 of type `std::option::Option<std::string::String>` is missing
   |
note: associated function defined here
  --> src\utils\response.rs:12:12
   |
12 |     pub fn success(data: T, message: Option<String>) -> Self {
   |            ^^^^^^^ -------  -----------------------
help: provide the argument
   |
44 |     Ok(Json(ApiResponse::success(serde_json::to_value(report)?, /* std::option::Option<std::string::String> */)))
   |                                 ~~~~~~~~~~~~~~~~~~~~~~~~~~~~~~~~~~~~~~~~~~~~~~~~~~~~~~~~~~~~~~~~~~~~~~~~~~~~~~~

error[E0277]: `?` couldn't convert the error to `AppError`
  --> src\handlers\ap_report_handler.rs:70:62
   |
70 |     Ok(Json(ApiResponse::success(serde_json::to_value(report)?)))
   |                                                              ^ the trait `From<serde_json::Error>` is not implemented for `AppError`, which is r
equired by `Result<axum::Json<ApiResponse<JsonValue>>, AppError>: FromResidual<Result<Infallible, serde_json::Error>>`
   |
   = note: the question mark operation (`?`) implicitly performs a conversion on the error value using the `From` trait
   = help: the trait `From<sea_orm::DbErr>` is implemented for `AppError`
   = help: for that trait implementation, expected `sea_orm::DbErr`, found `serde_json::Error`
   = note: required for `Result<axum::Json<ApiResponse<JsonValue>>, AppError>` to implement `FromResidual<Result<Infallible, serde_json::Error>>`

error[E0061]: this function takes 2 arguments but 1 argument was supplied
  --> src\handlers\ap_report_handler.rs:70:13
   |
70 |     Ok(Json(ApiResponse::success(serde_json::to_value(report)?)))
   |             ^^^^^^^^^^^^^^^^^^^^------------------------------- argument #2 of type `std::option::Option<std::string::String>` is missing
   |
note: associated function defined here
  --> src\utils\response.rs:12:12
   |
12 |     pub fn success(data: T, message: Option<String>) -> Self {
   |            ^^^^^^^ -------  -----------------------
help: provide the argument
   |
70 |     Ok(Json(ApiResponse::success(serde_json::to_value(report)?, /* std::option::Option<std::string::String> */)))
   |                                 ~~~~~~~~~~~~~~~~~~~~~~~~~~~~~~~~~~~~~~~~~~~~~~~~~~~~~~~~~~~~~~~~~~~~~~~~~~~~~~~

error[E0277]: `?` couldn't convert the error to `AppError`
  --> src\handlers\ap_report_handler.rs:98:62
   |
98 |     Ok(Json(ApiResponse::success(serde_json::to_value(report)?)))
   |                                                              ^ the trait `From<serde_json::Error>` is not implemented for `AppError`, which is r
equired by `Result<axum::Json<ApiResponse<JsonValue>>, AppError>: FromResidual<Result<Infallible, serde_json::Error>>`
   |
   = note: the question mark operation (`?`) implicitly performs a conversion on the error value using the `From` trait
   = help: the trait `From<sea_orm::DbErr>` is implemented for `AppError`
   = help: for that trait implementation, expected `sea_orm::DbErr`, found `serde_json::Error`
   = note: required for `Result<axum::Json<ApiResponse<JsonValue>>, AppError>` to implement `FromResidual<Result<Infallible, serde_json::Error>>`

error[E0061]: this function takes 2 arguments but 1 argument was supplied
  --> src\handlers\ap_report_handler.rs:98:13
   |
98 |     Ok(Json(ApiResponse::success(serde_json::to_value(report)?)))
   |             ^^^^^^^^^^^^^^^^^^^^------------------------------- argument #2 of type `std::option::Option<std::string::String>` is missing
   |
note: associated function defined here
  --> src\utils\response.rs:12:12
   |
12 |     pub fn success(data: T, message: Option<String>) -> Self {
   |            ^^^^^^^ -------  -----------------------
help: provide the argument
   |
98 |     Ok(Json(ApiResponse::success(serde_json::to_value(report)?, /* std::option::Option<std::string::String> */)))
   |                                 ~~~~~~~~~~~~~~~~~~~~~~~~~~~~~~~~~~~~~~~~~~~~~~~~~~~~~~~~~~~~~~~~~~~~~~~~~~~~~~~

error[E0277]: `?` couldn't convert the error to `AppError`
   --> src\handlers\ap_report_handler.rs:120:62
    |
120 |     Ok(Json(ApiResponse::success(serde_json::to_value(report)?)))
    |                                                              ^ the trait `From<serde_json::Error>` is not implemented for `AppError`, which is 
required by `Result<axum::Json<ApiResponse<JsonValue>>, AppError>: FromResidual<Result<Infallible, serde_json::Error>>`
    |
    = note: the question mark operation (`?`) implicitly performs a conversion on the error value using the `From` trait
    = help: the trait `From<sea_orm::DbErr>` is implemented for `AppError`
    = help: for that trait implementation, expected `sea_orm::DbErr`, found `serde_json::Error`
    = note: required for `Result<axum::Json<ApiResponse<JsonValue>>, AppError>` to implement `FromResidual<Result<Infallible, serde_json::Error>>`

error[E0061]: this function takes 2 arguments but 1 argument was supplied
   --> src\handlers\ap_report_handler.rs:120:13
    |
120 |     Ok(Json(ApiResponse::success(serde_json::to_value(report)?)))
    |             ^^^^^^^^^^^^^^^^^^^^------------------------------- argument #2 of type `std::option::Option<std::string::String>` is missing
    |
note: associated function defined here
   --> src\utils\response.rs:12:12
    |
12  |     pub fn success(data: T, message: Option<String>) -> Self {
    |            ^^^^^^^ -------  -----------------------
help: provide the argument
    |
120 |     Ok(Json(ApiResponse::success(serde_json::to_value(report)?, /* std::option::Option<std::string::String> */)))
    |                                 ~~~~~~~~~~~~~~~~~~~~~~~~~~~~~~~~~~~~~~~~~~~~~~~~~~~~~~~~~~~~~~~~~~~~~~~~~~~~~~~

error[E0061]: this function takes 2 arguments but 1 argument was supplied
  --> src\handlers\ar_invoice_handler.rs:64:13
   |
64 |     Ok(Json(ApiResponse::success(invoices)))
   |             ^^^^^^^^^^^^^^^^^^^^---------- argument #2 of type `std::option::Option<std::string::String>` is missing
   |
note: associated function defined here
  --> src\utils\response.rs:12:12
   |
12 |     pub fn success(data: T, message: Option<String>) -> Self {
   |            ^^^^^^^ -------  -----------------------
help: provide the argument
   |
64 |     Ok(Json(ApiResponse::success(invoices, /* std::option::Option<std::string::String> */)))
   |                                 ~~~~~~~~~~~~~~~~~~~~~~~~~~~~~~~~~~~~~~~~~~~~~~~~~~~~~~~~~~

error[E0308]: arguments to this function are incorrect
   --> src\handlers\ar_invoice_handler.rs:103:13
    |
103 |     Ok(Json(ApiResponse::success_with_message(
    |             ^^^^^^^^^^^^^^^^^^^^^^^^^^^^^^^^^
104 |         "搴旀敹鍗曞垱寤烘垚鍔?,
    |         ---------------- expected `ar_invoice::Model`, found `&'static str`
105 |         invoice,
    |         ------- expected `&str`, found `ar_invoice::Model`
    |
note: associated function defined here
   --> src\utils\response.rs:21:12
    |
21  |     pub fn success_with_message(data: T, message: &str) -> Self {
    |            ^^^^^^^^^^^^^^^^^^^^ -------  -------------
help: swap these arguments
    |
103 |     Ok(Json(ApiResponse::success_with_message(invoice, "搴旀敹鍗曞垱寤烘垚鍔?)))
    |                                              ~~~~~~~~~~~~~~~~~~~~~~~~~~~

error[E0061]: this function takes 2 arguments but 1 argument was supplied
  --> src\handlers\voucher_handler.rs:88:13
   |
88 |     Ok(Json(ApiResponse::success(vouchers)))
   |             ^^^^^^^^^^^^^^^^^^^^---------- argument #2 of type `std::option::Option<std::string::String>` is missing
   |
note: associated function defined here
  --> src\utils\response.rs:12:12
   |
12 |     pub fn success(data: T, message: Option<String>) -> Self {
   |            ^^^^^^^ -------  -----------------------
help: provide the argument
   |
88 |     Ok(Json(ApiResponse::success(vouchers, /* std::option::Option<std::string::String> */)))
   |                                 ~~~~~~~~~~~~~~~~~~~~~~~~~~~~~~~~~~~~~~~~~~~~~~~~~~~~~~~~~~

error[E0061]: this function takes 2 arguments but 1 argument was supplied
   --> src\handlers\voucher_handler.rs:103:13
    |
103 |     Ok(Json(ApiResponse::success(detail.voucher)))
    |             ^^^^^^^^^^^^^^^^^^^^---------------- argument #2 of type `std::option::Option<std::string::String>` is missing
    |
note: associated function defined here
   --> src\utils\response.rs:12:12
    |
12  |     pub fn success(data: T, message: Option<String>) -> Self {
    |            ^^^^^^^ -------  -----------------------
help: provide the argument
    |
103 |     Ok(Json(ApiResponse::success(detail.voucher, /* std::option::Option<std::string::String> */)))
    |                                 ~~~~~~~~~~~~~~~~~~~~~~~~~~~~~~~~~~~~~~~~~~~~~~~~~~~~~~~~~~~~~~~~

error[E0308]: arguments to this function are incorrect
   --> src\handlers\voucher_handler.rs:151:13
    |
151 |     Ok(Json(ApiResponse::success_with_message(
    |             ^^^^^^^^^^^^^^^^^^^^^^^^^^^^^^^^^
152 |         "鍑瘉鍒涘缓鎴愬姛",
    |         -------------- expected `voucher::Model`, found `&'static str`
153 |         voucher,
    |         ------- expected `&str`, found `voucher::Model`
    |
note: associated function defined here
   --> src\utils\response.rs:21:12
    |
21  |     pub fn success_with_message(data: T, message: &str) -> Self {
    |            ^^^^^^^^^^^^^^^^^^^^ -------  -------------
help: swap these arguments
    |
151 |     Ok(Json(ApiResponse::success_with_message(voucher, "鍑瘉鍒涘缓鎴愬姛")))
    |                                              ~~~~~~~~~~~~~~~~~~~~~~~~~

error[E0308]: arguments to this function are incorrect
   --> src\handlers\voucher_handler.rs:169:13
    |
169 |     Ok(Json(ApiResponse::success_with_message(
    |             ^^^^^^^^^^^^^^^^^^^^^^^^^^^^^^^^^
170 |         "鍑瘉鎻愪氦鎴愬姛",
    |         -------------- expected `voucher::Model`, found `&'static str`
171 |         voucher,
    |         ------- expected `&str`, found `voucher::Model`
    |
note: associated function defined here
   --> src\utils\response.rs:21:12
    |
21  |     pub fn success_with_message(data: T, message: &str) -> Self {
    |            ^^^^^^^^^^^^^^^^^^^^ -------  -------------
help: swap these arguments
    |
169 |     Ok(Json(ApiResponse::success_with_message(voucher, "鍑瘉鎻愪氦鎴愬姛")))
    |                                              ~~~~~~~~~~~~~~~~~~~~~~~~~

error[E0308]: arguments to this function are incorrect
   --> src\handlers\voucher_handler.rs:187:13
    |
187 |     Ok(Json(ApiResponse::success_with_message(
    |             ^^^^^^^^^^^^^^^^^^^^^^^^^^^^^^^^^
188 |         "鍑瘉瀹℃牳鎴愬姛",
    |         -------------- expected `voucher::Model`, found `&'static str`
189 |         voucher,
    |         ------- expected `&str`, found `voucher::Model`
    |
note: associated function defined here
   --> src\utils\response.rs:21:12
    |
21  |     pub fn success_with_message(data: T, message: &str) -> Self {
    |            ^^^^^^^^^^^^^^^^^^^^ -------  -------------
help: swap these arguments
    |
187 |     Ok(Json(ApiResponse::success_with_message(voucher, "鍑瘉瀹℃牳鎴愬姛")))
    |                                              ~~~~~~~~~~~~~~~~~~~~~~~~~

error[E0308]: arguments to this function are incorrect
   --> src\handlers\voucher_handler.rs:205:13
    |
205 |     Ok(Json(ApiResponse::success_with_message(
    |             ^^^^^^^^^^^^^^^^^^^^^^^^^^^^^^^^^
206 |         "鍑瘉杩囪处鎴愬姛",
    |         -------------- expected `voucher::Model`, found `&'static str`
207 |         voucher,
    |         ------- expected `&str`, found `voucher::Model`
    |
note: associated function defined here
   --> src\utils\response.rs:21:12
    |
21  |     pub fn success_with_message(data: T, message: &str) -> Self {
    |            ^^^^^^^^^^^^^^^^^^^^ -------  -------------
help: swap these arguments
    |
205 |     Ok(Json(ApiResponse::success_with_message(voucher, "鍑瘉杩囪处鎴愬姛")))
    |                                              ~~~~~~~~~~~~~~~~~~~~~~~~~

error[E0061]: this function takes 2 arguments but 1 argument was supplied
  --> src\handlers\cost_collection_handler.rs:67:13
   |
67 |     Ok(Json(ApiResponse::success(collections)))
   |             ^^^^^^^^^^^^^^^^^^^^------------- argument #2 of type `std::option::Option<std::string::String>` is missing
   |
note: associated function defined here
  --> src\utils\response.rs:12:12
   |
12 |     pub fn success(data: T, message: Option<String>) -> Self {
   |            ^^^^^^^ -------  -----------------------
help: provide the argument
   |
67 |     Ok(Json(ApiResponse::success(collections, /* std::option::Option<std::string::String> */)))
   |                                 ~~~~~~~~~~~~~~~~~~~~~~~~~~~~~~~~~~~~~~~~~~~~~~~~~~~~~~~~~~~~~

error[E0308]: arguments to this function are incorrect
   --> src\handlers\cost_collection_handler.rs:104:13
    |
104 |     Ok(Json(ApiResponse::success_with_message(
    |             ^^^^^^^^^^^^^^^^^^^^^^^^^^^^^^^^^
105 |         "鎴愭湰褰掗泦鍒涘缓鎴愬姛",
    |         ------------------ expected `cost_collection::Model`, found `&'static str`
106 |         collection,
    |         ---------- expected `&str`, found `cost_collection::Model`
    |
note: associated function defined here
   --> src\utils\response.rs:21:12
    |
21  |     pub fn success_with_message(data: T, message: &str) -> Self {
    |            ^^^^^^^^^^^^^^^^^^^^ -------  -------------
help: swap these arguments
    |
104 |     Ok(Json(ApiResponse::success_with_message(collection, "鎴愭湰褰掗泦鍒涘缓鎴愬姛")))
    |                                              ~~~~~~~~~~~~~~~~~~~~~~~~~~~~~~~~

error[E0061]: this function takes 2 arguments but 1 argument was supplied
  --> src\handlers\fixed_asset_handler.rs:80:13
   |
80 |     Ok(Json(ApiResponse::success(assets)))
   |             ^^^^^^^^^^^^^^^^^^^^-------- argument #2 of type `std::option::Option<std::string::String>` is missing
   |
note: associated function defined here
  --> src\utils\response.rs:12:12
   |
12 |     pub fn success(data: T, message: Option<String>) -> Self {
   |            ^^^^^^^ -------  -----------------------
help: provide the argument
   |
80 |     Ok(Json(ApiResponse::success(assets, /* std::option::Option<std::string::String> */)))
   |                                 ~~~~~~~~~~~~~~~~~~~~~~~~~~~~~~~~~~~~~~~~~~~~~~~~~~~~~~~~

error[E0061]: this function takes 2 arguments but 1 argument was supplied
  --> src\handlers\fixed_asset_handler.rs:95:13
   |
95 |     Ok(Json(ApiResponse::success(asset)))
   |             ^^^^^^^^^^^^^^^^^^^^------- argument #2 of type `std::option::Option<std::string::String>` is missing
   |
note: associated function defined here
  --> src\utils\response.rs:12:12
   |
12 |     pub fn success(data: T, message: Option<String>) -> Self {
   |            ^^^^^^^ -------  -----------------------
help: provide the argument
   |
95 |     Ok(Json(ApiResponse::success(asset, /* std::option::Option<std::string::String> */)))
   |                                 ~~~~~~~~~~~~~~~~~~~~~~~~~~~~~~~~~~~~~~~~~~~~~~~~~~~~~~~

error[E0061]: this function takes 2 arguments but 1 argument was supplied
   --> src\handlers\fixed_asset_handler.rs:125:13
    |
125 |     Ok(Json(ApiResponse::success(asset)))
    |             ^^^^^^^^^^^^^^^^^^^^------- argument #2 of type `std::option::Option<std::string::String>` is missing
    |
note: associated function defined here
   --> src\utils\response.rs:12:12
    |
12  |     pub fn success(data: T, message: Option<String>) -> Self {
    |            ^^^^^^^ -------  -----------------------
help: provide the argument
    |
125 |     Ok(Json(ApiResponse::success(asset, /* std::option::Option<std::string::String> */)))
    |                                 ~~~~~~~~~~~~~~~~~~~~~~~~~~~~~~~~~~~~~~~~~~~~~~~~~~~~~~~

error[E0061]: this function takes 2 arguments but 1 argument was supplied
   --> src\handlers\fixed_asset_handler.rs:143:13
    |
143 |     Ok(Json(ApiResponse::success(message)))
    |             ^^^^^^^^^^^^^^^^^^^^--------- argument #2 of type `std::option::Option<std::string::String>` is missing
    |
note: associated function defined here
   --> src\utils\response.rs:12:12
    |
12  |     pub fn success(data: T, message: Option<String>) -> Self {
    |            ^^^^^^^ -------  -----------------------
help: provide the argument
    |
143 |     Ok(Json(ApiResponse::success(message, /* std::option::Option<std::string::String> */)))
    |                                 ~~~~~~~~~~~~~~~~~~~~~~~~~~~~~~~~~~~~~~~~~~~~~~~~~~~~~~~~~

error[E0061]: this function takes 2 arguments but 1 argument was supplied
   --> src\handlers\fixed_asset_handler.rs:169:13
    |
169 |     Ok(Json(ApiResponse::success(message)))
    |             ^^^^^^^^^^^^^^^^^^^^--------- argument #2 of type `std::option::Option<std::string::String>` is missing
    |
note: associated function defined here
   --> src\utils\response.rs:12:12
    |
12  |     pub fn success(data: T, message: Option<String>) -> Self {
    |            ^^^^^^^ -------  -----------------------
help: provide the argument
    |
169 |     Ok(Json(ApiResponse::success(message, /* std::option::Option<std::string::String> */)))
    |                                 ~~~~~~~~~~~~~~~~~~~~~~~~~~~~~~~~~~~~~~~~~~~~~~~~~~~~~~~~~

error[E0061]: this function takes 2 arguments but 1 argument was supplied
   --> src\handlers\fixed_asset_handler.rs:186:13
    |
186 |     Ok(Json(ApiResponse::success(message)))
    |             ^^^^^^^^^^^^^^^^^^^^--------- argument #2 of type `std::option::Option<std::string::String>` is missing
    |
note: associated function defined here
   --> src\utils\response.rs:12:12
    |
12  |     pub fn success(data: T, message: Option<String>) -> Self {
    |            ^^^^^^^ -------  -----------------------
help: provide the argument
    |
186 |     Ok(Json(ApiResponse::success(message, /* std::option::Option<std::string::String> */)))
    |                                 ~~~~~~~~~~~~~~~~~~~~~~~~~~~~~~~~~~~~~~~~~~~~~~~~~~~~~~~~~

error[E0061]: this function takes 2 arguments but 1 argument was supplied
  --> src\handlers\purchase_contract_handler.rs:75:13
   |
75 |     Ok(Json(ApiResponse::success(contracts)))
   |             ^^^^^^^^^^^^^^^^^^^^----------- argument #2 of type `std::option::Option<std::string::String>` is missing
   |
note: associated function defined here
  --> src\utils\response.rs:12:12
   |
12 |     pub fn success(data: T, message: Option<String>) -> Self {
   |            ^^^^^^^ -------  -----------------------
help: provide the argument
   |
75 |     Ok(Json(ApiResponse::success(contracts, /* std::option::Option<std::string::String> */)))
   |                                 ~~~~~~~~~~~~~~~~~~~~~~~~~~~~~~~~~~~~~~~~~~~~~~~~~~~~~~~~~~~

error[E0061]: this function takes 2 arguments but 1 argument was supplied
  --> src\handlers\purchase_contract_handler.rs:90:13
   |
90 |     Ok(Json(ApiResponse::success(contract)))
   |             ^^^^^^^^^^^^^^^^^^^^---------- argument #2 of type `std::option::Option<std::string::String>` is missing
   |
note: associated function defined here
  --> src\utils\response.rs:12:12
   |
12 |     pub fn success(data: T, message: Option<String>) -> Self {
   |            ^^^^^^^ -------  -----------------------
help: provide the argument
   |
90 |     Ok(Json(ApiResponse::success(contract, /* std::option::Option<std::string::String> */)))
   |                                 ~~~~~~~~~~~~~~~~~~~~~~~~~~~~~~~~~~~~~~~~~~~~~~~~~~~~~~~~~~

error[E0061]: this function takes 2 arguments but 1 argument was supplied
   --> src\handlers\purchase_contract_handler.rs:115:13
    |
115 |     Ok(Json(ApiResponse::success(contract)))
    |             ^^^^^^^^^^^^^^^^^^^^---------- argument #2 of type `std::option::Option<std::string::String>` is missing
    |
note: associated function defined here
   --> src\utils\response.rs:12:12
    |
12  |     pub fn success(data: T, message: Option<String>) -> Self {
    |            ^^^^^^^ -------  -----------------------
help: provide the argument
    |
115 |     Ok(Json(ApiResponse::success(contract, /* std::option::Option<std::string::String> */)))
    |                                 ~~~~~~~~~~~~~~~~~~~~~~~~~~~~~~~~~~~~~~~~~~~~~~~~~~~~~~~~~~

error[E0061]: this function takes 2 arguments but 1 argument was supplied
   --> src\handlers\purchase_contract_handler.rs:132:13
    |
132 |     Ok(Json(ApiResponse::success(message)))
    |             ^^^^^^^^^^^^^^^^^^^^--------- argument #2 of type `std::option::Option<std::string::String>` is missing
    |
note: associated function defined here
   --> src\utils\response.rs:12:12
    |
12  |     pub fn success(data: T, message: Option<String>) -> Self {
    |            ^^^^^^^ -------  -----------------------
help: provide the argument
    |
132 |     Ok(Json(ApiResponse::success(message, /* std::option::Option<std::string::String> */)))
    |                                 ~~~~~~~~~~~~~~~~~~~~~~~~~~~~~~~~~~~~~~~~~~~~~~~~~~~~~~~~~

error[E0061]: this function takes 2 arguments but 1 argument was supplied
   --> src\handlers\purchase_contract_handler.rs:158:13
    |
158 |     Ok(Json(ApiResponse::success(message)))
    |             ^^^^^^^^^^^^^^^^^^^^--------- argument #2 of type `std::option::Option<std::string::String>` is missing
    |
note: associated function defined here
   --> src\utils\response.rs:12:12
    |
12  |     pub fn success(data: T, message: Option<String>) -> Self {
    |            ^^^^^^^ -------  -----------------------
help: provide the argument
    |
158 |     Ok(Json(ApiResponse::success(message, /* std::option::Option<std::string::String> */)))
    |                                 ~~~~~~~~~~~~~~~~~~~~~~~~~~~~~~~~~~~~~~~~~~~~~~~~~~~~~~~~~

error[E0061]: this function takes 2 arguments but 1 argument was supplied
   --> src\handlers\purchase_contract_handler.rs:176:13
    |
176 |     Ok(Json(ApiResponse::success(message)))
    |             ^^^^^^^^^^^^^^^^^^^^--------- argument #2 of type `std::option::Option<std::string::String>` is missing
    |
note: associated function defined here
   --> src\utils\response.rs:12:12
    |
12  |     pub fn success(data: T, message: Option<String>) -> Self {
    |            ^^^^^^^ -------  -----------------------
help: provide the argument
    |
176 |     Ok(Json(ApiResponse::success(message, /* std::option::Option<std::string::String> */)))
    |                                 ~~~~~~~~~~~~~~~~~~~~~~~~~~~~~~~~~~~~~~~~~~~~~~~~~~~~~~~~~

error[E0061]: this function takes 2 arguments but 1 argument was supplied
  --> src\handlers\sales_contract_handler.rs:75:13
   |
75 |     Ok(Json(ApiResponse::success(contracts)))
   |             ^^^^^^^^^^^^^^^^^^^^----------- argument #2 of type `std::option::Option<std::string::String>` is missing
   |
note: associated function defined here
  --> src\utils\response.rs:12:12
   |
12 |     pub fn success(data: T, message: Option<String>) -> Self {
   |            ^^^^^^^ -------  -----------------------
help: provide the argument
   |
75 |     Ok(Json(ApiResponse::success(contracts, /* std::option::Option<std::string::String> */)))
   |                                 ~~~~~~~~~~~~~~~~~~~~~~~~~~~~~~~~~~~~~~~~~~~~~~~~~~~~~~~~~~~

error[E0061]: this function takes 2 arguments but 1 argument was supplied
  --> src\handlers\sales_contract_handler.rs:90:13
   |
90 |     Ok(Json(ApiResponse::success(contract)))
   |             ^^^^^^^^^^^^^^^^^^^^---------- argument #2 of type `std::option::Option<std::string::String>` is missing
   |
note: associated function defined here
  --> src\utils\response.rs:12:12
   |
12 |     pub fn success(data: T, message: Option<String>) -> Self {
   |            ^^^^^^^ -------  -----------------------
help: provide the argument
   |
90 |     Ok(Json(ApiResponse::success(contract, /* std::option::Option<std::string::String> */)))
   |                                 ~~~~~~~~~~~~~~~~~~~~~~~~~~~~~~~~~~~~~~~~~~~~~~~~~~~~~~~~~~

error[E0061]: this function takes 2 arguments but 1 argument was supplied
   --> src\handlers\sales_contract_handler.rs:115:13
    |
115 |     Ok(Json(ApiResponse::success(contract)))
    |             ^^^^^^^^^^^^^^^^^^^^---------- argument #2 of type `std::option::Option<std::string::String>` is missing
    |
note: associated function defined here
   --> src\utils\response.rs:12:12
    |
12  |     pub fn success(data: T, message: Option<String>) -> Self {
    |            ^^^^^^^ -------  -----------------------
help: provide the argument
    |
115 |     Ok(Json(ApiResponse::success(contract, /* std::option::Option<std::string::String> */)))
    |                                 ~~~~~~~~~~~~~~~~~~~~~~~~~~~~~~~~~~~~~~~~~~~~~~~~~~~~~~~~~~

error[E0061]: this function takes 2 arguments but 1 argument was supplied
   --> src\handlers\sales_contract_handler.rs:132:13
    |
132 |     Ok(Json(ApiResponse::success(message)))
    |             ^^^^^^^^^^^^^^^^^^^^--------- argument #2 of type `std::option::Option<std::string::String>` is missing
    |
note: associated function defined here
   --> src\utils\response.rs:12:12
    |
12  |     pub fn success(data: T, message: Option<String>) -> Self {
    |            ^^^^^^^ -------  -----------------------
help: provide the argument
    |
132 |     Ok(Json(ApiResponse::success(message, /* std::option::Option<std::string::String> */)))
    |                                 ~~~~~~~~~~~~~~~~~~~~~~~~~~~~~~~~~~~~~~~~~~~~~~~~~~~~~~~~~

error[E0061]: this function takes 2 arguments but 1 argument was supplied
   --> src\handlers\sales_contract_handler.rs:158:13
    |
158 |     Ok(Json(ApiResponse::success(message)))
    |             ^^^^^^^^^^^^^^^^^^^^--------- argument #2 of type `std::option::Option<std::string::String>` is missing
    |
note: associated function defined here
   --> src\utils\response.rs:12:12
    |
12  |     pub fn success(data: T, message: Option<String>) -> Self {
    |            ^^^^^^^ -------  -----------------------
help: provide the argument
    |
158 |     Ok(Json(ApiResponse::success(message, /* std::option::Option<std::string::String> */)))
    |                                 ~~~~~~~~~~~~~~~~~~~~~~~~~~~~~~~~~~~~~~~~~~~~~~~~~~~~~~~~~

error[E0061]: this function takes 2 arguments but 1 argument was supplied
   --> src\handlers\sales_contract_handler.rs:176:13
    |
176 |     Ok(Json(ApiResponse::success(message)))
    |             ^^^^^^^^^^^^^^^^^^^^--------- argument #2 of type `std::option::Option<std::string::String>` is missing
    |
note: associated function defined here
   --> src\utils\response.rs:12:12
    |
12  |     pub fn success(data: T, message: Option<String>) -> Self {
    |            ^^^^^^^ -------  -----------------------
help: provide the argument
    |
176 |     Ok(Json(ApiResponse::success(message, /* std::option::Option<std::string::String> */)))
    |                                 ~~~~~~~~~~~~~~~~~~~~~~~~~~~~~~~~~~~~~~~~~~~~~~~~~~~~~~~~~

error[E0061]: this function takes 2 arguments but 1 argument was supplied
  --> src\handlers\customer_credit_handler.rs:72:13
   |
72 |     Ok(Json(ApiResponse::success(credits)))
   |             ^^^^^^^^^^^^^^^^^^^^--------- argument #2 of type `std::option::Option<std::string::String>` is missing
   |
note: associated function defined here
  --> src\utils\response.rs:12:12
   |
12 |     pub fn success(data: T, message: Option<String>) -> Self {
   |            ^^^^^^^ -------  -----------------------
help: provide the argument
   |
72 |     Ok(Json(ApiResponse::success(credits, /* std::option::Option<std::string::String> */)))
   |                                 ~~~~~~~~~~~~~~~~~~~~~~~~~~~~~~~~~~~~~~~~~~~~~~~~~~~~~~~~~

error[E0061]: this function takes 2 arguments but 1 argument was supplied
  --> src\handlers\customer_credit_handler.rs:88:13
   |
88 |     Ok(Json(ApiResponse::success(credit)))
   |             ^^^^^^^^^^^^^^^^^^^^-------- argument #2 of type `std::option::Option<std::string::String>` is missing
   |
note: associated function defined here
  --> src\utils\response.rs:12:12
   |
12 |     pub fn success(data: T, message: Option<String>) -> Self {
   |            ^^^^^^^ -------  -----------------------
help: provide the argument
   |
88 |     Ok(Json(ApiResponse::success(credit, /* std::option::Option<std::string::String> */)))
   |                                 ~~~~~~~~~~~~~~~~~~~~~~~~~~~~~~~~~~~~~~~~~~~~~~~~~~~~~~~~

error[E0061]: this function takes 2 arguments but 1 argument was supplied
   --> src\handlers\customer_credit_handler.rs:112:13
    |
112 |     Ok(Json(ApiResponse::success(credit)))
    |             ^^^^^^^^^^^^^^^^^^^^-------- argument #2 of type `std::option::Option<std::string::String>` is missing
    |
note: associated function defined here
   --> src\utils\response.rs:12:12
    |
12  |     pub fn success(data: T, message: Option<String>) -> Self {
    |            ^^^^^^^ -------  -----------------------
help: provide the argument
    |
112 |     Ok(Json(ApiResponse::success(credit, /* std::option::Option<std::string::String> */)))
    |                                 ~~~~~~~~~~~~~~~~~~~~~~~~~~~~~~~~~~~~~~~~~~~~~~~~~~~~~~~~

error[E0061]: this function takes 2 arguments but 1 argument was supplied
   --> src\handlers\customer_credit_handler.rs:130:13
    |
130 |     Ok(Json(ApiResponse::success(message)))
    |             ^^^^^^^^^^^^^^^^^^^^--------- argument #2 of type `std::option::Option<std::string::String>` is missing
    |
note: associated function defined here
   --> src\utils\response.rs:12:12
    |
12  |     pub fn success(data: T, message: Option<String>) -> Self {
    |            ^^^^^^^ -------  -----------------------
help: provide the argument
    |
130 |     Ok(Json(ApiResponse::success(message, /* std::option::Option<std::string::String> */)))
    |                                 ~~~~~~~~~~~~~~~~~~~~~~~~~~~~~~~~~~~~~~~~~~~~~~~~~~~~~~~~~

error[E0061]: this function takes 2 arguments but 1 argument was supplied
   --> src\handlers\customer_credit_handler.rs:148:13
    |
148 |     Ok(Json(ApiResponse::success(message)))
    |             ^^^^^^^^^^^^^^^^^^^^--------- argument #2 of type `std::option::Option<std::string::String>` is missing
    |
note: associated function defined here
   --> src\utils\response.rs:12:12
    |
12  |     pub fn success(data: T, message: Option<String>) -> Self {
    |            ^^^^^^^ -------  -----------------------
help: provide the argument
    |
148 |     Ok(Json(ApiResponse::success(message, /* std::option::Option<std::string::String> */)))
    |                                 ~~~~~~~~~~~~~~~~~~~~~~~~~~~~~~~~~~~~~~~~~~~~~~~~~~~~~~~~~

error[E0061]: this function takes 2 arguments but 1 argument was supplied
   --> src\handlers\customer_credit_handler.rs:173:13
    |
173 |     Ok(Json(ApiResponse::success(message)))
    |             ^^^^^^^^^^^^^^^^^^^^--------- argument #2 of type `std::option::Option<std::string::String>` is missing
    |
note: associated function defined here
   --> src\utils\response.rs:12:12
    |
12  |     pub fn success(data: T, message: Option<String>) -> Self {
    |            ^^^^^^^ -------  -----------------------
help: provide the argument
    |
173 |     Ok(Json(ApiResponse::success(message, /* std::option::Option<std::string::String> */)))
    |                                 ~~~~~~~~~~~~~~~~~~~~~~~~~~~~~~~~~~~~~~~~~~~~~~~~~~~~~~~~~

error[E0061]: this function takes 2 arguments but 1 argument was supplied
   --> src\handlers\customer_credit_handler.rs:190:13
    |
190 |     Ok(Json(ApiResponse::success(message)))
    |             ^^^^^^^^^^^^^^^^^^^^--------- argument #2 of type `std::option::Option<std::string::String>` is missing
    |
note: associated function defined here
   --> src\utils\response.rs:12:12
    |
12  |     pub fn success(data: T, message: Option<String>) -> Self {
    |            ^^^^^^^ -------  -----------------------
help: provide the argument
    |
190 |     Ok(Json(ApiResponse::success(message, /* std::option::Option<std::string::String> */)))
    |                                 ~~~~~~~~~~~~~~~~~~~~~~~~~~~~~~~~~~~~~~~~~~~~~~~~~~~~~~~~~

error[E0061]: this function takes 2 arguments but 1 argument was supplied
  --> src\handlers\fund_management_handler.rs:74:13
   |
74 |     Ok(Json(ApiResponse::success(accounts)))
   |             ^^^^^^^^^^^^^^^^^^^^---------- argument #2 of type `std::option::Option<std::string::String>` is missing
   |
note: associated function defined here
  --> src\utils\response.rs:12:12
   |
12 |     pub fn success(data: T, message: Option<String>) -> Self {
   |            ^^^^^^^ -------  -----------------------
help: provide the argument
   |
74 |     Ok(Json(ApiResponse::success(accounts, /* std::option::Option<std::string::String> */)))
   |                                 ~~~~~~~~~~~~~~~~~~~~~~~~~~~~~~~~~~~~~~~~~~~~~~~~~~~~~~~~~~

error[E0061]: this function takes 2 arguments but 1 argument was supplied
   --> src\handlers\fund_management_handler.rs:100:13
    |
100 |     Ok(Json(ApiResponse::success(account)))
    |             ^^^^^^^^^^^^^^^^^^^^--------- argument #2 of type `std::option::Option<std::string::String>` is missing
    |
note: associated function defined here
   --> src\utils\response.rs:12:12
    |
12  |     pub fn success(data: T, message: Option<String>) -> Self {
    |            ^^^^^^^ -------  -----------------------
help: provide the argument
    |
100 |     Ok(Json(ApiResponse::success(account, /* std::option::Option<std::string::String> */)))
    |                                 ~~~~~~~~~~~~~~~~~~~~~~~~~~~~~~~~~~~~~~~~~~~~~~~~~~~~~~~~~

error[E0061]: this function takes 2 arguments but 1 argument was supplied
   --> src\handlers\fund_management_handler.rs:115:13
    |
115 |     Ok(Json(ApiResponse::success(account)))
    |             ^^^^^^^^^^^^^^^^^^^^--------- argument #2 of type `std::option::Option<std::string::String>` is missing
    |
note: associated function defined here
   --> src\utils\response.rs:12:12
    |
12  |     pub fn success(data: T, message: Option<String>) -> Self {
    |            ^^^^^^^ -------  -----------------------
help: provide the argument
    |
115 |     Ok(Json(ApiResponse::success(account, /* std::option::Option<std::string::String> */)))
    |                                 ~~~~~~~~~~~~~~~~~~~~~~~~~~~~~~~~~~~~~~~~~~~~~~~~~~~~~~~~~

error[E0061]: this function takes 2 arguments but 1 argument was supplied
   --> src\handlers\fund_management_handler.rs:131:13
    |
131 |     Ok(Json(ApiResponse::success("瀛樻鎴愬姛".to_string())))
    |             ^^^^^^^^^^^^^^^^^^^^------------------------ argument #2 of type `std::option::Option<std::string::String>` is missing
    |
note: associated function defined here
   --> src\utils\response.rs:12:12
    |
12  |     pub fn success(data: T, message: Option<String>) -> Self {
    |            ^^^^^^^ -------  -----------------------
help: provide the argument
    |
131 |     Ok(Json(ApiResponse::success("瀛樻鎴愬姛".to_string(), /* std::option::Option<std::string::String> */)))
    |                                 ~~~~~~~~~~~~~~~~~~~~~~~~~~~~~~~~~~~~~~~~~~~~~~~~~~~~~~~~~~~~~~~~~~~~~~~~

error[E0061]: this function takes 2 arguments but 1 argument was supplied
   --> src\handlers\fund_management_handler.rs:147:13
    |
147 |     Ok(Json(ApiResponse::success("鍙栨鎴愬姛".to_string())))
    |             ^^^^^^^^^^^^^^^^^^^^------------------------ argument #2 of type `std::option::Option<std::string::String>` is missing
    |
note: associated function defined here
   --> src\utils\response.rs:12:12
    |
12  |     pub fn success(data: T, message: Option<String>) -> Self {
    |            ^^^^^^^ -------  -----------------------
help: provide the argument
    |
147 |     Ok(Json(ApiResponse::success("鍙栨鎴愬姛".to_string(), /* std::option::Option<std::string::String> */)))
    |                                 ~~~~~~~~~~~~~~~~~~~~~~~~~~~~~~~~~~~~~~~~~~~~~~~~~~~~~~~~~~~~~~~~~~~~~~~~

error[E0061]: this function takes 2 arguments but 1 argument was supplied
   --> src\handlers\fund_management_handler.rs:163:13
    |
163 |     Ok(Json(ApiResponse::success("鍐荤粨鎴愬姛".to_string())))
    |             ^^^^^^^^^^^^^^^^^^^^------------------------ argument #2 of type `std::option::Option<std::string::String>` is missing
    |
note: associated function defined here
   --> src\utils\response.rs:12:12
    |
12  |     pub fn success(data: T, message: Option<String>) -> Self {
    |            ^^^^^^^ -------  -----------------------
help: provide the argument
    |
163 |     Ok(Json(ApiResponse::success("鍐荤粨鎴愬姛".to_string(), /* std::option::Option<std::string::String> */)))
    |                                 ~~~~~~~~~~~~~~~~~~~~~~~~~~~~~~~~~~~~~~~~~~~~~~~~~~~~~~~~~~~~~~~~~~~~~~~~

error[E0061]: this function takes 2 arguments but 1 argument was supplied
   --> src\handlers\fund_management_handler.rs:179:13
    |
179 |     Ok(Json(ApiResponse::success("瑙ｅ喕鎴愬姛".to_string())))
    |             ^^^^^^^^^^^^^^^^^^^^------------------------ argument #2 of type `std::option::Option<std::string::String>` is missing
    |
note: associated function defined here
   --> src\utils\response.rs:12:12
    |
12  |     pub fn success(data: T, message: Option<String>) -> Self {
    |            ^^^^^^^ -------  -----------------------
help: provide the argument
    |
179 |     Ok(Json(ApiResponse::success("瑙ｅ喕鎴愬姛".to_string(), /* std::option::Option<std::string::String> */)))
    |                                 ~~~~~~~~~~~~~~~~~~~~~~~~~~~~~~~~~~~~~~~~~~~~~~~~~~~~~~~~~~~~~~~~~~~~~~~~

error[E0061]: this function takes 2 arguments but 1 argument was supplied
   --> src\handlers\fund_management_handler.rs:194:13
    |
194 |     Ok(Json(ApiResponse::success("鍒犻櫎鎴愬姛".to_string())))
    |             ^^^^^^^^^^^^^^^^^^^^------------------------ argument #2 of type `std::option::Option<std::string::String>` is missing
    |
note: associated function defined here
   --> src\utils\response.rs:12:12
    |
12  |     pub fn success(data: T, message: Option<String>) -> Self {
    |            ^^^^^^^ -------  -----------------------
help: provide the argument
    |
194 |     Ok(Json(ApiResponse::success("鍒犻櫎鎴愬姛".to_string(), /* std::option::Option<std::string::String> */)))
    |                                 ~~~~~~~~~~~~~~~~~~~~~~~~~~~~~~~~~~~~~~~~~~~~~~~~~~~~~~~~~~~~~~~~~~~~~~~~

error[E0061]: this function takes 2 arguments but 1 argument was supplied
   --> src\handlers\budget_management_handler.rs:102:13
    |
102 |     Ok(Json(ApiResponse::success(items)))
    |             ^^^^^^^^^^^^^^^^^^^^------- argument #2 of type `std::option::Option<std::string::String>` is missing
    |
note: associated function defined here
   --> src\utils\response.rs:12:12
    |
12  |     pub fn success(data: T, message: Option<String>) -> Self {
    |            ^^^^^^^ -------  -----------------------
help: provide the argument
    |
102 |     Ok(Json(ApiResponse::success(items, /* std::option::Option<std::string::String> */)))
    |                                 ~~~~~~~~~~~~~~~~~~~~~~~~~~~~~~~~~~~~~~~~~~~~~~~~~~~~~~~

error[E0061]: this function takes 2 arguments but 1 argument was supplied
   --> src\handlers\budget_management_handler.rs:128:13
    |
128 |     Ok(Json(ApiResponse::success(item)))
    |             ^^^^^^^^^^^^^^^^^^^^------ argument #2 of type `std::option::Option<std::string::String>` is missing
    |
note: associated function defined here
   --> src\utils\response.rs:12:12
    |
12  |     pub fn success(data: T, message: Option<String>) -> Self {
    |            ^^^^^^^ -------  -----------------------
help: provide the argument
    |
128 |     Ok(Json(ApiResponse::success(item, /* std::option::Option<std::string::String> */)))
    |                                 ~~~~~~~~~~~~~~~~~~~~~~~~~~~~~~~~~~~~~~~~~~~~~~~~~~~~~~

error[E0061]: this function takes 2 arguments but 1 argument was supplied
   --> src\handlers\budget_management_handler.rs:143:13
    |
143 |     Ok(Json(ApiResponse::success(item)))
    |             ^^^^^^^^^^^^^^^^^^^^------ argument #2 of type `std::option::Option<std::string::String>` is missing
    |
note: associated function defined here
   --> src\utils\response.rs:12:12
    |
12  |     pub fn success(data: T, message: Option<String>) -> Self {
    |            ^^^^^^^ -------  -----------------------
help: provide the argument
    |
143 |     Ok(Json(ApiResponse::success(item, /* std::option::Option<std::string::String> */)))
    |                                 ~~~~~~~~~~~~~~~~~~~~~~~~~~~~~~~~~~~~~~~~~~~~~~~~~~~~~~

error[E0061]: this function takes 2 arguments but 1 argument was supplied
   --> src\handlers\budget_management_handler.rs:169:13
    |
169 |     Ok(Json(ApiResponse::success(item)))
    |             ^^^^^^^^^^^^^^^^^^^^------ argument #2 of type `std::option::Option<std::string::String>` is missing
    |
note: associated function defined here
   --> src\utils\response.rs:12:12
    |
12  |     pub fn success(data: T, message: Option<String>) -> Self {
    |            ^^^^^^^ -------  -----------------------
help: provide the argument
    |
169 |     Ok(Json(ApiResponse::success(item, /* std::option::Option<std::string::String> */)))
    |                                 ~~~~~~~~~~~~~~~~~~~~~~~~~~~~~~~~~~~~~~~~~~~~~~~~~~~~~~

error[E0061]: this function takes 2 arguments but 1 argument was supplied
   --> src\handlers\budget_management_handler.rs:184:13
    |
184 |     Ok(Json(ApiResponse::success("鍒犻櫎鎴愬姛".to_string())))
    |             ^^^^^^^^^^^^^^^^^^^^------------------------ argument #2 of type `std::option::Option<std::string::String>` is missing
    |
note: associated function defined here
   --> src\utils\response.rs:12:12
    |
12  |     pub fn success(data: T, message: Option<String>) -> Self {
    |            ^^^^^^^ -------  -----------------------
help: provide the argument
    |
184 |     Ok(Json(ApiResponse::success("鍒犻櫎鎴愬姛".to_string(), /* std::option::Option<std::string::String> */)))
    |                                 ~~~~~~~~~~~~~~~~~~~~~~~~~~~~~~~~~~~~~~~~~~~~~~~~~~~~~~~~~~~~~~~~~~~~~~~~

error[E0061]: this function takes 2 arguments but 1 argument was supplied
   --> src\handlers\budget_management_handler.rs:204:13
    |
204 |     Ok(Json(ApiResponse::success(plans)))
    |             ^^^^^^^^^^^^^^^^^^^^------- argument #2 of type `std::option::Option<std::string::String>` is missing
    |
note: associated function defined here
   --> src\utils\response.rs:12:12
    |
12  |     pub fn success(data: T, message: Option<String>) -> Self {
    |            ^^^^^^^ -------  -----------------------
help: provide the argument
    |
204 |     Ok(Json(ApiResponse::success(plans, /* std::option::Option<std::string::String> */)))
    |                                 ~~~~~~~~~~~~~~~~~~~~~~~~~~~~~~~~~~~~~~~~~~~~~~~~~~~~~~~

error[E0061]: this function takes 2 arguments but 1 argument was supplied
   --> src\handlers\budget_management_handler.rs:238:13
    |
238 |     Ok(Json(ApiResponse::success(plan)))
    |             ^^^^^^^^^^^^^^^^^^^^------ argument #2 of type `std::option::Option<std::string::String>` is missing
    |
note: associated function defined here
   --> src\utils\response.rs:12:12
    |
12  |     pub fn success(data: T, message: Option<String>) -> Self {
    |            ^^^^^^^ -------  -----------------------
help: provide the argument
    |
238 |     Ok(Json(ApiResponse::success(plan, /* std::option::Option<std::string::String> */)))
    |                                 ~~~~~~~~~~~~~~~~~~~~~~~~~~~~~~~~~~~~~~~~~~~~~~~~~~~~~~

error[E0061]: this function takes 2 arguments but 1 argument was supplied
   --> src\handlers\budget_management_handler.rs:253:13
    |
253 |     Ok(Json(ApiResponse::success(plan)))
    |             ^^^^^^^^^^^^^^^^^^^^------ argument #2 of type `std::option::Option<std::string::String>` is missing
    |
note: associated function defined here
   --> src\utils\response.rs:12:12
    |
12  |     pub fn success(data: T, message: Option<String>) -> Self {
    |            ^^^^^^^ -------  -----------------------
help: provide the argument
    |
253 |     Ok(Json(ApiResponse::success(plan, /* std::option::Option<std::string::String> */)))
    |                                 ~~~~~~~~~~~~~~~~~~~~~~~~~~~~~~~~~~~~~~~~~~~~~~~~~~~~~~

error[E0061]: this function takes 2 arguments but 1 argument was supplied
   --> src\handlers\budget_management_handler.rs:269:13
    |
269 |     Ok(Json(ApiResponse::success("瀹℃壒閫氳繃".to_string())))
    |             ^^^^^^^^^^^^^^^^^^^^------------------------ argument #2 of type `std::option::Option<std::string::String>` is missing
    |
note: associated function defined here
   --> src\utils\response.rs:12:12
    |
12  |     pub fn success(data: T, message: Option<String>) -> Self {
    |            ^^^^^^^ -------  -----------------------
help: provide the argument
    |
269 |     Ok(Json(ApiResponse::success("瀹℃壒閫氳繃".to_string(), /* std::option::Option<std::string::String> */)))
    |                                 ~~~~~~~~~~~~~~~~~~~~~~~~~~~~~~~~~~~~~~~~~~~~~~~~~~~~~~~~~~~~~~~~~~~~~~~~

error[E0061]: this function takes 2 arguments but 1 argument was supplied
   --> src\handlers\budget_management_handler.rs:297:13
    |
297 |     Ok(Json(ApiResponse::success("鎵ц鎴愬姛".to_string())))
    |             ^^^^^^^^^^^^^^^^^^^^------------------------ argument #2 of type `std::option::Option<std::string::String>` is missing
    |
note: associated function defined here
   --> src\utils\response.rs:12:12
    |
12  |     pub fn success(data: T, message: Option<String>) -> Self {
    |            ^^^^^^^ -------  -----------------------
help: provide the argument
    |
297 |     Ok(Json(ApiResponse::success("鎵ц鎴愬姛".to_string(), /* std::option::Option<std::string::String> */)))
    |                                 ~~~~~~~~~~~~~~~~~~~~~~~~~~~~~~~~~~~~~~~~~~~~~~~~~~~~~~~~~~~~~~~~~~~~~~~~

error[E0061]: this function takes 2 arguments but 1 argument was supplied
   --> src\handlers\budget_management_handler.rs:312:13
    |
312 |     Ok(Json(ApiResponse::success(control)))
    |             ^^^^^^^^^^^^^^^^^^^^--------- argument #2 of type `std::option::Option<std::string::String>` is missing
    |
note: associated function defined here
   --> src\utils\response.rs:12:12
    |
12  |     pub fn success(data: T, message: Option<String>) -> Self {
    |            ^^^^^^^ -------  -----------------------
help: provide the argument
    |
312 |     Ok(Json(ApiResponse::success(control, /* std::option::Option<std::string::String> */)))
    |                                 ~~~~~~~~~~~~~~~~~~~~~~~~~~~~~~~~~~~~~~~~~~~~~~~~~~~~~~~~~

error[E0061]: this function takes 2 arguments but 1 argument was supplied
  --> src\handlers\quality_standard_handler.rs:87:13
   |
87 |     Ok(Json(ApiResponse::success(standards)))
   |             ^^^^^^^^^^^^^^^^^^^^----------- argument #2 of type `std::option::Option<std::string::String>` is missing
   |
note: associated function defined here
  --> src\utils\response.rs:12:12
   |
12 |     pub fn success(data: T, message: Option<String>) -> Self {
   |            ^^^^^^^ -------  -----------------------
help: provide the argument
   |
87 |     Ok(Json(ApiResponse::success(standards, /* std::option::Option<std::string::String> */)))
   |                                 ~~~~~~~~~~~~~~~~~~~~~~~~~~~~~~~~~~~~~~~~~~~~~~~~~~~~~~~~~~~

error[E0061]: this function takes 2 arguments but 1 argument was supplied
   --> src\handlers\quality_standard_handler.rs:121:13
    |
121 |     Ok(Json(ApiResponse::success(standard)))
    |             ^^^^^^^^^^^^^^^^^^^^---------- argument #2 of type `std::option::Option<std::string::String>` is missing
    |
note: associated function defined here
   --> src\utils\response.rs:12:12
    |
12  |     pub fn success(data: T, message: Option<String>) -> Self {
    |            ^^^^^^^ -------  -----------------------
help: provide the argument
    |
121 |     Ok(Json(ApiResponse::success(standard, /* std::option::Option<std::string::String> */)))
    |                                 ~~~~~~~~~~~~~~~~~~~~~~~~~~~~~~~~~~~~~~~~~~~~~~~~~~~~~~~~~~

error[E0061]: this function takes 2 arguments but 1 argument was supplied
   --> src\handlers\quality_standard_handler.rs:136:13
    |
136 |     Ok(Json(ApiResponse::success(standard)))
    |             ^^^^^^^^^^^^^^^^^^^^---------- argument #2 of type `std::option::Option<std::string::String>` is missing
    |
note: associated function defined here
   --> src\utils\response.rs:12:12
    |
12  |     pub fn success(data: T, message: Option<String>) -> Self {
    |            ^^^^^^^ -------  -----------------------
help: provide the argument
    |
136 |     Ok(Json(ApiResponse::success(standard, /* std::option::Option<std::string::String> */)))
    |                                 ~~~~~~~~~~~~~~~~~~~~~~~~~~~~~~~~~~~~~~~~~~~~~~~~~~~~~~~~~~

error[E0061]: this function takes 2 arguments but 1 argument was supplied
   --> src\handlers\quality_standard_handler.rs:162:13
    |
162 |     Ok(Json(ApiResponse::success(standard)))
    |             ^^^^^^^^^^^^^^^^^^^^---------- argument #2 of type `std::option::Option<std::string::String>` is missing
    |
note: associated function defined here
   --> src\utils\response.rs:12:12
    |
12  |     pub fn success(data: T, message: Option<String>) -> Self {
    |            ^^^^^^^ -------  -----------------------
help: provide the argument
    |
162 |     Ok(Json(ApiResponse::success(standard, /* std::option::Option<std::string::String> */)))
    |                                 ~~~~~~~~~~~~~~~~~~~~~~~~~~~~~~~~~~~~~~~~~~~~~~~~~~~~~~~~~~

error[E0061]: this function takes 2 arguments but 1 argument was supplied
   --> src\handlers\quality_standard_handler.rs:177:13
    |
177 |     Ok(Json(ApiResponse::success("鍒犻櫎鎴愬姛".to_string())))
    |             ^^^^^^^^^^^^^^^^^^^^------------------------ argument #2 of type `std::option::Option<std::string::String>` is missing
    |
note: associated function defined here
   --> src\utils\response.rs:12:12
    |
12  |     pub fn success(data: T, message: Option<String>) -> Self {
    |            ^^^^^^^ -------  -----------------------
help: provide the argument
    |
177 |     Ok(Json(ApiResponse::success("鍒犻櫎鎴愬姛".to_string(), /* std::option::Option<std::string::String> */)))
    |                                 ~~~~~~~~~~~~~~~~~~~~~~~~~~~~~~~~~~~~~~~~~~~~~~~~~~~~~~~~~~~~~~~~~~~~~~~~

error[E0061]: this function takes 2 arguments but 1 argument was supplied
   --> src\handlers\quality_standard_handler.rs:192:13
    |
192 |     Ok(Json(ApiResponse::success(versions)))
    |             ^^^^^^^^^^^^^^^^^^^^---------- argument #2 of type `std::option::Option<std::string::String>` is missing
    |
note: associated function defined here
   --> src\utils\response.rs:12:12
    |
12  |     pub fn success(data: T, message: Option<String>) -> Self {
    |            ^^^^^^^ -------  -----------------------
help: provide the argument
    |
192 |     Ok(Json(ApiResponse::success(versions, /* std::option::Option<std::string::String> */)))
    |                                 ~~~~~~~~~~~~~~~~~~~~~~~~~~~~~~~~~~~~~~~~~~~~~~~~~~~~~~~~~~

error[E0061]: this function takes 2 arguments but 1 argument was supplied
   --> src\handlers\quality_standard_handler.rs:216:13
    |
216 |     Ok(Json(ApiResponse::success(standard)))
    |             ^^^^^^^^^^^^^^^^^^^^---------- argument #2 of type `std::option::Option<std::string::String>` is missing
    |
note: associated function defined here
   --> src\utils\response.rs:12:12
    |
12  |     pub fn success(data: T, message: Option<String>) -> Self {
    |            ^^^^^^^ -------  -----------------------
help: provide the argument
    |
216 |     Ok(Json(ApiResponse::success(standard, /* std::option::Option<std::string::String> */)))
    |                                 ~~~~~~~~~~~~~~~~~~~~~~~~~~~~~~~~~~~~~~~~~~~~~~~~~~~~~~~~~~

error[E0061]: this function takes 2 arguments but 1 argument was supplied
   --> src\handlers\quality_standard_handler.rs:232:13
    |
232 |     Ok(Json(ApiResponse::success("瀹℃壒閫氳繃".to_string())))
    |             ^^^^^^^^^^^^^^^^^^^^------------------------ argument #2 of type `std::option::Option<std::string::String>` is missing
    |
note: associated function defined here
   --> src\utils\response.rs:12:12
    |
12  |     pub fn success(data: T, message: Option<String>) -> Self {
    |            ^^^^^^^ -------  -----------------------
help: provide the argument
    |
232 |     Ok(Json(ApiResponse::success("瀹℃壒閫氳繃".to_string(), /* std::option::Option<std::string::String> */)))
    |                                 ~~~~~~~~~~~~~~~~~~~~~~~~~~~~~~~~~~~~~~~~~~~~~~~~~~~~~~~~~~~~~~~~~~~~~~~~

error[E0061]: this function takes 2 arguments but 1 argument was supplied
  --> src\handlers\financial_analysis_handler.rs:43:13
   |
43 |     Ok(Json(ApiResponse::success(indicators)))
   |             ^^^^^^^^^^^^^^^^^^^^------------ argument #2 of type `std::option::Option<std::string::String>` is missing
   |
note: associated function defined here
  --> src\utils\response.rs:12:12
   |
12 |     pub fn success(data: T, message: Option<String>) -> Self {
   |            ^^^^^^^ -------  -----------------------
help: provide the argument
   |
43 |     Ok(Json(ApiResponse::success(indicators, /* std::option::Option<std::string::String> */)))
   |                                 ~~~~~~~~~~~~~~~~~~~~~~~~~~~~~~~~~~~~~~~~~~~~~~~~~~~~~~~~~~~~

error[E0061]: this function takes 2 arguments but 1 argument was supplied
  --> src\handlers\supplier_evaluation_handler.rs:43:13
   |
43 |     Ok(Json(ApiResponse::success(indicators)))
   |             ^^^^^^^^^^^^^^^^^^^^------------ argument #2 of type `std::option::Option<std::string::String>` is missing
   |
note: associated function defined here
  --> src\utils\response.rs:12:12
   |
12 |     pub fn success(data: T, message: Option<String>) -> Self {
   |            ^^^^^^^ -------  -----------------------
help: provide the argument
   |
43 |     Ok(Json(ApiResponse::success(indicators, /* std::option::Option<std::string::String> */)))
   |                                 ~~~~~~~~~~~~~~~~~~~~~~~~~~~~~~~~~~~~~~~~~~~~~~~~~~~~~~~~~~~~

error[E0061]: this function takes 2 arguments but 1 argument was supplied
  --> src\handlers\purchase_price_handler.rs:45:13
   |
45 |     Ok(Json(ApiResponse::success(prices)))
   |             ^^^^^^^^^^^^^^^^^^^^-------- argument #2 of type `std::option::Option<std::string::String>` is missing
   |
note: associated function defined here
  --> src\utils\response.rs:12:12
   |
12 |     pub fn success(data: T, message: Option<String>) -> Self {
   |            ^^^^^^^ -------  -----------------------
help: provide the argument
   |
45 |     Ok(Json(ApiResponse::success(prices, /* std::option::Option<std::string::String> */)))
   |                                 ~~~~~~~~~~~~~~~~~~~~~~~~~~~~~~~~~~~~~~~~~~~~~~~~~~~~~~~~

error[E0061]: this function takes 2 arguments but 1 argument was supplied
  --> src\handlers\sales_price_handler.rs:45:13
   |
45 |     Ok(Json(ApiResponse::success(prices)))
   |             ^^^^^^^^^^^^^^^^^^^^-------- argument #2 of type `std::option::Option<std::string::String>` is missing
   |
note: associated function defined here
  --> src\utils\response.rs:12:12
   |
12 |     pub fn success(data: T, message: Option<String>) -> Self {
   |            ^^^^^^^ -------  -----------------------
help: provide the argument
   |
45 |     Ok(Json(ApiResponse::success(prices, /* std::option::Option<std::string::String> */)))
   |                                 ~~~~~~~~~~~~~~~~~~~~~~~~~~~~~~~~~~~~~~~~~~~~~~~~~~~~~~~~

error[E0061]: this function takes 2 arguments but 1 argument was supplied
  --> src\handlers\sales_analysis_handler.rs:43:13
   |
43 |     Ok(Json(ApiResponse::success(statistics)))
   |             ^^^^^^^^^^^^^^^^^^^^------------ argument #2 of type `std::option::Option<std::string::String>` is missing
   |
note: associated function defined here
  --> src\utils\response.rs:12:12
   |
12 |     pub fn success(data: T, message: Option<String>) -> Self {
   |            ^^^^^^^ -------  -----------------------
help: provide the argument
   |
43 |     Ok(Json(ApiResponse::success(statistics, /* std::option::Option<std::string::String> */)))
   |                                 ~~~~~~~~~~~~~~~~~~~~~~~~~~~~~~~~~~~~~~~~~~~~~~~~~~~~~~~~~~~~

error[E0061]: this function takes 2 arguments but 1 argument was supplied
  --> src\handlers\quality_inspection_handler.rs:43:13
   |
43 |     Ok(Json(ApiResponse::success(standards)))
   |             ^^^^^^^^^^^^^^^^^^^^----------- argument #2 of type `std::option::Option<std::string::String>` is missing
   |
note: associated function defined here
  --> src\utils\response.rs:12:12
   |
12 |     pub fn success(data: T, message: Option<String>) -> Self {
   |            ^^^^^^^ -------  -----------------------
help: provide the argument
   |
43 |     Ok(Json(ApiResponse::success(standards, /* std::option::Option<std::string::String> */)))
   |                                 ~~~~~~~~~~~~~~~~~~~~~~~~~~~~~~~~~~~~~~~~~~~~~~~~~~~~~~~~~~~

error[E0277]: the trait bound `Claims: Clone` is not satisfied
  --> src\middleware\auth.rs:35:53
   |
35 |                     request.extensions_mut().insert(claims);
   |                                              ------ ^^^^^^ the trait `Clone` is not implemented for `Claims`
   |                                              |
   |                                              required by a bound introduced by this call
   |
note: required by a bound in `axum::http::Extensions::insert`
  --> C:\Users\admin\.cargo\registry\src\index.crates.io-6f17d22bba15001f\http-1.4.0\src\extensions.rs:62:22
   |
62 |     pub fn insert<T: Clone + Send + Sync + 'static>(&mut self, val: T) -> Option<T> {
   |                      ^^^^^ required by this bound in `Extensions::insert`
help: consider annotating `Claims` with `#[derive(Clone)]`
  --> src\services\auth_service.rs:11:1
   |
11 + #[derive(Clone)]
12 | pub struct Claims {
   |

error[E0308]: mismatched types
   --> src\middleware\auth.rs:36:33
    |
9   | pub async fn AuthMiddleware<B>(
    |                             - found this type parameter
...
36  |                     Ok(next.run(request).await)
    |                             --- ^^^^^^^ expected `Request<Body>`, found `Request<B>`
    |                             |
    |                             arguments to this method are incorrect
    |
    = note: expected struct `axum::http::Request<axum::body::Body>`
               found struct `axum::http::Request<B>`
note: method defined here
   --> C:\Users\admin\.cargo\registry\src\index.crates.io-6f17d22bba15001f\axum-0.7.9\src\middleware\from_fn.rs:341:18
    |
341 |     pub async fn run(mut self, req: Request) -> Response {
    |                  ^^^

error[E0195]: lifetime parameters or bounds on associated function `from_request_parts` do not match the trait declaration
  --> src\middleware\auth_context.rs:44:32
   |
44 |     async fn from_request_parts(parts: &mut Parts, _state: &S) -> Result<Self, Self::Rejection> {
   |                                ^ lifetimes do not match associated function in trait

error[E0195]: lifetime parameters or bounds on associated function `from_request_parts` do not match the trait declaration
  --> src\middleware\auth_context.rs:68:32
   |
68 |     async fn from_request_parts(parts: &mut Parts, _state: &S) -> Result<Self, Self::Rejection> {
   |                                ^ lifetimes do not match associated function in trait

error[E0277]: the trait bound `AuthContext: From<&Claims>` is not satisfied
  --> src\middleware\auth_context.rs:47:16
   |
47 |             Ok(AuthContext::from(claims.clone()))
   |                ^^^^^^^^^^^ the trait `From<&Claims>` is not implemented for `AuthContext`
   |
   = help: the trait `From<Claims>` is implemented for `AuthContext`
   = help: for that trait implementation, expected `Claims`, found `&Claims`

error[E0308]: mismatched types
   --> src\middleware\auth_middleware.rs:112:17
    |
89  | pub async fn auth_middleware<B>(
    |                              - found this type parameter
...
112 |     Ok(next.run(req).await)
    |             --- ^^^ expected `Request<Body>`, found `Request<B>`
    |             |
    |             arguments to this method are incorrect
    |
    = note: expected struct `axum::http::Request<axum::body::Body>`
               found struct `axum::http::Request<B>`
note: method defined here
   --> C:\Users\admin\.cargo\registry\src\index.crates.io-6f17d22bba15001f\axum-0.7.9\src\middleware\from_fn.rs:341:18
    |
341 |     pub async fn run(mut self, req: Request) -> Response {
    |                  ^^^

error[E0308]: mismatched types
   --> src\middleware\auth_middleware.rs:130:17
    |
116 | pub async fn optional_auth_middleware<B>(
    |                                       - found this type parameter
...
130 |     Ok(next.run(req).await)
    |             --- ^^^ expected `Request<Body>`, found `Request<B>`
    |             |
    |             arguments to this method are incorrect
    |
    = note: expected struct `axum::http::Request<axum::body::Body>`
               found struct `axum::http::Request<B>`
note: method defined here
   --> C:\Users\admin\.cargo\registry\src\index.crates.io-6f17d22bba15001f\axum-0.7.9\src\middleware\from_fn.rs:341:18
    |
341 |     pub async fn run(mut self, req: Request) -> Response {
    |                  ^^^

error[E0119]: conflicting implementations of trait `std::default::Default` for type `inventory_count_item::Entity`
  --> src\models\inventory_count_item.rs:17:35
   |
7  | #[derive(Copy, Clone, Default, Debug, DeriveEntity)]
   |                       ------- first implementation here
...
17 | #[derive(Clone, Debug, PartialEq, DeriveEntityModel, Eq, Serialize, Deserialize)]
   |                                   ^^^^^^^^^^^^^^^^^ conflicting implementation for `inventory_count_item::Entity`
   |
   = note: this error originates in the derive macro `Default` (in Nightly builds, run with -Z macro-backtrace for more info)

error[E0119]: conflicting implementations of trait `std::default::Default` for type `inventory_adjustment_item::Entity`
  --> src\models\inventory_adjustment_item.rs:20:35
   |
10 | #[derive(Copy, Clone, Default, Debug, DeriveEntity)]
   |                       ------- first implementation here
...
20 | #[derive(Clone, Debug, PartialEq, DeriveEntityModel, Eq, Serialize, Deserialize)]
   |                                   ^^^^^^^^^^^^^^^^^ conflicting implementation for `inventory_adjustment_item::Entity`
   |
   = note: this error originates in the derive macro `Default` (in Nightly builds, run with -Z macro-backtrace for more info)

error[E0119]: conflicting implementations of trait `std::default::Default` for type `inventory_reservation::Entity`
  --> src\models\inventory_reservation.rs:17:35
   |
7  | #[derive(Copy, Clone, Default, Debug, DeriveEntity)]
   |                       ------- first implementation here
...
17 | #[derive(Clone, Debug, PartialEq, DeriveEntityModel, Eq, Serialize, Deserialize)]
   |                                   ^^^^^^^^^^^^^^^^^ conflicting implementation for `inventory_reservation::Entity`
   |
   = note: this error originates in the derive macro `Default` (in Nightly builds, run with -Z macro-backtrace for more info)

error[E0119]: conflicting implementations of trait `std::default::Default` for type `customer::Entity`
  --> src\models\customer.rs:17:35
   |
7  | #[derive(Copy, Clone, Default, Debug, DeriveEntity)]
   |                       ------- first implementation here
...
17 | #[derive(Clone, Debug, PartialEq, DeriveEntityModel, Eq, Serialize, Deserialize)]
   |                                   ^^^^^^^^^^^^^^^^^ conflicting implementation for `customer::Entity`
   |
   = note: this error originates in the derive macro `Default` (in Nightly builds, run with -Z macro-backtrace for more info)

error[E0119]: conflicting implementations of trait `std::default::Default` for type `assist_accounting_dimension::Entity`
  --> src\models\assist_accounting_dimension.rs:17:35
   |
7  | #[derive(Copy, Clone, Default, Debug, DeriveEntity)]
   |                       ------- first implementation here
...
17 | #[derive(Clone, Debug, PartialEq, DeriveEntityModel, Eq)]
   |                                   ^^^^^^^^^^^^^^^^^ conflicting implementation for `assist_accounting_dimension::Entity`
   |
   = note: this error originates in the derive macro `Default` (in Nightly builds, run with -Z macro-backtrace for more info)

error[E0119]: conflicting implementations of trait `std::default::Default` for type `assist_accounting_record::Entity`
  --> src\models\assist_accounting_record.rs:17:35
   |
7  | #[derive(Copy, Clone, Default, Debug, DeriveEntity)]
   |                       ------- first implementation here
...
17 | #[derive(Clone, Debug, PartialEq, DeriveEntityModel, Eq)]
   |                                   ^^^^^^^^^^^^^^^^^ conflicting implementation for `assist_accounting_record::Entity`
   |
   = note: this error originates in the derive macro `Default` (in Nightly builds, run with -Z macro-backtrace for more info)

error[E0119]: conflicting implementations of trait `std::default::Default` for type `assist_accounting_summary::Entity`
  --> src\models\assist_accounting_summary.rs:17:35
   |
7  | #[derive(Copy, Clone, Default, Debug, DeriveEntity)]
   |                       ------- first implementation here
...
17 | #[derive(Clone, Debug, PartialEq, DeriveEntityModel, Eq)]
   |                                   ^^^^^^^^^^^^^^^^^ conflicting implementation for `assist_accounting_summary::Entity`
   |
   = note: this error originates in the derive macro `Default` (in Nightly builds, run with -Z macro-backtrace for more info)

error[E0119]: conflicting implementations of trait `std::default::Default` for type `business_trace_chain::Entity`
  --> src\models\business_trace_chain.rs:18:35
   |
8  | #[derive(Copy, Clone, Default, Debug, DeriveEntity)]
   |                       ------- first implementation here
...
18 | #[derive(Clone, Debug, PartialEq, DeriveEntityModel, Eq)]
   |                                   ^^^^^^^^^^^^^^^^^ conflicting implementation for `business_trace_chain::Entity`
   |
   = note: this error originates in the derive macro `Default` (in Nightly builds, run with -Z macro-backtrace for more info)

error[E0119]: conflicting implementations of trait `std::default::Default` for type `business_trace_snapshot::Entity`
  --> src\models\business_trace_snapshot.rs:19:35
   |
9  | #[derive(Copy, Clone, Default, Debug, DeriveEntity)]
   |                       ------- first implementation here
...
19 | #[derive(Clone, Debug, PartialEq, DeriveEntityModel, Eq)]
   |                                   ^^^^^^^^^^^^^^^^^ conflicting implementation for `business_trace_snapshot::Entity`
   |
   = note: this error originates in the derive macro `Default` (in Nightly builds, run with -Z macro-backtrace for more info)

error[E0119]: conflicting implementations of trait `std::default::Default` for type `business_trace_view::Entity`
  --> src\models\business_trace_view.rs:18:35
   |
8  | #[derive(Copy, Clone, Default, Debug, DeriveEntity)]
   |                       ------- first implementation here
...
18 | #[derive(Clone, Debug, PartialEq, DeriveEntityModel, Eq)]
   |                                   ^^^^^^^^^^^^^^^^^ conflicting implementation for `business_trace_view::Entity`
   |
   = note: this error originates in the derive macro `Default` (in Nightly builds, run with -Z macro-backtrace for more info)

error[E0119]: conflicting implementations of trait `std::default::Default` for type `purchase_order_item::Entity`
  --> src\models\purchase_order_item.rs:19:35
   |
9  | #[derive(Copy, Clone, Default, Debug, DeriveEntity)]
   |                       ------- first implementation here
...
19 | #[derive(Clone, Debug, PartialEq, DeriveEntityModel, Eq)]
   |                                   ^^^^^^^^^^^^^^^^^ conflicting implementation for `purchase_order_item::Entity`
   |
   = note: this error originates in the derive macro `Default` (in Nightly builds, run with -Z macro-backtrace for more info)

error[E0119]: conflicting implementations of trait `std::default::Default` for type `purchase_receipt_item::Entity`
  --> src\models\purchase_receipt_item.rs:19:35
   |
9  | #[derive(Copy, Clone, Default, Debug, DeriveEntity)]
   |                       ------- first implementation here
...
19 | #[derive(Clone, Debug, PartialEq, DeriveEntityModel, Eq)]
   |                                   ^^^^^^^^^^^^^^^^^ conflicting implementation for `purchase_receipt_item::Entity`
   |
   = note: this error originates in the derive macro `Default` (in Nightly builds, run with -Z macro-backtrace for more info)

error[E0308]: mismatched types
   --> src\middleware\logger_middleware.rs:32:29
    |
14  | pub async fn request_logger_middleware<B>(
    |                                        - found this type parameter
...
32  |     let response = next.run(req).await;
    |                         --- ^^^ expected `Request<Body>`, found `Request<B>`
    |                         |
    |                         arguments to this method are incorrect
    |
    = note: expected struct `axum::http::Request<axum::body::Body>`
               found struct `axum::http::Request<B>`
note: method defined here
   --> C:\Users\admin\.cargo\registry\src\index.crates.io-6f17d22bba15001f\axum-0.7.9\src\middleware\from_fn.rs:341:18
    |
341 |     pub async fn run(mut self, req: Request) -> Response {
    |                  ^^^

error[E0599]: no function or associated item named `from_millis` found for struct `TimeDelta` in the current scope
   --> src\middleware\logger_middleware.rs:75:36
    |
75  |     let slow_threshold = Duration::from_millis(1000); // 1 绉掗槇鍊?    |                                    ^^^^^^^^^^^ function or associated ite
m not found in `TimeDelta`
    |
note: if you're trying to build a new `TimeDelta` consider using one of the following associated functions:
      TimeDelta::new
      TimeDelta::weeks
      TimeDelta::try_weeks
      TimeDelta::days
      and 15 others
   --> C:\Users\admin\.cargo\registry\src\index.crates.io-6f17d22bba15001f\chrono-0.4.44\src\time_delta.rs:86:5
    |
86  |     pub const fn new(secs: i64, nanos: u32) -> Option<TimeDelta> {
    |     ^^^^^^^^^^^^^^^^^^^^^^^^^^^^^^^^^^^^^^^^^^^^^^^^^^^^^^^^^^^^
...
109 |     pub const fn weeks(weeks: i64) -> TimeDelta {
    |     ^^^^^^^^^^^^^^^^^^^^^^^^^^^^^^^^^^^^^^^^^^^
...
122 |     pub const fn try_weeks(weeks: i64) -> Option<TimeDelta> {
    |     ^^^^^^^^^^^^^^^^^^^^^^^^^^^^^^^^^^^^^^^^^^^^^^^^^^^^^^^
...
137 |     pub const fn days(days: i64) -> TimeDelta {
    |     ^^^^^^^^^^^^^^^^^^^^^^^^^^^^^^^^^^^^^^^^^

error[E0308]: mismatched types
   --> src\middleware\logger_middleware.rs:77:29
    |
70  | pub async fn slow_request_detector_middleware<B>(
    |                                               - found this type parameter
...
77  |     let response = next.run(req).await;
    |                         --- ^^^ expected `Request<Body>`, found `Request<B>`
    |                         |
    |                         arguments to this method are incorrect
    |
    = note: expected struct `axum::http::Request<axum::body::Body>`
               found struct `axum::http::Request<B>`
note: method defined here
   --> C:\Users\admin\.cargo\registry\src\index.crates.io-6f17d22bba15001f\axum-0.7.9\src\middleware\from_fn.rs:341:18
    |
341 |     pub async fn run(mut self, req: Request) -> Response {
    |                  ^^^

error[E0308]: mismatched types
   --> src\middleware\logger_middleware.rs:103:29
    |
96  | pub async fn performance_monitor_middleware<B>(
    |                                             - found this type parameter
...
103 |     let response = next.run(req).await;
    |                         --- ^^^ expected `Request<Body>`, found `Request<B>`
    |                         |
    |                         arguments to this method are incorrect
    |
    = note: expected struct `axum::http::Request<axum::body::Body>`
               found struct `axum::http::Request<B>`
note: method defined here
   --> C:\Users\admin\.cargo\registry\src\index.crates.io-6f17d22bba15001f\axum-0.7.9\src\middleware\from_fn.rs:341:18
    |
341 |     pub async fn run(mut self, req: Request) -> Response {
    |                  ^^^

error[E0308]: mismatched types
   --> src\middleware\logger_middleware.rs:136:33
    |
123 | pub async fn request_id_middleware<B>(
    |                                    - found this type parameter
...
136 |     let mut response = next.run(req).await;
    |                             --- ^^^ expected `Request<Body>`, found `Request<B>`
    |                             |
    |                             arguments to this method are incorrect
    |
    = note: expected struct `axum::http::Request<axum::body::Body>`
               found struct `axum::http::Request<B>`
note: method defined here
   --> C:\Users\admin\.cargo\registry\src\index.crates.io-6f17d22bba15001f\axum-0.7.9\src\middleware\from_fn.rs:341:18
    |
341 |     pub async fn run(mut self, req: Request) -> Response {
    |                  ^^^

error[E0119]: conflicting implementations of trait `std::marker::Copy` for type `inventory_count_item::Entity`
  --> src\models\inventory_count_item.rs:17:35
   |
7  | #[derive(Copy, Clone, Default, Debug, DeriveEntity)]
   |          ---- first implementation here
...
17 | #[derive(Clone, Debug, PartialEq, DeriveEntityModel, Eq, Serialize, Deserialize)]
   |                                   ^^^^^^^^^^^^^^^^^ conflicting implementation for `inventory_count_item::Entity`
   |
   = note: this error originates in the derive macro `Copy` (in Nightly builds, run with -Z macro-backtrace for more info)

error[E0119]: conflicting implementations of trait `std::marker::Copy` for type `inventory_adjustment_item::Entity`
  --> src\models\inventory_adjustment_item.rs:20:35
   |
10 | #[derive(Copy, Clone, Default, Debug, DeriveEntity)]
   |          ---- first implementation here
...
20 | #[derive(Clone, Debug, PartialEq, DeriveEntityModel, Eq, Serialize, Deserialize)]
   |                                   ^^^^^^^^^^^^^^^^^ conflicting implementation for `inventory_adjustment_item::Entity`
   |
   = note: this error originates in the derive macro `Copy` (in Nightly builds, run with -Z macro-backtrace for more info)

error[E0119]: conflicting implementations of trait `std::marker::Copy` for type `inventory_reservation::Entity`
  --> src\models\inventory_reservation.rs:17:35
   |
7  | #[derive(Copy, Clone, Default, Debug, DeriveEntity)]
   |          ---- first implementation here
...
17 | #[derive(Clone, Debug, PartialEq, DeriveEntityModel, Eq, Serialize, Deserialize)]
   |                                   ^^^^^^^^^^^^^^^^^ conflicting implementation for `inventory_reservation::Entity`
   |
   = note: this error originates in the derive macro `Copy` (in Nightly builds, run with -Z macro-backtrace for more info)

error[E0119]: conflicting implementations of trait `std::marker::Copy` for type `customer::Entity`
  --> src\models\customer.rs:17:35
   |
7  | #[derive(Copy, Clone, Default, Debug, DeriveEntity)]
   |          ---- first implementation here
...
17 | #[derive(Clone, Debug, PartialEq, DeriveEntityModel, Eq, Serialize, Deserialize)]
   |                                   ^^^^^^^^^^^^^^^^^ conflicting implementation for `customer::Entity`
   |
   = note: this error originates in the derive macro `Copy` (in Nightly builds, run with -Z macro-backtrace for more info)

error[E0119]: conflicting implementations of trait `std::marker::Copy` for type `assist_accounting_dimension::Entity`
  --> src\models\assist_accounting_dimension.rs:17:35
   |
7  | #[derive(Copy, Clone, Default, Debug, DeriveEntity)]
   |          ---- first implementation here
...
17 | #[derive(Clone, Debug, PartialEq, DeriveEntityModel, Eq)]
   |                                   ^^^^^^^^^^^^^^^^^ conflicting implementation for `assist_accounting_dimension::Entity`
   |
   = note: this error originates in the derive macro `Copy` (in Nightly builds, run with -Z macro-backtrace for more info)

error[E0119]: conflicting implementations of trait `std::marker::Copy` for type `assist_accounting_record::Entity`
  --> src\models\assist_accounting_record.rs:17:35
   |
7  | #[derive(Copy, Clone, Default, Debug, DeriveEntity)]
   |          ---- first implementation here
...
17 | #[derive(Clone, Debug, PartialEq, DeriveEntityModel, Eq)]
   |                                   ^^^^^^^^^^^^^^^^^ conflicting implementation for `assist_accounting_record::Entity`
   |
   = note: this error originates in the derive macro `Copy` (in Nightly builds, run with -Z macro-backtrace for more info)

error[E0119]: conflicting implementations of trait `std::marker::Copy` for type `assist_accounting_summary::Entity`
  --> src\models\assist_accounting_summary.rs:17:35
   |
7  | #[derive(Copy, Clone, Default, Debug, DeriveEntity)]
   |          ---- first implementation here
...
17 | #[derive(Clone, Debug, PartialEq, DeriveEntityModel, Eq)]
   |                                   ^^^^^^^^^^^^^^^^^ conflicting implementation for `assist_accounting_summary::Entity`
   |
   = note: this error originates in the derive macro `Copy` (in Nightly builds, run with -Z macro-backtrace for more info)

error[E0119]: conflicting implementations of trait `std::marker::Copy` for type `business_trace_chain::Entity`
  --> src\models\business_trace_chain.rs:18:35
   |
8  | #[derive(Copy, Clone, Default, Debug, DeriveEntity)]
   |          ---- first implementation here
...
18 | #[derive(Clone, Debug, PartialEq, DeriveEntityModel, Eq)]
   |                                   ^^^^^^^^^^^^^^^^^ conflicting implementation for `business_trace_chain::Entity`
   |
   = note: this error originates in the derive macro `Copy` (in Nightly builds, run with -Z macro-backtrace for more info)

error[E0119]: conflicting implementations of trait `std::marker::Copy` for type `business_trace_snapshot::Entity`
  --> src\models\business_trace_snapshot.rs:19:35
   |
9  | #[derive(Copy, Clone, Default, Debug, DeriveEntity)]
   |          ---- first implementation here
...
19 | #[derive(Clone, Debug, PartialEq, DeriveEntityModel, Eq)]
   |                                   ^^^^^^^^^^^^^^^^^ conflicting implementation for `business_trace_snapshot::Entity`
   |
   = note: this error originates in the derive macro `Copy` (in Nightly builds, run with -Z macro-backtrace for more info)

error[E0119]: conflicting implementations of trait `std::marker::Copy` for type `business_trace_view::Entity`
  --> src\models\business_trace_view.rs:18:35
   |
8  | #[derive(Copy, Clone, Default, Debug, DeriveEntity)]
   |          ---- first implementation here
...
18 | #[derive(Clone, Debug, PartialEq, DeriveEntityModel, Eq)]
   |                                   ^^^^^^^^^^^^^^^^^ conflicting implementation for `business_trace_view::Entity`
   |
   = note: this error originates in the derive macro `Copy` (in Nightly builds, run with -Z macro-backtrace for more info)

error[E0119]: conflicting implementations of trait `std::marker::Copy` for type `purchase_order_item::Entity`
  --> src\models\purchase_order_item.rs:19:35
   |
9  | #[derive(Copy, Clone, Default, Debug, DeriveEntity)]
   |          ---- first implementation here
...
19 | #[derive(Clone, Debug, PartialEq, DeriveEntityModel, Eq)]
   |                                   ^^^^^^^^^^^^^^^^^ conflicting implementation for `purchase_order_item::Entity`
   |
   = note: this error originates in the derive macro `Copy` (in Nightly builds, run with -Z macro-backtrace for more info)

error[E0119]: conflicting implementations of trait `std::marker::Copy` for type `purchase_receipt_item::Entity`
  --> src\models\purchase_receipt_item.rs:19:35
   |
9  | #[derive(Copy, Clone, Default, Debug, DeriveEntity)]
   |          ---- first implementation here
...
19 | #[derive(Clone, Debug, PartialEq, DeriveEntityModel, Eq)]
   |                                   ^^^^^^^^^^^^^^^^^ conflicting implementation for `purchase_receipt_item::Entity`
   |
   = note: this error originates in the derive macro `Copy` (in Nightly builds, run with -Z macro-backtrace for more info)

error[E0119]: conflicting implementations of trait `sea_orm::Iden` for type `inventory_count_item::Entity`
  --> src\models\inventory_count_item.rs:17:35
   |
7  | #[derive(Copy, Clone, Default, Debug, DeriveEntity)]
   |                                       ------------ first implementation here
...
17 | #[derive(Clone, Debug, PartialEq, DeriveEntityModel, Eq, Serialize, Deserialize)]
   |                                   ^^^^^^^^^^^^^^^^^ conflicting implementation for `inventory_count_item::Entity`
   |
   = note: this error originates in the derive macro `sea_orm::prelude::DeriveEntity` (in Nightly builds, run with -Z macro-backtrace for more info)

error[E0119]: conflicting implementations of trait `sea_orm::Iden` for type `inventory_adjustment_item::Entity`
  --> src\models\inventory_adjustment_item.rs:20:35
   |
10 | #[derive(Copy, Clone, Default, Debug, DeriveEntity)]
   |                                       ------------ first implementation here
...
20 | #[derive(Clone, Debug, PartialEq, DeriveEntityModel, Eq, Serialize, Deserialize)]
   |                                   ^^^^^^^^^^^^^^^^^ conflicting implementation for `inventory_adjustment_item::Entity`
   |
   = note: this error originates in the derive macro `sea_orm::prelude::DeriveEntity` (in Nightly builds, run with -Z macro-backtrace for more info)

error[E0119]: conflicting implementations of trait `sea_orm::Iden` for type `inventory_reservation::Entity`
  --> src\models\inventory_reservation.rs:17:35
   |
7  | #[derive(Copy, Clone, Default, Debug, DeriveEntity)]
   |                                       ------------ first implementation here
...
17 | #[derive(Clone, Debug, PartialEq, DeriveEntityModel, Eq, Serialize, Deserialize)]
   |                                   ^^^^^^^^^^^^^^^^^ conflicting implementation for `inventory_reservation::Entity`
   |
   = note: this error originates in the derive macro `sea_orm::prelude::DeriveEntity` (in Nightly builds, run with -Z macro-backtrace for more info)

error[E0119]: conflicting implementations of trait `sea_orm::Iden` for type `customer::Entity`
  --> src\models\customer.rs:17:35
   |
7  | #[derive(Copy, Clone, Default, Debug, DeriveEntity)]
   |                                       ------------ first implementation here
...
17 | #[derive(Clone, Debug, PartialEq, DeriveEntityModel, Eq, Serialize, Deserialize)]
   |                                   ^^^^^^^^^^^^^^^^^ conflicting implementation for `customer::Entity`
   |
   = note: this error originates in the derive macro `sea_orm::prelude::DeriveEntity` (in Nightly builds, run with -Z macro-backtrace for more info)

error[E0119]: conflicting implementations of trait `sea_orm::Iden` for type `assist_accounting_dimension::Entity`
  --> src\models\assist_accounting_dimension.rs:17:35
   |
7  | #[derive(Copy, Clone, Default, Debug, DeriveEntity)]
   |                                       ------------ first implementation here
...
17 | #[derive(Clone, Debug, PartialEq, DeriveEntityModel, Eq)]
   |                                   ^^^^^^^^^^^^^^^^^ conflicting implementation for `assist_accounting_dimension::Entity`
   |
   = note: this error originates in the derive macro `sea_orm::prelude::DeriveEntity` (in Nightly builds, run with -Z macro-backtrace for more info)

error[E0119]: conflicting implementations of trait `sea_orm::Iden` for type `assist_accounting_record::Entity`
  --> src\models\assist_accounting_record.rs:17:35
   |
7  | #[derive(Copy, Clone, Default, Debug, DeriveEntity)]
   |                                       ------------ first implementation here
...
17 | #[derive(Clone, Debug, PartialEq, DeriveEntityModel, Eq)]
   |                                   ^^^^^^^^^^^^^^^^^ conflicting implementation for `assist_accounting_record::Entity`
   |
   = note: this error originates in the derive macro `sea_orm::prelude::DeriveEntity` (in Nightly builds, run with -Z macro-backtrace for more info)

error[E0119]: conflicting implementations of trait `sea_orm::Iden` for type `assist_accounting_summary::Entity`
  --> src\models\assist_accounting_summary.rs:17:35
   |
7  | #[derive(Copy, Clone, Default, Debug, DeriveEntity)]
   |                                       ------------ first implementation here
...
17 | #[derive(Clone, Debug, PartialEq, DeriveEntityModel, Eq)]
   |                                   ^^^^^^^^^^^^^^^^^ conflicting implementation for `assist_accounting_summary::Entity`
   |
   = note: this error originates in the derive macro `sea_orm::prelude::DeriveEntity` (in Nightly builds, run with -Z macro-backtrace for more info)

error[E0119]: conflicting implementations of trait `sea_orm::Iden` for type `business_trace_chain::Entity`
  --> src\models\business_trace_chain.rs:18:35
   |
8  | #[derive(Copy, Clone, Default, Debug, DeriveEntity)]
   |                                       ------------ first implementation here
...
18 | #[derive(Clone, Debug, PartialEq, DeriveEntityModel, Eq)]
   |                                   ^^^^^^^^^^^^^^^^^ conflicting implementation for `business_trace_chain::Entity`
   |
   = note: this error originates in the derive macro `sea_orm::prelude::DeriveEntity` (in Nightly builds, run with -Z macro-backtrace for more info)

error[E0119]: conflicting implementations of trait `sea_orm::Iden` for type `business_trace_snapshot::Entity`
  --> src\models\business_trace_snapshot.rs:19:35
   |
9  | #[derive(Copy, Clone, Default, Debug, DeriveEntity)]
   |                                       ------------ first implementation here
...
19 | #[derive(Clone, Debug, PartialEq, DeriveEntityModel, Eq)]
   |                                   ^^^^^^^^^^^^^^^^^ conflicting implementation for `business_trace_snapshot::Entity`
   |
   = note: this error originates in the derive macro `sea_orm::prelude::DeriveEntity` (in Nightly builds, run with -Z macro-backtrace for more info)

error[E0119]: conflicting implementations of trait `sea_orm::Iden` for type `business_trace_view::Entity`
  --> src\models\business_trace_view.rs:18:35
   |
8  | #[derive(Copy, Clone, Default, Debug, DeriveEntity)]
   |                                       ------------ first implementation here
...
18 | #[derive(Clone, Debug, PartialEq, DeriveEntityModel, Eq)]
   |                                   ^^^^^^^^^^^^^^^^^ conflicting implementation for `business_trace_view::Entity`
   |
   = note: this error originates in the derive macro `sea_orm::prelude::DeriveEntity` (in Nightly builds, run with -Z macro-backtrace for more info)

error[E0119]: conflicting implementations of trait `sea_orm::Iden` for type `purchase_order_item::Entity`
  --> src\models\purchase_order_item.rs:19:35
   |
9  | #[derive(Copy, Clone, Default, Debug, DeriveEntity)]
   |                                       ------------ first implementation here
...
19 | #[derive(Clone, Debug, PartialEq, DeriveEntityModel, Eq)]
   |                                   ^^^^^^^^^^^^^^^^^ conflicting implementation for `purchase_order_item::Entity`
   |
   = note: this error originates in the derive macro `sea_orm::prelude::DeriveEntity` (in Nightly builds, run with -Z macro-backtrace for more info)

error[E0119]: conflicting implementations of trait `sea_orm::Iden` for type `purchase_receipt_item::Entity`
  --> src\models\purchase_receipt_item.rs:19:35
   |
9  | #[derive(Copy, Clone, Default, Debug, DeriveEntity)]
   |                                       ------------ first implementation here
...
19 | #[derive(Clone, Debug, PartialEq, DeriveEntityModel, Eq)]
   |                                   ^^^^^^^^^^^^^^^^^ conflicting implementation for `purchase_receipt_item::Entity`
   |
   = note: this error originates in the derive macro `sea_orm::prelude::DeriveEntity` (in Nightly builds, run with -Z macro-backtrace for more info)

error[E0119]: conflicting implementations of trait `sea_orm::IdenStatic` for type `inventory_count_item::Entity`
  --> src\models\inventory_count_item.rs:17:35
   |
7  | #[derive(Copy, Clone, Default, Debug, DeriveEntity)]
   |                                       ------------ first implementation here
...
17 | #[derive(Clone, Debug, PartialEq, DeriveEntityModel, Eq, Serialize, Deserialize)]
   |                                   ^^^^^^^^^^^^^^^^^ conflicting implementation for `inventory_count_item::Entity`
   |
   = note: this error originates in the derive macro `sea_orm::prelude::DeriveEntity` (in Nightly builds, run with -Z macro-backtrace for more info)

error[E0119]: conflicting implementations of trait `sea_orm::IdenStatic` for type `inventory_adjustment_item::Entity`
  --> src\models\inventory_adjustment_item.rs:20:35
   |
10 | #[derive(Copy, Clone, Default, Debug, DeriveEntity)]
   |                                       ------------ first implementation here
...
20 | #[derive(Clone, Debug, PartialEq, DeriveEntityModel, Eq, Serialize, Deserialize)]
   |                                   ^^^^^^^^^^^^^^^^^ conflicting implementation for `inventory_adjustment_item::Entity`
   |
   = note: this error originates in the derive macro `sea_orm::prelude::DeriveEntity` (in Nightly builds, run with -Z macro-backtrace for more info)

error[E0119]: conflicting implementations of trait `sea_orm::IdenStatic` for type `inventory_reservation::Entity`
  --> src\models\inventory_reservation.rs:17:35
   |
7  | #[derive(Copy, Clone, Default, Debug, DeriveEntity)]
   |                                       ------------ first implementation here
...
17 | #[derive(Clone, Debug, PartialEq, DeriveEntityModel, Eq, Serialize, Deserialize)]
   |                                   ^^^^^^^^^^^^^^^^^ conflicting implementation for `inventory_reservation::Entity`
   |
   = note: this error originates in the derive macro `sea_orm::prelude::DeriveEntity` (in Nightly builds, run with -Z macro-backtrace for more info)

error[E0119]: conflicting implementations of trait `sea_orm::IdenStatic` for type `customer::Entity`
  --> src\models\customer.rs:17:35
   |
7  | #[derive(Copy, Clone, Default, Debug, DeriveEntity)]
   |                                       ------------ first implementation here
...
17 | #[derive(Clone, Debug, PartialEq, DeriveEntityModel, Eq, Serialize, Deserialize)]
   |                                   ^^^^^^^^^^^^^^^^^ conflicting implementation for `customer::Entity`
   |
   = note: this error originates in the derive macro `sea_orm::prelude::DeriveEntity` (in Nightly builds, run with -Z macro-backtrace for more info)

error[E0119]: conflicting implementations of trait `sea_orm::IdenStatic` for type `assist_accounting_dimension::Entity`
  --> src\models\assist_accounting_dimension.rs:17:35
   |
7  | #[derive(Copy, Clone, Default, Debug, DeriveEntity)]
   |                                       ------------ first implementation here
...
17 | #[derive(Clone, Debug, PartialEq, DeriveEntityModel, Eq)]
   |                                   ^^^^^^^^^^^^^^^^^ conflicting implementation for `assist_accounting_dimension::Entity`
   |
   = note: this error originates in the derive macro `sea_orm::prelude::DeriveEntity` (in Nightly builds, run with -Z macro-backtrace for more info)

error[E0119]: conflicting implementations of trait `sea_orm::IdenStatic` for type `assist_accounting_record::Entity`
  --> src\models\assist_accounting_record.rs:17:35
   |
7  | #[derive(Copy, Clone, Default, Debug, DeriveEntity)]
   |                                       ------------ first implementation here
...
17 | #[derive(Clone, Debug, PartialEq, DeriveEntityModel, Eq)]
   |                                   ^^^^^^^^^^^^^^^^^ conflicting implementation for `assist_accounting_record::Entity`
   |
   = note: this error originates in the derive macro `sea_orm::prelude::DeriveEntity` (in Nightly builds, run with -Z macro-backtrace for more info)

error[E0119]: conflicting implementations of trait `sea_orm::IdenStatic` for type `assist_accounting_summary::Entity`
  --> src\models\assist_accounting_summary.rs:17:35
   |
7  | #[derive(Copy, Clone, Default, Debug, DeriveEntity)]
   |                                       ------------ first implementation here
...
17 | #[derive(Clone, Debug, PartialEq, DeriveEntityModel, Eq)]
   |                                   ^^^^^^^^^^^^^^^^^ conflicting implementation for `assist_accounting_summary::Entity`
   |
   = note: this error originates in the derive macro `sea_orm::prelude::DeriveEntity` (in Nightly builds, run with -Z macro-backtrace for more info)

error[E0119]: conflicting implementations of trait `sea_orm::IdenStatic` for type `business_trace_chain::Entity`
  --> src\models\business_trace_chain.rs:18:35
   |
8  | #[derive(Copy, Clone, Default, Debug, DeriveEntity)]
   |                                       ------------ first implementation here
...
18 | #[derive(Clone, Debug, PartialEq, DeriveEntityModel, Eq)]
   |                                   ^^^^^^^^^^^^^^^^^ conflicting implementation for `business_trace_chain::Entity`
   |
   = note: this error originates in the derive macro `sea_orm::prelude::DeriveEntity` (in Nightly builds, run with -Z macro-backtrace for more info)

error[E0119]: conflicting implementations of trait `sea_orm::IdenStatic` for type `business_trace_snapshot::Entity`
  --> src\models\business_trace_snapshot.rs:19:35
   |
9  | #[derive(Copy, Clone, Default, Debug, DeriveEntity)]
   |                                       ------------ first implementation here
...
19 | #[derive(Clone, Debug, PartialEq, DeriveEntityModel, Eq)]
   |                                   ^^^^^^^^^^^^^^^^^ conflicting implementation for `business_trace_snapshot::Entity`
   |
   = note: this error originates in the derive macro `sea_orm::prelude::DeriveEntity` (in Nightly builds, run with -Z macro-backtrace for more info)

error[E0119]: conflicting implementations of trait `sea_orm::IdenStatic` for type `business_trace_view::Entity`
  --> src\models\business_trace_view.rs:18:35
   |
8  | #[derive(Copy, Clone, Default, Debug, DeriveEntity)]
   |                                       ------------ first implementation here
...
18 | #[derive(Clone, Debug, PartialEq, DeriveEntityModel, Eq)]
   |                                   ^^^^^^^^^^^^^^^^^ conflicting implementation for `business_trace_view::Entity`
   |
   = note: this error originates in the derive macro `sea_orm::prelude::DeriveEntity` (in Nightly builds, run with -Z macro-backtrace for more info)

error[E0119]: conflicting implementations of trait `sea_orm::IdenStatic` for type `purchase_order_item::Entity`
  --> src\models\purchase_order_item.rs:19:35
   |
9  | #[derive(Copy, Clone, Default, Debug, DeriveEntity)]
   |                                       ------------ first implementation here
...
19 | #[derive(Clone, Debug, PartialEq, DeriveEntityModel, Eq)]
   |                                   ^^^^^^^^^^^^^^^^^ conflicting implementation for `purchase_order_item::Entity`
   |
   = note: this error originates in the derive macro `sea_orm::prelude::DeriveEntity` (in Nightly builds, run with -Z macro-backtrace for more info)

error[E0119]: conflicting implementations of trait `sea_orm::IdenStatic` for type `purchase_receipt_item::Entity`
  --> src\models\purchase_receipt_item.rs:19:35
   |
9  | #[derive(Copy, Clone, Default, Debug, DeriveEntity)]
   |                                       ------------ first implementation here
...
19 | #[derive(Clone, Debug, PartialEq, DeriveEntityModel, Eq)]
   |                                   ^^^^^^^^^^^^^^^^^ conflicting implementation for `purchase_receipt_item::Entity`
   |
   = note: this error originates in the derive macro `sea_orm::prelude::DeriveEntity` (in Nightly builds, run with -Z macro-backtrace for more info)

error[E0119]: conflicting implementations of trait `sea_orm::EntityName` for type `inventory_count_item::Entity`
  --> src\models\inventory_count_item.rs:17:35
   |
10 | impl EntityName for Entity {
   | -------------------------- first implementation here
...
17 | #[derive(Clone, Debug, PartialEq, DeriveEntityModel, Eq, Serialize, Deserialize)]
   |                                   ^^^^^^^^^^^^^^^^^ conflicting implementation for `inventory_count_item::Entity`
   |
   = note: this error originates in the derive macro `DeriveEntityModel` (in Nightly builds, run with -Z macro-backtrace for more info)

error[E0119]: conflicting implementations of trait `sea_orm::EntityName` for type `inventory_adjustment_item::Entity`
  --> src\models\inventory_adjustment_item.rs:20:35
   |
13 | impl EntityName for Entity {
   | -------------------------- first implementation here
...
20 | #[derive(Clone, Debug, PartialEq, DeriveEntityModel, Eq, Serialize, Deserialize)]
   |                                   ^^^^^^^^^^^^^^^^^ conflicting implementation for `inventory_adjustment_item::Entity`
   |
   = note: this error originates in the derive macro `DeriveEntityModel` (in Nightly builds, run with -Z macro-backtrace for more info)

error[E0119]: conflicting implementations of trait `sea_orm::EntityName` for type `inventory_reservation::Entity`
  --> src\models\inventory_reservation.rs:17:35
   |
10 | impl EntityName for Entity {
   | -------------------------- first implementation here
...
17 | #[derive(Clone, Debug, PartialEq, DeriveEntityModel, Eq, Serialize, Deserialize)]
   |                                   ^^^^^^^^^^^^^^^^^ conflicting implementation for `inventory_reservation::Entity`
   |
   = note: this error originates in the derive macro `DeriveEntityModel` (in Nightly builds, run with -Z macro-backtrace for more info)

error[E0119]: conflicting implementations of trait `sea_orm::EntityName` for type `customer::Entity`
  --> src\models\customer.rs:17:35
   |
10 | impl EntityName for Entity {
   | -------------------------- first implementation here
...
17 | #[derive(Clone, Debug, PartialEq, DeriveEntityModel, Eq, Serialize, Deserialize)]
   |                                   ^^^^^^^^^^^^^^^^^ conflicting implementation for `customer::Entity`
   |
   = note: this error originates in the derive macro `DeriveEntityModel` (in Nightly builds, run with -Z macro-backtrace for more info)

error[E0119]: conflicting implementations of trait `sea_orm::EntityName` for type `assist_accounting_dimension::Entity`
  --> src\models\assist_accounting_dimension.rs:17:35
   |
10 | impl EntityName for Entity {
   | -------------------------- first implementation here
...
17 | #[derive(Clone, Debug, PartialEq, DeriveEntityModel, Eq)]
   |                                   ^^^^^^^^^^^^^^^^^ conflicting implementation for `assist_accounting_dimension::Entity`
   |
   = note: this error originates in the derive macro `DeriveEntityModel` (in Nightly builds, run with -Z macro-backtrace for more info)

error[E0119]: conflicting implementations of trait `sea_orm::EntityName` for type `assist_accounting_record::Entity`
  --> src\models\assist_accounting_record.rs:17:35
   |
10 | impl EntityName for Entity {
   | -------------------------- first implementation here
...
17 | #[derive(Clone, Debug, PartialEq, DeriveEntityModel, Eq)]
   |                                   ^^^^^^^^^^^^^^^^^ conflicting implementation for `assist_accounting_record::Entity`
   |
   = note: this error originates in the derive macro `DeriveEntityModel` (in Nightly builds, run with -Z macro-backtrace for more info)

error[E0119]: conflicting implementations of trait `sea_orm::EntityName` for type `assist_accounting_summary::Entity`
  --> src\models\assist_accounting_summary.rs:17:35
   |
10 | impl EntityName for Entity {
   | -------------------------- first implementation here
...
17 | #[derive(Clone, Debug, PartialEq, DeriveEntityModel, Eq)]
   |                                   ^^^^^^^^^^^^^^^^^ conflicting implementation for `assist_accounting_summary::Entity`
   |
   = note: this error originates in the derive macro `DeriveEntityModel` (in Nightly builds, run with -Z macro-backtrace for more info)

error[E0119]: conflicting implementations of trait `sea_orm::EntityName` for type `business_trace_chain::Entity`
  --> src\models\business_trace_chain.rs:18:35
   |
11 | impl EntityName for Entity {
   | -------------------------- first implementation here
...
18 | #[derive(Clone, Debug, PartialEq, DeriveEntityModel, Eq)]
   |                                   ^^^^^^^^^^^^^^^^^ conflicting implementation for `business_trace_chain::Entity`
   |
   = note: this error originates in the derive macro `DeriveEntityModel` (in Nightly builds, run with -Z macro-backtrace for more info)

error[E0119]: conflicting implementations of trait `sea_orm::EntityName` for type `business_trace_snapshot::Entity`
  --> src\models\business_trace_snapshot.rs:19:35
   |
12 | impl EntityName for Entity {
   | -------------------------- first implementation here
...
19 | #[derive(Clone, Debug, PartialEq, DeriveEntityModel, Eq)]
   |                                   ^^^^^^^^^^^^^^^^^ conflicting implementation for `business_trace_snapshot::Entity`
   |
   = note: this error originates in the derive macro `DeriveEntityModel` (in Nightly builds, run with -Z macro-backtrace for more info)

error[E0119]: conflicting implementations of trait `sea_orm::EntityName` for type `business_trace_view::Entity`
  --> src\models\business_trace_view.rs:18:35
   |
11 | impl EntityName for Entity {
   | -------------------------- first implementation here
...
18 | #[derive(Clone, Debug, PartialEq, DeriveEntityModel, Eq)]
   |                                   ^^^^^^^^^^^^^^^^^ conflicting implementation for `business_trace_view::Entity`
   |
   = note: this error originates in the derive macro `DeriveEntityModel` (in Nightly builds, run with -Z macro-backtrace for more info)

error[E0119]: conflicting implementations of trait `sea_orm::EntityName` for type `purchase_order_item::Entity`
  --> src\models\purchase_order_item.rs:19:35
   |
12 | impl EntityName for Entity {
   | -------------------------- first implementation here
...
19 | #[derive(Clone, Debug, PartialEq, DeriveEntityModel, Eq)]
   |                                   ^^^^^^^^^^^^^^^^^ conflicting implementation for `purchase_order_item::Entity`
   |
   = note: this error originates in the derive macro `DeriveEntityModel` (in Nightly builds, run with -Z macro-backtrace for more info)

error[E0119]: conflicting implementations of trait `sea_orm::EntityName` for type `purchase_receipt_item::Entity`
  --> src\models\purchase_receipt_item.rs:19:35
   |
12 | impl EntityName for Entity {
   | -------------------------- first implementation here
...
19 | #[derive(Clone, Debug, PartialEq, DeriveEntityModel, Eq)]
   |                                   ^^^^^^^^^^^^^^^^^ conflicting implementation for `purchase_receipt_item::Entity`
   |
   = note: this error originates in the derive macro `DeriveEntityModel` (in Nightly builds, run with -Z macro-backtrace for more info)

error[E0277]: the trait bound `supplier::PrimaryKey: sea_orm::IdenStatic` is not satisfied
  --> src\models\supplier.rs:3:35
   |
3  | #[derive(Clone, Debug, PartialEq, DeriveEntityModel, Eq)]
   |                                   ^^^^^^^^^^^^^^^^^ the trait `sea_orm::IdenStatic` is not implemented for `supplier::PrimaryKey`
   |
   = help: the following other types implement trait `sea_orm::IdenStatic`:
             SelectA
             SelectB
             SelectC
             account_balance::Column
             account_balance::Entity
             account_balance::PrimaryKey
             account_subject::Column
             account_subject::Entity
           and 193 others
note: required by a bound in `sea_orm::PrimaryKeyTrait`
  --> C:\Users\admin\.cargo\registry\src\index.crates.io-6f17d22bba15001f\sea-orm-1.1.19\src\entity\primary_key.rs:40:28
   |
40 | pub trait PrimaryKeyTrait: IdenStatic + Iterable {
   |                            ^^^^^^^^^^ required by this bound in `PrimaryKeyTrait`
   = note: this error originates in the derive macro `DeriveEntityModel` (in Nightly builds, run with -Z macro-backtrace for more info)

error[E0277]: the trait bound `(): TryFromU64` is not satisfied
  --> src\models\supplier.rs:3:35
   |
3  | #[derive(Clone, Debug, PartialEq, DeriveEntityModel, Eq)]
   |                                   ^^^^^^^^^^^^^^^^^ the trait `sea_orm::ActiveEnum` is not implemented for `()`, which is required by `(): TryFr
omU64`
   |
   = help: the following other types implement trait `TryFromU64`:
             (T0, T1)
             (T0, T1, T2)
             (T0, T1, T2, T3)
             (T0, T1, T2, T3, T4)
             (T0, T1, T2, T3, T4, T5)
             (T0, T1, T2, T3, T4, T5, T6)
             (T0, T1, T2, T3, T4, T5, T6, T7)
             (T0, T1, T2, T3, T4, T5, T6, T7, T8)
           and 3 others
   = note: required for `()` to implement `TryFromU64`
note: required by a bound in `sea_orm::PrimaryKeyTrait::ValueType`
  --> C:\Users\admin\.cargo\registry\src\index.crates.io-6f17d22bba15001f\sea-orm-1.1.19\src\entity\primary_key.rs:49:11
   |
42 |     type ValueType: Sized
   |          --------- required by a bound in this associated type
...
49 |         + TryFromU64
   |           ^^^^^^^^^^ required by this bound in `PrimaryKeyTrait::ValueType`
   = note: this error originates in the derive macro `DeriveEntityModel` (in Nightly builds, run with -Z macro-backtrace for more info)

error[E0277]: the trait bound `(): FromValueTuple` is not satisfied
  --> src\models\supplier.rs:3:35
   |
3  | #[derive(Clone, Debug, PartialEq, DeriveEntityModel, Eq)]
   |                                   ^^^^^^^^^^^^^^^^^ the trait `ValueType` is not implemented for `()`, which is required by `(): FromValueTuple`
   |
   = help: the following other types implement trait `ValueType`:
             Braced
             Cow<'_, str>
             Hyphenated
             JsonValue
             NaiveDate
             NaiveDateTime
             NaiveTime
             OffsetDateTime
           and 27 others
   = note: required for `()` to implement `FromValueTuple`
note: required by a bound in `sea_orm::PrimaryKeyTrait::ValueType`
  --> C:\Users\admin\.cargo\registry\src\index.crates.io-6f17d22bba15001f\sea-orm-1.1.19\src\entity\primary_key.rs:47:11
   |
42 |     type ValueType: Sized
   |          --------- required by a bound in this associated type
...
47 |         + FromValueTuple
   |           ^^^^^^^^^^^^^^ required by this bound in `PrimaryKeyTrait::ValueType`
   = note: this error originates in the derive macro `DeriveEntityModel` (in Nightly builds, run with -Z macro-backtrace for more info)

error[E0277]: the trait bound `(): PrimaryKeyArity` is not satisfied
  --> src\models\supplier.rs:3:35
   |
3  | #[derive(Clone, Debug, PartialEq, DeriveEntityModel, Eq)]
   |                                   ^^^^^^^^^^^^^^^^^ the trait `TryGetableFromJson` is not implemented for `()`, which is required by `(): Primar
yKeyArity`
   |
   = help: the following other types implement trait `PrimaryKeyArity`:
             (T1, T2)
             (T1, T2, T3)
             (T1, T2, T3, T4)
             (T1, T2, T3, T4, T5)
             (T1, T2, T3, T4, T5, T6)
             (T1, T2, T3, T4, T5, T6, T7)
             (T1, T2, T3, T4, T5, T6, T7, T8)
             (T1, T2, T3, T4, T5, T6, T7, T8, T9)
           and 4 others
   = note: required for `()` to implement `TryGetable`
   = note: required for `()` to implement `PrimaryKeyArity`
note: required by a bound in `sea_orm::PrimaryKeyTrait::ValueType`
  --> C:\Users\admin\.cargo\registry\src\index.crates.io-6f17d22bba15001f\sea-orm-1.1.19\src\entity\primary_key.rs:50:11
   |
42 |     type ValueType: Sized
   |          --------- required by a bound in this associated type
...
50 |         + PrimaryKeyArity;
   |           ^^^^^^^^^^^^^^^ required by this bound in `PrimaryKeyTrait::ValueType`
   = note: this error originates in the derive macro `DeriveEntityModel` (in Nightly builds, run with -Z macro-backtrace for more info)

error[E0277]: the trait bound `sea_orm::Value: From<()>` is not satisfied
  --> src\models\supplier.rs:3:35
   |
3  | #[derive(Clone, Debug, PartialEq, DeriveEntityModel, Eq)]
   |                                   ^^^^^^^^^^^^^^^^^ the trait `From<()>` is not implemented for `sea_orm::Value`, which is required by `(): From
ValueTuple`
   |
   = help: the following other types implement trait `From<T>`:
             `sea_orm::Value` implements `From<&[u8]>`
             `sea_orm::Value` implements `From<&std::string::String>`
             `sea_orm::Value` implements `From<&str>`
             `sea_orm::Value` implements `From<Braced>`
             `sea_orm::Value` implements `From<Cow<'_, str>>`
             `sea_orm::Value` implements `From<Hyphenated>`
             `sea_orm::Value` implements `From<JsonValue>`
             `sea_orm::Value` implements `From<NaiveDate>`
           and 30 others
   = note: required for `()` to implement `Into<sea_orm::Value>`
   = note: required for `()` to implement `FromValueTuple`
note: required by a bound in `sea_orm::PrimaryKeyTrait::ValueType`
  --> C:\Users\admin\.cargo\registry\src\index.crates.io-6f17d22bba15001f\sea-orm-1.1.19\src\entity\primary_key.rs:47:11
   |
42 |     type ValueType: Sized
   |          --------- required by a bound in this associated type
...
47 |         + FromValueTuple
   |           ^^^^^^^^^^^^^^ required by this bound in `PrimaryKeyTrait::ValueType`
   = note: this error originates in the derive macro `DeriveEntityModel` (in Nightly builds, run with -Z macro-backtrace for more info)

error[E0277]: the trait bound `supplier_contact::PrimaryKey: sea_orm::IdenStatic` is not satisfied
  --> src\models\supplier_contact.rs:3:35
   |
3  | #[derive(Clone, Debug, PartialEq, DeriveEntityModel, Eq)]
   |                                   ^^^^^^^^^^^^^^^^^ the trait `sea_orm::IdenStatic` is not implemented for `supplier_contact::PrimaryKey`
   |
   = help: the following other types implement trait `sea_orm::IdenStatic`:
             SelectA
             SelectB
             SelectC
             account_balance::Column
             account_balance::Entity
             account_balance::PrimaryKey
             account_subject::Column
             account_subject::Entity
           and 193 others
note: required by a bound in `sea_orm::PrimaryKeyTrait`
  --> C:\Users\admin\.cargo\registry\src\index.crates.io-6f17d22bba15001f\sea-orm-1.1.19\src\entity\primary_key.rs:40:28
   |
40 | pub trait PrimaryKeyTrait: IdenStatic + Iterable {
   |                            ^^^^^^^^^^ required by this bound in `PrimaryKeyTrait`
   = note: this error originates in the derive macro `DeriveEntityModel` (in Nightly builds, run with -Z macro-backtrace for more info)

error[E0277]: the trait bound `(): TryFromU64` is not satisfied
  --> src\models\supplier_contact.rs:3:35
   |
3  | #[derive(Clone, Debug, PartialEq, DeriveEntityModel, Eq)]
   |                                   ^^^^^^^^^^^^^^^^^ the trait `sea_orm::ActiveEnum` is not implemented for `()`, which is required by `(): TryFr
omU64`
   |
   = help: the following other types implement trait `TryFromU64`:
             (T0, T1)
             (T0, T1, T2)
             (T0, T1, T2, T3)
             (T0, T1, T2, T3, T4)
             (T0, T1, T2, T3, T4, T5)
             (T0, T1, T2, T3, T4, T5, T6)
             (T0, T1, T2, T3, T4, T5, T6, T7)
             (T0, T1, T2, T3, T4, T5, T6, T7, T8)
           and 3 others
   = note: required for `()` to implement `TryFromU64`
note: required by a bound in `sea_orm::PrimaryKeyTrait::ValueType`
  --> C:\Users\admin\.cargo\registry\src\index.crates.io-6f17d22bba15001f\sea-orm-1.1.19\src\entity\primary_key.rs:49:11
   |
42 |     type ValueType: Sized
   |          --------- required by a bound in this associated type
...
49 |         + TryFromU64
   |           ^^^^^^^^^^ required by this bound in `PrimaryKeyTrait::ValueType`
   = note: this error originates in the derive macro `DeriveEntityModel` (in Nightly builds, run with -Z macro-backtrace for more info)

error[E0277]: the trait bound `(): FromValueTuple` is not satisfied
  --> src\models\supplier_contact.rs:3:35
   |
3  | #[derive(Clone, Debug, PartialEq, DeriveEntityModel, Eq)]
   |                                   ^^^^^^^^^^^^^^^^^ the trait `ValueType` is not implemented for `()`, which is required by `(): FromValueTuple`
   |
   = help: the following other types implement trait `ValueType`:
             Braced
             Cow<'_, str>
             Hyphenated
             JsonValue
             NaiveDate
             NaiveDateTime
             NaiveTime
             OffsetDateTime
           and 27 others
   = note: required for `()` to implement `FromValueTuple`
note: required by a bound in `sea_orm::PrimaryKeyTrait::ValueType`
  --> C:\Users\admin\.cargo\registry\src\index.crates.io-6f17d22bba15001f\sea-orm-1.1.19\src\entity\primary_key.rs:47:11
   |
42 |     type ValueType: Sized
   |          --------- required by a bound in this associated type
...
47 |         + FromValueTuple
   |           ^^^^^^^^^^^^^^ required by this bound in `PrimaryKeyTrait::ValueType`
   = note: this error originates in the derive macro `DeriveEntityModel` (in Nightly builds, run with -Z macro-backtrace for more info)

error[E0277]: the trait bound `(): PrimaryKeyArity` is not satisfied
  --> src\models\supplier_contact.rs:3:35
   |
3  | #[derive(Clone, Debug, PartialEq, DeriveEntityModel, Eq)]
   |                                   ^^^^^^^^^^^^^^^^^ the trait `TryGetableFromJson` is not implemented for `()`, which is required by `(): Primar
yKeyArity`
   |
   = help: the following other types implement trait `PrimaryKeyArity`:
             (T1, T2)
             (T1, T2, T3)
             (T1, T2, T3, T4)
             (T1, T2, T3, T4, T5)
             (T1, T2, T3, T4, T5, T6)
             (T1, T2, T3, T4, T5, T6, T7)
             (T1, T2, T3, T4, T5, T6, T7, T8)
             (T1, T2, T3, T4, T5, T6, T7, T8, T9)
           and 4 others
   = note: required for `()` to implement `TryGetable`
   = note: required for `()` to implement `PrimaryKeyArity`
note: required by a bound in `sea_orm::PrimaryKeyTrait::ValueType`
  --> C:\Users\admin\.cargo\registry\src\index.crates.io-6f17d22bba15001f\sea-orm-1.1.19\src\entity\primary_key.rs:50:11
   |
42 |     type ValueType: Sized
   |          --------- required by a bound in this associated type
...
50 |         + PrimaryKeyArity;
   |           ^^^^^^^^^^^^^^^ required by this bound in `PrimaryKeyTrait::ValueType`
   = note: this error originates in the derive macro `DeriveEntityModel` (in Nightly builds, run with -Z macro-backtrace for more info)

error[E0277]: the trait bound `sea_orm::Value: From<()>` is not satisfied
  --> src\models\supplier_contact.rs:3:35
   |
3  | #[derive(Clone, Debug, PartialEq, DeriveEntityModel, Eq)]
   |                                   ^^^^^^^^^^^^^^^^^ the trait `From<()>` is not implemented for `sea_orm::Value`, which is required by `(): From
ValueTuple`
   |
   = help: the following other types implement trait `From<T>`:
             `sea_orm::Value` implements `From<&[u8]>`
             `sea_orm::Value` implements `From<&std::string::String>`
             `sea_orm::Value` implements `From<&str>`
             `sea_orm::Value` implements `From<Braced>`
             `sea_orm::Value` implements `From<Cow<'_, str>>`
             `sea_orm::Value` implements `From<Hyphenated>`
             `sea_orm::Value` implements `From<JsonValue>`
             `sea_orm::Value` implements `From<NaiveDate>`
           and 30 others
   = note: required for `()` to implement `Into<sea_orm::Value>`
   = note: required for `()` to implement `FromValueTuple`
note: required by a bound in `sea_orm::PrimaryKeyTrait::ValueType`
  --> C:\Users\admin\.cargo\registry\src\index.crates.io-6f17d22bba15001f\sea-orm-1.1.19\src\entity\primary_key.rs:47:11
   |
42 |     type ValueType: Sized
   |          --------- required by a bound in this associated type
...
47 |         + FromValueTuple
   |           ^^^^^^^^^^^^^^ required by this bound in `PrimaryKeyTrait::ValueType`
   = note: this error originates in the derive macro `DeriveEntityModel` (in Nightly builds, run with -Z macro-backtrace for more info)

error[E0277]: the trait bound `supplier_category::PrimaryKey: sea_orm::IdenStatic` is not satisfied
  --> src\models\supplier_category.rs:3:35
   |
3  | #[derive(Clone, Debug, PartialEq, DeriveEntityModel, Eq)]
   |                                   ^^^^^^^^^^^^^^^^^ the trait `sea_orm::IdenStatic` is not implemented for `supplier_category::PrimaryKey`
   |
   = help: the following other types implement trait `sea_orm::IdenStatic`:
             SelectA
             SelectB
             SelectC
             account_balance::Column
             account_balance::Entity
             account_balance::PrimaryKey
             account_subject::Column
             account_subject::Entity
           and 193 others
note: required by a bound in `sea_orm::PrimaryKeyTrait`
  --> C:\Users\admin\.cargo\registry\src\index.crates.io-6f17d22bba15001f\sea-orm-1.1.19\src\entity\primary_key.rs:40:28
   |
40 | pub trait PrimaryKeyTrait: IdenStatic + Iterable {
   |                            ^^^^^^^^^^ required by this bound in `PrimaryKeyTrait`
   = note: this error originates in the derive macro `DeriveEntityModel` (in Nightly builds, run with -Z macro-backtrace for more info)

error[E0277]: the trait bound `(): TryFromU64` is not satisfied
  --> src\models\supplier_category.rs:3:35
   |
3  | #[derive(Clone, Debug, PartialEq, DeriveEntityModel, Eq)]
   |                                   ^^^^^^^^^^^^^^^^^ the trait `sea_orm::ActiveEnum` is not implemented for `()`, which is required by `(): TryFr
omU64`
   |
   = help: the following other types implement trait `TryFromU64`:
             (T0, T1)
             (T0, T1, T2)
             (T0, T1, T2, T3)
             (T0, T1, T2, T3, T4)
             (T0, T1, T2, T3, T4, T5)
             (T0, T1, T2, T3, T4, T5, T6)
             (T0, T1, T2, T3, T4, T5, T6, T7)
             (T0, T1, T2, T3, T4, T5, T6, T7, T8)
           and 3 others
   = note: required for `()` to implement `TryFromU64`
note: required by a bound in `sea_orm::PrimaryKeyTrait::ValueType`
  --> C:\Users\admin\.cargo\registry\src\index.crates.io-6f17d22bba15001f\sea-orm-1.1.19\src\entity\primary_key.rs:49:11
   |
42 |     type ValueType: Sized
   |          --------- required by a bound in this associated type
...
49 |         + TryFromU64
   |           ^^^^^^^^^^ required by this bound in `PrimaryKeyTrait::ValueType`
   = note: this error originates in the derive macro `DeriveEntityModel` (in Nightly builds, run with -Z macro-backtrace for more info)

error[E0277]: the trait bound `(): FromValueTuple` is not satisfied
  --> src\models\supplier_category.rs:3:35
   |
3  | #[derive(Clone, Debug, PartialEq, DeriveEntityModel, Eq)]
   |                                   ^^^^^^^^^^^^^^^^^ the trait `ValueType` is not implemented for `()`, which is required by `(): FromValueTuple`
   |
   = help: the following other types implement trait `ValueType`:
             Braced
             Cow<'_, str>
             Hyphenated
             JsonValue
             NaiveDate
             NaiveDateTime
             NaiveTime
             OffsetDateTime
           and 27 others
   = note: required for `()` to implement `FromValueTuple`
note: required by a bound in `sea_orm::PrimaryKeyTrait::ValueType`
  --> C:\Users\admin\.cargo\registry\src\index.crates.io-6f17d22bba15001f\sea-orm-1.1.19\src\entity\primary_key.rs:47:11
   |
42 |     type ValueType: Sized
   |          --------- required by a bound in this associated type
...
47 |         + FromValueTuple
   |           ^^^^^^^^^^^^^^ required by this bound in `PrimaryKeyTrait::ValueType`
   = note: this error originates in the derive macro `DeriveEntityModel` (in Nightly builds, run with -Z macro-backtrace for more info)

error[E0277]: the trait bound `(): PrimaryKeyArity` is not satisfied
  --> src\models\supplier_category.rs:3:35
   |
3  | #[derive(Clone, Debug, PartialEq, DeriveEntityModel, Eq)]
   |                                   ^^^^^^^^^^^^^^^^^ the trait `TryGetableFromJson` is not implemented for `()`, which is required by `(): Primar
yKeyArity`
   |
   = help: the following other types implement trait `PrimaryKeyArity`:
             (T1, T2)
             (T1, T2, T3)
             (T1, T2, T3, T4)
             (T1, T2, T3, T4, T5)
             (T1, T2, T3, T4, T5, T6)
             (T1, T2, T3, T4, T5, T6, T7)
             (T1, T2, T3, T4, T5, T6, T7, T8)
             (T1, T2, T3, T4, T5, T6, T7, T8, T9)
           and 4 others
   = note: required for `()` to implement `TryGetable`
   = note: required for `()` to implement `PrimaryKeyArity`
note: required by a bound in `sea_orm::PrimaryKeyTrait::ValueType`
  --> C:\Users\admin\.cargo\registry\src\index.crates.io-6f17d22bba15001f\sea-orm-1.1.19\src\entity\primary_key.rs:50:11
   |
42 |     type ValueType: Sized
   |          --------- required by a bound in this associated type
...
50 |         + PrimaryKeyArity;
   |           ^^^^^^^^^^^^^^^ required by this bound in `PrimaryKeyTrait::ValueType`
   = note: this error originates in the derive macro `DeriveEntityModel` (in Nightly builds, run with -Z macro-backtrace for more info)

error[E0277]: the trait bound `sea_orm::Value: From<()>` is not satisfied
  --> src\models\supplier_category.rs:3:35
   |
3  | #[derive(Clone, Debug, PartialEq, DeriveEntityModel, Eq)]
   |                                   ^^^^^^^^^^^^^^^^^ the trait `From<()>` is not implemented for `sea_orm::Value`, which is required by `(): From
ValueTuple`
   |
   = help: the following other types implement trait `From<T>`:
             `sea_orm::Value` implements `From<&[u8]>`
             `sea_orm::Value` implements `From<&std::string::String>`
             `sea_orm::Value` implements `From<&str>`
             `sea_orm::Value` implements `From<Braced>`
             `sea_orm::Value` implements `From<Cow<'_, str>>`
             `sea_orm::Value` implements `From<Hyphenated>`
             `sea_orm::Value` implements `From<JsonValue>`
             `sea_orm::Value` implements `From<NaiveDate>`
           and 30 others
   = note: required for `()` to implement `Into<sea_orm::Value>`
   = note: required for `()` to implement `FromValueTuple`
note: required by a bound in `sea_orm::PrimaryKeyTrait::ValueType`
  --> C:\Users\admin\.cargo\registry\src\index.crates.io-6f17d22bba15001f\sea-orm-1.1.19\src\entity\primary_key.rs:47:11
   |
42 |     type ValueType: Sized
   |          --------- required by a bound in this associated type
...
47 |         + FromValueTuple
   |           ^^^^^^^^^^^^^^ required by this bound in `PrimaryKeyTrait::ValueType`
   = note: this error originates in the derive macro `DeriveEntityModel` (in Nightly builds, run with -Z macro-backtrace for more info)

error[E0277]: the trait bound `supplier_grade::PrimaryKey: sea_orm::IdenStatic` is not satisfied
  --> src\models\supplier_grade.rs:3:35
   |
3  | #[derive(Clone, Debug, PartialEq, DeriveEntityModel, Eq)]
   |                                   ^^^^^^^^^^^^^^^^^ the trait `sea_orm::IdenStatic` is not implemented for `supplier_grade::PrimaryKey`
   |
   = help: the following other types implement trait `sea_orm::IdenStatic`:
             SelectA
             SelectB
             SelectC
             account_balance::Column
             account_balance::Entity
             account_balance::PrimaryKey
             account_subject::Column
             account_subject::Entity
           and 193 others
note: required by a bound in `sea_orm::PrimaryKeyTrait`
  --> C:\Users\admin\.cargo\registry\src\index.crates.io-6f17d22bba15001f\sea-orm-1.1.19\src\entity\primary_key.rs:40:28
   |
40 | pub trait PrimaryKeyTrait: IdenStatic + Iterable {
   |                            ^^^^^^^^^^ required by this bound in `PrimaryKeyTrait`
   = note: this error originates in the derive macro `DeriveEntityModel` (in Nightly builds, run with -Z macro-backtrace for more info)

error[E0277]: the trait bound `(): TryFromU64` is not satisfied
  --> src\models\supplier_grade.rs:3:35
   |
3  | #[derive(Clone, Debug, PartialEq, DeriveEntityModel, Eq)]
   |                                   ^^^^^^^^^^^^^^^^^ the trait `sea_orm::ActiveEnum` is not implemented for `()`, which is required by `(): TryFr
omU64`
   |
   = help: the following other types implement trait `TryFromU64`:
             (T0, T1)
             (T0, T1, T2)
             (T0, T1, T2, T3)
             (T0, T1, T2, T3, T4)
             (T0, T1, T2, T3, T4, T5)
             (T0, T1, T2, T3, T4, T5, T6)
             (T0, T1, T2, T3, T4, T5, T6, T7)
             (T0, T1, T2, T3, T4, T5, T6, T7, T8)
           and 3 others
   = note: required for `()` to implement `TryFromU64`
note: required by a bound in `sea_orm::PrimaryKeyTrait::ValueType`
  --> C:\Users\admin\.cargo\registry\src\index.crates.io-6f17d22bba15001f\sea-orm-1.1.19\src\entity\primary_key.rs:49:11
   |
42 |     type ValueType: Sized
   |          --------- required by a bound in this associated type
...
49 |         + TryFromU64
   |           ^^^^^^^^^^ required by this bound in `PrimaryKeyTrait::ValueType`
   = note: this error originates in the derive macro `DeriveEntityModel` (in Nightly builds, run with -Z macro-backtrace for more info)

error[E0277]: the trait bound `(): FromValueTuple` is not satisfied
  --> src\models\supplier_grade.rs:3:35
   |
3  | #[derive(Clone, Debug, PartialEq, DeriveEntityModel, Eq)]
   |                                   ^^^^^^^^^^^^^^^^^ the trait `ValueType` is not implemented for `()`, which is required by `(): FromValueTuple`
   |
   = help: the following other types implement trait `ValueType`:
             Braced
             Cow<'_, str>
             Hyphenated
             JsonValue
             NaiveDate
             NaiveDateTime
             NaiveTime
             OffsetDateTime
           and 27 others
   = note: required for `()` to implement `FromValueTuple`
note: required by a bound in `sea_orm::PrimaryKeyTrait::ValueType`
  --> C:\Users\admin\.cargo\registry\src\index.crates.io-6f17d22bba15001f\sea-orm-1.1.19\src\entity\primary_key.rs:47:11
   |
42 |     type ValueType: Sized
   |          --------- required by a bound in this associated type
...
47 |         + FromValueTuple
   |           ^^^^^^^^^^^^^^ required by this bound in `PrimaryKeyTrait::ValueType`
   = note: this error originates in the derive macro `DeriveEntityModel` (in Nightly builds, run with -Z macro-backtrace for more info)

error[E0277]: the trait bound `(): PrimaryKeyArity` is not satisfied
  --> src\models\supplier_grade.rs:3:35
   |
3  | #[derive(Clone, Debug, PartialEq, DeriveEntityModel, Eq)]
   |                                   ^^^^^^^^^^^^^^^^^ the trait `TryGetableFromJson` is not implemented for `()`, which is required by `(): Primar
yKeyArity`
   |
   = help: the following other types implement trait `PrimaryKeyArity`:
             (T1, T2)
             (T1, T2, T3)
             (T1, T2, T3, T4)
             (T1, T2, T3, T4, T5)
             (T1, T2, T3, T4, T5, T6)
             (T1, T2, T3, T4, T5, T6, T7)
             (T1, T2, T3, T4, T5, T6, T7, T8)
             (T1, T2, T3, T4, T5, T6, T7, T8, T9)
           and 4 others
   = note: required for `()` to implement `TryGetable`
   = note: required for `()` to implement `PrimaryKeyArity`
note: required by a bound in `sea_orm::PrimaryKeyTrait::ValueType`
  --> C:\Users\admin\.cargo\registry\src\index.crates.io-6f17d22bba15001f\sea-orm-1.1.19\src\entity\primary_key.rs:50:11
   |
42 |     type ValueType: Sized
   |          --------- required by a bound in this associated type
...
50 |         + PrimaryKeyArity;
   |           ^^^^^^^^^^^^^^^ required by this bound in `PrimaryKeyTrait::ValueType`
   = note: this error originates in the derive macro `DeriveEntityModel` (in Nightly builds, run with -Z macro-backtrace for more info)

error[E0277]: the trait bound `sea_orm::Value: From<()>` is not satisfied
  --> src\models\supplier_grade.rs:3:35
   |
3  | #[derive(Clone, Debug, PartialEq, DeriveEntityModel, Eq)]
   |                                   ^^^^^^^^^^^^^^^^^ the trait `From<()>` is not implemented for `sea_orm::Value`, which is required by `(): From
ValueTuple`
   |
   = help: the following other types implement trait `From<T>`:
             `sea_orm::Value` implements `From<&[u8]>`
             `sea_orm::Value` implements `From<&std::string::String>`
             `sea_orm::Value` implements `From<&str>`
             `sea_orm::Value` implements `From<Braced>`
             `sea_orm::Value` implements `From<Cow<'_, str>>`
             `sea_orm::Value` implements `From<Hyphenated>`
             `sea_orm::Value` implements `From<JsonValue>`
             `sea_orm::Value` implements `From<NaiveDate>`
           and 30 others
   = note: required for `()` to implement `Into<sea_orm::Value>`
   = note: required for `()` to implement `FromValueTuple`
note: required by a bound in `sea_orm::PrimaryKeyTrait::ValueType`
  --> C:\Users\admin\.cargo\registry\src\index.crates.io-6f17d22bba15001f\sea-orm-1.1.19\src\entity\primary_key.rs:47:11
   |
42 |     type ValueType: Sized
   |          --------- required by a bound in this associated type
...
47 |         + FromValueTuple
   |           ^^^^^^^^^^^^^^ required by this bound in `PrimaryKeyTrait::ValueType`
   = note: this error originates in the derive macro `DeriveEntityModel` (in Nightly builds, run with -Z macro-backtrace for more info)

error[E0277]: the trait bound `supplier_evaluation::Relation: IntoEnumIterator` is not satisfied
  --> src\models\supplier_evaluation.rs:23:10
   |
23 | pub enum Relation {}
   |          ^^^^^^^^ the trait `IntoEnumIterator` is not implemented for `supplier_evaluation::Relation`
   |
   = help: the following other types implement trait `IntoEnumIterator`:
             account_balance::Column
             account_balance::PrimaryKey
             account_balance::Relation
             account_subject::Column
             account_subject::PrimaryKey
             account_subject::Relation
             accounting_period::Column
             accounting_period::PrimaryKey
           and 187 others
note: required by a bound in `sea_orm::RelationTrait`
  --> C:\Users\admin\.cargo\registry\src\index.crates.io-6f17d22bba15001f\sea-orm-1.1.19\src\entity\relation.rs:26:26
   |
26 | pub trait RelationTrait: Iterable + Debug + 'static {
   |                          ^^^^^^^^ required by this bound in `RelationTrait`

error[E0277]: the trait bound `supplier_qualification::PrimaryKey: sea_orm::IdenStatic` is not satisfied
  --> src\models\supplier_qualification.rs:3:35
   |
3  | #[derive(Clone, Debug, PartialEq, DeriveEntityModel, Eq)]
   |                                   ^^^^^^^^^^^^^^^^^ the trait `sea_orm::IdenStatic` is not implemented for `supplier_qualification::PrimaryKey`
   |
   = help: the following other types implement trait `sea_orm::IdenStatic`:
             SelectA
             SelectB
             SelectC
             account_balance::Column
             account_balance::Entity
             account_balance::PrimaryKey
             account_subject::Column
             account_subject::Entity
           and 193 others
note: required by a bound in `sea_orm::PrimaryKeyTrait`
  --> C:\Users\admin\.cargo\registry\src\index.crates.io-6f17d22bba15001f\sea-orm-1.1.19\src\entity\primary_key.rs:40:28
   |
40 | pub trait PrimaryKeyTrait: IdenStatic + Iterable {
   |                            ^^^^^^^^^^ required by this bound in `PrimaryKeyTrait`
   = note: this error originates in the derive macro `DeriveEntityModel` (in Nightly builds, run with -Z macro-backtrace for more info)

error[E0277]: the trait bound `(): TryFromU64` is not satisfied
  --> src\models\supplier_qualification.rs:3:35
   |
3  | #[derive(Clone, Debug, PartialEq, DeriveEntityModel, Eq)]
   |                                   ^^^^^^^^^^^^^^^^^ the trait `sea_orm::ActiveEnum` is not implemented for `()`, which is required by `(): TryFr
omU64`
   |
   = help: the following other types implement trait `TryFromU64`:
             (T0, T1)
             (T0, T1, T2)
             (T0, T1, T2, T3)
             (T0, T1, T2, T3, T4)
             (T0, T1, T2, T3, T4, T5)
             (T0, T1, T2, T3, T4, T5, T6)
             (T0, T1, T2, T3, T4, T5, T6, T7)
             (T0, T1, T2, T3, T4, T5, T6, T7, T8)
           and 3 others
   = note: required for `()` to implement `TryFromU64`
note: required by a bound in `sea_orm::PrimaryKeyTrait::ValueType`
  --> C:\Users\admin\.cargo\registry\src\index.crates.io-6f17d22bba15001f\sea-orm-1.1.19\src\entity\primary_key.rs:49:11
   |
42 |     type ValueType: Sized
   |          --------- required by a bound in this associated type
...
49 |         + TryFromU64
   |           ^^^^^^^^^^ required by this bound in `PrimaryKeyTrait::ValueType`
   = note: this error originates in the derive macro `DeriveEntityModel` (in Nightly builds, run with -Z macro-backtrace for more info)

error[E0277]: the trait bound `(): FromValueTuple` is not satisfied
  --> src\models\supplier_qualification.rs:3:35
   |
3  | #[derive(Clone, Debug, PartialEq, DeriveEntityModel, Eq)]
   |                                   ^^^^^^^^^^^^^^^^^ the trait `ValueType` is not implemented for `()`, which is required by `(): FromValueTuple`
   |
   = help: the following other types implement trait `ValueType`:
             Braced
             Cow<'_, str>
             Hyphenated
             JsonValue
             NaiveDate
             NaiveDateTime
             NaiveTime
             OffsetDateTime
           and 27 others
   = note: required for `()` to implement `FromValueTuple`
note: required by a bound in `sea_orm::PrimaryKeyTrait::ValueType`
  --> C:\Users\admin\.cargo\registry\src\index.crates.io-6f17d22bba15001f\sea-orm-1.1.19\src\entity\primary_key.rs:47:11
   |
42 |     type ValueType: Sized
   |          --------- required by a bound in this associated type
...
47 |         + FromValueTuple
   |           ^^^^^^^^^^^^^^ required by this bound in `PrimaryKeyTrait::ValueType`
   = note: this error originates in the derive macro `DeriveEntityModel` (in Nightly builds, run with -Z macro-backtrace for more info)

error[E0277]: the trait bound `(): PrimaryKeyArity` is not satisfied
  --> src\models\supplier_qualification.rs:3:35
   |
3  | #[derive(Clone, Debug, PartialEq, DeriveEntityModel, Eq)]
   |                                   ^^^^^^^^^^^^^^^^^ the trait `TryGetableFromJson` is not implemented for `()`, which is required by `(): Primar
yKeyArity`
   |
   = help: the following other types implement trait `PrimaryKeyArity`:
             (T1, T2)
             (T1, T2, T3)
             (T1, T2, T3, T4)
             (T1, T2, T3, T4, T5)
             (T1, T2, T3, T4, T5, T6)
             (T1, T2, T3, T4, T5, T6, T7)
             (T1, T2, T3, T4, T5, T6, T7, T8)
             (T1, T2, T3, T4, T5, T6, T7, T8, T9)
           and 4 others
   = note: required for `()` to implement `TryGetable`
   = note: required for `()` to implement `PrimaryKeyArity`
note: required by a bound in `sea_orm::PrimaryKeyTrait::ValueType`
  --> C:\Users\admin\.cargo\registry\src\index.crates.io-6f17d22bba15001f\sea-orm-1.1.19\src\entity\primary_key.rs:50:11
   |
42 |     type ValueType: Sized
   |          --------- required by a bound in this associated type
...
50 |         + PrimaryKeyArity;
   |           ^^^^^^^^^^^^^^^ required by this bound in `PrimaryKeyTrait::ValueType`
   = note: this error originates in the derive macro `DeriveEntityModel` (in Nightly builds, run with -Z macro-backtrace for more info)

error[E0277]: the trait bound `sea_orm::Value: From<()>` is not satisfied
  --> src\models\supplier_qualification.rs:3:35
   |
3  | #[derive(Clone, Debug, PartialEq, DeriveEntityModel, Eq)]
   |                                   ^^^^^^^^^^^^^^^^^ the trait `From<()>` is not implemented for `sea_orm::Value`, which is required by `(): From
ValueTuple`
   |
   = help: the following other types implement trait `From<T>`:
             `sea_orm::Value` implements `From<&[u8]>`
             `sea_orm::Value` implements `From<&std::string::String>`
             `sea_orm::Value` implements `From<&str>`
             `sea_orm::Value` implements `From<Braced>`
             `sea_orm::Value` implements `From<Cow<'_, str>>`
             `sea_orm::Value` implements `From<Hyphenated>`
             `sea_orm::Value` implements `From<JsonValue>`
             `sea_orm::Value` implements `From<NaiveDate>`
           and 30 others
   = note: required for `()` to implement `Into<sea_orm::Value>`
   = note: required for `()` to implement `FromValueTuple`
note: required by a bound in `sea_orm::PrimaryKeyTrait::ValueType`
  --> C:\Users\admin\.cargo\registry\src\index.crates.io-6f17d22bba15001f\sea-orm-1.1.19\src\entity\primary_key.rs:47:11
   |
42 |     type ValueType: Sized
   |          --------- required by a bound in this associated type
...
47 |         + FromValueTuple
   |           ^^^^^^^^^^^^^^ required by this bound in `PrimaryKeyTrait::ValueType`
   = note: this error originates in the derive macro `DeriveEntityModel` (in Nightly builds, run with -Z macro-backtrace for more info)

error[E0277]: the trait bound `supplier_blacklist::PrimaryKey: sea_orm::IdenStatic` is not satisfied
  --> src\models\supplier_blacklist.rs:3:35
   |
3  | #[derive(Clone, Debug, PartialEq, DeriveEntityModel, Eq)]
   |                                   ^^^^^^^^^^^^^^^^^ the trait `sea_orm::IdenStatic` is not implemented for `supplier_blacklist::PrimaryKey`
   |
   = help: the following other types implement trait `sea_orm::IdenStatic`:
             SelectA
             SelectB
             SelectC
             account_balance::Column
             account_balance::Entity
             account_balance::PrimaryKey
             account_subject::Column
             account_subject::Entity
           and 193 others
note: required by a bound in `sea_orm::PrimaryKeyTrait`
  --> C:\Users\admin\.cargo\registry\src\index.crates.io-6f17d22bba15001f\sea-orm-1.1.19\src\entity\primary_key.rs:40:28
   |
40 | pub trait PrimaryKeyTrait: IdenStatic + Iterable {
   |                            ^^^^^^^^^^ required by this bound in `PrimaryKeyTrait`
   = note: this error originates in the derive macro `DeriveEntityModel` (in Nightly builds, run with -Z macro-backtrace for more info)

error[E0277]: the trait bound `(): TryFromU64` is not satisfied
  --> src\models\supplier_blacklist.rs:3:35
   |
3  | #[derive(Clone, Debug, PartialEq, DeriveEntityModel, Eq)]
   |                                   ^^^^^^^^^^^^^^^^^ the trait `sea_orm::ActiveEnum` is not implemented for `()`, which is required by `(): TryFr
omU64`
   |
   = help: the following other types implement trait `TryFromU64`:
             (T0, T1)
             (T0, T1, T2)
             (T0, T1, T2, T3)
             (T0, T1, T2, T3, T4)
             (T0, T1, T2, T3, T4, T5)
             (T0, T1, T2, T3, T4, T5, T6)
             (T0, T1, T2, T3, T4, T5, T6, T7)
             (T0, T1, T2, T3, T4, T5, T6, T7, T8)
           and 3 others
   = note: required for `()` to implement `TryFromU64`
note: required by a bound in `sea_orm::PrimaryKeyTrait::ValueType`
  --> C:\Users\admin\.cargo\registry\src\index.crates.io-6f17d22bba15001f\sea-orm-1.1.19\src\entity\primary_key.rs:49:11
   |
42 |     type ValueType: Sized
   |          --------- required by a bound in this associated type
...
49 |         + TryFromU64
   |           ^^^^^^^^^^ required by this bound in `PrimaryKeyTrait::ValueType`
   = note: this error originates in the derive macro `DeriveEntityModel` (in Nightly builds, run with -Z macro-backtrace for more info)

error[E0277]: the trait bound `(): FromValueTuple` is not satisfied
  --> src\models\supplier_blacklist.rs:3:35
   |
3  | #[derive(Clone, Debug, PartialEq, DeriveEntityModel, Eq)]
   |                                   ^^^^^^^^^^^^^^^^^ the trait `ValueType` is not implemented for `()`, which is required by `(): FromValueTuple`
   |
   = help: the following other types implement trait `ValueType`:
             Braced
             Cow<'_, str>
             Hyphenated
             JsonValue
             NaiveDate
             NaiveDateTime
             NaiveTime
             OffsetDateTime
           and 27 others
   = note: required for `()` to implement `FromValueTuple`
note: required by a bound in `sea_orm::PrimaryKeyTrait::ValueType`
  --> C:\Users\admin\.cargo\registry\src\index.crates.io-6f17d22bba15001f\sea-orm-1.1.19\src\entity\primary_key.rs:47:11
   |
42 |     type ValueType: Sized
   |          --------- required by a bound in this associated type
...
47 |         + FromValueTuple
   |           ^^^^^^^^^^^^^^ required by this bound in `PrimaryKeyTrait::ValueType`
   = note: this error originates in the derive macro `DeriveEntityModel` (in Nightly builds, run with -Z macro-backtrace for more info)

error[E0277]: the trait bound `(): PrimaryKeyArity` is not satisfied
  --> src\models\supplier_blacklist.rs:3:35
   |
3  | #[derive(Clone, Debug, PartialEq, DeriveEntityModel, Eq)]
   |                                   ^^^^^^^^^^^^^^^^^ the trait `TryGetableFromJson` is not implemented for `()`, which is required by `(): Primar
yKeyArity`
   |
   = help: the following other types implement trait `PrimaryKeyArity`:
             (T1, T2)
             (T1, T2, T3)
             (T1, T2, T3, T4)
             (T1, T2, T3, T4, T5)
             (T1, T2, T3, T4, T5, T6)
             (T1, T2, T3, T4, T5, T6, T7)
             (T1, T2, T3, T4, T5, T6, T7, T8)
             (T1, T2, T3, T4, T5, T6, T7, T8, T9)
           and 4 others
   = note: required for `()` to implement `TryGetable`
   = note: required for `()` to implement `PrimaryKeyArity`
note: required by a bound in `sea_orm::PrimaryKeyTrait::ValueType`
  --> C:\Users\admin\.cargo\registry\src\index.crates.io-6f17d22bba15001f\sea-orm-1.1.19\src\entity\primary_key.rs:50:11
   |
42 |     type ValueType: Sized
   |          --------- required by a bound in this associated type
...
50 |         + PrimaryKeyArity;
   |           ^^^^^^^^^^^^^^^ required by this bound in `PrimaryKeyTrait::ValueType`
   = note: this error originates in the derive macro `DeriveEntityModel` (in Nightly builds, run with -Z macro-backtrace for more info)

error[E0277]: the trait bound `sea_orm::Value: From<()>` is not satisfied
  --> src\models\supplier_blacklist.rs:3:35
   |
3  | #[derive(Clone, Debug, PartialEq, DeriveEntityModel, Eq)]
   |                                   ^^^^^^^^^^^^^^^^^ the trait `From<()>` is not implemented for `sea_orm::Value`, which is required by `(): From
ValueTuple`
   |
   = help: the following other types implement trait `From<T>`:
             `sea_orm::Value` implements `From<&[u8]>`
             `sea_orm::Value` implements `From<&std::string::String>`
             `sea_orm::Value` implements `From<&str>`
             `sea_orm::Value` implements `From<Braced>`
             `sea_orm::Value` implements `From<Cow<'_, str>>`
             `sea_orm::Value` implements `From<Hyphenated>`
             `sea_orm::Value` implements `From<JsonValue>`
             `sea_orm::Value` implements `From<NaiveDate>`
           and 30 others
   = note: required for `()` to implement `Into<sea_orm::Value>`
   = note: required for `()` to implement `FromValueTuple`
note: required by a bound in `sea_orm::PrimaryKeyTrait::ValueType`
  --> C:\Users\admin\.cargo\registry\src\index.crates.io-6f17d22bba15001f\sea-orm-1.1.19\src\entity\primary_key.rs:47:11
   |
42 |     type ValueType: Sized
   |          --------- required by a bound in this associated type
...
47 |         + FromValueTuple
   |           ^^^^^^^^^^^^^^ required by this bound in `PrimaryKeyTrait::ValueType`
   = note: this error originates in the derive macro `DeriveEntityModel` (in Nightly builds, run with -Z macro-backtrace for more info)

error[E0277]: the trait bound `fund_management::Relation: IntoEnumIterator` is not satisfied
  --> src\models\fund_management.rs:28:10
   |
28 | pub enum Relation {}
   |          ^^^^^^^^ the trait `IntoEnumIterator` is not implemented for `fund_management::Relation`
   |
   = help: the following other types implement trait `IntoEnumIterator`:
             account_balance::Column
             account_balance::PrimaryKey
             account_balance::Relation
             account_subject::Column
             account_subject::PrimaryKey
             account_subject::Relation
             accounting_period::Column
             accounting_period::PrimaryKey
           and 187 others
note: required by a bound in `sea_orm::RelationTrait`
  --> C:\Users\admin\.cargo\registry\src\index.crates.io-6f17d22bba15001f\sea-orm-1.1.19\src\entity\relation.rs:26:26
   |
26 | pub trait RelationTrait: Iterable + Debug + 'static {
   |                          ^^^^^^^^ required by this bound in `RelationTrait`

error[E0277]: the trait bound `budget_management::Relation: IntoEnumIterator` is not satisfied
  --> src\models\budget_management.rs:22:10
   |
22 | pub enum Relation {}
   |          ^^^^^^^^ the trait `IntoEnumIterator` is not implemented for `budget_management::Relation`
   |
   = help: the following other types implement trait `IntoEnumIterator`:
             account_balance::Column
             account_balance::PrimaryKey
             account_balance::Relation
             account_subject::Column
             account_subject::PrimaryKey
             account_subject::Relation
             accounting_period::Column
             accounting_period::PrimaryKey
           and 187 others
note: required by a bound in `sea_orm::RelationTrait`
  --> C:\Users\admin\.cargo\registry\src\index.crates.io-6f17d22bba15001f\sea-orm-1.1.19\src\entity\relation.rs:26:26
   |
26 | pub trait RelationTrait: Iterable + Debug + 'static {
   |                          ^^^^^^^^ required by this bound in `RelationTrait`

error[E0277]: the trait bound `quality_standard::Relation: IntoEnumIterator` is not satisfied
  --> src\models\quality_standard.rs:35:10
   |
35 | pub enum Relation {}
   |          ^^^^^^^^ the trait `IntoEnumIterator` is not implemented for `quality_standard::Relation`
   |
   = help: the following other types implement trait `IntoEnumIterator`:
             account_balance::Column
             account_balance::PrimaryKey
             account_balance::Relation
             account_subject::Column
             account_subject::PrimaryKey
             account_subject::Relation
             accounting_period::Column
             accounting_period::PrimaryKey
           and 187 others
note: required by a bound in `sea_orm::RelationTrait`
  --> C:\Users\admin\.cargo\registry\src\index.crates.io-6f17d22bba15001f\sea-orm-1.1.19\src\entity\relation.rs:26:26
   |
26 | pub trait RelationTrait: Iterable + Debug + 'static {
   |                          ^^^^^^^^ required by this bound in `RelationTrait`

error[E0277]: the trait bound `financial_analysis::Relation: IntoEnumIterator` is not satisfied
  --> src\models\financial_analysis.rs:23:10
   |
23 | pub enum Relation {}
   |          ^^^^^^^^ the trait `IntoEnumIterator` is not implemented for `financial_analysis::Relation`
   |
   = help: the following other types implement trait `IntoEnumIterator`:
             account_balance::Column
             account_balance::PrimaryKey
             account_balance::Relation
             account_subject::Column
             account_subject::PrimaryKey
             account_subject::Relation
             accounting_period::Column
             accounting_period::PrimaryKey
           and 187 others
note: required by a bound in `sea_orm::RelationTrait`
  --> C:\Users\admin\.cargo\registry\src\index.crates.io-6f17d22bba15001f\sea-orm-1.1.19\src\entity\relation.rs:26:26
   |
26 | pub trait RelationTrait: Iterable + Debug + 'static {
   |                          ^^^^^^^^ required by this bound in `RelationTrait`

error[E0277]: the trait bound `purchase_price::Relation: IntoEnumIterator` is not satisfied
  --> src\models\purchase_price.rs:31:10
   |
31 | pub enum Relation {}
   |          ^^^^^^^^ the trait `IntoEnumIterator` is not implemented for `purchase_price::Relation`
   |
   = help: the following other types implement trait `IntoEnumIterator`:
             account_balance::Column
             account_balance::PrimaryKey
             account_balance::Relation
             account_subject::Column
             account_subject::PrimaryKey
             account_subject::Relation
             accounting_period::Column
             accounting_period::PrimaryKey
           and 187 others
note: required by a bound in `sea_orm::RelationTrait`
  --> C:\Users\admin\.cargo\registry\src\index.crates.io-6f17d22bba15001f\sea-orm-1.1.19\src\entity\relation.rs:26:26
   |
26 | pub trait RelationTrait: Iterable + Debug + 'static {
   |                          ^^^^^^^^ required by this bound in `RelationTrait`

error[E0277]: the trait bound `sales_price::Relation: IntoEnumIterator` is not satisfied
  --> src\models\sales_price.rs:33:10
   |
33 | pub enum Relation {}
   |          ^^^^^^^^ the trait `IntoEnumIterator` is not implemented for `sales_price::Relation`
   |
   = help: the following other types implement trait `IntoEnumIterator`:
             account_balance::Column
             account_balance::PrimaryKey
             account_balance::Relation
             account_subject::Column
             account_subject::PrimaryKey
             account_subject::Relation
             accounting_period::Column
             accounting_period::PrimaryKey
           and 187 others
note: required by a bound in `sea_orm::RelationTrait`
  --> C:\Users\admin\.cargo\registry\src\index.crates.io-6f17d22bba15001f\sea-orm-1.1.19\src\entity\relation.rs:26:26
   |
26 | pub trait RelationTrait: Iterable + Debug + 'static {
   |                          ^^^^^^^^ required by this bound in `RelationTrait`

error[E0277]: the trait bound `sales_analysis::Relation: IntoEnumIterator` is not satisfied
  --> src\models\sales_analysis.rs:26:10
   |
26 | pub enum Relation {}
   |          ^^^^^^^^ the trait `IntoEnumIterator` is not implemented for `sales_analysis::Relation`
   |
   = help: the following other types implement trait `IntoEnumIterator`:
             account_balance::Column
             account_balance::PrimaryKey
             account_balance::Relation
             account_subject::Column
             account_subject::PrimaryKey
             account_subject::Relation
             accounting_period::Column
             accounting_period::PrimaryKey
           and 187 others
note: required by a bound in `sea_orm::RelationTrait`
  --> C:\Users\admin\.cargo\registry\src\index.crates.io-6f17d22bba15001f\sea-orm-1.1.19\src\entity\relation.rs:26:26
   |
26 | pub trait RelationTrait: Iterable + Debug + 'static {
   |                          ^^^^^^^^ required by this bound in `RelationTrait`

error[E0277]: the trait bound `quality_inspection::Relation: IntoEnumIterator` is not satisfied
  --> src\models\quality_inspection.rs:26:10
   |
26 | pub enum Relation {}
   |          ^^^^^^^^ the trait `IntoEnumIterator` is not implemented for `quality_inspection::Relation`
   |
   = help: the following other types implement trait `IntoEnumIterator`:
             account_balance::Column
             account_balance::PrimaryKey
             account_balance::Relation
             account_subject::Column
             account_subject::PrimaryKey
             account_subject::Relation
             accounting_period::Column
             accounting_period::PrimaryKey
           and 187 others
note: required by a bound in `sea_orm::RelationTrait`
  --> C:\Users\admin\.cargo\registry\src\index.crates.io-6f17d22bba15001f\sea-orm-1.1.19\src\entity\relation.rs:26:26
   |
26 | pub trait RelationTrait: Iterable + Debug + 'static {
   |                          ^^^^^^^^ required by this bound in `RelationTrait`

error[E0277]: the trait bound `std::sync::Arc<sea_orm::DatabaseConnection>: ConnectionTrait` is not satisfied
   --> src\services\user_service.rs:19:18
    |
19  |             .one(&self.db)
    |              --- ^^^^^^^^ the trait `ConnectionTrait` is not implemented for `std::sync::Arc<sea_orm::DatabaseConnection>`
    |              |
    |              required by a bound introduced by this call
    |
    = help: the following other types implement trait `ConnectionTrait`:
              DatabaseTransaction
              sea_orm::DatabaseConnection
note: required by a bound in `sea_orm::executor::select::<impl sea_orm::Select<E>>::one`
   --> C:\Users\admin\.cargo\registry\src\index.crates.io-6f17d22bba15001f\sea-orm-1.1.19\src\executor\select.rs:445:12
    |
443 |     pub async fn one<C>(self, db: &C) -> Result<Option<E::Model>, DbErr>
    |                  --- required by a bound in this associated function
444 |     where
445 |         C: ConnectionTrait,
    |            ^^^^^^^^^^^^^^^ required by this bound in `sea_orm::executor::select::<impl Select<E>>::one`

error[E0277]: the trait bound `std::sync::Arc<sea_orm::DatabaseConnection>: ConnectionTrait` is not satisfied
   --> src\services\user_service.rs:17:9
    |
17  | /         user::Entity::find()
18  | |             .filter(user::Column::Username.eq(username))
19  | |             .one(&self.db)
    | |__________________________^ the trait `ConnectionTrait` is not implemented for `std::sync::Arc<sea_orm::DatabaseConnection>`
    |
    = help: the following other types implement trait `ConnectionTrait`:
              DatabaseTransaction
              sea_orm::DatabaseConnection
note: required by a bound in `sea_orm::executor::select::<impl sea_orm::Select<E>>::one`
   --> C:\Users\admin\.cargo\registry\src\index.crates.io-6f17d22bba15001f\sea-orm-1.1.19\src\executor\select.rs:445:12
    |
443 |     pub async fn one<C>(self, db: &C) -> Result<Option<E::Model>, DbErr>
    |                  --- required by a bound in this associated function
444 |     where
445 |         C: ConnectionTrait,
    |            ^^^^^^^^^^^^^^^ required by this bound in `sea_orm::executor::select::<impl Select<E>>::one`

error[E0277]: the trait bound `std::sync::Arc<sea_orm::DatabaseConnection>: ConnectionTrait` is not satisfied
   --> src\services\user_service.rs:20:14
    |
20  |             .await?
    |              ^^^^^ the trait `ConnectionTrait` is not implemented for `std::sync::Arc<sea_orm::DatabaseConnection>`
    |
    = help: the following other types implement trait `ConnectionTrait`:
              DatabaseTransaction
              sea_orm::DatabaseConnection
note: required by a bound in `sea_orm::executor::select::<impl sea_orm::Select<E>>::one`
   --> C:\Users\admin\.cargo\registry\src\index.crates.io-6f17d22bba15001f\sea-orm-1.1.19\src\executor\select.rs:445:12
    |
443 |     pub async fn one<C>(self, db: &C) -> Result<Option<E::Model>, DbErr>
    |                  --- required by a bound in this associated function
444 |     where
445 |         C: ConnectionTrait,
    |            ^^^^^^^^^^^^^^^ required by this bound in `sea_orm::executor::select::<impl Select<E>>::one`

error[E0277]: the trait bound `std::sync::Arc<sea_orm::DatabaseConnection>: ConnectionTrait` is not satisfied
   --> src\services\user_service.rs:26:18
    |
26  |             .one(&self.db)
    |              --- ^^^^^^^^ the trait `ConnectionTrait` is not implemented for `std::sync::Arc<sea_orm::DatabaseConnection>`
    |              |
    |              required by a bound introduced by this call
    |
    = help: the following other types implement trait `ConnectionTrait`:
              DatabaseTransaction
              sea_orm::DatabaseConnection
note: required by a bound in `sea_orm::executor::select::<impl sea_orm::Select<E>>::one`
   --> C:\Users\admin\.cargo\registry\src\index.crates.io-6f17d22bba15001f\sea-orm-1.1.19\src\executor\select.rs:445:12
    |
443 |     pub async fn one<C>(self, db: &C) -> Result<Option<E::Model>, DbErr>
    |                  --- required by a bound in this associated function
444 |     where
445 |         C: ConnectionTrait,
    |            ^^^^^^^^^^^^^^^ required by this bound in `sea_orm::executor::select::<impl Select<E>>::one`

error[E0277]: the trait bound `std::sync::Arc<sea_orm::DatabaseConnection>: ConnectionTrait` is not satisfied
   --> src\services\user_service.rs:25:9
    |
25  | /         user::Entity::find_by_id(id)
26  | |             .one(&self.db)
    | |__________________________^ the trait `ConnectionTrait` is not implemented for `std::sync::Arc<sea_orm::DatabaseConnection>`
    |
    = help: the following other types implement trait `ConnectionTrait`:
              DatabaseTransaction
              sea_orm::DatabaseConnection
note: required by a bound in `sea_orm::executor::select::<impl sea_orm::Select<E>>::one`
   --> C:\Users\admin\.cargo\registry\src\index.crates.io-6f17d22bba15001f\sea-orm-1.1.19\src\executor\select.rs:445:12
    |
443 |     pub async fn one<C>(self, db: &C) -> Result<Option<E::Model>, DbErr>
    |                  --- required by a bound in this associated function
444 |     where
445 |         C: ConnectionTrait,
    |            ^^^^^^^^^^^^^^^ required by this bound in `sea_orm::executor::select::<impl Select<E>>::one`

error[E0277]: the trait bound `std::sync::Arc<sea_orm::DatabaseConnection>: ConnectionTrait` is not satisfied
   --> src\services\user_service.rs:27:14
    |
27  |             .await?
    |              ^^^^^ the trait `ConnectionTrait` is not implemented for `std::sync::Arc<sea_orm::DatabaseConnection>`
    |
    = help: the following other types implement trait `ConnectionTrait`:
              DatabaseTransaction
              sea_orm::DatabaseConnection
note: required by a bound in `sea_orm::executor::select::<impl sea_orm::Select<E>>::one`
   --> C:\Users\admin\.cargo\registry\src\index.crates.io-6f17d22bba15001f\sea-orm-1.1.19\src\executor\select.rs:445:12
    |
443 |     pub async fn one<C>(self, db: &C) -> Result<Option<E::Model>, DbErr>
    |                  --- required by a bound in this associated function
444 |     where
445 |         C: ConnectionTrait,
    |            ^^^^^^^^^^^^^^^ required by this bound in `sea_orm::executor::select::<impl Select<E>>::one`

error[E0277]: the trait bound `std::sync::Arc<sea_orm::DatabaseConnection>: ConnectionTrait` is not satisfied
   --> src\services\user_service.rs:54:28
    |
54  |         active_user.insert(&self.db).await
    |                     ------ ^^^^^^^^ the trait `ConnectionTrait` is not implemented for `std::sync::Arc<sea_orm::DatabaseConnection>`
    |                     |
    |                     required by a bound introduced by this call
    |
    = help: the following other types implement trait `ConnectionTrait`:
              DatabaseTransaction
              sea_orm::DatabaseConnection
note: required by a bound in `sea_orm::ActiveModelTrait::insert`
   --> C:\Users\admin\.cargo\registry\src\index.crates.io-6f17d22bba15001f\sea-orm-1.1.19\src\entity\active_model.rs:278:12
    |
274 |     async fn insert<'a, C>(self, db: &'a C) -> Result<<Self::Entity as EntityTrait>::Model, DbErr>
    |              ------ required by a bound in this associated function
...
278 |         C: ConnectionTrait,
    |            ^^^^^^^^^^^^^^^ required by this bound in `ActiveModelTrait::insert`

error[E0277]: the trait bound `std::sync::Arc<sea_orm::DatabaseConnection>: ConnectionTrait` is not satisfied
   --> src\services\user_service.rs:59:18
    |
59  |             .one(&self.db)
    |              --- ^^^^^^^^ the trait `ConnectionTrait` is not implemented for `std::sync::Arc<sea_orm::DatabaseConnection>`
    |              |
    |              required by a bound introduced by this call
    |
    = help: the following other types implement trait `ConnectionTrait`:
              DatabaseTransaction
              sea_orm::DatabaseConnection
note: required by a bound in `sea_orm::executor::select::<impl sea_orm::Select<E>>::one`
   --> C:\Users\admin\.cargo\registry\src\index.crates.io-6f17d22bba15001f\sea-orm-1.1.19\src\executor\select.rs:445:12
    |
443 |     pub async fn one<C>(self, db: &C) -> Result<Option<E::Model>, DbErr>
    |                  --- required by a bound in this associated function
444 |     where
445 |         C: ConnectionTrait,
    |            ^^^^^^^^^^^^^^^ required by this bound in `sea_orm::executor::select::<impl Select<E>>::one`

error[E0277]: the trait bound `std::sync::Arc<sea_orm::DatabaseConnection>: ConnectionTrait` is not satisfied
   --> src\services\user_service.rs:58:43
    |
58  |           let mut user: user::ActiveModel = user::Entity::find_by_id(user_id)
    |  ___________________________________________^
59  | |             .one(&self.db)
    | |__________________________^ the trait `ConnectionTrait` is not implemented for `std::sync::Arc<sea_orm::DatabaseConnection>`
    |
    = help: the following other types implement trait `ConnectionTrait`:
              DatabaseTransaction
              sea_orm::DatabaseConnection
note: required by a bound in `sea_orm::executor::select::<impl sea_orm::Select<E>>::one`
   --> C:\Users\admin\.cargo\registry\src\index.crates.io-6f17d22bba15001f\sea-orm-1.1.19\src\executor\select.rs:445:12
    |
443 |     pub async fn one<C>(self, db: &C) -> Result<Option<E::Model>, DbErr>
    |                  --- required by a bound in this associated function
444 |     where
445 |         C: ConnectionTrait,
    |            ^^^^^^^^^^^^^^^ required by this bound in `sea_orm::executor::select::<impl Select<E>>::one`

error[E0277]: the trait bound `std::sync::Arc<sea_orm::DatabaseConnection>: ConnectionTrait` is not satisfied
   --> src\services\user_service.rs:60:14
    |
60  |             .await?
    |              ^^^^^ the trait `ConnectionTrait` is not implemented for `std::sync::Arc<sea_orm::DatabaseConnection>`
    |
    = help: the following other types implement trait `ConnectionTrait`:
              DatabaseTransaction
              sea_orm::DatabaseConnection
note: required by a bound in `sea_orm::executor::select::<impl sea_orm::Select<E>>::one`
   --> C:\Users\admin\.cargo\registry\src\index.crates.io-6f17d22bba15001f\sea-orm-1.1.19\src\executor\select.rs:445:12
    |
443 |     pub async fn one<C>(self, db: &C) -> Result<Option<E::Model>, DbErr>
    |                  --- required by a bound in this associated function
444 |     where
445 |         C: ConnectionTrait,
    |            ^^^^^^^^^^^^^^^ required by this bound in `sea_orm::executor::select::<impl Select<E>>::one`

error[E0277]: the trait bound `std::sync::Arc<sea_orm::DatabaseConnection>: ConnectionTrait` is not satisfied
   --> src\services\user_service.rs:65:21
    |
65  |         user.update(&self.db).await?;
    |              ------ ^^^^^^^^ the trait `ConnectionTrait` is not implemented for `std::sync::Arc<sea_orm::DatabaseConnection>`
    |              |
    |              required by a bound introduced by this call
    |
    = help: the following other types implement trait `ConnectionTrait`:
              DatabaseTransaction
              sea_orm::DatabaseConnection
note: required by a bound in `sea_orm::ActiveModelTrait::update`
   --> C:\Users\admin\.cargo\registry\src\index.crates.io-6f17d22bba15001f\sea-orm-1.1.19\src\entity\active_model.rs:400:12
    |
396 |     async fn update<'a, C>(self, db: &'a C) -> Result<<Self::Entity as EntityTrait>::Model, DbErr>
    |              ------ required by a bound in this associated function
...
400 |         C: ConnectionTrait,
    |            ^^^^^^^^^^^^^^^ required by this bound in `ActiveModelTrait::update`

error[E0599]: no method named `paginate` found for struct `sea_orm::Select` in the current scope
   --> src\services\user_service.rs:76:14
    |
75  |           let paginator = user::Entity::find()
    |  _________________________-
76  | |             .paginate(&self.db, page_size);
    | |             -^^^^^^^^ method not found in `Select<Entity>`
    | |_____________|
    |
    |
   ::: C:\Users\admin\.cargo\registry\src\index.crates.io-6f17d22bba15001f\sea-orm-1.1.19\src\executor\paginator.rs:219:8
    |
219 |       fn paginate(self, db: &'db C, page_size: u64) -> Paginator<'db, C, Self::Selector>;
    |          -------- the method is available for `sea_orm::Select<user::Entity>` here
    |
    = help: items from traits can only be used if the trait is in scope
help: trait `PaginatorTrait` which provides `paginate` is implemented but not in scope; perhaps you want to import it
    |
1   + use sea_orm::PaginatorTrait;
    |

error[E0277]: the trait bound `std::sync::Arc<sea_orm::DatabaseConnection>: ConnectionTrait` is not satisfied
   --> src\services\user_service.rs:95:18
    |
95  |             .one(&self.db)
    |              --- ^^^^^^^^ the trait `ConnectionTrait` is not implemented for `std::sync::Arc<sea_orm::DatabaseConnection>`
    |              |
    |              required by a bound introduced by this call
    |
    = help: the following other types implement trait `ConnectionTrait`:
              DatabaseTransaction
              sea_orm::DatabaseConnection
note: required by a bound in `sea_orm::executor::select::<impl sea_orm::Select<E>>::one`
   --> C:\Users\admin\.cargo\registry\src\index.crates.io-6f17d22bba15001f\sea-orm-1.1.19\src\executor\select.rs:445:12
    |
443 |     pub async fn one<C>(self, db: &C) -> Result<Option<E::Model>, DbErr>
    |                  --- required by a bound in this associated function
444 |     where
445 |         C: ConnectionTrait,
    |            ^^^^^^^^^^^^^^^ required by this bound in `sea_orm::executor::select::<impl Select<E>>::one`

error[E0277]: the trait bound `std::sync::Arc<sea_orm::DatabaseConnection>: ConnectionTrait` is not satisfied
   --> src\services\user_service.rs:94:43
    |
94  |           let mut user: user::ActiveModel = user::Entity::find_by_id(user_id)
    |  ___________________________________________^
95  | |             .one(&self.db)
    | |__________________________^ the trait `ConnectionTrait` is not implemented for `std::sync::Arc<sea_orm::DatabaseConnection>`
    |
    = help: the following other types implement trait `ConnectionTrait`:
              DatabaseTransaction
              sea_orm::DatabaseConnection
note: required by a bound in `sea_orm::executor::select::<impl sea_orm::Select<E>>::one`
   --> C:\Users\admin\.cargo\registry\src\index.crates.io-6f17d22bba15001f\sea-orm-1.1.19\src\executor\select.rs:445:12
    |
443 |     pub async fn one<C>(self, db: &C) -> Result<Option<E::Model>, DbErr>
    |                  --- required by a bound in this associated function
444 |     where
445 |         C: ConnectionTrait,
    |            ^^^^^^^^^^^^^^^ required by this bound in `sea_orm::executor::select::<impl Select<E>>::one`

error[E0277]: the trait bound `std::sync::Arc<sea_orm::DatabaseConnection>: ConnectionTrait` is not satisfied
   --> src\services\user_service.rs:96:14
    |
96  |             .await?
    |              ^^^^^ the trait `ConnectionTrait` is not implemented for `std::sync::Arc<sea_orm::DatabaseConnection>`
    |
    = help: the following other types implement trait `ConnectionTrait`:
              DatabaseTransaction
              sea_orm::DatabaseConnection
note: required by a bound in `sea_orm::executor::select::<impl sea_orm::Select<E>>::one`
   --> C:\Users\admin\.cargo\registry\src\index.crates.io-6f17d22bba15001f\sea-orm-1.1.19\src\executor\select.rs:445:12
    |
443 |     pub async fn one<C>(self, db: &C) -> Result<Option<E::Model>, DbErr>
    |                  --- required by a bound in this associated function
444 |     where
445 |         C: ConnectionTrait,
    |            ^^^^^^^^^^^^^^^ required by this bound in `sea_orm::executor::select::<impl Select<E>>::one`

error[E0277]: the trait bound `std::sync::Arc<sea_orm::DatabaseConnection>: ConnectionTrait` is not satisfied
   --> src\services\user_service.rs:119:21
    |
119 |         user.update(&self.db).await
    |              ------ ^^^^^^^^ the trait `ConnectionTrait` is not implemented for `std::sync::Arc<sea_orm::DatabaseConnection>`
    |              |
    |              required by a bound introduced by this call
    |
    = help: the following other types implement trait `ConnectionTrait`:
              DatabaseTransaction
              sea_orm::DatabaseConnection
note: required by a bound in `sea_orm::ActiveModelTrait::update`
   --> C:\Users\admin\.cargo\registry\src\index.crates.io-6f17d22bba15001f\sea-orm-1.1.19\src\entity\active_model.rs:400:12
    |
396 |     async fn update<'a, C>(self, db: &'a C) -> Result<<Self::Entity as EntityTrait>::Model, DbErr>
    |              ------ required by a bound in this associated function
...
400 |         C: ConnectionTrait,
    |            ^^^^^^^^^^^^^^^ required by this bound in `ActiveModelTrait::update`

error[E0277]: the trait bound `std::sync::Arc<sea_orm::DatabaseConnection>: ConnectionTrait` is not satisfied
   --> src\services\user_service.rs:125:18
    |
125 |             .one(&self.db)
    |              --- ^^^^^^^^ the trait `ConnectionTrait` is not implemented for `std::sync::Arc<sea_orm::DatabaseConnection>`
    |              |
    |              required by a bound introduced by this call
    |
    = help: the following other types implement trait `ConnectionTrait`:
              DatabaseTransaction
              sea_orm::DatabaseConnection
note: required by a bound in `sea_orm::executor::select::<impl sea_orm::Select<E>>::one`
   --> C:\Users\admin\.cargo\registry\src\index.crates.io-6f17d22bba15001f\sea-orm-1.1.19\src\executor\select.rs:445:12
    |
443 |     pub async fn one<C>(self, db: &C) -> Result<Option<E::Model>, DbErr>
    |                  --- required by a bound in this associated function
444 |     where
445 |         C: ConnectionTrait,
    |            ^^^^^^^^^^^^^^^ required by this bound in `sea_orm::executor::select::<impl Select<E>>::one`

error[E0277]: the trait bound `std::sync::Arc<sea_orm::DatabaseConnection>: ConnectionTrait` is not satisfied
   --> src\services\user_service.rs:124:43
    |
124 |           let mut user: user::ActiveModel = user::Entity::find_by_id(user_id)
    |  ___________________________________________^
125 | |             .one(&self.db)
    | |__________________________^ the trait `ConnectionTrait` is not implemented for `std::sync::Arc<sea_orm::DatabaseConnection>`
    |
    = help: the following other types implement trait `ConnectionTrait`:
              DatabaseTransaction
              sea_orm::DatabaseConnection
note: required by a bound in `sea_orm::executor::select::<impl sea_orm::Select<E>>::one`
   --> C:\Users\admin\.cargo\registry\src\index.crates.io-6f17d22bba15001f\sea-orm-1.1.19\src\executor\select.rs:445:12
    |
443 |     pub async fn one<C>(self, db: &C) -> Result<Option<E::Model>, DbErr>
    |                  --- required by a bound in this associated function
444 |     where
445 |         C: ConnectionTrait,
    |            ^^^^^^^^^^^^^^^ required by this bound in `sea_orm::executor::select::<impl Select<E>>::one`

error[E0277]: the trait bound `std::sync::Arc<sea_orm::DatabaseConnection>: ConnectionTrait` is not satisfied
   --> src\services\user_service.rs:126:14
    |
126 |             .await?
    |              ^^^^^ the trait `ConnectionTrait` is not implemented for `std::sync::Arc<sea_orm::DatabaseConnection>`
    |
    = help: the following other types implement trait `ConnectionTrait`:
              DatabaseTransaction
              sea_orm::DatabaseConnection
note: required by a bound in `sea_orm::executor::select::<impl sea_orm::Select<E>>::one`
   --> C:\Users\admin\.cargo\registry\src\index.crates.io-6f17d22bba15001f\sea-orm-1.1.19\src\executor\select.rs:445:12
    |
443 |     pub async fn one<C>(self, db: &C) -> Result<Option<E::Model>, DbErr>
    |                  --- required by a bound in this associated function
444 |     where
445 |         C: ConnectionTrait,
    |            ^^^^^^^^^^^^^^^ required by this bound in `sea_orm::executor::select::<impl Select<E>>::one`

error[E0277]: the trait bound `std::sync::Arc<sea_orm::DatabaseConnection>: ConnectionTrait` is not satisfied
   --> src\services\user_service.rs:133:21
    |
133 |         user.update(&self.db).await?;
    |              ------ ^^^^^^^^ the trait `ConnectionTrait` is not implemented for `std::sync::Arc<sea_orm::DatabaseConnection>`
    |              |
    |              required by a bound introduced by this call
    |
    = help: the following other types implement trait `ConnectionTrait`:
              DatabaseTransaction
              sea_orm::DatabaseConnection
note: required by a bound in `sea_orm::ActiveModelTrait::update`
   --> C:\Users\admin\.cargo\registry\src\index.crates.io-6f17d22bba15001f\sea-orm-1.1.19\src\entity\active_model.rs:400:12
    |
396 |     async fn update<'a, C>(self, db: &'a C) -> Result<<Self::Entity as EntityTrait>::Model, DbErr>
    |              ------ required by a bound in this associated function
...
400 |         C: ConnectionTrait,
    |            ^^^^^^^^^^^^^^^ required by this bound in `ActiveModelTrait::update`

error[E0599]: no method named `find_count` found for struct `sea_orm::Select` in the current scope
  --> src\services\product_service.rs:47:27
   |
47 |         let total = query.find_count(&*self.db).await?;
   |                           ^^^^^^^^^^
   |
help: there is a method `count` with a similar name
   |
47 |         let total = query.count(&*self.db).await?;
   |                           ~~~~~

error[E0599]: no method named `offset` found for struct `Selector` in the current scope
  --> src\services\product_service.rs:53:14
   |
50 |           let products = query
   |  ________________________-
51 | |             .order_by_asc(product::Column::Code)
52 | |             .into_model::<product::Model>()
53 | |             .offset((page - 1) * page_size)
   | |             -^^^^^^ method not found in `Selector<SelectModel<Model>>`
   | |_____________|
   |

error[E0063]: missing field `id` in initializer of `product::ActiveModel`
  --> src\services\product_service.rs:94:28
   |
94 |         let active_model = product::ActiveModel {
   |                            ^^^^^^^^^^^^^^^^^^^^ missing `id`

error[E0063]: missing field `id` in initializer of `product_color::ActiveModel`
   --> src\services\product_service.rs:235:28
    |
235 |         let active_model = product_color::ActiveModel {
    |                            ^^^^^^^^^^^^^^^^^^^^^^^^^^ missing `id`

error[E0599]: no method named `find_count` found for struct `sea_orm::Select` in the current scope
  --> src\services\product_category_service.rs:39:27
   |
39 |         let total = query.find_count(&*self.db).await?;
   |                           ^^^^^^^^^^
   |
help: there is a method `count` with a similar name
   |
39 |         let total = query.count(&*self.db).await?;
   |                           ~~~~~

error[E0599]: no method named `offset` found for struct `Selector` in the current scope
  --> src\services\product_category_service.rs:45:14
   |
42 |           let categories = query
   |  __________________________-
43 | |             .order_by_asc(product_category::Column::Name)
44 | |             .into_model::<product_category::Model>()
45 | |             .offset((page - 1) * page_size)
   | |             -^^^^^^ method not found in `Selector<SelectModel<Model>>`
   | |_____________|
   |

error[E0063]: missing fields `category_code`, `id`, `is_active` and 1 other field in initializer of `product_category::ActiveModel`
  --> src\services\product_category_service.rs:76:28
   |
76 |         let active_model = product_category::ActiveModel {
   |                            ^^^^^^^^^^^^^^^^^^^^^^^^^^^^^ missing `category_code`, `id`, `is_active` and 1 other field

error[E0599]: no variant or associated item named `Status` found for enum `warehouse::Column` in the current scope
  --> src\services\warehouse_service.rs:29:53
   |
29 |             query = query.filter(warehouse::Column::Status.eq(s));
   |                                                     ^^^^^^ variant or associated item not found in `Column`
   |
  ::: src\models\warehouse.rs:4:35
   |
4  | #[derive(Clone, Debug, PartialEq, DeriveEntityModel, Eq)]
   |                                   ----------------- variant or associated item `Status` not found for this enum

error[E0599]: no variant or associated item named `Code` found for enum `warehouse::Column` in the current scope
  --> src\services\warehouse_service.rs:35:44
   |
35 |                     .or(warehouse::Column::Code.like(format!("%{}%", keyword)))
   |                                            ^^^^ variant or associated item not found in `Column`
   |
  ::: src\models\warehouse.rs:4:35
   |
4  | #[derive(Clone, Debug, PartialEq, DeriveEntityModel, Eq)]
   |                                   ----------------- variant or associated item `Code` not found for this enum

error[E0599]: no method named `find_count` found for struct `sea_orm::Select` in the current scope
  --> src\services\warehouse_service.rs:40:27
   |
40 |         let total = query.find_count(&*self.db).await?;
   |                           ^^^^^^^^^^
   |
help: there is a method `count` with a similar name
   |
40 |         let total = query.count(&*self.db).await?;
   |                           ~~~~~

error[E0599]: no variant or associated item named `Code` found for enum `warehouse::Column` in the current scope
  --> src\services\warehouse_service.rs:44:46
   |
44 |             .order_by_asc(warehouse::Column::Code)
   |                                              ^^^^ variant or associated item not found in `Column`
   |
  ::: src\models\warehouse.rs:4:35
   |
4  | #[derive(Clone, Debug, PartialEq, DeriveEntityModel, Eq)]
   |                                   ----------------- variant or associated item `Code` not found for this enum

error[E0599]: no method named `offset` found for struct `Selector` in the current scope
  --> src\services\warehouse_service.rs:46:14
   |
43 |           let warehouses = query
   |  __________________________-
44 | |             .order_by_asc(warehouse::Column::Code)
45 | |             .into_model::<warehouse::Model>()
46 | |             .offset((page - 1) * page_size)
   | |             -^^^^^^ method not found in `Selector<SelectModel<Model>>`
   | |_____________|
   |

error[E0560]: struct `warehouse::ActiveModel` has no field named `code`
  --> src\services\warehouse_service.rs:75:13
   |
75 |             code: Set(code),
   |             ^^^^ `warehouse::ActiveModel` does not have this field
   |
   = note: available fields are: `id`, `warehouse_code`, `city`, `province`, `country` ... and 5 others

error[E0560]: struct `warehouse::ActiveModel` has no field named `manager`
  --> src\services\warehouse_service.rs:77:13
   |
77 |             manager: Set(manager),
   |             ^^^^^^^ `warehouse::ActiveModel` does not have this field
   |
   = note: available fields are: `id`, `warehouse_code`, `city`, `province`, `country` ... and 5 others

error[E0560]: struct `warehouse::ActiveModel` has no field named `capacity`
  --> src\services\warehouse_service.rs:79:13
   |
79 |             capacity: Set(capacity),
   |             ^^^^^^^^ `warehouse::ActiveModel` does not have this field
   |
   = note: available fields are: `id`, `warehouse_code`, `city`, `province`, `country` ... and 5 others

error[E0560]: struct `warehouse::ActiveModel` has no field named `status`
  --> src\services\warehouse_service.rs:80:13
   |
80 |             status: Set(status),
   |             ^^^^^^ `warehouse::ActiveModel` does not have this field
   |
   = note: available fields are: `id`, `warehouse_code`, `city`, `province`, `country` ... and 5 others

error[E0609]: no field `manager` on type `warehouse::ActiveModel`
   --> src\services\warehouse_service.rs:114:16
    |
114 |             wh.manager = Set(Some(m));
    |                ^^^^^^^ unknown field
    |
    = note: available fields are: `id`, `warehouse_code`, `name`, `address`, `city` ... and 10 others

error[E0609]: no field `capacity` on type `warehouse::ActiveModel`
   --> src\services\warehouse_service.rs:120:16
    |
120 |             wh.capacity = Set(Some(c));
    |                ^^^^^^^^ unknown field
    |
    = note: available fields are: `id`, `warehouse_code`, `name`, `address`, `city` ... and 10 others

error[E0609]: no field `status` on type `warehouse::ActiveModel`
   --> src\services\warehouse_service.rs:123:16
    |
123 |             wh.status = Set(s);
    |                ^^^^^^ unknown field
    |
    = note: available fields are: `id`, `warehouse_code`, `name`, `address`, `city` ... and 10 others

error[E0599]: no variant or associated item named `Code` found for enum `warehouse::Column` in the current scope
   --> src\services\warehouse_service.rs:144:40
    |
144 |             .filter(warehouse::Column::Code.eq(code))
    |                                        ^^^^ variant or associated item not found in `Column`
    |
   ::: src\models\warehouse.rs:4:35
    |
4   | #[derive(Clone, Debug, PartialEq, DeriveEntityModel, Eq)]
    |                                   ----------------- variant or associated item `Code` not found for this enum

error[E0599]: no method named `find_count` found for struct `sea_orm::Select` in the current scope
  --> src\services\department_service.rs:51:27
   |
51 |         let total = query.find_count(&*self.db).await?;
   |                           ^^^^^^^^^^
   |
help: there is a method `count` with a similar name
   |
51 |         let total = query.count(&*self.db).await?;
   |                           ~~~~~

error[E0599]: no method named `offset` found for struct `Selector` in the current scope
  --> src\services\department_service.rs:57:14
   |
54 |           let departments = query
   |  ___________________________-
55 | |             .order_by_asc(department::Column::Name)
56 | |             .into_model::<department::Model>()
57 | |             .offset((page - 1) * page_size)
   | |             -^^^^^^ method not found in `Selector<SelectModel<Model>>`
   | |_____________|
   |

error[E0063]: missing fields `code`, `id`, `is_active` and 2 other fields in initializer of `department::ActiveModel`
  --> src\services\department_service.rs:88:28
   |
88 |         let active_model = department::ActiveModel {
   |                            ^^^^^^^^^^^^^^^^^^^^^^^ missing `code`, `id`, `is_active` and 2 other fields

error[E0308]: mismatched types
   --> src\services\department_service.rs:194:47
    |
194 |                     parent_node.children.push(node.clone());
    |                                          ---- ^^^^^^^^^^^^ expected `DepartmentTreeNode`, found `&DepartmentTreeNode`
    |                                          |
    |                                          arguments to this method are incorrect
    |
note: `DepartmentTreeNode` does not implement `Clone`, so `&DepartmentTreeNode` was cloned instead
   --> src\services\department_service.rs:194:47
    |
194 |                     parent_node.children.push(node.clone());
    |                                               ^^^^
note: method defined here
   --> /rustc/90b35a6239c3d8bdabc530a6a0816f7ff89a0aaf\library\alloc\src\vec\mod.rs:2400:12
help: consider annotating `DepartmentTreeNode` with `#[derive(Clone)]`
    |
10  + #[derive(Clone)]
11  | pub struct DepartmentTreeNode {
    |

error[E0308]: mismatched types
   --> src\services\department_service.rs:197:27
    |
197 |                 tree.push(node.clone());
    |                      ---- ^^^^^^^^^^^^ expected `DepartmentTreeNode`, found `&DepartmentTreeNode`
    |                      |
    |                      arguments to this method are incorrect
    |
note: `DepartmentTreeNode` does not implement `Clone`, so `&DepartmentTreeNode` was cloned instead
   --> src\services\department_service.rs:197:27
    |
197 |                 tree.push(node.clone());
    |                           ^^^^
note: method defined here
   --> /rustc/90b35a6239c3d8bdabc530a6a0816f7ff89a0aaf\library\alloc\src\vec\mod.rs:2400:12
help: consider annotating `DepartmentTreeNode` with `#[derive(Clone)]`
    |
10  + #[derive(Clone)]
11  | pub struct DepartmentTreeNode {
    |

error[E0599]: no method named `select_only` found for struct `sea_orm::Select` in the current scope
   --> src\services\dashboard_service.rs:107:14
    |
106 |           let total_inventory_value = inventory_stock::Entity::find()
    |  _____________________________________-
107 | |             .select_only()
    | |_____________-^^^^^^^^^^^
    |
   ::: C:\Users\admin\.cargo\registry\src\index.crates.io-6f17d22bba15001f\sea-orm-1.1.19\src\query\helper.rs:25:8
    |
25  |       fn select_only(mut self) -> Self {
    |          ----------- the method is available for `sea_orm::Select<inventory_stock::Entity>` here
    |
    = help: items from traits can only be used if the trait is in scope
help: trait `QuerySelect` which provides `select_only` is implemented but not in scope; perhaps you want to import it
    |
1   + use sea_orm::QuerySelect;
    |
help: there is a method `select` with a similar name
    |
107 |             .select()
    |              ~~~~~~

error[E0599]: no variant or associated item named `TotalAmount` found for enum `inventory_stock::Column` in the current scope
   --> src\services\dashboard_service.rs:108:59
    |
108 |             .column_as(Expr::col(inventory_stock::Column::TotalAmount).sum(), "total")
    |                                                           ^^^^^^^^^^^ variant or associated item not found in `Column`
    |
   ::: src\models\inventory_stock.rs:7:35
    |
7   | #[derive(Clone, Debug, PartialEq, DeriveEntityModel, Eq)]
    |                                   ----------------- variant or associated item `TotalAmount` not found for this enum

error[E0308]: mismatched types
   --> src\services\dashboard_service.rs:134:13
    |
134 |             total_products,
    |             ^^^^^^^^^^^^^^ expected `i64`, found `u64`
    |
help: you can convert a `u64` to an `i64` and panic if the converted value doesn't fit
    |
134 |             total_products: total_products.try_into().unwrap(),
    |             +++++++++++++++               ++++++++++++++++++++

error[E0308]: mismatched types
   --> src\services\dashboard_service.rs:135:13
    |
135 |             total_warehouses,
    |             ^^^^^^^^^^^^^^^^ expected `i64`, found `u64`
    |
help: you can convert a `u64` to an `i64` and panic if the converted value doesn't fit
    |
135 |             total_warehouses: total_warehouses.try_into().unwrap(),
    |             +++++++++++++++++                 ++++++++++++++++++++

error[E0308]: mismatched types
   --> src\services\dashboard_service.rs:137:13
    |
137 |             total_orders,
    |             ^^^^^^^^^^^^ expected `i64`, found `u64`
    |
help: you can convert a `u64` to an `i64` and panic if the converted value doesn't fit
    |
137 |             total_orders: total_orders.try_into().unwrap(),
    |             +++++++++++++             ++++++++++++++++++++

error[E0308]: mismatched types
   --> src\services\dashboard_service.rs:138:13
    |
138 |             pending_orders,
    |             ^^^^^^^^^^^^^^ expected `i64`, found `u64`
    |
help: you can convert a `u64` to an `i64` and panic if the converted value doesn't fit
    |
138 |             pending_orders: pending_orders.try_into().unwrap(),
    |             +++++++++++++++               ++++++++++++++++++++

error[E0308]: mismatched types
   --> src\services\dashboard_service.rs:139:13
    |
139 |             total_users,
    |             ^^^^^^^^^^^ expected `i64`, found `u64`
    |
help: you can convert a `u64` to an `i64` and panic if the converted value doesn't fit
    |
139 |             total_users: total_users.try_into().unwrap(),
    |             ++++++++++++            ++++++++++++++++++++

error[E0308]: mismatched types
   --> src\services\dashboard_service.rs:140:13
    |
140 |             active_users,
    |             ^^^^^^^^^^^^ expected `i64`, found `u64`
    |
help: you can convert a `u64` to an `i64` and panic if the converted value doesn't fit
    |
140 |             active_users: active_users.try_into().unwrap(),
    |             +++++++++++++             ++++++++++++++++++++

error[E0599]: no method named `select_only` found for struct `sea_orm::Select` in the current scope
   --> src\services\dashboard_service.rs:162:14
    |
161 |           let total_sales_amount = query.clone()
    |  __________________________________-
162 | |             .select_only()
    | |_____________-^^^^^^^^^^^
    |
   ::: C:\Users\admin\.cargo\registry\src\index.crates.io-6f17d22bba15001f\sea-orm-1.1.19\src\query\helper.rs:25:8
    |
25  |       fn select_only(mut self) -> Self {
    |          ----------- the method is available for `sea_orm::Select<sales_order::Entity>` here
    |
    = help: items from traits can only be used if the trait is in scope
help: trait `QuerySelect` which provides `select_only` is implemented but not in scope; perhaps you want to import it
    |
1   + use sea_orm::QuerySelect;
    |
help: there is a method `select` with a similar name
    |
162 |             .select()
    |              ~~~~~~

error[E0308]: mismatched types
   --> src\services\dashboard_service.rs:199:13
    |
199 |             order_count,
    |             ^^^^^^^^^^^ expected `i64`, found `u64`
    |
help: you can convert a `u64` to an `i64` and panic if the converted value doesn't fit
    |
199 |             order_count: order_count.try_into().unwrap(),
    |             ++++++++++++            ++++++++++++++++++++

error[E0308]: mismatched types
   --> src\services\dashboard_service.rs:201:13
    |
201 |             completed_orders,
    |             ^^^^^^^^^^^^^^^^ expected `i64`, found `u64`
    |
help: you can convert a `u64` to an `i64` and panic if the converted value doesn't fit
    |
201 |             completed_orders: completed_orders.try_into().unwrap(),
    |             +++++++++++++++++                 ++++++++++++++++++++

error[E0308]: mismatched types
   --> src\services\dashboard_service.rs:202:13
    |
202 |             pending_orders,
    |             ^^^^^^^^^^^^^^ expected `i64`, found `u64`
    |
help: you can convert a `u64` to an `i64` and panic if the converted value doesn't fit
    |
202 |             pending_orders: pending_orders.try_into().unwrap(),
    |             +++++++++++++++               ++++++++++++++++++++

error[E0308]: mismatched types
   --> src\services\dashboard_service.rs:203:13
    |
203 |             cancelled_orders,
    |             ^^^^^^^^^^^^^^^^ expected `i64`, found `u64`
    |
help: you can convert a `u64` to an `i64` and panic if the converted value doesn't fit
    |
203 |             cancelled_orders: cancelled_orders.try_into().unwrap(),
    |             +++++++++++++++++                 ++++++++++++++++++++

error[E0599]: no method named `select_only` found for struct `sea_orm::Select` in the current scope
   --> src\services\dashboard_service.rs:215:14
    |
214 |           let inventory_stats = inventory_stock::Entity::find()
    |  _______________________________-
215 | |             .select_only()
    | |_____________-^^^^^^^^^^^
    |
   ::: C:\Users\admin\.cargo\registry\src\index.crates.io-6f17d22bba15001f\sea-orm-1.1.19\src\query\helper.rs:25:8
    |
25  |       fn select_only(mut self) -> Self {
    |          ----------- the method is available for `sea_orm::Select<inventory_stock::Entity>` here
    |
    = help: items from traits can only be used if the trait is in scope
help: trait `QuerySelect` which provides `select_only` is implemented but not in scope; perhaps you want to import it
    |
1   + use sea_orm::QuerySelect;
    |
help: there is a method `select` with a similar name
    |
215 |             .select()
    |              ~~~~~~

error[E0599]: no variant or associated item named `Quantity` found for enum `inventory_stock::Column` in the current scope
   --> src\services\dashboard_service.rs:216:59
    |
216 |             .column_as(Expr::col(inventory_stock::Column::Quantity).sum(), "total_qty")
    |                                                           ^^^^^^^^ variant or associated item not found in `Column`
    |
   ::: src\models\inventory_stock.rs:7:35
    |
7   | #[derive(Clone, Debug, PartialEq, DeriveEntityModel, Eq)]
    |                                   ----------------- variant or associated item `Quantity` not found for this enum
    |
help: there is a variant with a similar name
    |
216 |             .column_as(Expr::col(inventory_stock::Column::QuantityKg.sum(), "total_qty")
    |                                                           ~~~~~~~~~~

error[E0599]: no variant or associated item named `TotalAmount` found for enum `inventory_stock::Column` in the current scope
   --> src\services\dashboard_service.rs:217:59
    |
217 |             .column_as(Expr::col(inventory_stock::Column::TotalAmount).sum(), "total_value")
    |                                                           ^^^^^^^^^^^ variant or associated item not found in `Column`
    |
   ::: src\models\inventory_stock.rs:7:35
    |
7   | #[derive(Clone, Debug, PartialEq, DeriveEntityModel, Eq)]
    |                                   ----------------- variant or associated item `TotalAmount` not found for this enum

error[E0599]: no variant or associated item named `Quantity` found for enum `inventory_stock::Column` in the current scope
   --> src\services\dashboard_service.rs:227:46
    |
227 |             .filter(inventory_stock::Column::Quantity.lt(inventory_stock::Column::MinStock))
    |                                              ^^^^^^^^ variant or associated item not found in `Column`
    |
   ::: src\models\inventory_stock.rs:7:35
    |
7   | #[derive(Clone, Debug, PartialEq, DeriveEntityModel, Eq)]
    |                                   ----------------- variant or associated item `Quantity` not found for this enum
    |
help: there is a variant with a similar name
    |
227 |             .filter(inventory_stock::Column::QuantityKg.lt(inventory_stock::Column::MinStock))
    |                                              ~~~~~~~~~~

error[E0599]: no variant or associated item named `MinStock` found for enum `inventory_stock::Column` in the current scope
   --> src\services\dashboard_service.rs:227:83
    |
227 |             .filter(inventory_stock::Column::Quantity.lt(inventory_stock::Column::MinStock))
    |                                                                                   ^^^^^^^^ variant or associated item not found in `Column`
    |
   ::: src\models\inventory_stock.rs:7:35
    |
7   | #[derive(Clone, Debug, PartialEq, DeriveEntityModel, Eq)]
    |                                   ----------------- variant or associated item `MinStock` not found for this enum
    |
help: there is a method `into` with a similar name
   --> /rustc/90b35a6239c3d8bdabc530a6a0816f7ff89a0aaf\library\core\src\convert\mod.rs:450:5

error[E0599]: no variant or associated item named `Status` found for enum `inventory_stock::Column` in the current scope
   --> src\services\dashboard_service.rs:228:46
    |
228 |             .filter(inventory_stock::Column::Status.eq("active"))
    |                                              ^^^^^^ variant or associated item not found in `Column`
    |
   ::: src\models\inventory_stock.rs:7:35
    |
7   | #[derive(Clone, Debug, PartialEq, DeriveEntityModel, Eq)]
    |                                   ----------------- variant or associated item `Status` not found for this enum

error[E0599]: no variant or associated item named `Quantity` found for enum `inventory_stock::Column` in the current scope
   --> src\services\dashboard_service.rs:234:46
    |
234 |             .filter(inventory_stock::Column::Quantity.eq(Decimal::ZERO))
    |                                              ^^^^^^^^ variant or associated item not found in `Column`
    |
   ::: src\models\inventory_stock.rs:7:35
    |
7   | #[derive(Clone, Debug, PartialEq, DeriveEntityModel, Eq)]
    |                                   ----------------- variant or associated item `Quantity` not found for this enum
    |
help: there is a variant with a similar name
    |
234 |             .filter(inventory_stock::Column::QuantityKg.eq(Decimal::ZERO))
    |                                              ~~~~~~~~~~

error[E0599]: no variant or associated item named `Status` found for enum `inventory_stock::Column` in the current scope
   --> src\services\dashboard_service.rs:235:46
    |
235 |             .filter(inventory_stock::Column::Status.eq("active"))
    |                                              ^^^^^^ variant or associated item not found in `Column`
    |
   ::: src\models\inventory_stock.rs:7:35
    |
7   | #[derive(Clone, Debug, PartialEq, DeriveEntityModel, Eq)]
    |                                   ----------------- variant or associated item `Status` not found for this enum

error[E0599]: no method named `select_only` found for struct `sea_orm::Select` in the current scope
   --> src\services\dashboard_service.rs:241:14
    |
240 |           let warehouse_distribution = inventory_stock::Entity::find()
    |  ______________________________________-
241 | |             .select_only()
    | |_____________-^^^^^^^^^^^
    |
   ::: C:\Users\admin\.cargo\registry\src\index.crates.io-6f17d22bba15001f\sea-orm-1.1.19\src\query\helper.rs:25:8
    |
25  |       fn select_only(mut self) -> Self {
    |          ----------- the method is available for `sea_orm::Select<inventory_stock::Entity>` here
    |
    = help: items from traits can only be used if the trait is in scope
help: trait `QuerySelect` which provides `select_only` is implemented but not in scope; perhaps you want to import it
    |
1   + use sea_orm::QuerySelect;
    |
help: there is a method `select` with a similar name
    |
241 |             .select()
    |              ~~~~~~

error[E0599]: no variant or associated item named `Quantity` found for enum `inventory_stock::Column` in the current scope
   --> src\services\dashboard_service.rs:243:59
    |
243 |             .column_as(Expr::col(inventory_stock::Column::Quantity).sum(), "total_qty")
    |                                                           ^^^^^^^^ variant or associated item not found in `Column`
    |
   ::: src\models\inventory_stock.rs:7:35
    |
7   | #[derive(Clone, Debug, PartialEq, DeriveEntityModel, Eq)]
    |                                   ----------------- variant or associated item `Quantity` not found for this enum
    |
help: there is a variant with a similar name
    |
243 |             .column_as(Expr::col(inventory_stock::Column::QuantityKg.sum(), "total_qty")
    |                                                           ~~~~~~~~~~

error[E0599]: no variant or associated item named `TotalAmount` found for enum `inventory_stock::Column` in the current scope
   --> src\services\dashboard_service.rs:244:59
    |
244 |             .column_as(Expr::col(inventory_stock::Column::TotalAmount).sum(), "total_value")
    |                                                           ^^^^^^^^^^^ variant or associated item not found in `Column`
    |
   ::: src\models\inventory_stock.rs:7:35
    |
7   | #[derive(Clone, Debug, PartialEq, DeriveEntityModel, Eq)]
    |                                   ----------------- variant or associated item `TotalAmount` not found for this enum

error[E0308]: mismatched types
   --> src\services\dashboard_service.rs:267:13
    |
267 |             low_stock_count,
    |             ^^^^^^^^^^^^^^^ expected `i64`, found `u64`
    |
help: you can convert a `u64` to an `i64` and panic if the converted value doesn't fit
    |
267 |             low_stock_count: low_stock_count.try_into().unwrap(),
    |             ++++++++++++++++                ++++++++++++++++++++

error[E0308]: mismatched types
   --> src\services\dashboard_service.rs:268:13
    |
268 |             zero_stock_count,
    |             ^^^^^^^^^^^^^^^^ expected `i64`, found `u64`
    |
help: you can convert a `u64` to an `i64` and panic if the converted value doesn't fit
    |
268 |             zero_stock_count: zero_stock_count.try_into().unwrap(),
    |             +++++++++++++++++                 ++++++++++++++++++++

error[E0599]: no variant or associated item named `Quantity` found for enum `inventory_stock::Column` in the current scope
   --> src\services\dashboard_service.rs:276:46
    |
276 |             .filter(inventory_stock::Column::Quantity.lt(inventory_stock::Column::MinStock))
    |                                              ^^^^^^^^ variant or associated item not found in `Column`
    |
   ::: src\models\inventory_stock.rs:7:35
    |
7   | #[derive(Clone, Debug, PartialEq, DeriveEntityModel, Eq)]
    |                                   ----------------- variant or associated item `Quantity` not found for this enum
    |
help: there is a variant with a similar name
    |
276 |             .filter(inventory_stock::Column::QuantityKg.lt(inventory_stock::Column::MinStock))
    |                                              ~~~~~~~~~~

error[E0599]: no variant or associated item named `MinStock` found for enum `inventory_stock::Column` in the current scope
   --> src\services\dashboard_service.rs:276:83
    |
276 |             .filter(inventory_stock::Column::Quantity.lt(inventory_stock::Column::MinStock))
    |                                                                                   ^^^^^^^^ variant or associated item not found in `Column`
    |
   ::: src\models\inventory_stock.rs:7:35
    |
7   | #[derive(Clone, Debug, PartialEq, DeriveEntityModel, Eq)]
    |                                   ----------------- variant or associated item `MinStock` not found for this enum
    |
help: there is a method `into` with a similar name
   --> /rustc/90b35a6239c3d8bdabc530a6a0816f7ff89a0aaf\library\core\src\convert\mod.rs:450:5

error[E0599]: no variant or associated item named `Status` found for enum `inventory_stock::Column` in the current scope
   --> src\services\dashboard_service.rs:277:46
    |
277 |             .filter(inventory_stock::Column::Status.eq("active"))
    |                                              ^^^^^^ variant or associated item not found in `Column`
    |
   ::: src\models\inventory_stock.rs:7:35
    |
7   | #[derive(Clone, Debug, PartialEq, DeriveEntityModel, Eq)]
    |                                   ----------------- variant or associated item `Status` not found for this enum

error[E0609]: no field `min_stock` on type `inventory_stock::Model`
   --> src\services\dashboard_service.rs:289:37
    |
289 |                 let shortage = item.min_stock - item.quantity;
    |                                     ^^^^^^^^^ unknown field
    |
    = note: available fields are: `id`, `warehouse_id`, `product_id`, `quantity_on_hand`, `quantity_available` ... and 23 others

error[E0609]: no field `quantity` on type `inventory_stock::Model`
   --> src\services\dashboard_service.rs:289:54
    |
289 |                 let shortage = item.min_stock - item.quantity;
    |                                                      ^^^^^^^^ unknown field
    |
    = note: available fields are: `id`, `warehouse_id`, `product_id`, `quantity_on_hand`, `quantity_available` ... and 23 others

error[E0609]: no field `quantity` on type `inventory_stock::Model`
   --> src\services\dashboard_service.rs:296:44
    |
296 |                     current_quantity: item.quantity,
    |                                            ^^^^^^^^ unknown field
    |
    = note: available fields are: `id`, `warehouse_id`, `product_id`, `quantity_on_hand`, `quantity_available` ... and 23 others

error[E0609]: no field `min_stock` on type `inventory_stock::Model`
   --> src\services\dashboard_service.rs:297:37
    |
297 |                     min_stock: item.min_stock,
    |                                     ^^^^^^^^^ unknown field
    |
    = note: available fields are: `id`, `warehouse_id`, `product_id`, `quantity_on_hand`, `quantity_available` ... and 23 others

error[E0277]: the trait bound `std::sync::Arc<sea_orm::DatabaseConnection>: ConnectionTrait` is not satisfied
   --> src\services\finance_payment_service.rs:20:18
    |
20  |             .one(&self.db)
    |              --- ^^^^^^^^ the trait `ConnectionTrait` is not implemented for `std::sync::Arc<sea_orm::DatabaseConnection>`
    |              |
    |              required by a bound introduced by this call
    |
    = help: the following other types implement trait `ConnectionTrait`:
              DatabaseTransaction
              sea_orm::DatabaseConnection
note: required by a bound in `sea_orm::executor::select::<impl sea_orm::Select<E>>::one`
   --> C:\Users\admin\.cargo\registry\src\index.crates.io-6f17d22bba15001f\sea-orm-1.1.19\src\executor\select.rs:445:12
    |
443 |     pub async fn one<C>(self, db: &C) -> Result<Option<E::Model>, DbErr>
    |                  --- required by a bound in this associated function
444 |     where
445 |         C: ConnectionTrait,
    |            ^^^^^^^^^^^^^^^ required by this bound in `sea_orm::executor::select::<impl Select<E>>::one`

error[E0277]: the trait bound `std::sync::Arc<sea_orm::DatabaseConnection>: ConnectionTrait` is not satisfied
   --> src\services\finance_payment_service.rs:19:9
    |
19  | /         finance_payment::Entity::find_by_id(id)
20  | |             .one(&self.db)
    | |__________________________^ the trait `ConnectionTrait` is not implemented for `std::sync::Arc<sea_orm::DatabaseConnection>`
    |
    = help: the following other types implement trait `ConnectionTrait`:
              DatabaseTransaction
              sea_orm::DatabaseConnection
note: required by a bound in `sea_orm::executor::select::<impl sea_orm::Select<E>>::one`
   --> C:\Users\admin\.cargo\registry\src\index.crates.io-6f17d22bba15001f\sea-orm-1.1.19\src\executor\select.rs:445:12
    |
443 |     pub async fn one<C>(self, db: &C) -> Result<Option<E::Model>, DbErr>
    |                  --- required by a bound in this associated function
444 |     where
445 |         C: ConnectionTrait,
    |            ^^^^^^^^^^^^^^^ required by this bound in `sea_orm::executor::select::<impl Select<E>>::one`

error[E0277]: the trait bound `std::sync::Arc<sea_orm::DatabaseConnection>: ConnectionTrait` is not satisfied
   --> src\services\finance_payment_service.rs:21:14
    |
21  |             .await?
    |              ^^^^^ the trait `ConnectionTrait` is not implemented for `std::sync::Arc<sea_orm::DatabaseConnection>`
    |
    = help: the following other types implement trait `ConnectionTrait`:
              DatabaseTransaction
              sea_orm::DatabaseConnection
note: required by a bound in `sea_orm::executor::select::<impl sea_orm::Select<E>>::one`
   --> C:\Users\admin\.cargo\registry\src\index.crates.io-6f17d22bba15001f\sea-orm-1.1.19\src\executor\select.rs:445:12
    |
443 |     pub async fn one<C>(self, db: &C) -> Result<Option<E::Model>, DbErr>
    |                  --- required by a bound in this associated function
444 |     where
445 |         C: ConnectionTrait,
    |            ^^^^^^^^^^^^^^^ required by this bound in `sea_orm::executor::select::<impl Select<E>>::one`

error[E0277]: the trait bound `std::sync::Arc<sea_orm::DatabaseConnection>: ConnectionTrait` is not satisfied
   --> src\services\finance_payment_service.rs:28:18
    |
28  |             .one(&self.db)
    |              --- ^^^^^^^^ the trait `ConnectionTrait` is not implemented for `std::sync::Arc<sea_orm::DatabaseConnection>`
    |              |
    |              required by a bound introduced by this call
    |
    = help: the following other types implement trait `ConnectionTrait`:
              DatabaseTransaction
              sea_orm::DatabaseConnection
note: required by a bound in `sea_orm::executor::select::<impl sea_orm::Select<E>>::one`
   --> C:\Users\admin\.cargo\registry\src\index.crates.io-6f17d22bba15001f\sea-orm-1.1.19\src\executor\select.rs:445:12
    |
443 |     pub async fn one<C>(self, db: &C) -> Result<Option<E::Model>, DbErr>
    |                  --- required by a bound in this associated function
444 |     where
445 |         C: ConnectionTrait,
    |            ^^^^^^^^^^^^^^^ required by this bound in `sea_orm::executor::select::<impl Select<E>>::one`

error[E0277]: the trait bound `std::sync::Arc<sea_orm::DatabaseConnection>: ConnectionTrait` is not satisfied
   --> src\services\finance_payment_service.rs:26:9
    |
26  | /         finance_payment::Entity::find()
27  | |             .filter(finance_payment::Column::PaymentNo.eq(payment_no))
28  | |             .one(&self.db)
    | |__________________________^ the trait `ConnectionTrait` is not implemented for `std::sync::Arc<sea_orm::DatabaseConnection>`
    |
    = help: the following other types implement trait `ConnectionTrait`:
              DatabaseTransaction
              sea_orm::DatabaseConnection
note: required by a bound in `sea_orm::executor::select::<impl sea_orm::Select<E>>::one`
   --> C:\Users\admin\.cargo\registry\src\index.crates.io-6f17d22bba15001f\sea-orm-1.1.19\src\executor\select.rs:445:12
    |
443 |     pub async fn one<C>(self, db: &C) -> Result<Option<E::Model>, DbErr>
    |                  --- required by a bound in this associated function
444 |     where
445 |         C: ConnectionTrait,
    |            ^^^^^^^^^^^^^^^ required by this bound in `sea_orm::executor::select::<impl Select<E>>::one`

error[E0277]: the trait bound `std::sync::Arc<sea_orm::DatabaseConnection>: ConnectionTrait` is not satisfied
   --> src\services\finance_payment_service.rs:29:14
    |
29  |             .await
    |              ^^^^^ the trait `ConnectionTrait` is not implemented for `std::sync::Arc<sea_orm::DatabaseConnection>`
    |
    = help: the following other types implement trait `ConnectionTrait`:
              DatabaseTransaction
              sea_orm::DatabaseConnection
note: required by a bound in `sea_orm::executor::select::<impl sea_orm::Select<E>>::one`
   --> C:\Users\admin\.cargo\registry\src\index.crates.io-6f17d22bba15001f\sea-orm-1.1.19\src\executor\select.rs:445:12
    |
443 |     pub async fn one<C>(self, db: &C) -> Result<Option<E::Model>, DbErr>
    |                  --- required by a bound in this associated function
444 |     where
445 |         C: ConnectionTrait,
    |            ^^^^^^^^^^^^^^^ required by this bound in `sea_orm::executor::select::<impl Select<E>>::one`

error[E0277]: the trait bound `std::sync::Arc<sea_orm::DatabaseConnection>: ConnectionTrait` is not satisfied
   --> src\services\finance_payment_service.rs:70:31
    |
70  |         active_payment.insert(&self.db).await
    |                        ------ ^^^^^^^^ the trait `ConnectionTrait` is not implemented for `std::sync::Arc<sea_orm::DatabaseConnection>`
    |                        |
    |                        required by a bound introduced by this call
    |
    = help: the following other types implement trait `ConnectionTrait`:
              DatabaseTransaction
              sea_orm::DatabaseConnection
note: required by a bound in `sea_orm::ActiveModelTrait::insert`
   --> C:\Users\admin\.cargo\registry\src\index.crates.io-6f17d22bba15001f\sea-orm-1.1.19\src\entity\active_model.rs:278:12
    |
274 |     async fn insert<'a, C>(self, db: &'a C) -> Result<<Self::Entity as EntityTrait>::Model, DbErr>
    |              ------ required by a bound in this associated function
...
278 |         C: ConnectionTrait,
    |            ^^^^^^^^^^^^^^^ required by this bound in `ActiveModelTrait::insert`

error[E0277]: the trait bound `std::sync::Arc<sea_orm::DatabaseConnection>: ConnectionTrait` is not satisfied
   --> src\services\finance_payment_service.rs:80:18
    |
80  |             .one(&self.db)
    |              --- ^^^^^^^^ the trait `ConnectionTrait` is not implemented for `std::sync::Arc<sea_orm::DatabaseConnection>`
    |              |
    |              required by a bound introduced by this call
    |
    = help: the following other types implement trait `ConnectionTrait`:
              DatabaseTransaction
              sea_orm::DatabaseConnection
note: required by a bound in `sea_orm::executor::select::<impl sea_orm::Select<E>>::one`
   --> C:\Users\admin\.cargo\registry\src\index.crates.io-6f17d22bba15001f\sea-orm-1.1.19\src\executor\select.rs:445:12
    |
443 |     pub async fn one<C>(self, db: &C) -> Result<Option<E::Model>, DbErr>
    |                  --- required by a bound in this associated function
444 |     where
445 |         C: ConnectionTrait,
    |            ^^^^^^^^^^^^^^^ required by this bound in `sea_orm::executor::select::<impl Select<E>>::one`

error[E0277]: the trait bound `std::sync::Arc<sea_orm::DatabaseConnection>: ConnectionTrait` is not satisfied
   --> src\services\finance_payment_service.rs:79:57
    |
79  |           let mut payment: finance_payment::ActiveModel = finance_payment::Entity::find_by_id(id)
    |  _________________________________________________________^
80  | |             .one(&self.db)
    | |__________________________^ the trait `ConnectionTrait` is not implemented for `std::sync::Arc<sea_orm::DatabaseConnection>`
    |
    = help: the following other types implement trait `ConnectionTrait`:
              DatabaseTransaction
              sea_orm::DatabaseConnection
note: required by a bound in `sea_orm::executor::select::<impl sea_orm::Select<E>>::one`
   --> C:\Users\admin\.cargo\registry\src\index.crates.io-6f17d22bba15001f\sea-orm-1.1.19\src\executor\select.rs:445:12
    |
443 |     pub async fn one<C>(self, db: &C) -> Result<Option<E::Model>, DbErr>
    |                  --- required by a bound in this associated function
444 |     where
445 |         C: ConnectionTrait,
    |            ^^^^^^^^^^^^^^^ required by this bound in `sea_orm::executor::select::<impl Select<E>>::one`

error[E0277]: the trait bound `std::sync::Arc<sea_orm::DatabaseConnection>: ConnectionTrait` is not satisfied
   --> src\services\finance_payment_service.rs:81:14
    |
81  |             .await?
    |              ^^^^^ the trait `ConnectionTrait` is not implemented for `std::sync::Arc<sea_orm::DatabaseConnection>`
    |
    = help: the following other types implement trait `ConnectionTrait`:
              DatabaseTransaction
              sea_orm::DatabaseConnection
note: required by a bound in `sea_orm::executor::select::<impl sea_orm::Select<E>>::one`
   --> C:\Users\admin\.cargo\registry\src\index.crates.io-6f17d22bba15001f\sea-orm-1.1.19\src\executor\select.rs:445:12
    |
443 |     pub async fn one<C>(self, db: &C) -> Result<Option<E::Model>, DbErr>
    |                  --- required by a bound in this associated function
444 |     where
445 |         C: ConnectionTrait,
    |            ^^^^^^^^^^^^^^^ required by this bound in `sea_orm::executor::select::<impl Select<E>>::one`

error[E0277]: the trait bound `std::sync::Arc<sea_orm::DatabaseConnection>: ConnectionTrait` is not satisfied
   --> src\services\finance_payment_service.rs:90:24
    |
90  |         payment.update(&self.db).await
    |                 ------ ^^^^^^^^ the trait `ConnectionTrait` is not implemented for `std::sync::Arc<sea_orm::DatabaseConnection>`
    |                 |
    |                 required by a bound introduced by this call
    |
    = help: the following other types implement trait `ConnectionTrait`:
              DatabaseTransaction
              sea_orm::DatabaseConnection
note: required by a bound in `sea_orm::ActiveModelTrait::update`
   --> C:\Users\admin\.cargo\registry\src\index.crates.io-6f17d22bba15001f\sea-orm-1.1.19\src\entity\active_model.rs:400:12
    |
396 |     async fn update<'a, C>(self, db: &'a C) -> Result<<Self::Entity as EntityTrait>::Model, DbErr>
    |              ------ required by a bound in this associated function
...
400 |         C: ConnectionTrait,
    |            ^^^^^^^^^^^^^^^ required by this bound in `ActiveModelTrait::update`

error[E0277]: the trait bound `std::sync::Arc<sea_orm::DatabaseConnection>: ConnectionTrait` is not satisfied
   --> src\services\finance_payment_service.rs:105:40
    |
105 |         let paginator = query.paginate(&self.db, page_size);
    |                               -------- ^^^^^^^^ the trait `ConnectionTrait` is not implemented for `std::sync::Arc<sea_orm::DatabaseConnection>
`
    |                               |
    |                               required by a bound introduced by this call
    |
    = help: the following other types implement trait `ConnectionTrait`:
              DatabaseTransaction
              sea_orm::DatabaseConnection
note: required by a bound in `paginate`
   --> C:\Users\admin\.cargo\registry\src\index.crates.io-6f17d22bba15001f\sea-orm-1.1.19\src\executor\paginator.rs:213:8
    |
213 |     C: ConnectionTrait,
    |        ^^^^^^^^^^^^^^^ required by this bound in `PaginatorTrait::paginate`
...
219 |     fn paginate(self, db: &'db C, page_size: u64) -> Paginator<'db, C, Self::Selector>;
    |        -------- required by a bound in this associated function

error[E0599]: the method `num_items` exists for struct `Paginator<'_, Arc<DatabaseConnection>, SelectModel<Model>>`, but its trait bounds were not sa
tisfied
   --> src\services\finance_payment_service.rs:106:31
    |
106 |         let total = paginator.num_items().await?;
    |                               ^^^^^^^^^ method cannot be called due to unsatisfied trait bounds
    |
    = note: the following trait bounds were not satisfied:
            `std::sync::Arc<sea_orm::DatabaseConnection>: ConnectionTrait`

error[E0599]: the method `fetch_page` exists for struct `Paginator<'_, Arc<DatabaseConnection>, SelectModel<Model>>`, but its trait bounds were not s
atisfied
   --> src\services\finance_payment_service.rs:107:34
    |
107 |         let payments = paginator.fetch_page(page).await?;
    |                                  ^^^^^^^^^^ method cannot be called due to unsatisfied trait bounds
    |
    = note: the following trait bounds were not satisfied:
            `std::sync::Arc<sea_orm::DatabaseConnection>: ConnectionTrait`

error[E0599]: no method named `execute` found for struct `DeleteMany` in the current scope
   --> src\services\finance_payment_service.rs:115:14
    |
113 | /         finance_payment::Entity::delete_many()
114 | |             .filter(finance_payment::Column::Id.eq(id))
115 | |             .execute(&self.db)
    | |_____________-^^^^^^^
    |
help: there is a method `exec` with a similar name
    |
115 |             .exec(&self.db)
    |              ~~~~

error[E0609]: no field `quantity` on type `inventory_stock::Model`
   --> src\services\sales_service.rs:539:30
    |
539 |                 Some(s) if s.quantity >= item.quantity => {
    |                              ^^^^^^^^ unknown field
    |
    = note: available fields are: `id`, `warehouse_id`, `product_id`, `quantity_on_hand`, `quantity_available` ... and 23 others

error[E0609]: no field `quantity` on type `inventory_stock::Model`
   --> src\services\sales_service.rs:546:44
    |
546 |                         item.product_id, s.quantity, item.quantity
    |                                            ^^^^^^^^ unknown field
    |
    = note: available fields are: `id`, `warehouse_id`, `product_id`, `quantity_on_hand`, `quantity_available` ... and 23 others

error[E0609]: no field `quantity` on type `inventory_stock::Model`
   --> src\services\sales_service.rs:576:22
    |
576 |                 if s.quantity < item.quantity {
    |                      ^^^^^^^^ unknown field
    |
    = note: available fields are: `id`, `warehouse_id`, `product_id`, `quantity_on_hand`, `quantity_available` ... and 23 others

error[E0609]: no field `quantity` on type `inventory_stock::Model`
   --> src\services\sales_service.rs:630:38
    |
630 |                 let new_quantity = s.quantity - item.quantity;
    |                                      ^^^^^^^^ unknown field
    |
    = note: available fields are: `id`, `warehouse_id`, `product_id`, `quantity_on_hand`, `quantity_available` ... and 23 others

error[E0560]: struct `inventory_stock::ActiveModel` has no field named `quantity`
   --> src\services\sales_service.rs:633:21
    |
633 |                     quantity: sea_orm::ActiveValue::Set(new_quantity),
    |                     ^^^^^^^^ `inventory_stock::ActiveModel` does not have this field
    |
    = note: available fields are: `warehouse_id`, `product_id`, `quantity_on_hand`, `quantity_available`, `quantity_reserved` ... and 22 others

error[E0277]: the trait bound `std::sync::Arc<sea_orm::DatabaseConnection>: ConnectionTrait` is not satisfied
   --> src\services\inventory_stock_service.rs:23:18
    |
23  |             .one(&self.db)
    |              --- ^^^^^^^^ the trait `ConnectionTrait` is not implemented for `std::sync::Arc<sea_orm::DatabaseConnection>`
    |              |
    |              required by a bound introduced by this call
    |
    = help: the following other types implement trait `ConnectionTrait`:
              DatabaseTransaction
              sea_orm::DatabaseConnection
note: required by a bound in `sea_orm::executor::select::<impl sea_orm::Select<E>>::one`
   --> C:\Users\admin\.cargo\registry\src\index.crates.io-6f17d22bba15001f\sea-orm-1.1.19\src\executor\select.rs:445:12
    |
443 |     pub async fn one<C>(self, db: &C) -> Result<Option<E::Model>, DbErr>
    |                  --- required by a bound in this associated function
444 |     where
445 |         C: ConnectionTrait,
    |            ^^^^^^^^^^^^^^^ required by this bound in `sea_orm::executor::select::<impl Select<E>>::one`

error[E0277]: the trait bound `std::sync::Arc<sea_orm::DatabaseConnection>: ConnectionTrait` is not satisfied
   --> src\services\inventory_stock_service.rs:22:9
    |
22  | /         inventory_stock::Entity::find_by_id(id)
23  | |             .one(&self.db)
    | |__________________________^ the trait `ConnectionTrait` is not implemented for `std::sync::Arc<sea_orm::DatabaseConnection>`
    |
    = help: the following other types implement trait `ConnectionTrait`:
              DatabaseTransaction
              sea_orm::DatabaseConnection
note: required by a bound in `sea_orm::executor::select::<impl sea_orm::Select<E>>::one`
   --> C:\Users\admin\.cargo\registry\src\index.crates.io-6f17d22bba15001f\sea-orm-1.1.19\src\executor\select.rs:445:12
    |
443 |     pub async fn one<C>(self, db: &C) -> Result<Option<E::Model>, DbErr>
    |                  --- required by a bound in this associated function
444 |     where
445 |         C: ConnectionTrait,
    |            ^^^^^^^^^^^^^^^ required by this bound in `sea_orm::executor::select::<impl Select<E>>::one`

error[E0277]: the trait bound `std::sync::Arc<sea_orm::DatabaseConnection>: ConnectionTrait` is not satisfied
   --> src\services\inventory_stock_service.rs:24:14
    |
24  |             .await?
    |              ^^^^^ the trait `ConnectionTrait` is not implemented for `std::sync::Arc<sea_orm::DatabaseConnection>`
    |
    = help: the following other types implement trait `ConnectionTrait`:
              DatabaseTransaction
              sea_orm::DatabaseConnection
note: required by a bound in `sea_orm::executor::select::<impl sea_orm::Select<E>>::one`
   --> C:\Users\admin\.cargo\registry\src\index.crates.io-6f17d22bba15001f\sea-orm-1.1.19\src\executor\select.rs:445:12
    |
443 |     pub async fn one<C>(self, db: &C) -> Result<Option<E::Model>, DbErr>
    |                  --- required by a bound in this associated function
444 |     where
445 |         C: ConnectionTrait,
    |            ^^^^^^^^^^^^^^^ required by this bound in `sea_orm::executor::select::<impl Select<E>>::one`

error[E0277]: the trait bound `std::sync::Arc<sea_orm::DatabaseConnection>: ConnectionTrait` is not satisfied
   --> src\services\inventory_stock_service.rs:36:18
    |
36  |             .one(&self.db)
    |              --- ^^^^^^^^ the trait `ConnectionTrait` is not implemented for `std::sync::Arc<sea_orm::DatabaseConnection>`
    |              |
    |              required by a bound introduced by this call
    |
    = help: the following other types implement trait `ConnectionTrait`:
              DatabaseTransaction
              sea_orm::DatabaseConnection
note: required by a bound in `sea_orm::executor::select::<impl sea_orm::Select<E>>::one`
   --> C:\Users\admin\.cargo\registry\src\index.crates.io-6f17d22bba15001f\sea-orm-1.1.19\src\executor\select.rs:445:12
    |
443 |     pub async fn one<C>(self, db: &C) -> Result<Option<E::Model>, DbErr>
    |                  --- required by a bound in this associated function
444 |     where
445 |         C: ConnectionTrait,
    |            ^^^^^^^^^^^^^^^ required by this bound in `sea_orm::executor::select::<impl Select<E>>::one`

error[E0277]: the trait bound `std::sync::Arc<sea_orm::DatabaseConnection>: ConnectionTrait` is not satisfied
   --> src\services\inventory_stock_service.rs:33:9
    |
33  | /         inventory_stock::Entity::find()
34  | |             .filter(inventory_stock::Column::ProductId.eq(product_id))
35  | |             .filter(inventory_stock::Column::WarehouseId.eq(warehouse_id))
36  | |             .one(&self.db)
    | |__________________________^ the trait `ConnectionTrait` is not implemented for `std::sync::Arc<sea_orm::DatabaseConnection>`
    |
    = help: the following other types implement trait `ConnectionTrait`:
              DatabaseTransaction
              sea_orm::DatabaseConnection
note: required by a bound in `sea_orm::executor::select::<impl sea_orm::Select<E>>::one`
   --> C:\Users\admin\.cargo\registry\src\index.crates.io-6f17d22bba15001f\sea-orm-1.1.19\src\executor\select.rs:445:12
    |
443 |     pub async fn one<C>(self, db: &C) -> Result<Option<E::Model>, DbErr>
    |                  --- required by a bound in this associated function
444 |     where
445 |         C: ConnectionTrait,
    |            ^^^^^^^^^^^^^^^ required by this bound in `sea_orm::executor::select::<impl Select<E>>::one`

error[E0277]: the trait bound `std::sync::Arc<sea_orm::DatabaseConnection>: ConnectionTrait` is not satisfied
   --> src\services\inventory_stock_service.rs:37:14
    |
37  |             .await
    |              ^^^^^ the trait `ConnectionTrait` is not implemented for `std::sync::Arc<sea_orm::DatabaseConnection>`
    |
    = help: the following other types implement trait `ConnectionTrait`:
              DatabaseTransaction
              sea_orm::DatabaseConnection
note: required by a bound in `sea_orm::executor::select::<impl sea_orm::Select<E>>::one`
   --> C:\Users\admin\.cargo\registry\src\index.crates.io-6f17d22bba15001f\sea-orm-1.1.19\src\executor\select.rs:445:12
    |
443 |     pub async fn one<C>(self, db: &C) -> Result<Option<E::Model>, DbErr>
    |                  --- required by a bound in this associated function
444 |     where
445 |         C: ConnectionTrait,
    |            ^^^^^^^^^^^^^^^ required by this bound in `sea_orm::executor::select::<impl Select<E>>::one`

error[E0063]: missing fields `batch_no`, `color_no`, `dye_lot_no` and 12 other fields in initializer of `inventory_stock::ActiveModel`
  --> src\services\inventory_stock_service.rs:51:28
   |
51 |         let active_stock = inventory_stock::ActiveModel {
   |                            ^^^^^^^^^^^^^^^^^^^^^^^^^^^^ missing `batch_no`, `color_no`, `dye_lot_no` and 12 other fields

error[E0277]: the trait bound `std::sync::Arc<sea_orm::DatabaseConnection>: ConnectionTrait` is not satisfied
   --> src\services\inventory_stock_service.rs:68:29
    |
68  |         active_stock.insert(&self.db).await
    |                      ------ ^^^^^^^^ the trait `ConnectionTrait` is not implemented for `std::sync::Arc<sea_orm::DatabaseConnection>`
    |                      |
    |                      required by a bound introduced by this call
    |
    = help: the following other types implement trait `ConnectionTrait`:
              DatabaseTransaction
              sea_orm::DatabaseConnection
note: required by a bound in `sea_orm::ActiveModelTrait::insert`
   --> C:\Users\admin\.cargo\registry\src\index.crates.io-6f17d22bba15001f\sea-orm-1.1.19\src\entity\active_model.rs:278:12
    |
274 |     async fn insert<'a, C>(self, db: &'a C) -> Result<<Self::Entity as EntityTrait>::Model, DbErr>
    |              ------ required by a bound in this associated function
...
278 |         C: ConnectionTrait,
    |            ^^^^^^^^^^^^^^^ required by this bound in `ActiveModelTrait::insert`

error[E0277]: the trait bound `std::sync::Arc<sea_orm::DatabaseConnection>: ConnectionTrait` is not satisfied
   --> src\services\inventory_stock_service.rs:79:18
    |
79  |             .one(&self.db)
    |              --- ^^^^^^^^ the trait `ConnectionTrait` is not implemented for `std::sync::Arc<sea_orm::DatabaseConnection>`
    |              |
    |              required by a bound introduced by this call
    |
    = help: the following other types implement trait `ConnectionTrait`:
              DatabaseTransaction
              sea_orm::DatabaseConnection
note: required by a bound in `sea_orm::executor::select::<impl sea_orm::Select<E>>::one`
   --> C:\Users\admin\.cargo\registry\src\index.crates.io-6f17d22bba15001f\sea-orm-1.1.19\src\executor\select.rs:445:12
    |
443 |     pub async fn one<C>(self, db: &C) -> Result<Option<E::Model>, DbErr>
    |                  --- required by a bound in this associated function
444 |     where
445 |         C: ConnectionTrait,
    |            ^^^^^^^^^^^^^^^ required by this bound in `sea_orm::executor::select::<impl Select<E>>::one`

error[E0277]: the trait bound `std::sync::Arc<sea_orm::DatabaseConnection>: ConnectionTrait` is not satisfied
   --> src\services\inventory_stock_service.rs:78:55
    |
78  |           let mut stock: inventory_stock::ActiveModel = inventory_stock::Entity::find_by_id(id)
    |  _______________________________________________________^
79  | |             .one(&self.db)
    | |__________________________^ the trait `ConnectionTrait` is not implemented for `std::sync::Arc<sea_orm::DatabaseConnection>`
    |
    = help: the following other types implement trait `ConnectionTrait`:
              DatabaseTransaction
              sea_orm::DatabaseConnection
note: required by a bound in `sea_orm::executor::select::<impl sea_orm::Select<E>>::one`
   --> C:\Users\admin\.cargo\registry\src\index.crates.io-6f17d22bba15001f\sea-orm-1.1.19\src\executor\select.rs:445:12
    |
443 |     pub async fn one<C>(self, db: &C) -> Result<Option<E::Model>, DbErr>
    |                  --- required by a bound in this associated function
444 |     where
445 |         C: ConnectionTrait,
    |            ^^^^^^^^^^^^^^^ required by this bound in `sea_orm::executor::select::<impl Select<E>>::one`

error[E0277]: the trait bound `std::sync::Arc<sea_orm::DatabaseConnection>: ConnectionTrait` is not satisfied
   --> src\services\inventory_stock_service.rs:80:14
    |
80  |             .await?
    |              ^^^^^ the trait `ConnectionTrait` is not implemented for `std::sync::Arc<sea_orm::DatabaseConnection>`
    |
    = help: the following other types implement trait `ConnectionTrait`:
              DatabaseTransaction
              sea_orm::DatabaseConnection
note: required by a bound in `sea_orm::executor::select::<impl sea_orm::Select<E>>::one`
   --> C:\Users\admin\.cargo\registry\src\index.crates.io-6f17d22bba15001f\sea-orm-1.1.19\src\executor\select.rs:445:12
    |
443 |     pub async fn one<C>(self, db: &C) -> Result<Option<E::Model>, DbErr>
    |                  --- required by a bound in this associated function
444 |     where
445 |         C: ConnectionTrait,
    |            ^^^^^^^^^^^^^^^ required by this bound in `sea_orm::executor::select::<impl Select<E>>::one`

error[E0277]: the trait bound `std::sync::Arc<sea_orm::DatabaseConnection>: ConnectionTrait` is not satisfied
   --> src\services\inventory_stock_service.rs:89:22
    |
89  |         stock.update(&self.db).await
    |               ------ ^^^^^^^^ the trait `ConnectionTrait` is not implemented for `std::sync::Arc<sea_orm::DatabaseConnection>`
    |               |
    |               required by a bound introduced by this call
    |
    = help: the following other types implement trait `ConnectionTrait`:
              DatabaseTransaction
              sea_orm::DatabaseConnection
note: required by a bound in `sea_orm::ActiveModelTrait::update`
   --> C:\Users\admin\.cargo\registry\src\index.crates.io-6f17d22bba15001f\sea-orm-1.1.19\src\entity\active_model.rs:400:12
    |
396 |     async fn update<'a, C>(self, db: &'a C) -> Result<<Self::Entity as EntityTrait>::Model, DbErr>
    |              ------ required by a bound in this associated function
...
400 |         C: ConnectionTrait,
    |            ^^^^^^^^^^^^^^^ required by this bound in `ActiveModelTrait::update`

error[E0277]: the trait bound `std::sync::Arc<sea_orm::DatabaseConnection>: ConnectionTrait` is not satisfied
   --> src\services\inventory_stock_service.rs:109:40
    |
109 |         let paginator = query.paginate(&self.db, page_size);
    |                               -------- ^^^^^^^^ the trait `ConnectionTrait` is not implemented for `std::sync::Arc<sea_orm::DatabaseConnection>
`
    |                               |
    |                               required by a bound introduced by this call
    |
    = help: the following other types implement trait `ConnectionTrait`:
              DatabaseTransaction
              sea_orm::DatabaseConnection
note: required by a bound in `paginate`
   --> C:\Users\admin\.cargo\registry\src\index.crates.io-6f17d22bba15001f\sea-orm-1.1.19\src\executor\paginator.rs:213:8
    |
213 |     C: ConnectionTrait,
    |        ^^^^^^^^^^^^^^^ required by this bound in `PaginatorTrait::paginate`
...
219 |     fn paginate(self, db: &'db C, page_size: u64) -> Paginator<'db, C, Self::Selector>;
    |        -------- required by a bound in this associated function

error[E0599]: the method `num_items` exists for struct `Paginator<'_, Arc<DatabaseConnection>, SelectModel<Model>>`, but its trait bounds were not sa
tisfied
   --> src\services\inventory_stock_service.rs:110:31
    |
110 |         let total = paginator.num_items().await?;
    |                               ^^^^^^^^^ method cannot be called due to unsatisfied trait bounds
    |
    = note: the following trait bounds were not satisfied:
            `std::sync::Arc<sea_orm::DatabaseConnection>: ConnectionTrait`

error[E0599]: the method `fetch_page` exists for struct `Paginator<'_, Arc<DatabaseConnection>, SelectModel<Model>>`, but its trait bounds were not s
atisfied
   --> src\services\inventory_stock_service.rs:111:36
    |
111 |         let stock_list = paginator.fetch_page(page).await?;
    |                                    ^^^^^^^^^^ method cannot be called due to unsatisfied trait bounds
    |
    = note: the following trait bounds were not satisfied:
            `std::sync::Arc<sea_orm::DatabaseConnection>: ConnectionTrait`

error[E0277]: the trait bound `sea_orm::Value: From<inventory_stock::Column>` is not satisfied
   --> src\services\inventory_stock_service.rs:121:67
    |
121 |             .filter(inventory_stock::Column::QuantityAvailable.lt(inventory_stock::Column::ReorderPoint));
    |                                                                -- ^^^^^^^^^^^^^^^^^^^^^^^^^^^^^^^^^^^^^ the trait `From<inventory_stock::Column
>` is not implemented for `sea_orm::Value`, which is required by `inventory_stock::Column: Into<sea_orm::Value>`
    |                                                                |
    |                                                                required by a bound introduced by this call
    |
    = help: the following other types implement trait `From<T>`:
              `sea_orm::Value` implements `From<&[u8]>`
              `sea_orm::Value` implements `From<&std::string::String>`
              `sea_orm::Value` implements `From<&str>`
              `sea_orm::Value` implements `From<Braced>`
              `sea_orm::Value` implements `From<Cow<'_, str>>`
              `sea_orm::Value` implements `From<Hyphenated>`
              `sea_orm::Value` implements `From<JsonValue>`
              `sea_orm::Value` implements `From<NaiveDate>`
            and 30 others
    = note: required for `inventory_stock::Column` to implement `Into<sea_orm::Value>`
note: required by a bound in `sea_orm::ColumnTrait::lt`
   --> C:\Users\admin\.cargo\registry\src\index.crates.io-6f17d22bba15001f\sea-orm-1.1.19\src\entity\column.rs:98:5
    |
98  |     bind_oper!(lt, SmallerThan);
    |     ^^^^^^^^^^^--^^^^^^^^^^^^^^
    |     |          |
    |     |          required by a bound in this associated function
    |     required by this bound in `ColumnTrait::lt`
    = note: this error originates in the macro `bind_oper` (in Nightly builds, run with -Z macro-backtrace for more info)

error[E0277]: the trait bound `std::sync::Arc<sea_orm::DatabaseConnection>: ConnectionTrait` is not satisfied
   --> src\services\inventory_stock_service.rs:127:19
    |
127 |         query.all(&self.db).await
    |               --- ^^^^^^^^ the trait `ConnectionTrait` is not implemented for `std::sync::Arc<sea_orm::DatabaseConnection>`
    |               |
    |               required by a bound introduced by this call
    |
    = help: the following other types implement trait `ConnectionTrait`:
              DatabaseTransaction
              sea_orm::DatabaseConnection
note: required by a bound in `sea_orm::executor::select::<impl sea_orm::Select<E>>::all`
   --> C:\Users\admin\.cargo\registry\src\index.crates.io-6f17d22bba15001f\sea-orm-1.1.19\src\executor\select.rs:453:12
    |
451 |     pub async fn all<C>(self, db: &C) -> Result<Vec<E::Model>, DbErr>
    |                  --- required by a bound in this associated function
452 |     where
453 |         C: ConnectionTrait,
    |            ^^^^^^^^^^^^^^^ required by this bound in `sea_orm::executor::select::<impl Select<E>>::all`

error[E0277]: the trait bound `std::sync::Arc<sea_orm::DatabaseConnection>: ConnectionTrait` is not satisfied
   --> src\services\inventory_stock_service.rs:127:9
    |
127 |         query.all(&self.db).await
    |         ^^^^^^^^^^^^^^^^^^^ the trait `ConnectionTrait` is not implemented for `std::sync::Arc<sea_orm::DatabaseConnection>`
    |
    = help: the following other types implement trait `ConnectionTrait`:
              DatabaseTransaction
              sea_orm::DatabaseConnection
note: required by a bound in `sea_orm::executor::select::<impl sea_orm::Select<E>>::all`
   --> C:\Users\admin\.cargo\registry\src\index.crates.io-6f17d22bba15001f\sea-orm-1.1.19\src\executor\select.rs:453:12
    |
451 |     pub async fn all<C>(self, db: &C) -> Result<Vec<E::Model>, DbErr>
    |                  --- required by a bound in this associated function
452 |     where
453 |         C: ConnectionTrait,
    |            ^^^^^^^^^^^^^^^ required by this bound in `sea_orm::executor::select::<impl Select<E>>::all`

error[E0277]: the trait bound `std::sync::Arc<sea_orm::DatabaseConnection>: ConnectionTrait` is not satisfied
   --> src\services\inventory_stock_service.rs:127:29
    |
127 |         query.all(&self.db).await
    |                             ^^^^^ the trait `ConnectionTrait` is not implemented for `std::sync::Arc<sea_orm::DatabaseConnection>`
    |
    = help: the following other types implement trait `ConnectionTrait`:
              DatabaseTransaction
              sea_orm::DatabaseConnection
note: required by a bound in `sea_orm::executor::select::<impl sea_orm::Select<E>>::all`
   --> C:\Users\admin\.cargo\registry\src\index.crates.io-6f17d22bba15001f\sea-orm-1.1.19\src\executor\select.rs:453:12
    |
451 |     pub async fn all<C>(self, db: &C) -> Result<Vec<E::Model>, DbErr>
    |                  --- required by a bound in this associated function
452 |     where
453 |         C: ConnectionTrait,
    |            ^^^^^^^^^^^^^^^ required by this bound in `sea_orm::executor::select::<impl Select<E>>::all`

error[E0599]: no method named `execute` found for struct `DeleteMany` in the current scope
   --> src\services\inventory_stock_service.rs:133:14
    |
131 | /         inventory_stock::Entity::delete_many()
132 | |             .filter(inventory_stock::Column::Id.eq(id))
133 | |             .execute(&self.db)
    | |_____________-^^^^^^^
    |
help: there is a method `exec` with a similar name
    |
133 |             .exec(&self.db)
    |              ~~~~

error[E0277]: the trait bound `std::sync::Arc<sea_orm::DatabaseConnection>: ConnectionTrait` is not satisfied
   --> src\services\inventory_stock_service.rs:155:19
    |
155 |         query.all(&self.db).await
    |               --- ^^^^^^^^ the trait `ConnectionTrait` is not implemented for `std::sync::Arc<sea_orm::DatabaseConnection>`
    |               |
    |               required by a bound introduced by this call
    |
    = help: the following other types implement trait `ConnectionTrait`:
              DatabaseTransaction
              sea_orm::DatabaseConnection
note: required by a bound in `sea_orm::executor::select::<impl sea_orm::Select<E>>::all`
   --> C:\Users\admin\.cargo\registry\src\index.crates.io-6f17d22bba15001f\sea-orm-1.1.19\src\executor\select.rs:453:12
    |
451 |     pub async fn all<C>(self, db: &C) -> Result<Vec<E::Model>, DbErr>
    |                  --- required by a bound in this associated function
452 |     where
453 |         C: ConnectionTrait,
    |            ^^^^^^^^^^^^^^^ required by this bound in `sea_orm::executor::select::<impl Select<E>>::all`

error[E0277]: the trait bound `std::sync::Arc<sea_orm::DatabaseConnection>: ConnectionTrait` is not satisfied
   --> src\services\inventory_stock_service.rs:155:9
    |
155 |         query.all(&self.db).await
    |         ^^^^^^^^^^^^^^^^^^^ the trait `ConnectionTrait` is not implemented for `std::sync::Arc<sea_orm::DatabaseConnection>`
    |
    = help: the following other types implement trait `ConnectionTrait`:
              DatabaseTransaction
              sea_orm::DatabaseConnection
note: required by a bound in `sea_orm::executor::select::<impl sea_orm::Select<E>>::all`
   --> C:\Users\admin\.cargo\registry\src\index.crates.io-6f17d22bba15001f\sea-orm-1.1.19\src\executor\select.rs:453:12
    |
451 |     pub async fn all<C>(self, db: &C) -> Result<Vec<E::Model>, DbErr>
    |                  --- required by a bound in this associated function
452 |     where
453 |         C: ConnectionTrait,
    |            ^^^^^^^^^^^^^^^ required by this bound in `sea_orm::executor::select::<impl Select<E>>::all`

error[E0277]: the trait bound `std::sync::Arc<sea_orm::DatabaseConnection>: ConnectionTrait` is not satisfied
   --> src\services\inventory_stock_service.rs:155:29
    |
155 |         query.all(&self.db).await
    |                             ^^^^^ the trait `ConnectionTrait` is not implemented for `std::sync::Arc<sea_orm::DatabaseConnection>`
    |
    = help: the following other types implement trait `ConnectionTrait`:
              DatabaseTransaction
              sea_orm::DatabaseConnection
note: required by a bound in `sea_orm::executor::select::<impl sea_orm::Select<E>>::all`
   --> C:\Users\admin\.cargo\registry\src\index.crates.io-6f17d22bba15001f\sea-orm-1.1.19\src\executor\select.rs:453:12
    |
451 |     pub async fn all<C>(self, db: &C) -> Result<Vec<E::Model>, DbErr>
    |                  --- required by a bound in this associated function
452 |     where
453 |         C: ConnectionTrait,
    |            ^^^^^^^^^^^^^^^ required by this bound in `sea_orm::executor::select::<impl Select<E>>::all`

error[E0277]: the trait bound `std::sync::Arc<sea_orm::DatabaseConnection>: ConnectionTrait` is not satisfied
   --> src\services\inventory_stock_service.rs:191:40
    |
191 |         let paginator = query.paginate(&self.db, page_size);
    |                               -------- ^^^^^^^^ the trait `ConnectionTrait` is not implemented for `std::sync::Arc<sea_orm::DatabaseConnection>
`
    |                               |
    |                               required by a bound introduced by this call
    |
    = help: the following other types implement trait `ConnectionTrait`:
              DatabaseTransaction
              sea_orm::DatabaseConnection
note: required by a bound in `paginate`
   --> C:\Users\admin\.cargo\registry\src\index.crates.io-6f17d22bba15001f\sea-orm-1.1.19\src\executor\paginator.rs:213:8
    |
213 |     C: ConnectionTrait,
    |        ^^^^^^^^^^^^^^^ required by this bound in `PaginatorTrait::paginate`
...
219 |     fn paginate(self, db: &'db C, page_size: u64) -> Paginator<'db, C, Self::Selector>;
    |        -------- required by a bound in this associated function

error[E0599]: the method `num_items` exists for struct `Paginator<'_, Arc<DatabaseConnection>, SelectModel<Model>>`, but its trait bounds were not sa
tisfied
   --> src\services\inventory_stock_service.rs:192:31
    |
192 |         let total = paginator.num_items().await?;
    |                               ^^^^^^^^^ method cannot be called due to unsatisfied trait bounds
    |
    = note: the following trait bounds were not satisfied:
            `std::sync::Arc<sea_orm::DatabaseConnection>: ConnectionTrait`

error[E0599]: the method `fetch_page` exists for struct `Paginator<'_, Arc<DatabaseConnection>, SelectModel<Model>>`, but its trait bounds were not s
atisfied
   --> src\services\inventory_stock_service.rs:193:36
    |
193 |         let stock_list = paginator.fetch_page(page).await?;
    |                                    ^^^^^^^^^^ method cannot be called due to unsatisfied trait bounds
    |
    = note: the following trait bounds were not satisfied:
            `std::sync::Arc<sea_orm::DatabaseConnection>: ConnectionTrait`

error[E0277]: the trait bound `std::sync::Arc<sea_orm::DatabaseConnection>: ConnectionTrait` is not satisfied
   --> src\services\inventory_stock_service.rs:280:29
    |
280 |         active_stock.insert(&self.db).await
    |                      ------ ^^^^^^^^ the trait `ConnectionTrait` is not implemented for `std::sync::Arc<sea_orm::DatabaseConnection>`
    |                      |
    |                      required by a bound introduced by this call
    |
    = help: the following other types implement trait `ConnectionTrait`:
              DatabaseTransaction
              sea_orm::DatabaseConnection
note: required by a bound in `sea_orm::ActiveModelTrait::insert`
   --> C:\Users\admin\.cargo\registry\src\index.crates.io-6f17d22bba15001f\sea-orm-1.1.19\src\entity\active_model.rs:278:12
    |
274 |     async fn insert<'a, C>(self, db: &'a C) -> Result<<Self::Entity as EntityTrait>::Model, DbErr>
    |              ------ required by a bound in this associated function
...
278 |         C: ConnectionTrait,
    |            ^^^^^^^^^^^^^^^ required by this bound in `ActiveModelTrait::insert`

error[E0277]: the trait bound `std::sync::Arc<sea_orm::DatabaseConnection>: ConnectionTrait` is not satisfied
   --> src\services\inventory_stock_service.rs:329:35
    |
329 |         active_transaction.insert(&self.db).await
    |                            ------ ^^^^^^^^ the trait `ConnectionTrait` is not implemented for `std::sync::Arc<sea_orm::DatabaseConnection>`
    |                            |
    |                            required by a bound introduced by this call
    |
    = help: the following other types implement trait `ConnectionTrait`:
              DatabaseTransaction
              sea_orm::DatabaseConnection
note: required by a bound in `sea_orm::ActiveModelTrait::insert`
   --> C:\Users\admin\.cargo\registry\src\index.crates.io-6f17d22bba15001f\sea-orm-1.1.19\src\entity\active_model.rs:278:12
    |
274 |     async fn insert<'a, C>(self, db: &'a C) -> Result<<Self::Entity as EntityTrait>::Model, DbErr>
    |              ------ required by a bound in this associated function
...
278 |         C: ConnectionTrait,
    |            ^^^^^^^^^^^^^^^ required by this bound in `ActiveModelTrait::insert`

error[E0599]: no method named `order_by_desc` found for struct `sea_orm::Select` in the current scope
   --> src\services\inventory_stock_service.rs:342:63
    |
342 |         let mut query = inventory_transaction::Entity::find().order_by_desc(inventory_transaction::Column::CreatedAt);
    |                                                               ^^^^^^^^^^^^^
    |
   ::: C:\Users\admin\.cargo\registry\src\index.crates.io-6f17d22bba15001f\sea-orm-1.1.19\src\query\helper.rs:645:8
    |
645 |     fn order_by_desc<C>(mut self, col: C) -> Self
    |        ------------- the method is available for `sea_orm::Select<inventory_transaction::Entity>` here
    |
    = help: items from traits can only be used if the trait is in scope
help: there is a method `order_by` with a similar name, but with different arguments
   --> C:\Users\admin\.cargo\registry\src\index.crates.io-6f17d22bba15001f\sea-orm-1.1.19\src\query\helper.rs:604:5
    |
604 | /     fn order_by<C>(mut self, col: C, ord: Order) -> Self
605 | |     where
606 | |         C: IntoSimpleExpr,
    | |__________________________^
help: trait `QueryOrder` which provides `order_by_desc` is implemented but not in scope; perhaps you want to import it
    |
1   + use sea_orm::QueryOrder;
    |

error[E0308]: mismatched types
   --> src\services\inventory_stock_service.rs:435:36
    |
435 |     let result = self.db.query_all(sql).await?;
    |                          --------- ^^^ expected `Statement`, found `String`
    |                          |
    |                          arguments to this method are incorrect
    |
note: method defined here
   --> C:\Users\admin\.cargo\registry\src\index.crates.io-6f17d22bba15001f\sea-orm-1.1.19\src\database\connection.rs:25:14
    |
25  |     async fn query_all(&self, stmt: Statement) -> Result<Vec<QueryResult>, DbErr>;
    |              ^^^^^^^^^

error[E0063]: missing fields `batch_no`, `color_no`, `dye_lot_no` and 12 other fields in initializer of `inventory_stock::ActiveModel`
   --> src\services\inventory_transfer_service.rs:541:33
    |
541 |                 let new_stock = inventory_stock::ActiveModel {
    |                                 ^^^^^^^^^^^^^^^^^^^^^^^^^^^^ missing `batch_no`, `color_no`, `dye_lot_no` and 12 other fields

error[E0277]: the trait bound `sea_orm::Value: From<&i32>` is not satisfied
   --> src\services\inventory_transfer_service.rs:609:65
    |
609 |                 .filter(inventory_stock::Column::WarehouseId.eq(from_warehouse_id))
    |                                                              -- ^^^^^^^^^^^^^^^^^ the trait `From<&i32>` is not implemented for `sea_orm::Value
`, which is required by `&i32: Into<sea_orm::Value>`
    |                                                              |
    |                                                              required by a bound introduced by this call
    |
    = note: required for `&i32` to implement `Into<sea_orm::Value>`
note: required by a bound in `sea_orm::ColumnTrait::eq`
   --> C:\Users\admin\.cargo\registry\src\index.crates.io-6f17d22bba15001f\sea-orm-1.1.19\src\entity\column.rs:94:5
    |
94  |     bind_oper!(eq, Equal);
    |     ^^^^^^^^^^^--^^^^^^^^
    |     |          |
    |     |          required by a bound in this associated function
    |     required by this bound in `ColumnTrait::eq`
    = note: this error originates in the macro `bind_oper` (in Nightly builds, run with -Z macro-backtrace for more info)
help: consider dereferencing here
    |
609 |                 .filter(inventory_stock::Column::WarehouseId.eq(*from_warehouse_id))
    |                                                                 +

error[E0609]: no field `quantity` on type `inventory_stock::Model`
   --> src\services\inventory_transfer_service.rs:615:30
    |
615 |                 Some(s) if s.quantity >= item.quantity => {
    |                              ^^^^^^^^ unknown field
    |
    = note: available fields are: `id`, `warehouse_id`, `product_id`, `quantity_on_hand`, `quantity_available` ... and 23 others

error[E0609]: no field `quantity` on type `inventory_stock::Model`
   --> src\services\inventory_transfer_service.rs:622:44
    |
622 |                         item.product_id, s.quantity, item.quantity
    |                                            ^^^^^^^^ unknown field
    |
    = note: available fields are: `id`, `warehouse_id`, `product_id`, `quantity_on_hand`, `quantity_available` ... and 23 others

error[E0560]: struct `inventory_count_item::ActiveModel` has no field named `bin_location`
   --> src\services\inventory_count_service.rs:259:21
    |
259 |                     bin_location: sea_orm::ActiveValue::Set(item_req.bin_location),
    |                     ^^^^^^^^^^^^ `inventory_count_item::ActiveModel` does not have this field
    |
    = note: available fields are: `stock_id`, `warehouse_id`, `quantity_before`, `quantity_difference`, `total_cost`

error[E0560]: struct `inventory_count_item::ActiveModel` has no field named `quantity_book`
   --> src\services\inventory_count_service.rs:260:21
    |
260 |                     quantity_book: sea_orm::ActiveValue::Set(rust_decimal::Decimal::ZERO),
    |                     ^^^^^^^^^^^^^ unknown field
    |
help: a field with a similar name exists
    |
260 |                     quantity_before: sea_orm::ActiveValue::Set(rust_decimal::Decimal::ZERO),
    |                     ~~~~~~~~~~~~~~~

error[E0560]: struct `inventory_count_item::ActiveModel` has no field named `quantity_variance`
   --> src\services\inventory_count_service.rs:262:21
    |
262 |                     quantity_variance: sea_orm::ActiveValue::Set(rust_decimal::Decimal::ZERO),
    |                     ^^^^^^^^^^^^^^^^^ `inventory_count_item::ActiveModel` does not have this field
    |
    = note: available fields are: `stock_id`, `warehouse_id`, `quantity_before`, `quantity_difference`, `total_cost`

error[E0560]: struct `inventory_count_item::ActiveModel` has no field named `variance_amount`
   --> src\services\inventory_count_service.rs:264:21
    |
264 |                     variance_amount: sea_orm::ActiveValue::NotSet,
    |                     ^^^^^^^^^^^^^^^ `inventory_count_item::ActiveModel` does not have this field
    |
    = note: available fields are: `stock_id`, `warehouse_id`, `quantity_before`, `quantity_difference`, `total_cost`

error[E0560]: struct `inventory_count_item::ActiveModel` has no field named `counted_by`
   --> src\services\inventory_count_service.rs:266:21
    |
266 |                     counted_by: sea_orm::ActiveValue::NotSet,
    |                     ^^^^^^^^^^ `inventory_count_item::ActiveModel` does not have this field
    |
    = note: available fields are: `stock_id`, `warehouse_id`, `quantity_before`, `quantity_difference`, `total_cost`

error[E0560]: struct `inventory_count_item::ActiveModel` has no field named `counted_at`
   --> src\services\inventory_count_service.rs:267:21
    |
267 |                     counted_at: sea_orm::ActiveValue::NotSet,
    |                     ^^^^^^^^^^ `inventory_count_item::ActiveModel` does not have this field
    |
    = note: available fields are: `stock_id`, `warehouse_id`, `quantity_before`, `quantity_difference`, `total_cost`

error[E0063]: missing fields `batch_no`, `color_no`, `dye_lot_no` and 13 other fields in initializer of `inventory_stock::ActiveModel`
   --> src\services\inventory_count_service.rs:442:33
    |
442 |                 let new_stock = inventory_stock::ActiveModel {
    |                                 ^^^^^^^^^^^^^^^^^^^^^^^^^^^^ missing `batch_no`, `color_no`, `dye_lot_no` and 13 other fields

error[E0277]: the trait bound `std::sync::Arc<sea_orm::DatabaseConnection>: ConnectionTrait` is not satisfied
   --> src\services\assist_accounting_service.rs:48:22
    |
48  |                 .one(&self.db)
    |                  --- ^^^^^^^^ the trait `ConnectionTrait` is not implemented for `std::sync::Arc<sea_orm::DatabaseConnection>`
    |                  |
    |                  required by a bound introduced by this call
    |
    = help: the following other types implement trait `ConnectionTrait`:
              DatabaseTransaction
              sea_orm::DatabaseConnection
note: required by a bound in `sea_orm::executor::select::<impl sea_orm::Select<E>>::one`
   --> C:\Users\admin\.cargo\registry\src\index.crates.io-6f17d22bba15001f\sea-orm-1.1.19\src\executor\select.rs:445:12
    |
443 |     pub async fn one<C>(self, db: &C) -> Result<Option<E::Model>, DbErr>
    |                  --- required by a bound in this associated function
444 |     where
445 |         C: ConnectionTrait,
    |            ^^^^^^^^^^^^^^^ required by this bound in `sea_orm::executor::select::<impl Select<E>>::one`

error[E0277]: the trait bound `std::sync::Arc<sea_orm::DatabaseConnection>: ConnectionTrait` is not satisfied
   --> src\services\assist_accounting_service.rs:46:26
    |
46  |               let exists = assist_accounting_dimension::Entity::find()
    |  __________________________^
47  | |                 .filter(assist_accounting_dimension::Column::DimensionCode.eq(*code))
48  | |                 .one(&self.db)
    | |______________________________^ the trait `ConnectionTrait` is not implemented for `std::sync::Arc<sea_orm::DatabaseConnection>`
    |
    = help: the following other types implement trait `ConnectionTrait`:
              DatabaseTransaction
              sea_orm::DatabaseConnection
note: required by a bound in `sea_orm::executor::select::<impl sea_orm::Select<E>>::one`
   --> C:\Users\admin\.cargo\registry\src\index.crates.io-6f17d22bba15001f\sea-orm-1.1.19\src\executor\select.rs:445:12
    |
443 |     pub async fn one<C>(self, db: &C) -> Result<Option<E::Model>, DbErr>
    |                  --- required by a bound in this associated function
444 |     where
445 |         C: ConnectionTrait,
    |            ^^^^^^^^^^^^^^^ required by this bound in `sea_orm::executor::select::<impl Select<E>>::one`

error[E0277]: the trait bound `std::sync::Arc<sea_orm::DatabaseConnection>: ConnectionTrait` is not satisfied
   --> src\services\assist_accounting_service.rs:49:18
    |
49  |                 .await?;
    |                  ^^^^^ the trait `ConnectionTrait` is not implemented for `std::sync::Arc<sea_orm::DatabaseConnection>`
    |
    = help: the following other types implement trait `ConnectionTrait`:
              DatabaseTransaction
              sea_orm::DatabaseConnection
note: required by a bound in `sea_orm::executor::select::<impl sea_orm::Select<E>>::one`
   --> C:\Users\admin\.cargo\registry\src\index.crates.io-6f17d22bba15001f\sea-orm-1.1.19\src\executor\select.rs:445:12
    |
443 |     pub async fn one<C>(self, db: &C) -> Result<Option<E::Model>, DbErr>
    |                  --- required by a bound in this associated function
444 |     where
445 |         C: ConnectionTrait,
    |            ^^^^^^^^^^^^^^^ required by this bound in `sea_orm::executor::select::<impl Select<E>>::one`

error[E0277]: the trait bound `std::sync::Arc<sea_orm::DatabaseConnection>: ConnectionTrait` is not satisfied
   --> src\services\assist_accounting_service.rs:52:34
    |
52  |                 dimension.insert(&self.db).await?;
    |                           ------ ^^^^^^^^ the trait `ConnectionTrait` is not implemented for `std::sync::Arc<sea_orm::DatabaseConnection>`
    |                           |
    |                           required by a bound introduced by this call
    |
    = help: the following other types implement trait `ConnectionTrait`:
              DatabaseTransaction
              sea_orm::DatabaseConnection
note: required by a bound in `sea_orm::ActiveModelTrait::insert`
   --> C:\Users\admin\.cargo\registry\src\index.crates.io-6f17d22bba15001f\sea-orm-1.1.19\src\entity\active_model.rs:278:12
    |
274 |     async fn insert<'a, C>(self, db: &'a C) -> Result<<Self::Entity as EntityTrait>::Model, DbErr>
    |              ------ required by a bound in this associated function
...
278 |         C: ConnectionTrait,
    |            ^^^^^^^^^^^^^^^ required by this bound in `ActiveModelTrait::insert`

error[E0277]: the trait bound `std::sync::Arc<sea_orm::DatabaseConnection>: ConnectionTrait` is not satisfied
   --> src\services\assist_accounting_service.rs:109:30
    |
109 |         active_record.insert(&self.db).await
    |                       ------ ^^^^^^^^ the trait `ConnectionTrait` is not implemented for `std::sync::Arc<sea_orm::DatabaseConnection>`
    |                       |
    |                       required by a bound introduced by this call
    |
    = help: the following other types implement trait `ConnectionTrait`:
              DatabaseTransaction
              sea_orm::DatabaseConnection
note: required by a bound in `sea_orm::ActiveModelTrait::insert`
   --> C:\Users\admin\.cargo\registry\src\index.crates.io-6f17d22bba15001f\sea-orm-1.1.19\src\entity\active_model.rs:278:12
    |
274 |     async fn insert<'a, C>(self, db: &'a C) -> Result<<Self::Entity as EntityTrait>::Model, DbErr>
    |              ------ required by a bound in this associated function
...
278 |         C: ConnectionTrait,
    |            ^^^^^^^^^^^^^^^ required by this bound in `ActiveModelTrait::insert`

error[E0599]: no method named `order_by_asc` found for struct `sea_orm::Select` in the current scope
   --> src\services\assist_accounting_service.rs:121:14
    |
118 | /         assist_accounting_record::Entity::find()
119 | |             .filter(assist_accounting_record::Column::BusinessType.eq(business_type))
120 | |             .filter(assist_accounting_record::Column::BusinessNo.eq(business_no))
121 | |             .order_by_asc(assist_accounting_record::Column::CreatedAt)
    | |_____________-^^^^^^^^^^^^
    |
   ::: C:\Users\admin\.cargo\registry\src\index.crates.io-6f17d22bba15001f\sea-orm-1.1.19\src\query\helper.rs:624:8
    |
624 |       fn order_by_asc<C>(mut self, col: C) -> Self
    |          ------------ the method is available for `sea_orm::Select<assist_accounting_record::Entity>` here
    |
    = help: items from traits can only be used if the trait is in scope
help: there is a method `order_by` with a similar name, but with different arguments
   --> C:\Users\admin\.cargo\registry\src\index.crates.io-6f17d22bba15001f\sea-orm-1.1.19\src\query\helper.rs:604:5
    |
604 | /     fn order_by<C>(mut self, col: C, ord: Order) -> Self
605 | |     where
606 | |         C: IntoSimpleExpr,
    | |__________________________^
help: trait `QueryOrder` which provides `order_by_asc` is implemented but not in scope; perhaps you want to import it
    |
1   + use sea_orm::QueryOrder;
    |

error[E0599]: no method named `order_by_desc` found for struct `sea_orm::Select` in the current scope
   --> src\services\assist_accounting_service.rs:133:14
    |
131 | /         assist_accounting_record::Entity::find()
132 | |             .filter(assist_accounting_record::Column::FiveDimensionId.eq(five_dimension_id))
133 | |             .order_by_desc(assist_accounting_record::Column::CreatedAt)
    | |_____________-^^^^^^^^^^^^^
    |
   ::: C:\Users\admin\.cargo\registry\src\index.crates.io-6f17d22bba15001f\sea-orm-1.1.19\src\query\helper.rs:645:8
    |
645 |       fn order_by_desc<C>(mut self, col: C) -> Self
    |          ------------- the method is available for `sea_orm::Select<assist_accounting_record::Entity>` here
    |
    = help: items from traits can only be used if the trait is in scope
help: there is a method `order_by` with a similar name, but with different arguments
   --> C:\Users\admin\.cargo\registry\src\index.crates.io-6f17d22bba15001f\sea-orm-1.1.19\src\query\helper.rs:604:5
    |
604 | /     fn order_by<C>(mut self, col: C, ord: Order) -> Self
605 | |     where
606 | |         C: IntoSimpleExpr,
    | |__________________________^
help: trait `QueryOrder` which provides `order_by_desc` is implemented but not in scope; perhaps you want to import it
    |
1   + use sea_orm::QueryOrder;
    |

error[E0277]: the trait bound `std::sync::Arc<sea_orm::DatabaseConnection>: ConnectionTrait` is not satisfied
   --> src\services\assist_accounting_service.rs:147:18
    |
147 |             .all(&self.db)
    |              --- ^^^^^^^^ the trait `ConnectionTrait` is not implemented for `std::sync::Arc<sea_orm::DatabaseConnection>`
    |              |
    |              required by a bound introduced by this call
    |
    = help: the following other types implement trait `ConnectionTrait`:
              DatabaseTransaction
              sea_orm::DatabaseConnection
note: required by a bound in `sea_orm::executor::select::<impl sea_orm::Select<E>>::all`
   --> C:\Users\admin\.cargo\registry\src\index.crates.io-6f17d22bba15001f\sea-orm-1.1.19\src\executor\select.rs:453:12
    |
451 |     pub async fn all<C>(self, db: &C) -> Result<Vec<E::Model>, DbErr>
    |                  --- required by a bound in this associated function
452 |     where
453 |         C: ConnectionTrait,
    |            ^^^^^^^^^^^^^^^ required by this bound in `sea_orm::executor::select::<impl Select<E>>::all`

error[E0277]: the trait bound `std::sync::Arc<sea_orm::DatabaseConnection>: ConnectionTrait` is not satisfied
   --> src\services\assist_accounting_service.rs:144:9
    |
144 | /         assist_accounting_summary::Entity::find()
145 | |             .filter(assist_accounting_summary::Column::AccountingPeriod.eq(accounting_period))
146 | |             .filter(assist_accounting_summary::Column::DimensionCode.eq(dimension_code))
147 | |             .all(&self.db)
    | |__________________________^ the trait `ConnectionTrait` is not implemented for `std::sync::Arc<sea_orm::DatabaseConnection>`
    |
    = help: the following other types implement trait `ConnectionTrait`:
              DatabaseTransaction
              sea_orm::DatabaseConnection
note: required by a bound in `sea_orm::executor::select::<impl sea_orm::Select<E>>::all`
   --> C:\Users\admin\.cargo\registry\src\index.crates.io-6f17d22bba15001f\sea-orm-1.1.19\src\executor\select.rs:453:12
    |
451 |     pub async fn all<C>(self, db: &C) -> Result<Vec<E::Model>, DbErr>
    |                  --- required by a bound in this associated function
452 |     where
453 |         C: ConnectionTrait,
    |            ^^^^^^^^^^^^^^^ required by this bound in `sea_orm::executor::select::<impl Select<E>>::all`

error[E0277]: the trait bound `std::sync::Arc<sea_orm::DatabaseConnection>: ConnectionTrait` is not satisfied
   --> src\services\assist_accounting_service.rs:148:14
    |
148 |             .await
    |              ^^^^^ the trait `ConnectionTrait` is not implemented for `std::sync::Arc<sea_orm::DatabaseConnection>`
    |
    = help: the following other types implement trait `ConnectionTrait`:
              DatabaseTransaction
              sea_orm::DatabaseConnection
note: required by a bound in `sea_orm::executor::select::<impl sea_orm::Select<E>>::all`
   --> C:\Users\admin\.cargo\registry\src\index.crates.io-6f17d22bba15001f\sea-orm-1.1.19\src\executor\select.rs:453:12
    |
451 |     pub async fn all<C>(self, db: &C) -> Result<Vec<E::Model>, DbErr>
    |                  --- required by a bound in this associated function
452 |     where
453 |         C: ConnectionTrait,
    |            ^^^^^^^^^^^^^^^ required by this bound in `sea_orm::executor::select::<impl Select<E>>::all`

warning: unused variable: `accounting_period`
   --> src\services\assist_accounting_service.rs:157:13
    |
157 |         let accounting_period = format!("{:04}-{:02}", year, month);
    |             ^^^^^^^^^^^^^^^^^ help: if this is intentional, prefix it with an underscore: `_accounting_period`

error[E0599]: no method named `paginate` found for struct `sea_orm::Select` in the current scope
   --> src\services\assist_accounting_service.rs:202:31
    |
202 |         let paginator = query.paginate(&self.db, page_size);
    |                               ^^^^^^^^ method not found in `Select<Entity>`
    |
   ::: C:\Users\admin\.cargo\registry\src\index.crates.io-6f17d22bba15001f\sea-orm-1.1.19\src\executor\paginator.rs:219:8
    |
219 |     fn paginate(self, db: &'db C, page_size: u64) -> Paginator<'db, C, Self::Selector>;
    |        -------- the method is available for `sea_orm::Select<assist_accounting_record::Entity>` here
    |
    = help: items from traits can only be used if the trait is in scope
help: trait `PaginatorTrait` which provides `paginate` is implemented but not in scope; perhaps you want to import it
    |
1   + use sea_orm::PaginatorTrait;
    |

error[E0599]: no method named `execute` found for struct `DeleteMany` in the current scope
   --> src\services\assist_accounting_service.rs:213:14
    |
211 | /         assist_accounting_record::Entity::delete_many()
212 | |             .filter(assist_accounting_record::Column::Id.eq(id))
213 | |             .execute(&self.db)
    | |_____________-^^^^^^^
    |
help: there is a method `exec` with a similar name
    |
213 |             .exec(&self.db)
    |              ~~~~

error[E0277]: the trait bound `std::sync::Arc<sea_orm::DatabaseConnection>: ConnectionTrait` is not satisfied
   --> src\services\business_trace_service.rs:241:32
    |
241 |         active_snapshot.insert(&self.db).await
    |                         ------ ^^^^^^^^ the trait `ConnectionTrait` is not implemented for `std::sync::Arc<sea_orm::DatabaseConnection>`
    |                         |
    |                         required by a bound introduced by this call
    |
    = help: the following other types implement trait `ConnectionTrait`:
              DatabaseTransaction
              sea_orm::DatabaseConnection
note: required by a bound in `sea_orm::ActiveModelTrait::insert`
   --> C:\Users\admin\.cargo\registry\src\index.crates.io-6f17d22bba15001f\sea-orm-1.1.19\src\entity\active_model.rs:278:12
    |
274 |     async fn insert<'a, C>(self, db: &'a C) -> Result<<Self::Entity as EntityTrait>::Model, DbErr>
    |              ------ required by a bound in this associated function
...
278 |         C: ConnectionTrait,
    |            ^^^^^^^^^^^^^^^ required by this bound in `ActiveModelTrait::insert`

error[E0308]: mismatched types
   --> src\services\supplier_service.rs:190:32
    |
190 |             total: num_pages * page_size as usize,
    |                                ^^^^^^^^^^^^^^^^^^ expected `u64`, found `usize`

error[E0308]: mismatched types
   --> src\services\supplier_service.rs:190:20
    |
190 |             total: num_pages * page_size as usize,
    |                    ^^^^^^^^^^^^^^^^^^^^^^^^^^^^^^ expected `usize`, found `u64`

error[E0277]: cannot multiply `u64` by `usize`
   --> src\services\supplier_service.rs:190:30
    |
190 |             total: num_pages * page_size as usize,
    |                              ^ no implementation for `u64 * usize`
    |
    = help: the trait `std::ops::Mul<usize>` is not implemented for `u64`
    = help: the following other types implement trait `std::ops::Mul<Rhs>`:
              `&u64` implements `std::ops::Mul<&num_bigint::bigint::BigInt>`
              `&u64` implements `std::ops::Mul<&num_bigint::biguint::BigUint>`
              `&u64` implements `std::ops::Mul<&sea_orm::prelude::BigDecimal>`
              `&u64` implements `std::ops::Mul<num_bigint::bigint::BigInt>`
              `&u64` implements `std::ops::Mul<num_bigint::biguint::BigUint>`
              `&u64` implements `std::ops::Mul<sea_orm::prelude::BigDecimal>`
              `&u64` implements `std::ops::Mul<u64>`
              `&u64` implements `std::ops::Mul`
            and 9 others

error[E0277]: the trait bound `(): From<i32>` is not satisfied
   --> src\services\supplier_service.rs:196:38
    |
196 |         supplier::Entity::find_by_id(id)
    |         ---------------------------- ^^ the trait `From<i32>` is not implemented for `()`, which is required by `i32: Into<()>`
    |         |
    |         required by a bound introduced by this call
    |
    = help: the following other types implement trait `From<T>`:
              `(T, T)` implements `From<[T; 2]>`
              `(T, T, T)` implements `From<[T; 3]>`
              `(T, T, T, T)` implements `From<[T; 4]>`
              `(T, T, T, T, T)` implements `From<[T; 5]>`
              `(T, T, T, T, T, T)` implements `From<[T; 6]>`
              `(T, T, T, T, T, T, T)` implements `From<[T; 7]>`
              `(T, T, T, T, T, T, T, T)` implements `From<[T; 8]>`
              `(T, T, T, T, T, T, T, T, T)` implements `From<[T; 9]>`
            and 6 others
    = note: required for `i32` to implement `Into<()>`
note: required by a bound in `find_by_id`
   --> C:\Users\admin\.cargo\registry\src\index.crates.io-6f17d22bba15001f\sea-orm-1.1.19\src\entity\base_entity.rs:273:12
    |
271 |     fn find_by_id<T>(values: T) -> Select<Self>
    |        ---------- required by a bound in this associated function
272 |     where
273 |         T: Into<<Self::PrimaryKey as PrimaryKeyTrait>::ValueType>,
    |            ^^^^^^^^^^^^^^^^^^^^^^^^^^^^^^^^^^^^^^^^^^^^^^^^^^^^^^ required by this bound in `EntityTrait::find_by_id`

warning: unused variable: `id`
   --> src\services\supplier_service.rs:316:45
    |
316 |     pub async fn can_delete_supplier(&self, id: i32) -> Result<bool, AppError> {
    |                                             ^^ help: if this is intentional, prefix it with an underscore: `_id`

error[E0277]: the trait bound `(): From<i32>` is not satisfied
   --> src\services\supplier_service.rs:446:46
    |
446 |         supplier_contact::Entity::find_by_id(contact_id)
    |         ------------------------------------ ^^^^^^^^^^ the trait `From<i32>` is not implemented for `()`, which is required by `i32: Into<()>`
    |         |
    |         required by a bound introduced by this call
    |
    = help: the following other types implement trait `From<T>`:
              `(T, T)` implements `From<[T; 2]>`
              `(T, T, T)` implements `From<[T; 3]>`
              `(T, T, T, T)` implements `From<[T; 4]>`
              `(T, T, T, T, T)` implements `From<[T; 5]>`
              `(T, T, T, T, T, T)` implements `From<[T; 6]>`
              `(T, T, T, T, T, T, T)` implements `From<[T; 7]>`
              `(T, T, T, T, T, T, T, T)` implements `From<[T; 8]>`
              `(T, T, T, T, T, T, T, T, T)` implements `From<[T; 9]>`
            and 6 others
    = note: required for `i32` to implement `Into<()>`
note: required by a bound in `find_by_id`
   --> C:\Users\admin\.cargo\registry\src\index.crates.io-6f17d22bba15001f\sea-orm-1.1.19\src\entity\base_entity.rs:273:12
    |
271 |     fn find_by_id<T>(values: T) -> Select<Self>
    |        ---------- required by a bound in this associated function
272 |     where
273 |         T: Into<<Self::PrimaryKey as PrimaryKeyTrait>::ValueType>,
    |            ^^^^^^^^^^^^^^^^^^^^^^^^^^^^^^^^^^^^^^^^^^^^^^^^^^^^^^ required by this bound in `EntityTrait::find_by_id`

error[E0599]: `sea_orm::Select<supplier_evaluation::Entity>` is not an iterator
  --> src\services\supplier_evaluation_service.rs:65:35
   |
65 |         let total = query.clone().count(&*self.db).await?;
   |                                   ^^^^^ `sea_orm::Select<supplier_evaluation::Entity>` is not an iterator
   |
  ::: C:\Users\admin\.cargo\registry\src\index.crates.io-6f17d22bba15001f\sea-orm-1.1.19\src\query\select.rs:8:1
   |
8  | pub struct Select<E>
   | -------------------- doesn't satisfy `_: Iterator`
   |
   = note: the following trait bounds were not satisfied:
           `sea_orm::Select<supplier_evaluation::Entity>: Iterator`
           which is required by `&mut sea_orm::Select<supplier_evaluation::Entity>: Iterator`
   = help: items from traits can only be used if the trait is in scope
help: trait `PaginatorTrait` which provides `count` is implemented but not in scope; perhaps you want to import it
   |
1  + use sea_orm::PaginatorTrait;
   |

error[E0599]: no method named `offset` found for struct `sea_orm::Select` in the current scope
   --> src\services\supplier_evaluation_service.rs:69:14
    |
67  |           let indicators = query
    |  __________________________-
68  | |             .order_by_desc(supplier_evaluation::Column::Id)
69  | |             .offset(params.page * params.page_size)
    | |             -^^^^^^ method not found in `Select<Entity>`
    | |_____________|
    |
    |
   ::: C:\Users\admin\.cargo\registry\src\index.crates.io-6f17d22bba15001f\sea-orm-1.1.19\src\query\helper.rs:197:8
    |
197 |       fn offset<T>(mut self, offset: T) -> Self
    |          ------ the method is available for `sea_orm::Select<supplier_evaluation::Entity>` here
    |
    = help: items from traits can only be used if the trait is in scope
help: trait `QuerySelect` which provides `offset` is implemented but not in scope; perhaps you want to import it
    |
1   + use sea_orm::QuerySelect;
    |

error[E0560]: struct `supplier_evaluation::ActiveModel` has no field named `supplier_id`
   --> src\services\supplier_evaluation_service.rs:110:13
    |
110 |             supplier_id: Set(req.supplier_id),
    |             ^^^^^^^^^^^ `supplier_evaluation::ActiveModel` does not have this field
    |
    = note: available fields are: `id`, `indicator_name`, `indicator_code`, `category`, `weight` ... and 5 others

error[E0560]: struct `supplier_evaluation::ActiveModel` has no field named `evaluation_period`
   --> src\services\supplier_evaluation_service.rs:111:13
    |
111 |             evaluation_period: Set(req.evaluation_period),
    |             ^^^^^^^^^^^^^^^^^ unknown field
    |
help: a field with a similar name exists
    |
111 |             evaluation_method: Set(req.evaluation_period),
    |             ~~~~~~~~~~~~~~~~~

error[E0560]: struct `supplier_evaluation::ActiveModel` has no field named `indicator_id`
   --> src\services\supplier_evaluation_service.rs:112:13
    |
112 |             indicator_id: Set(Some(req.indicator_id)),
    |             ^^^^^^^^^^^^ unknown field
    |
help: a field with a similar name exists
    |
112 |             indicator_code: Set(Some(req.indicator_id)),
    |             ~~~~~~~~~~~~~~

error[E0560]: struct `supplier_evaluation::ActiveModel` has no field named `score`
   --> src\services\supplier_evaluation_service.rs:113:13
    |
113 |             score: Set(req.score),
    |             ^^^^^ `supplier_evaluation::ActiveModel` does not have this field
    |
    = note: available fields are: `id`, `indicator_name`, `indicator_code`, `category`, `weight` ... and 5 others

error[E0560]: struct `supplier_evaluation::ActiveModel` has no field named `remark`
   --> src\services\supplier_evaluation_service.rs:114:13
    |
114 |             remark: Set(req.remark),
    |             ^^^^^^ `supplier_evaluation::ActiveModel` does not have this field
    |
    = note: available fields are: `id`, `indicator_name`, `indicator_code`, `category`, `weight` ... and 5 others

error[E0560]: struct `supplier_evaluation::ActiveModel` has no field named `created_by`
   --> src\services\supplier_evaluation_service.rs:115:13
    |
115 |             created_by: Set(Some(user_id)),
    |             ^^^^^^^^^^ unknown field
    |
help: a field with a similar name exists
    |
115 |             created_at: Set(Some(user_id)),
    |             ~~~~~~~~~~

error[E0560]: struct `purchase_order_item::ActiveModel` has no field named `line_no`
   --> src\services\purchase_order_service.rs:106:17
    |
106 |                 line_no: Set(item_req.line_no),
    |                 ^^^^^^^ `purchase_order_item::ActiveModel` does not have this field
    |
    = note: available fields are: `id`, `product_id`, `quantity`, `quantity_alt`, `unit_price_foreign` ... and 10 others

error[E0560]: struct `purchase_order_item::ActiveModel` has no field named `material_id`
   --> src\services\purchase_order_service.rs:107:17
    |
107 |                 material_id: Set(item_req.material_id),
    |                 ^^^^^^^^^^^ `purchase_order_item::ActiveModel` does not have this field
    |
    = note: available fields are: `id`, `product_id`, `quantity`, `quantity_alt`, `unit_price_foreign` ... and 10 others

error[E0560]: struct `purchase_order_item::ActiveModel` has no field named `material_code`
   --> src\services\purchase_order_service.rs:108:17
    |
108 |                 material_code: Set(item_req.material_code),
    |                 ^^^^^^^^^^^^^ `purchase_order_item::ActiveModel` does not have this field
    |
    = note: available fields are: `id`, `product_id`, `quantity`, `quantity_alt`, `unit_price_foreign` ... and 10 others

error[E0560]: struct `purchase_order_item::ActiveModel` has no field named `material_name`
   --> src\services\purchase_order_service.rs:109:17
    |
109 |                 material_name: Set(item_req.material_name),
    |                 ^^^^^^^^^^^^^ `purchase_order_item::ActiveModel` does not have this field
    |
    = note: available fields are: `id`, `product_id`, `quantity`, `quantity_alt`, `unit_price_foreign` ... and 10 others

error[E0560]: struct `purchase_order_item::ActiveModel` has no field named `specification`
   --> src\services\purchase_order_service.rs:110:17
    |
110 |                 specification: Set(item_req.specification),
    |                 ^^^^^^^^^^^^^ `purchase_order_item::ActiveModel` does not have this field
    |
    = note: available fields are: `id`, `product_id`, `quantity`, `quantity_alt`, `unit_price_foreign` ... and 10 others

error[E0560]: struct `purchase_order_item::ActiveModel` has no field named `batch_no`
   --> src\services\purchase_order_service.rs:111:17
    |
111 |                 batch_no: Set(item_req.batch_no),
    |                 ^^^^^^^^ `purchase_order_item::ActiveModel` does not have this field
    |
    = note: available fields are: `id`, `product_id`, `quantity`, `quantity_alt`, `unit_price_foreign` ... and 10 others

error[E0560]: struct `purchase_order_item::ActiveModel` has no field named `color_code`
   --> src\services\purchase_order_service.rs:112:17
    |
112 |                 color_code: Set(item_req.color_code),
    |                 ^^^^^^^^^^ `purchase_order_item::ActiveModel` does not have this field
    |
    = note: available fields are: `id`, `product_id`, `quantity`, `quantity_alt`, `unit_price_foreign` ... and 10 others

error[E0560]: struct `purchase_order_item::ActiveModel` has no field named `lot_no`
   --> src\services\purchase_order_service.rs:113:17
    |
113 |                 lot_no: Set(item_req.lot_no),
    |                 ^^^^^^ `purchase_order_item::ActiveModel` does not have this field
    |
    = note: available fields are: `id`, `product_id`, `quantity`, `quantity_alt`, `unit_price_foreign` ... and 10 others

error[E0560]: struct `purchase_order_item::ActiveModel` has no field named `grade`
   --> src\services\purchase_order_service.rs:114:17
    |
114 |                 grade: Set(item_req.grade),
    |                 ^^^^^ `purchase_order_item::ActiveModel` does not have this field
    |
    = note: available fields are: `id`, `product_id`, `quantity`, `quantity_alt`, `unit_price_foreign` ... and 10 others

error[E0560]: struct `purchase_order_item::ActiveModel` has no field named `gram_weight`
   --> src\services\purchase_order_service.rs:115:17
    |
115 |                 gram_weight: Set(item_req.gram_weight),
    |                 ^^^^^^^^^^^ `purchase_order_item::ActiveModel` does not have this field
    |
    = note: available fields are: `id`, `product_id`, `quantity`, `quantity_alt`, `unit_price_foreign` ... and 10 others

error[E0560]: struct `purchase_order_item::ActiveModel` has no field named `width`
   --> src\services\purchase_order_service.rs:116:17
    |
116 |                 width: Set(item_req.width),
    |                 ^^^^^ `purchase_order_item::ActiveModel` does not have this field
    |
    = note: available fields are: `id`, `product_id`, `quantity`, `quantity_alt`, `unit_price_foreign` ... and 10 others

error[E0560]: struct `purchase_order_item::ActiveModel` has no field named `currency`
   --> src\services\purchase_order_service.rs:118:17
    |
118 |                 currency: Set(item_req.currency.unwrap_or_else(|| "CNY".to_string())),
    |                 ^^^^^^^^ `purchase_order_item::ActiveModel` does not have this field
    |
    = note: available fields are: `id`, `product_id`, `quantity`, `quantity_alt`, `unit_price_foreign` ... and 10 others

error[E0560]: struct `purchase_order_item::ActiveModel` has no field named `quantity_ordered`
   --> src\services\purchase_order_service.rs:119:17
    |
119 |                 quantity_ordered: Set(item_req.quantity_ordered),
    |                 ^^^^^^^^^^^^^^^^ `purchase_order_item::ActiveModel` does not have this field
    |
    = note: available fields are: `id`, `product_id`, `quantity`, `quantity_alt`, `unit_price_foreign` ... and 10 others

error[E0560]: struct `purchase_order_item::ActiveModel` has no field named `unit_master`
   --> src\services\purchase_order_service.rs:120:17
    |
120 |                 unit_master: Set(item_req.unit_master),
    |                 ^^^^^^^^^^^ `purchase_order_item::ActiveModel` does not have this field
    |
    = note: available fields are: `id`, `product_id`, `quantity`, `quantity_alt`, `unit_price_foreign` ... and 10 others

error[E0560]: struct `purchase_order_item::ActiveModel` has no field named `unit_alt`
   --> src\services\purchase_order_service.rs:121:17
    |
121 |                 unit_alt: Set(item_req.unit_alt),
    |                 ^^^^^^^^ `purchase_order_item::ActiveModel` does not have this field
    |
    = note: available fields are: `id`, `product_id`, `quantity`, `quantity_alt`, `unit_price_foreign` ... and 10 others

error[E0560]: struct `purchase_order_item::ActiveModel` has no field named `conversion_factor`
   --> src\services\purchase_order_service.rs:122:17
    |
122 |                 conversion_factor: Set(item_req.conversion_factor),
    |                 ^^^^^^^^^^^^^^^^^ `purchase_order_item::ActiveModel` does not have this field
    |
    = note: available fields are: `id`, `product_id`, `quantity`, `quantity_alt`, `unit_price_foreign` ... and 10 others

error[E0560]: struct `purchase_order_item::ActiveModel` has no field named `quantity_alt_ordered`
   --> src\services\purchase_order_service.rs:123:17
    |
123 |                 quantity_alt_ordered: Set(item_req.quantity_alt_ordered.unwrap_or(Decimal::new(0, 0))),
    |                 ^^^^^^^^^^^^^^^^^^^^ `purchase_order_item::ActiveModel` does not have this field
    |
    = note: available fields are: `id`, `product_id`, `quantity`, `quantity_alt`, `unit_price_foreign` ... and 10 others

error[E0560]: struct `purchase_order_item::ActiveModel` has no field named `tax_rate`
   --> src\services\purchase_order_service.rs:124:17
    |
124 |                 tax_rate: Set(item_req.tax_rate.unwrap_or(Decimal::new(13, 2))),
    |                 ^^^^^^^^ `purchase_order_item::ActiveModel` does not have this field
    |
    = note: available fields are: `id`, `product_id`, `quantity`, `quantity_alt`, `unit_price_foreign` ... and 10 others

error[E0560]: struct `purchase_order_item::ActiveModel` has no field named `delivery_date`
   --> src\services\purchase_order_service.rs:125:17
    |
125 |                 delivery_date: Set(item_req.delivery_date),
    |                 ^^^^^^^^^^^^^ `purchase_order_item::ActiveModel` does not have this field
    |
    = note: available fields are: `id`, `product_id`, `quantity`, `quantity_alt`, `unit_price_foreign` ... and 10 others

error[E0560]: struct `purchase_order_item::ActiveModel` has no field named `warehouse_id`
   --> src\services\purchase_order_service.rs:126:17
    |
126 |                 warehouse_id: Set(item_req.warehouse_id),
    |                 ^^^^^^^^^^^^ `purchase_order_item::ActiveModel` does not have this field
    |
    = note: available fields are: `id`, `product_id`, `quantity`, `quantity_alt`, `unit_price_foreign` ... and 10 others

error[E0599]: no variant or associated item named `PermissionDenied` found for enum `AppError` in the current scope
   --> src\services\purchase_order_service.rs:167:34
    |
167 |             return Err(AppError::PermissionDenied(
    |                                  ^^^^^^^^^^^^^^^^ variant or associated item not found in `AppError`
    |
   ::: src\utils\error.rs:16:1
    |
16  | pub enum AppError {
    | ----------------- variant or associated item `PermissionDenied` not found for this enum

error[E0599]: no variant or associated item named `PermissionDenied` found for enum `AppError` in the current scope
   --> src\services\purchase_order_service.rs:271:34
    |
271 |             return Err(AppError::PermissionDenied(
    |                                  ^^^^^^^^^^^^^^^^ variant or associated item not found in `AppError`
    |
   ::: src\utils\error.rs:16:1
    |
16  | pub enum AppError {
    | ----------------- variant or associated item `PermissionDenied` not found for this enum

error[E0599]: no variant or associated item named `PermissionDenied` found for enum `AppError` in the current scope
   --> src\services\purchase_order_service.rs:415:34
    |
415 |             return Err(AppError::PermissionDenied(
    |                                  ^^^^^^^^^^^^^^^^ variant or associated item not found in `AppError`
    |
   ::: src\utils\error.rs:16:1
    |
16  | pub enum AppError {
    | ----------------- variant or associated item `PermissionDenied` not found for this enum

error[E0560]: struct `purchase_order_item::ActiveModel` has no field named `line_no`
   --> src\services\purchase_order_service.rs:423:13
    |
423 |             line_no: Set(req.line_no),
    |             ^^^^^^^ `purchase_order_item::ActiveModel` does not have this field
    |
    = note: available fields are: `id`, `product_id`, `quantity`, `quantity_alt`, `unit_price_foreign` ... and 10 others

error[E0560]: struct `purchase_order_item::ActiveModel` has no field named `material_id`
   --> src\services\purchase_order_service.rs:424:13
    |
424 |             material_id: Set(req.material_id),
    |             ^^^^^^^^^^^ `purchase_order_item::ActiveModel` does not have this field
    |
    = note: available fields are: `id`, `product_id`, `quantity`, `quantity_alt`, `unit_price_foreign` ... and 10 others

error[E0560]: struct `purchase_order_item::ActiveModel` has no field named `material_code`
   --> src\services\purchase_order_service.rs:425:13
    |
425 |             material_code: Set(req.material_code),
    |             ^^^^^^^^^^^^^ `purchase_order_item::ActiveModel` does not have this field
    |
    = note: available fields are: `id`, `product_id`, `quantity`, `quantity_alt`, `unit_price_foreign` ... and 10 others

error[E0560]: struct `purchase_order_item::ActiveModel` has no field named `material_name`
   --> src\services\purchase_order_service.rs:426:13
    |
426 |             material_name: Set(req.material_name),
    |             ^^^^^^^^^^^^^ `purchase_order_item::ActiveModel` does not have this field
    |
    = note: available fields are: `id`, `product_id`, `quantity`, `quantity_alt`, `unit_price_foreign` ... and 10 others

error[E0560]: struct `purchase_order_item::ActiveModel` has no field named `specification`
   --> src\services\purchase_order_service.rs:427:13
    |
427 |             specification: Set(req.specification),
    |             ^^^^^^^^^^^^^ `purchase_order_item::ActiveModel` does not have this field
    |
    = note: available fields are: `id`, `product_id`, `quantity`, `quantity_alt`, `unit_price_foreign` ... and 10 others

error[E0560]: struct `purchase_order_item::ActiveModel` has no field named `batch_no`
   --> src\services\purchase_order_service.rs:428:13
    |
428 |             batch_no: Set(req.batch_no),
    |             ^^^^^^^^ `purchase_order_item::ActiveModel` does not have this field
    |
    = note: available fields are: `id`, `product_id`, `quantity`, `quantity_alt`, `unit_price_foreign` ... and 10 others

error[E0560]: struct `purchase_order_item::ActiveModel` has no field named `color_code`
   --> src\services\purchase_order_service.rs:429:13
    |
429 |             color_code: Set(req.color_code),
    |             ^^^^^^^^^^ `purchase_order_item::ActiveModel` does not have this field
    |
    = note: available fields are: `id`, `product_id`, `quantity`, `quantity_alt`, `unit_price_foreign` ... and 10 others

error[E0560]: struct `purchase_order_item::ActiveModel` has no field named `lot_no`
   --> src\services\purchase_order_service.rs:430:13
    |
430 |             lot_no: Set(req.lot_no),
    |             ^^^^^^ `purchase_order_item::ActiveModel` does not have this field
    |
    = note: available fields are: `id`, `product_id`, `quantity`, `quantity_alt`, `unit_price_foreign` ... and 10 others

error[E0560]: struct `purchase_order_item::ActiveModel` has no field named `grade`
   --> src\services\purchase_order_service.rs:431:13
    |
431 |             grade: Set(req.grade),
    |             ^^^^^ `purchase_order_item::ActiveModel` does not have this field
    |
    = note: available fields are: `id`, `product_id`, `quantity`, `quantity_alt`, `unit_price_foreign` ... and 10 others

error[E0560]: struct `purchase_order_item::ActiveModel` has no field named `gram_weight`
   --> src\services\purchase_order_service.rs:432:13
    |
432 |             gram_weight: Set(req.gram_weight),
    |             ^^^^^^^^^^^ `purchase_order_item::ActiveModel` does not have this field
    |
    = note: available fields are: `id`, `product_id`, `quantity`, `quantity_alt`, `unit_price_foreign` ... and 10 others

error[E0560]: struct `purchase_order_item::ActiveModel` has no field named `width`
   --> src\services\purchase_order_service.rs:433:13
    |
433 |             width: Set(req.width),
    |             ^^^^^ `purchase_order_item::ActiveModel` does not have this field
    |
    = note: available fields are: `id`, `product_id`, `quantity`, `quantity_alt`, `unit_price_foreign` ... and 10 others

error[E0560]: struct `purchase_order_item::ActiveModel` has no field named `currency`
   --> src\services\purchase_order_service.rs:435:13
    |
435 |             currency: Set(req.currency.unwrap_or_else(|| "CNY".to_string())),
    |             ^^^^^^^^ `purchase_order_item::ActiveModel` does not have this field
    |
    = note: available fields are: `id`, `product_id`, `quantity`, `quantity_alt`, `unit_price_foreign` ... and 10 others

error[E0560]: struct `purchase_order_item::ActiveModel` has no field named `quantity_ordered`
   --> src\services\purchase_order_service.rs:436:13
    |
436 |             quantity_ordered: Set(req.quantity_ordered),
    |             ^^^^^^^^^^^^^^^^ `purchase_order_item::ActiveModel` does not have this field
    |
    = note: available fields are: `id`, `product_id`, `quantity`, `quantity_alt`, `unit_price_foreign` ... and 10 others

error[E0560]: struct `purchase_order_item::ActiveModel` has no field named `unit_master`
   --> src\services\purchase_order_service.rs:437:13
    |
437 |             unit_master: Set(req.unit_master),
    |             ^^^^^^^^^^^ `purchase_order_item::ActiveModel` does not have this field
    |
    = note: available fields are: `id`, `product_id`, `quantity`, `quantity_alt`, `unit_price_foreign` ... and 10 others

error[E0560]: struct `purchase_order_item::ActiveModel` has no field named `unit_alt`
   --> src\services\purchase_order_service.rs:438:13
    |
438 |             unit_alt: Set(req.unit_alt),
    |             ^^^^^^^^ `purchase_order_item::ActiveModel` does not have this field
    |
    = note: available fields are: `id`, `product_id`, `quantity`, `quantity_alt`, `unit_price_foreign` ... and 10 others

error[E0560]: struct `purchase_order_item::ActiveModel` has no field named `conversion_factor`
   --> src\services\purchase_order_service.rs:439:13
    |
439 |             conversion_factor: Set(req.conversion_factor),
    |             ^^^^^^^^^^^^^^^^^ `purchase_order_item::ActiveModel` does not have this field
    |
    = note: available fields are: `id`, `product_id`, `quantity`, `quantity_alt`, `unit_price_foreign` ... and 10 others

error[E0560]: struct `purchase_order_item::ActiveModel` has no field named `quantity_alt_ordered`
   --> src\services\purchase_order_service.rs:440:13
    |
440 |             quantity_alt_ordered: Set(req.quantity_alt_ordered.unwrap_or(Decimal::new(0, 0))),
    |             ^^^^^^^^^^^^^^^^^^^^ `purchase_order_item::ActiveModel` does not have this field
    |
    = note: available fields are: `id`, `product_id`, `quantity`, `quantity_alt`, `unit_price_foreign` ... and 10 others

error[E0560]: struct `purchase_order_item::ActiveModel` has no field named `tax_rate`
   --> src\services\purchase_order_service.rs:441:13
    |
441 |             tax_rate: Set(req.tax_rate.unwrap_or(Decimal::new(13, 2))),
    |             ^^^^^^^^ `purchase_order_item::ActiveModel` does not have this field
    |
    = note: available fields are: `id`, `product_id`, `quantity`, `quantity_alt`, `unit_price_foreign` ... and 10 others

error[E0560]: struct `purchase_order_item::ActiveModel` has no field named `delivery_date`
   --> src\services\purchase_order_service.rs:442:13
    |
442 |             delivery_date: Set(req.delivery_date),
    |             ^^^^^^^^^^^^^ `purchase_order_item::ActiveModel` does not have this field
    |
    = note: available fields are: `id`, `product_id`, `quantity`, `quantity_alt`, `unit_price_foreign` ... and 10 others

error[E0560]: struct `purchase_order_item::ActiveModel` has no field named `warehouse_id`
   --> src\services\purchase_order_service.rs:443:13
    |
443 |             warehouse_id: Set(req.warehouse_id),
    |             ^^^^^^^^^^^^ `purchase_order_item::ActiveModel` does not have this field
    |
    = note: available fields are: `id`, `product_id`, `quantity`, `quantity_alt`, `unit_price_foreign` ... and 10 others

error[E0599]: no variant or associated item named `PermissionDenied` found for enum `AppError` in the current scope
   --> src\services\purchase_order_service.rs:482:34
    |
482 |             return Err(AppError::PermissionDenied(
    |                                  ^^^^^^^^^^^^^^^^ variant or associated item not found in `AppError`
    |
   ::: src\utils\error.rs:16:1
    |
16  | pub enum AppError {
    | ----------------- variant or associated item `PermissionDenied` not found for this enum

error[E0609]: no field `order_id` on type `purchase_order::Model`
   --> src\services\purchase_order_service.rs:542:42
    |
542 |         self.calculate_order_total(order.order_id).await?;
    |                                          ^^^^^^^^ unknown field
    |
help: a field with a similar name exists
    |
542 |         self.calculate_order_total(order.order_no).await?;
    |                                          ~~~~~~~~

error[E0599]: no variant or associated item named `LineNo` found for enum `purchase_order_item::Column` in the current scope
   --> src\services\purchase_order_service.rs:677:56
    |
677 |             .order_by_asc(purchase_order_item::Column::LineNo)
    |                                                        ^^^^^^ variant or associated item not found in `Column`
    |
   ::: src\models\purchase_order_item.rs:19:35
    |
19  | #[derive(Clone, Debug, PartialEq, DeriveEntityModel, Eq)]
    |                                   ----------------- variant or associated item `LineNo` not found for this enum
    |
help: there is a method `into` with a similar name
   --> /rustc/90b35a6239c3d8bdabc530a6a0816f7ff89a0aaf\library\core\src\convert\mod.rs:450:5

error[E0599]: `sea_orm::Select<purchase_receipt::Entity>` is not an iterator
  --> src\services\purchase_receipt_service.rs:38:14
   |
36 |           let count = purchase_receipt::Entity::find()
   |  _____________________-
37 | |             .filter(purchase_receipt::Column::ReceiptNo.starts_with(&prefix))
38 | |             .count(&*self.db)
   | |             -^^^^^ `sea_orm::Select<purchase_receipt::Entity>` is not an iterator
   | |_____________|
   |
   |
  ::: C:\Users\admin\.cargo\registry\src\index.crates.io-6f17d22bba15001f\sea-orm-1.1.19\src\query\select.rs:8:1
   |
8  |   pub struct Select<E>
   |   -------------------- doesn't satisfy `_: Iterator`
   |
   = note: the following trait bounds were not satisfied:
           `sea_orm::Select<purchase_receipt::Entity>: Iterator`
           which is required by `&mut sea_orm::Select<purchase_receipt::Entity>: Iterator`
   = help: items from traits can only be used if the trait is in scope
help: trait `PaginatorTrait` which provides `count` is implemented but not in scope; perhaps you want to import it
   |
6  + use sea_orm::PaginatorTrait;
   |

error[E0560]: struct `purchase_receipt_item::ActiveModel` has no field named `line_no`
  --> src\services\purchase_receipt_service.rs:91:17
   |
91 |                 line_no: Set(item_req.line_no),
   |                 ^^^^^^^ `purchase_receipt_item::ActiveModel` does not have this field
   |
   = note: available fields are: `id`, `product_id`, `unit_price_foreign`, `subtotal`, `tax_amount` ... and 6 others

error[E0560]: struct `purchase_receipt_item::ActiveModel` has no field named `material_id`
  --> src\services\purchase_receipt_service.rs:92:17
   |
92 |                 material_id: Set(item_req.material_id),
   |                 ^^^^^^^^^^^ `purchase_receipt_item::ActiveModel` does not have this field
   |
   = note: available fields are: `id`, `product_id`, `unit_price_foreign`, `subtotal`, `tax_amount` ... and 6 others

error[E0560]: struct `purchase_receipt_item::ActiveModel` has no field named `material_code`
  --> src\services\purchase_receipt_service.rs:93:17
   |
93 |                 material_code: Set(item_req.material_code),
   |                 ^^^^^^^^^^^^^ `purchase_receipt_item::ActiveModel` does not have this field
   |
   = note: available fields are: `id`, `product_id`, `unit_price_foreign`, `subtotal`, `tax_amount` ... and 6 others

error[E0560]: struct `purchase_receipt_item::ActiveModel` has no field named `material_name`
  --> src\services\purchase_receipt_service.rs:94:17
   |
94 |                 material_name: Set(item_req.material_name),
   |                 ^^^^^^^^^^^^^ `purchase_receipt_item::ActiveModel` does not have this field
   |
   = note: available fields are: `id`, `product_id`, `unit_price_foreign`, `subtotal`, `tax_amount` ... and 6 others

error[E0560]: struct `purchase_receipt_item::ActiveModel` has no field named `batch_no`
  --> src\services\purchase_receipt_service.rs:95:17
   |
95 |                 batch_no: Set(item_req.batch_no),
   |                 ^^^^^^^^ `purchase_receipt_item::ActiveModel` does not have this field
   |
   = note: available fields are: `id`, `product_id`, `unit_price_foreign`, `subtotal`, `tax_amount` ... and 6 others

error[E0560]: struct `purchase_receipt_item::ActiveModel` has no field named `color_code`
  --> src\services\purchase_receipt_service.rs:96:17
   |
96 |                 color_code: Set(item_req.color_code),
   |                 ^^^^^^^^^^ `purchase_receipt_item::ActiveModel` does not have this field
   |
   = note: available fields are: `id`, `product_id`, `unit_price_foreign`, `subtotal`, `tax_amount` ... and 6 others

error[E0560]: struct `purchase_receipt_item::ActiveModel` has no field named `lot_no`
  --> src\services\purchase_receipt_service.rs:97:17
   |
97 |                 lot_no: Set(item_req.lot_no),
   |                 ^^^^^^ `purchase_receipt_item::ActiveModel` does not have this field
   |
   = note: available fields are: `id`, `product_id`, `unit_price_foreign`, `subtotal`, `tax_amount` ... and 6 others

error[E0560]: struct `purchase_receipt_item::ActiveModel` has no field named `grade`
  --> src\services\purchase_receipt_service.rs:98:17
   |
98 |                 grade: Set(item_req.grade),
   |                 ^^^^^ `purchase_receipt_item::ActiveModel` does not have this field
   |
   = note: available fields are: `id`, `product_id`, `unit_price_foreign`, `subtotal`, `tax_amount` ... and 6 others

error[E0560]: struct `purchase_receipt_item::ActiveModel` has no field named `gram_weight`
  --> src\services\purchase_receipt_service.rs:99:17
   |
99 |                 gram_weight: Set(item_req.gram_weight),
   |                 ^^^^^^^^^^^ `purchase_receipt_item::ActiveModel` does not have this field
   |
   = note: available fields are: `id`, `product_id`, `unit_price_foreign`, `subtotal`, `tax_amount` ... and 6 others

error[E0560]: struct `purchase_receipt_item::ActiveModel` has no field named `width`
   --> src\services\purchase_receipt_service.rs:100:17
    |
100 |                 width: Set(item_req.width),
    |                 ^^^^^ `purchase_receipt_item::ActiveModel` does not have this field
    |
    = note: available fields are: `id`, `product_id`, `unit_price_foreign`, `subtotal`, `tax_amount` ... and 6 others

error[E0560]: struct `purchase_receipt_item::ActiveModel` has no field named `unit_master`
   --> src\services\purchase_receipt_service.rs:103:17
    |
103 |                 unit_master: Set(item_req.unit_master),
    |                 ^^^^^^^^^^^ `purchase_receipt_item::ActiveModel` does not have this field
    |
    = note: available fields are: `id`, `product_id`, `unit_price_foreign`, `subtotal`, `tax_amount` ... and 6 others

error[E0560]: struct `purchase_receipt_item::ActiveModel` has no field named `unit_alt`
   --> src\services\purchase_receipt_service.rs:104:17
    |
104 |                 unit_alt: Set(item_req.unit_alt),
    |                 ^^^^^^^^ `purchase_receipt_item::ActiveModel` does not have this field
    |
    = note: available fields are: `id`, `product_id`, `unit_price_foreign`, `subtotal`, `tax_amount` ... and 6 others

error[E0560]: struct `purchase_receipt_item::ActiveModel` has no field named `amount`
   --> src\services\purchase_receipt_service.rs:106:17
    |
106 |                 amount: Set(Some(amount)),
    |                 ^^^^^^ `purchase_receipt_item::ActiveModel` does not have this field
    |
    = note: available fields are: `id`, `product_id`, `unit_price_foreign`, `subtotal`, `tax_amount` ... and 6 others

error[E0560]: struct `purchase_receipt_item::ActiveModel` has no field named `location_code`
   --> src\services\purchase_receipt_service.rs:107:17
    |
107 |                 location_code: Set(item_req.location_code),
    |                 ^^^^^^^^^^^^^ `purchase_receipt_item::ActiveModel` does not have this field
    |
    = note: available fields are: `id`, `product_id`, `unit_price_foreign`, `subtotal`, `tax_amount` ... and 6 others

error[E0560]: struct `purchase_receipt_item::ActiveModel` has no field named `package_no`
   --> src\services\purchase_receipt_service.rs:108:17
    |
108 |                 package_no: Set(item_req.package_no),
    |                 ^^^^^^^^^^ `purchase_receipt_item::ActiveModel` does not have this field
    |
    = note: available fields are: `id`, `product_id`, `unit_price_foreign`, `subtotal`, `tax_amount` ... and 6 others

error[E0560]: struct `purchase_receipt_item::ActiveModel` has no field named `production_date`
   --> src\services\purchase_receipt_service.rs:109:17
    |
109 |                 production_date: Set(item_req.production_date),
    |                 ^^^^^^^^^^^^^^^ `purchase_receipt_item::ActiveModel` does not have this field
    |
    = note: available fields are: `id`, `product_id`, `unit_price_foreign`, `subtotal`, `tax_amount` ... and 6 others

error[E0560]: struct `purchase_receipt_item::ActiveModel` has no field named `shelf_life`
   --> src\services\purchase_receipt_service.rs:110:17
    |
110 |                 shelf_life: Set(item_req.shelf_life),
    |                 ^^^^^^^^^^ `purchase_receipt_item::ActiveModel` does not have this field
    |
    = note: available fields are: `id`, `product_id`, `unit_price_foreign`, `subtotal`, `tax_amount` ... and 6 others

error[E0599]: no variant or associated item named `PermissionDenied` found for enum `AppError` in the current scope
   --> src\services\purchase_receipt_service.rs:151:34
    |
151 |             return Err(AppError::PermissionDenied(
    |                                  ^^^^^^^^^^^^^^^^ variant or associated item not found in `AppError`
    |
   ::: src\utils\error.rs:16:1
    |
16  | pub enum AppError {
    | ----------------- variant or associated item `PermissionDenied` not found for this enum

error[E0599]: `sea_orm::Select<purchase_receipt_item::Entity>` is not an iterator
   --> src\services\purchase_receipt_service.rs:209:14
    |
207 |           let item_count = purchase_receipt_item::Entity::find()
    |  __________________________-
208 | |             .filter(purchase_receipt_item::Column::ReceiptId.eq(receipt_id))
209 | |             .count(&txn)
    | |             -^^^^^ `sea_orm::Select<purchase_receipt_item::Entity>` is not an iterator
    | |_____________|
    |
    |
   ::: C:\Users\admin\.cargo\registry\src\index.crates.io-6f17d22bba15001f\sea-orm-1.1.19\src\query\select.rs:8:1
    |
8   |   pub struct Select<E>
    |   -------------------- doesn't satisfy `_: Iterator`
    |
    = note: the following trait bounds were not satisfied:
            `sea_orm::Select<purchase_receipt_item::Entity>: Iterator`
            which is required by `&mut sea_orm::Select<purchase_receipt_item::Entity>: Iterator`
    = help: items from traits can only be used if the trait is in scope
help: trait `PaginatorTrait` which provides `count` is implemented but not in scope; perhaps you want to import it
    |
6   + use sea_orm::PaginatorTrait;
    |

error[E0599]: no variant or associated item named `PermissionDenied` found for enum `AppError` in the current scope
   --> src\services\purchase_receipt_service.rs:265:34
    |
265 |             return Err(AppError::PermissionDenied(
    |                                  ^^^^^^^^^^^^^^^^ variant or associated item not found in `AppError`
    |
   ::: src\utils\error.rs:16:1
    |
16  | pub enum AppError {
    | ----------------- variant or associated item `PermissionDenied` not found for this enum

error[E0560]: struct `purchase_receipt_item::ActiveModel` has no field named `line_no`
   --> src\services\purchase_receipt_service.rs:275:13
    |
275 |             line_no: Set(req.line_no),
    |             ^^^^^^^ `purchase_receipt_item::ActiveModel` does not have this field
    |
    = note: available fields are: `id`, `product_id`, `unit_price_foreign`, `subtotal`, `tax_amount` ... and 6 others

error[E0560]: struct `purchase_receipt_item::ActiveModel` has no field named `material_id`
   --> src\services\purchase_receipt_service.rs:276:13
    |
276 |             material_id: Set(req.material_id),
    |             ^^^^^^^^^^^ `purchase_receipt_item::ActiveModel` does not have this field
    |
    = note: available fields are: `id`, `product_id`, `unit_price_foreign`, `subtotal`, `tax_amount` ... and 6 others

error[E0560]: struct `purchase_receipt_item::ActiveModel` has no field named `material_code`
   --> src\services\purchase_receipt_service.rs:277:13
    |
277 |             material_code: Set(req.material_code),
    |             ^^^^^^^^^^^^^ `purchase_receipt_item::ActiveModel` does not have this field
    |
    = note: available fields are: `id`, `product_id`, `unit_price_foreign`, `subtotal`, `tax_amount` ... and 6 others

error[E0560]: struct `purchase_receipt_item::ActiveModel` has no field named `material_name`
   --> src\services\purchase_receipt_service.rs:278:13
    |
278 |             material_name: Set(req.material_name),
    |             ^^^^^^^^^^^^^ `purchase_receipt_item::ActiveModel` does not have this field
    |
    = note: available fields are: `id`, `product_id`, `unit_price_foreign`, `subtotal`, `tax_amount` ... and 6 others

error[E0560]: struct `purchase_receipt_item::ActiveModel` has no field named `batch_no`
   --> src\services\purchase_receipt_service.rs:279:13
    |
279 |             batch_no: Set(req.batch_no),
    |             ^^^^^^^^ `purchase_receipt_item::ActiveModel` does not have this field
    |
    = note: available fields are: `id`, `product_id`, `unit_price_foreign`, `subtotal`, `tax_amount` ... and 6 others

error[E0560]: struct `purchase_receipt_item::ActiveModel` has no field named `color_code`
   --> src\services\purchase_receipt_service.rs:280:13
    |
280 |             color_code: Set(req.color_code),
    |             ^^^^^^^^^^ `purchase_receipt_item::ActiveModel` does not have this field
    |
    = note: available fields are: `id`, `product_id`, `unit_price_foreign`, `subtotal`, `tax_amount` ... and 6 others

error[E0560]: struct `purchase_receipt_item::ActiveModel` has no field named `lot_no`
   --> src\services\purchase_receipt_service.rs:281:13
    |
281 |             lot_no: Set(req.lot_no),
    |             ^^^^^^ `purchase_receipt_item::ActiveModel` does not have this field
    |
    = note: available fields are: `id`, `product_id`, `unit_price_foreign`, `subtotal`, `tax_amount` ... and 6 others

error[E0560]: struct `purchase_receipt_item::ActiveModel` has no field named `grade`
   --> src\services\purchase_receipt_service.rs:282:13
    |
282 |             grade: Set(req.grade),
    |             ^^^^^ `purchase_receipt_item::ActiveModel` does not have this field
    |
    = note: available fields are: `id`, `product_id`, `unit_price_foreign`, `subtotal`, `tax_amount` ... and 6 others

error[E0560]: struct `purchase_receipt_item::ActiveModel` has no field named `gram_weight`
   --> src\services\purchase_receipt_service.rs:283:13
    |
283 |             gram_weight: Set(req.gram_weight),
    |             ^^^^^^^^^^^ `purchase_receipt_item::ActiveModel` does not have this field
    |
    = note: available fields are: `id`, `product_id`, `unit_price_foreign`, `subtotal`, `tax_amount` ... and 6 others

error[E0560]: struct `purchase_receipt_item::ActiveModel` has no field named `width`
   --> src\services\purchase_receipt_service.rs:284:13
    |
284 |             width: Set(req.width),
    |             ^^^^^ `purchase_receipt_item::ActiveModel` does not have this field
    |
    = note: available fields are: `id`, `product_id`, `unit_price_foreign`, `subtotal`, `tax_amount` ... and 6 others

error[E0560]: struct `purchase_receipt_item::ActiveModel` has no field named `unit_master`
   --> src\services\purchase_receipt_service.rs:287:13
    |
287 |             unit_master: Set(req.unit_master),
    |             ^^^^^^^^^^^ `purchase_receipt_item::ActiveModel` does not have this field
    |
    = note: available fields are: `id`, `product_id`, `unit_price_foreign`, `subtotal`, `tax_amount` ... and 6 others

error[E0560]: struct `purchase_receipt_item::ActiveModel` has no field named `unit_alt`
   --> src\services\purchase_receipt_service.rs:288:13
    |
288 |             unit_alt: Set(req.unit_alt),
    |             ^^^^^^^^ `purchase_receipt_item::ActiveModel` does not have this field
    |
    = note: available fields are: `id`, `product_id`, `unit_price_foreign`, `subtotal`, `tax_amount` ... and 6 others

error[E0560]: struct `purchase_receipt_item::ActiveModel` has no field named `amount`
   --> src\services\purchase_receipt_service.rs:290:13
    |
290 |             amount: Set(Some(amount)),
    |             ^^^^^^ `purchase_receipt_item::ActiveModel` does not have this field
    |
    = note: available fields are: `id`, `product_id`, `unit_price_foreign`, `subtotal`, `tax_amount` ... and 6 others

error[E0560]: struct `purchase_receipt_item::ActiveModel` has no field named `location_code`
   --> src\services\purchase_receipt_service.rs:291:13
    |
291 |             location_code: Set(req.location_code),
    |             ^^^^^^^^^^^^^ `purchase_receipt_item::ActiveModel` does not have this field
    |
    = note: available fields are: `id`, `product_id`, `unit_price_foreign`, `subtotal`, `tax_amount` ... and 6 others

error[E0560]: struct `purchase_receipt_item::ActiveModel` has no field named `package_no`
   --> src\services\purchase_receipt_service.rs:292:13
    |
292 |             package_no: Set(req.package_no),
    |             ^^^^^^^^^^ `purchase_receipt_item::ActiveModel` does not have this field
    |
    = note: available fields are: `id`, `product_id`, `unit_price_foreign`, `subtotal`, `tax_amount` ... and 6 others

error[E0560]: struct `purchase_receipt_item::ActiveModel` has no field named `production_date`
   --> src\services\purchase_receipt_service.rs:293:13
    |
293 |             production_date: Set(req.production_date),
    |             ^^^^^^^^^^^^^^^ `purchase_receipt_item::ActiveModel` does not have this field
    |
    = note: available fields are: `id`, `product_id`, `unit_price_foreign`, `subtotal`, `tax_amount` ... and 6 others

error[E0560]: struct `purchase_receipt_item::ActiveModel` has no field named `shelf_life`
   --> src\services\purchase_receipt_service.rs:294:13
    |
294 |             shelf_life: Set(req.shelf_life),
    |             ^^^^^^^^^^ `purchase_receipt_item::ActiveModel` does not have this field
    |
    = note: available fields are: `id`, `product_id`, `unit_price_foreign`, `subtotal`, `tax_amount` ... and 6 others

error[E0599]: no variant or associated item named `PermissionDenied` found for enum `AppError` in the current scope
   --> src\services\purchase_receipt_service.rs:333:34
    |
333 |             return Err(AppError::PermissionDenied(
    |                                  ^^^^^^^^^^^^^^^^ variant or associated item not found in `AppError`
    |
   ::: src\utils\error.rs:16:1
    |
16  | pub enum AppError {
    | ----------------- variant or associated item `PermissionDenied` not found for this enum

error[E0609]: no field `receipt_id` on type `purchase_receipt::Model`
   --> src\services\purchase_receipt_service.rs:390:46
    |
390 |         self.calculate_receipt_total(receipt.receipt_id).await?;
    |                                              ^^^^^^^^^^ unknown field
    |
help: a field with a similar name exists
    |
390 |         self.calculate_receipt_total(receipt.receipt_no).await?;
    |                                              ~~~~~~~~~~

error[E0599]: no variant or associated item named `LineNo` found for enum `purchase_receipt_item::Column` in the current scope
   --> src\services\purchase_receipt_service.rs:533:58
    |
533 |             .order_by_asc(purchase_receipt_item::Column::LineNo)
    |                                                          ^^^^^^ variant or associated item not found in `Column`
    |
   ::: src\models\purchase_receipt_item.rs:19:35
    |
19  | #[derive(Clone, Debug, PartialEq, DeriveEntityModel, Eq)]
    |                                   ----------------- variant or associated item `LineNo` not found for this enum
    |
help: there is a method `into` with a similar name
   --> /rustc/90b35a6239c3d8bdabc530a6a0816f7ff89a0aaf\library\core\src\convert\mod.rs:450:5

warning: unused variable: `receipt_id`
   --> src\services\purchase_receipt_service.rs:543:9
    |
543 |         receipt_id: i32,
    |         ^^^^^^^^^^ help: if this is intentional, prefix it with an underscore: `_receipt_id`

warning: unused variable: `txn`
   --> src\services\purchase_receipt_service.rs:544:9
    |
544 |         txn: &sea_orm::DatabaseTransaction,
    |         ^^^ help: if this is intentional, prefix it with an underscore: `_txn`

error[E0061]: this enum variant takes 1 argument but 2 arguments were supplied
  --> src\services\ap_invoice_service.rs:56:20
   |
56 |             .ok_or(AppError::ResourceNotFound(
   |                    ^^^^^^^^^^^^^^^^^^^^^^^^^^
57 |                 "閲囪喘鍏ュ簱鍗?.to_string(),
58 |                 receipt_id,
   |                 ---------- unexpected argument #2 of type `i32`
   |
note: tuple variant defined here
  --> src\utils\error.rs:20:5
   |
20 |     ResourceNotFound(String),
   |     ^^^^^^^^^^^^^^^^
help: remove the extra argument
   |
57 -                 "閲囪喘鍏ュ簱鍗?.to_string(),
58 -                 receipt_id,
57 +                 "閲囪喘鍏ュ簱鍗?.to_string(),
   |

error[E0277]: the trait bound `(): From<i32>` is not satisfied
   --> src\services\ap_invoice_service.rs:75:68
    |
75  |         let supplier = crate::models::supplier::Entity::find_by_id(receipt.supplier_id)
    |                        ------------------------------------------- ^^^^^^^^^^^^^^^^^^^ the trait `From<i32>` is not implemented for `()`, which
 is required by `i32: Into<()>`
    |                        |
    |                        required by a bound introduced by this call
    |
    = help: the following other types implement trait `From<T>`:
              `(T, T)` implements `From<[T; 2]>`
              `(T, T, T)` implements `From<[T; 3]>`
              `(T, T, T, T)` implements `From<[T; 4]>`
              `(T, T, T, T, T)` implements `From<[T; 5]>`
              `(T, T, T, T, T, T)` implements `From<[T; 6]>`
              `(T, T, T, T, T, T, T)` implements `From<[T; 7]>`
              `(T, T, T, T, T, T, T, T)` implements `From<[T; 8]>`
              `(T, T, T, T, T, T, T, T, T)` implements `From<[T; 9]>`
            and 6 others
    = note: required for `i32` to implement `Into<()>`
note: required by a bound in `find_by_id`
   --> C:\Users\admin\.cargo\registry\src\index.crates.io-6f17d22bba15001f\sea-orm-1.1.19\src\entity\base_entity.rs:273:12
    |
271 |     fn find_by_id<T>(values: T) -> Select<Self>
    |        ---------- required by a bound in this associated function
272 |     where
273 |         T: Into<<Self::PrimaryKey as PrimaryKeyTrait>::ValueType>,
    |            ^^^^^^^^^^^^^^^^^^^^^^^^^^^^^^^^^^^^^^^^^^^^^^^^^^^^^^ required by this bound in `EntityTrait::find_by_id`

error[E0061]: this enum variant takes 1 argument but 2 arguments were supplied
  --> src\services\ap_invoice_service.rs:78:20
   |
78 |             .ok_or(AppError::ResourceNotFound(
   |                    ^^^^^^^^^^^^^^^^^^^^^^^^^^
79 |                 "渚涘簲鍟?.to_string(),
80 |                 receipt.supplier_id,
   |                 ------------------- unexpected argument #2 of type `i32`
   |
note: tuple variant defined here
  --> src\utils\error.rs:20:5
   |
20 |     ResourceNotFound(String),
   |     ^^^^^^^^^^^^^^^^
help: remove the extra argument
   |
79 -                 "渚涘簲鍟?.to_string(),
80 -                 receipt.supplier_id,
79 +                 "渚涘簲鍟?.to_string(),
   |

error[E0609]: no field `payment_terms` on type `supplier::Model`
  --> src\services\ap_invoice_service.rs:83:38
   |
83 |         let payment_terms = supplier.payment_terms.unwrap_or(30);
   |                                      ^^^^^^^^^^^^^ unknown field
   |
   = note: available fields are: `id`, `supplier_code`, `supplier_name`, `supplier_short_name`, `supplier_type` ... and 31 others

error[E0609]: no field `currency` on type `purchase_receipt::Model`
   --> src\services\ap_invoice_service.rs:103:35
    |
103 |             currency: Set(receipt.currency.clone().unwrap_or_else(|| "CNY".to_string())),
    |                                   ^^^^^^^^ unknown field
    |
    = note: available fields are: `id`, `receipt_no`, `order_id`, `supplier_id`, `receipt_date` ... and 17 others

error[E0609]: no field `exchange_rate` on type `purchase_receipt::Model`
   --> src\services\ap_invoice_service.rs:104:40
    |
104 |             exchange_rate: Set(receipt.exchange_rate),
    |                                        ^^^^^^^^^^^^^ unknown field
    |
    = note: available fields are: `id`, `receipt_no`, `order_id`, `supplier_id`, `receipt_date` ... and 17 others

error[E0061]: this enum variant takes 1 argument but 2 arguments were supplied
   --> src\services\ap_invoice_service.rs:127:20
    |
127 |             .ok_or(AppError::ResourceNotFound(
    |                    ^^^^^^^^^^^^^^^^^^^^^^^^^^
128 |                 "閲囪喘閫€璐у崟".to_string(),
129 |                 return_id,
    |                 --------- unexpected argument #2 of type `i32`
    |
note: tuple variant defined here
   --> src\utils\error.rs:20:5
    |
20  |     ResourceNotFound(String),
    |     ^^^^^^^^^^^^^^^^
help: remove the extra argument
    |
128 -                 "閲囪喘閫€璐у崟".to_string(),
129 -                 return_id,
128 +                 "閲囪喘閫€璐у崟".to_string(),
    |

error[E0061]: this enum variant takes 1 argument but 2 arguments were supplied
   --> src\services\ap_invoice_service.rs:231:20
    |
231 |             .ok_or(AppError::ResourceNotFound(
    |                    ^^^^^^^^^^^^^^^^^^^^^^^^^^
232 |                 "搴斾粯鍗?.to_string(),
233 |                 id,
    |                 -- unexpected argument #2 of type `i32`
    |
note: tuple variant defined here
   --> src\utils\error.rs:20:5
    |
20  |     ResourceNotFound(String),
    |     ^^^^^^^^^^^^^^^^
help: remove the extra argument
    |
232 -                 "搴斾粯鍗?.to_string(),
233 -                 id,
232 +                 "搴斾粯鍗?.to_string(),
    |

error[E0061]: this enum variant takes 1 argument but 2 arguments were supplied
   --> src\services\ap_invoice_service.rs:286:20
    |
286 |             .ok_or(AppError::ResourceNotFound(
    |                    ^^^^^^^^^^^^^^^^^^^^^^^^^^
287 |                 "搴斾粯鍗?.to_string(),
288 |                 id,
    |                 -- unexpected argument #2 of type `i32`
    |
note: tuple variant defined here
   --> src\utils\error.rs:20:5
    |
20  |     ResourceNotFound(String),
    |     ^^^^^^^^^^^^^^^^
help: remove the extra argument
    |
287 -                 "搴斾粯鍗?.to_string(),
288 -                 id,
287 +                 "搴斾粯鍗?.to_string(),
    |

error[E0061]: this enum variant takes 1 argument but 2 arguments were supplied
   --> src\services\ap_invoice_service.rs:319:20
    |
319 |             .ok_or(AppError::ResourceNotFound(
    |                    ^^^^^^^^^^^^^^^^^^^^^^^^^^
320 |                 "搴斾粯鍗?.to_string(),
321 |                 id,
    |                 -- unexpected argument #2 of type `i32`
    |
note: tuple variant defined here
   --> src\utils\error.rs:20:5
    |
20  |     ResourceNotFound(String),
    |     ^^^^^^^^^^^^^^^^
help: remove the extra argument
    |
320 -                 "搴斾粯鍗?.to_string(),
321 -                 id,
320 +                 "搴斾粯鍗?.to_string(),
    |

error[E0061]: this enum variant takes 1 argument but 2 arguments were supplied
   --> src\services\ap_invoice_service.rs:357:20
    |
357 |             .ok_or(AppError::ResourceNotFound(
    |                    ^^^^^^^^^^^^^^^^^^^^^^^^^^
358 |                 "搴斾粯鍗?.to_string(),
359 |                 id,
    |                 -- unexpected argument #2 of type `i32`
    |
note: tuple variant defined here
   --> src\utils\error.rs:20:5
    |
20  |     ResourceNotFound(String),
    |     ^^^^^^^^^^^^^^^^
help: remove the extra argument
    |
358 -                 "搴斾粯鍗?.to_string(),
359 -                 id,
358 +                 "搴斾粯鍗?.to_string(),
    |

error[E0061]: this enum variant takes 1 argument but 2 arguments were supplied
   --> src\services\ap_invoice_service.rs:395:20
    |
395 |             .ok_or(AppError::ResourceNotFound(
    |                    ^^^^^^^^^^^^^^^^^^^^^^^^^^
396 |                 "搴斾粯鍗?.to_string(),
397 |                 id,
    |                 -- unexpected argument #2 of type `i32`
    |
note: tuple variant defined here
   --> src\utils\error.rs:20:5
    |
20  |     ResourceNotFound(String),
    |     ^^^^^^^^^^^^^^^^
help: remove the extra argument
    |
396 -                 "搴斾粯鍗?.to_string(),
397 -                 id,
396 +                 "搴斾粯鍗?.to_string(),
    |

error[E0061]: this method takes 2 arguments but 3 arguments were supplied
   --> src\services\ap_invoice_service.rs:436:14
    |
436 |             .paginate(&*self.db, page, page_size);
    |              ^^^^^^^^                  --------- unexpected argument #3 of type `u64`
    |
note: method defined here
   --> C:\Users\admin\.cargo\registry\src\index.crates.io-6f17d22bba15001f\sea-orm-1.1.19\src\executor\paginator.rs:219:8
    |
219 |     fn paginate(self, db: &'db C, page_size: u64) -> Paginator<'db, C, Self::Selector>;
    |        ^^^^^^^^
help: remove the extra argument
    |
436 -             .paginate(&*self.db, page, page_size);
436 +             .paginate(&*self.db, page);
    |

error[E0599]: no method named `num_days` found for struct `NaiveDate` in the current scope
   --> src\services\ap_invoice_service.rs:468:44
    |
468 |                 (today - invoice.due_date).num_days() as i32
    |                                            ^^^^^^^^
    |
help: there is a method `num_days_from_ce` with a similar name
    |
468 |                 (today - invoice.due_date).num_days_from_ce() as i32
    |                                            ~~~~~~~~~~~~~~~~

error[E0061]: this enum variant takes 1 argument but 2 arguments were supplied
  --> src\services\ap_payment_request_service.rs:60:24
   |
60 |                 .ok_or(AppError::ResourceNotFound(
   |                        ^^^^^^^^^^^^^^^^^^^^^^^^^^
61 |                     "搴斾粯鍗?.to_string(),
62 |                     item.invoice_id,
   |                     --------------- unexpected argument #2 of type `i32`
   |
note: tuple variant defined here
  --> src\utils\error.rs:20:5
   |
20 |     ResourceNotFound(String),
   |     ^^^^^^^^^^^^^^^^
help: remove the extra argument
   |
61 -                     "搴斾粯鍗?.to_string(),
62 -                     item.invoice_id,
61 +                     "搴斾粯鍗?.to_string(),
   |

error[E0061]: this enum variant takes 1 argument but 2 arguments were supplied
   --> src\services\ap_payment_request_service.rs:132:20
    |
132 |             .ok_or(AppError::ResourceNotFound(
    |                    ^^^^^^^^^^^^^^^^^^^^^^^^^^
133 |                 "浠樻鐢宠".to_string(),
134 |                 id,
    |                 -- unexpected argument #2 of type `i32`
    |
note: tuple variant defined here
   --> src\utils\error.rs:20:5
    |
20  |     ResourceNotFound(String),
    |     ^^^^^^^^^^^^^^^^
help: remove the extra argument
    |
133 -                 "浠樻鐢宠".to_string(),
134 -                 id,
133 +                 "浠樻鐢宠".to_string(),
    |

error[E0061]: this enum variant takes 1 argument but 2 arguments were supplied
   --> src\services\ap_payment_request_service.rs:195:20
    |
195 |             .ok_or(AppError::ResourceNotFound(
    |                    ^^^^^^^^^^^^^^^^^^^^^^^^^^
196 |                 "浠樻鐢宠".to_string(),
197 |                 id,
    |                 -- unexpected argument #2 of type `i32`
    |
note: tuple variant defined here
   --> src\utils\error.rs:20:5
    |
20  |     ResourceNotFound(String),
    |     ^^^^^^^^^^^^^^^^
help: remove the extra argument
    |
196 -                 "浠樻鐢宠".to_string(),
197 -                 id,
196 +                 "浠樻鐢宠".to_string(),
    |

error[E0061]: this enum variant takes 1 argument but 2 arguments were supplied
   --> src\services\ap_payment_request_service.rs:228:20
    |
228 |             .ok_or(AppError::ResourceNotFound(
    |                    ^^^^^^^^^^^^^^^^^^^^^^^^^^
229 |                 "浠樻鐢宠".to_string(),
230 |                 id,
    |                 -- unexpected argument #2 of type `i32`
    |
note: tuple variant defined here
   --> src\utils\error.rs:20:5
    |
20  |     ResourceNotFound(String),
    |     ^^^^^^^^^^^^^^^^
help: remove the extra argument
    |
229 -                 "浠樻鐢宠".to_string(),
230 -                 id,
229 +                 "浠樻鐢宠".to_string(),
    |

error[E0061]: this enum variant takes 1 argument but 2 arguments were supplied
   --> src\services\ap_payment_request_service.rs:273:20
    |
273 |             .ok_or(AppError::ResourceNotFound(
    |                    ^^^^^^^^^^^^^^^^^^^^^^^^^^
274 |                 "浠樻鐢宠".to_string(),
275 |                 id,
    |                 -- unexpected argument #2 of type `i32`
    |
note: tuple variant defined here
   --> src\utils\error.rs:20:5
    |
20  |     ResourceNotFound(String),
    |     ^^^^^^^^^^^^^^^^
help: remove the extra argument
    |
274 -                 "浠樻鐢宠".to_string(),
275 -                 id,
274 +                 "浠樻鐢宠".to_string(),
    |

error[E0061]: this enum variant takes 1 argument but 2 arguments were supplied
   --> src\services\ap_payment_request_service.rs:314:20
    |
314 |             .ok_or(AppError::ResourceNotFound(
    |                    ^^^^^^^^^^^^^^^^^^^^^^^^^^
315 |                 "浠樻鐢宠".to_string(),
316 |                 id,
    |                 -- unexpected argument #2 of type `i32`
    |
note: tuple variant defined here
   --> src\utils\error.rs:20:5
    |
20  |     ResourceNotFound(String),
    |     ^^^^^^^^^^^^^^^^
help: remove the extra argument
    |
315 -                 "浠樻鐢宠".to_string(),
316 -                 id,
315 +                 "浠樻鐢宠".to_string(),
    |

error[E0061]: this enum variant takes 1 argument but 2 arguments were supplied
   --> src\services\ap_payment_request_service.rs:345:20
    |
345 |             .ok_or(AppError::ResourceNotFound(
    |                    ^^^^^^^^^^^^^^^^^^^^^^^^^^
346 |                 "浠樻鐢宠".to_string(),
347 |                 id,
    |                 -- unexpected argument #2 of type `i32`
    |
note: tuple variant defined here
   --> src\utils\error.rs:20:5
    |
20  |     ResourceNotFound(String),
    |     ^^^^^^^^^^^^^^^^
help: remove the extra argument
    |
346 -                 "浠樻鐢宠".to_string(),
347 -                 id,
346 +                 "浠樻鐢宠".to_string(),
    |

error[E0061]: this method takes 2 arguments but 3 arguments were supplied
   --> src\services\ap_payment_request_service.rs:386:14
    |
386 |             .paginate(&*self.db, page, page_size);
    |              ^^^^^^^^                  --------- unexpected argument #3 of type `u64`
    |
note: method defined here
   --> C:\Users\admin\.cargo\registry\src\index.crates.io-6f17d22bba15001f\sea-orm-1.1.19\src\executor\paginator.rs:219:8
    |
219 |     fn paginate(self, db: &'db C, page_size: u64) -> Paginator<'db, C, Self::Selector>;
    |        ^^^^^^^^
help: remove the extra argument
    |
386 -             .paginate(&*self.db, page, page_size);
386 +             .paginate(&*self.db, page);
    |

error[E0061]: this enum variant takes 1 argument but 2 arguments were supplied
   --> src\services\ap_payment_request_service.rs:404:20
    |
404 |             .ok_or(AppError::ResourceNotFound(
    |                    ^^^^^^^^^^^^^^^^^^^^^^^^^^
405 |                 "鐢ㄦ埛".to_string(),
406 |                 user_id,
    |                 ------- unexpected argument #2 of type `i32`
    |
note: tuple variant defined here
   --> src\utils\error.rs:20:5
    |
20  |     ResourceNotFound(String),
    |     ^^^^^^^^^^^^^^^^
help: remove the extra argument
    |
405 -                 "鐢ㄦ埛".to_string(),
406 -                 user_id,
405 +                 "鐢ㄦ埛".to_string(),
    |

error[E0609]: no field `role` on type `user::Model`
   --> src\services\ap_payment_request_service.rs:411:30
    |
411 |         let user_role = user.role.clone().unwrap_or_default();
    |                              ^^^^ unknown field
    |
    = note: available fields are: `id`, `username`, `password_hash`, `email`, `phone` ... and 6 others

error[E0599]: no variant or associated item named `PermissionDenied` found for enum `AppError` in the current scope
   --> src\services\ap_payment_request_service.rs:417:38
    |
417 |                 return Err(AppError::PermissionDenied(
    |                                      ^^^^^^^^^^^^^^^^ variant or associated item not found in `AppError`
    |
   ::: src\utils\error.rs:16:1
    |
16  | pub enum AppError {
    | ----------------- variant or associated item `PermissionDenied` not found for this enum

error[E0599]: no variant or associated item named `PermissionDenied` found for enum `AppError` in the current scope
   --> src\services\ap_payment_request_service.rs:424:38
    |
424 |                 return Err(AppError::PermissionDenied(
    |                                      ^^^^^^^^^^^^^^^^ variant or associated item not found in `AppError`
    |
   ::: src\utils\error.rs:16:1
    |
16  | pub enum AppError {
    | ----------------- variant or associated item `PermissionDenied` not found for this enum

error[E0599]: no variant or associated item named `PermissionDenied` found for enum `AppError` in the current scope
   --> src\services\ap_payment_request_service.rs:431:38
    |
431 |                 return Err(AppError::PermissionDenied(
    |                                      ^^^^^^^^^^^^^^^^ variant or associated item not found in `AppError`
    |
   ::: src\utils\error.rs:16:1
    |
16  | pub enum AppError {
    | ----------------- variant or associated item `PermissionDenied` not found for this enum

error[E0061]: this enum variant takes 1 argument but 2 arguments were supplied
  --> src\services\ap_payment_service.rs:59:20
   |
59 |             .ok_or(AppError::ResourceNotFound(
   |                    ^^^^^^^^^^^^^^^^^^^^^^^^^^
60 |                 "浠樻鐢宠".to_string(),
61 |                 req.request_id,
   |                 -------------- unexpected argument #2 of type `i32`
   |
note: tuple variant defined here
  --> src\utils\error.rs:20:5
   |
20 |     ResourceNotFound(String),
   |     ^^^^^^^^^^^^^^^^
help: remove the extra argument
   |
60 -                 "浠樻鐢宠".to_string(),
61 -                 req.request_id,
60 +                 "浠樻鐢宠".to_string(),
   |

error[E0560]: struct `ap_payment::ActiveModel` has no field named `bank_account_name`
  --> src\services\ap_payment_service.rs:95:13
   |
95 |             bank_account_name: Set(request.bank_account_name.clone()),
   |             ^^^^^^^^^^^^^^^^^ `ap_payment::ActiveModel` does not have this field
   |
   = note: available fields are: `id`, `payment_amount_foreign`, `transaction_no`, `created_at`, `updated_by` ... and 3 others

error[E0061]: this enum variant takes 1 argument but 2 arguments were supplied
   --> src\services\ap_payment_service.rs:120:20
    |
120 |             .ok_or(AppError::ResourceNotFound(
    |                    ^^^^^^^^^^^^^^^^^^^^^^^^^^
121 |                 "浠樻鍗?.to_string(),
122 |                 id,
    |                 -- unexpected argument #2 of type `i32`
    |
note: tuple variant defined here
   --> src\utils\error.rs:20:5
    |
20  |     ResourceNotFound(String),
    |     ^^^^^^^^^^^^^^^^
help: remove the extra argument
    |
121 -                 "浠樻鍗?.to_string(),
122 -                 id,
121 +                 "浠樻鍗?.to_string(),
    |

error[E0061]: this enum variant takes 1 argument but 2 arguments were supplied
   --> src\services\ap_payment_service.rs:174:20
    |
174 |             .ok_or(AppError::ResourceNotFound(
    |                    ^^^^^^^^^^^^^^^^^^^^^^^^^^
175 |                 "浠樻鍗?.to_string(),
176 |                 id,
    |                 -- unexpected argument #2 of type `i32`
    |
note: tuple variant defined here
   --> src\utils\error.rs:20:5
    |
20  |     ResourceNotFound(String),
    |     ^^^^^^^^^^^^^^^^
help: remove the extra argument
    |
175 -                 "浠樻鍗?.to_string(),
176 -                 id,
175 +                 "浠樻鍗?.to_string(),
    |

error[E0061]: this enum variant takes 1 argument but 2 arguments were supplied
   --> src\services\ap_payment_service.rs:252:20
    |
252 |             .ok_or(AppError::ResourceNotFound(
    |                    ^^^^^^^^^^^^^^^^^^^^^^^^^^
253 |                 "浠樻鍗?.to_string(),
254 |                 id,
    |                 -- unexpected argument #2 of type `i32`
    |
note: tuple variant defined here
   --> src\utils\error.rs:20:5
    |
20  |     ResourceNotFound(String),
    |     ^^^^^^^^^^^^^^^^
help: remove the extra argument
    |
253 -                 "浠樻鍗?.to_string(),
254 -                 id,
253 +                 "浠樻鍗?.to_string(),
    |

error[E0061]: this method takes 2 arguments but 3 arguments were supplied
   --> src\services\ap_payment_service.rs:293:14
    |
293 |             .paginate(&*self.db, page, page_size);
    |              ^^^^^^^^                  --------- unexpected argument #3 of type `u64`
    |
note: method defined here
   --> C:\Users\admin\.cargo\registry\src\index.crates.io-6f17d22bba15001f\sea-orm-1.1.19\src\executor\paginator.rs:219:8
    |
219 |     fn paginate(self, db: &'db C, page_size: u64) -> Paginator<'db, C, Self::Selector>;
    |        ^^^^^^^^
help: remove the extra argument
    |
293 -             .paginate(&*self.db, page, page_size);
293 +             .paginate(&*self.db, page);
    |

error[E0599]: no method named `in_` found for enum `ap_verification_item::Column` in the current scope
  --> src\services\ap_verification_service.rs:70:61
   |
70 |             .filter(ap_verification_item::Column::PaymentId.in_(
   |                     ----------------------------------------^^^ method not found in `Column`
   |
  ::: src\models\ap_verification_item.rs:11:35
   |
11 | #[derive(Clone, Debug, PartialEq, DeriveEntityModel, Eq, Serialize, Deserialize)]
   |                                   ----------------- method `in_` not found for this enum

error[E0061]: this enum variant takes 1 argument but 2 arguments were supplied
   --> src\services\ap_verification_service.rs:201:24
    |
201 |                 .ok_or(AppError::ResourceNotFound(
    |                        ^^^^^^^^^^^^^^^^^^^^^^^^^^
202 |                     "搴斾粯鍗?.to_string(),
203 |                     item.invoice_id,
    |                     --------------- unexpected argument #2 of type `i32`
    |
note: tuple variant defined here
   --> src\utils\error.rs:20:5
    |
20  |     ResourceNotFound(String),
    |     ^^^^^^^^^^^^^^^^
help: remove the extra argument
    |
202 -                     "搴斾粯鍗?.to_string(),
203 -                     item.invoice_id,
202 +                     "搴斾粯鍗?.to_string(),
    |

error[E0061]: this enum variant takes 1 argument but 2 arguments were supplied
   --> src\services\ap_verification_service.rs:217:24
    |
217 |                 .ok_or(AppError::ResourceNotFound(
    |                        ^^^^^^^^^^^^^^^^^^^^^^^^^^
218 |                     "浠樻鍗?.to_string(),
219 |                     item.payment_id,
    |                     --------------- unexpected argument #2 of type `i32`
    |
note: tuple variant defined here
   --> src\utils\error.rs:20:5
    |
20  |     ResourceNotFound(String),
    |     ^^^^^^^^^^^^^^^^
help: remove the extra argument
    |
218 -                     "浠樻鍗?.to_string(),
219 -                     item.payment_id,
218 +                     "浠樻鍗?.to_string(),
    |

error[E0061]: this enum variant takes 1 argument but 2 arguments were supplied
   --> src\services\ap_verification_service.rs:296:20
    |
296 |             .ok_or(AppError::ResourceNotFound(
    |                    ^^^^^^^^^^^^^^^^^^^^^^^^^^
297 |                 "鏍搁攢鍗?.to_string(),
298 |                 id,
    |                 -- unexpected argument #2 of type `i32`
    |
note: tuple variant defined here
   --> src\utils\error.rs:20:5
    |
20  |     ResourceNotFound(String),
    |     ^^^^^^^^^^^^^^^^
help: remove the extra argument
    |
297 -                 "鏍搁攢鍗?.to_string(),
298 -                 id,
297 +                 "鏍搁攢鍗?.to_string(),
    |

error[E0061]: this enum variant takes 1 argument but 2 arguments were supplied
   --> src\services\ap_verification_service.rs:354:20
    |
354 |             .ok_or(AppError::ResourceNotFound(
    |                    ^^^^^^^^^^^^^^^^^^^^^^^^^^
355 |                 "鏍搁攢鍗?.to_string(),
356 |                 id,
    |                 -- unexpected argument #2 of type `i32`
    |
note: tuple variant defined here
   --> src\utils\error.rs:20:5
    |
20  |     ResourceNotFound(String),
    |     ^^^^^^^^^^^^^^^^
help: remove the extra argument
    |
355 -                 "鏍搁攢鍗?.to_string(),
356 -                 id,
355 +                 "鏍搁攢鍗?.to_string(),
    |

error[E0061]: this method takes 2 arguments but 3 arguments were supplied
   --> src\services\ap_verification_service.rs:391:14
    |
391 |             .paginate(&*self.db, page, page_size);
    |              ^^^^^^^^                  --------- unexpected argument #3 of type `u64`
    |
note: method defined here
   --> C:\Users\admin\.cargo\registry\src\index.crates.io-6f17d22bba15001f\sea-orm-1.1.19\src\executor\paginator.rs:219:8
    |
219 |     fn paginate(self, db: &'db C, page_size: u64) -> Paginator<'db, C, Self::Selector>;
    |        ^^^^^^^^
help: remove the extra argument
    |
391 -             .paginate(&*self.db, page, page_size);
391 +             .paginate(&*self.db, page);
    |

error[E0061]: this enum variant takes 1 argument but 2 arguments were supplied
   --> src\services\ap_reconciliation_service.rs:130:20
    |
130 |             .ok_or(AppError::ResourceNotFound(
    |                    ^^^^^^^^^^^^^^^^^^^^^^^^^^
131 |                 "瀵硅处鍗?.to_string(),
132 |                 id,
    |                 -- unexpected argument #2 of type `i32`
    |
note: tuple variant defined here
   --> src\utils\error.rs:20:5
    |
20  |     ResourceNotFound(String),
    |     ^^^^^^^^^^^^^^^^
help: remove the extra argument
    |
131 -                 "瀵硅处鍗?.to_string(),
132 -                 id,
131 +                 "瀵硅处鍗?.to_string(),
    |

error[E0061]: this enum variant takes 1 argument but 2 arguments were supplied
   --> src\services\ap_reconciliation_service.rs:168:20
    |
168 |             .ok_or(AppError::ResourceNotFound(
    |                    ^^^^^^^^^^^^^^^^^^^^^^^^^^
169 |                 "瀵硅处鍗?.to_string(),
170 |                 id,
    |                 -- unexpected argument #2 of type `i32`
    |
note: tuple variant defined here
   --> src\utils\error.rs:20:5
    |
20  |     ResourceNotFound(String),
    |     ^^^^^^^^^^^^^^^^
help: remove the extra argument
    |
169 -                 "瀵硅处鍗?.to_string(),
170 -                 id,
169 +                 "瀵硅处鍗?.to_string(),
    |

error[E0061]: this enum variant takes 1 argument but 2 arguments were supplied
   --> src\services\ap_reconciliation_service.rs:199:20
    |
199 |             .ok_or(AppError::ResourceNotFound(
    |                    ^^^^^^^^^^^^^^^^^^^^^^^^^^
200 |                 "瀵硅处鍗?.to_string(),
201 |                 id,
    |                 -- unexpected argument #2 of type `i32`
    |
note: tuple variant defined here
   --> src\utils\error.rs:20:5
    |
20  |     ResourceNotFound(String),
    |     ^^^^^^^^^^^^^^^^
help: remove the extra argument
    |
200 -                 "瀵硅处鍗?.to_string(),
201 -                 id,
200 +                 "瀵硅处鍗?.to_string(),
    |

error[E0061]: this method takes 2 arguments but 3 arguments were supplied
   --> src\services\ap_reconciliation_service.rs:236:14
    |
236 |             .paginate(&*self.db, page, page_size);
    |              ^^^^^^^^                  --------- unexpected argument #3 of type `u64`
    |
note: method defined here
   --> C:\Users\admin\.cargo\registry\src\index.crates.io-6f17d22bba15001f\sea-orm-1.1.19\src\executor\paginator.rs:219:8
    |
219 |     fn paginate(self, db: &'db C, page_size: u64) -> Paginator<'db, C, Self::Selector>;
    |        ^^^^^^^^
help: remove the extra argument
    |
236 -             .paginate(&*self.db, page, page_size);
236 +             .paginate(&*self.db, page);
    |

warning: unused variable: `sql`
   --> src\services\ap_reconciliation_service.rs:250:13
    |
250 |         let sql = if let Some(sid) = supplier_id {
    |             ^^^ help: if this is intentional, prefix it with an underscore: `_sql`

warning: use of deprecated method `chrono::NaiveDate::pred`: use `pred_opt()` instead
   --> src\services\ap_report_service.rs:191:62
    |
191 |             NaiveDate::from_ymd_opt(year + 1, 1, 1).unwrap().pred()
    |                                                              ^^^^
    |
    = note: `#[warn(deprecated)]` on by default

warning: use of deprecated method `chrono::NaiveDate::pred`: use `pred_opt()` instead
   --> src\services\ap_report_service.rs:193:66
    |
193 |             NaiveDate::from_ymd_opt(year, month + 1, 1).unwrap().pred()
    |                                                                  ^^^^

error[E0599]: no method named `num_days` found for struct `NaiveDate` in the current scope
   --> src\services\ap_report_service.rs:295:44
    |
295 |                 (today - invoice.due_date).num_days() as i32
    |                                            ^^^^^^^^
    |
help: there is a method `num_days_from_ce` with a similar name
    |
295 |                 (today - invoice.due_date).num_days_from_ce() as i32
    |                                            ~~~~~~~~~~~~~~~~

error[E0599]: `sea_orm::Select<ar_invoice::Entity>` is not an iterator
  --> src\services\ar_invoice_service.rs:99:27
   |
99 |         let total = query.count(&*self.db).await?;
   |                           ^^^^^ `sea_orm::Select<ar_invoice::Entity>` is not an iterator
   |
  ::: C:\Users\admin\.cargo\registry\src\index.crates.io-6f17d22bba15001f\sea-orm-1.1.19\src\query\select.rs:8:1
   |
8  | pub struct Select<E>
   | -------------------- doesn't satisfy `sea_orm::Select<ar_invoice::Entity>: Iterator`
   |
   = note: the following trait bounds were not satisfied:
           `sea_orm::Select<ar_invoice::Entity>: Iterator`
           which is required by `&mut sea_orm::Select<ar_invoice::Entity>: Iterator`

error[E0599]: the method `ok_or_else` exists for enum `Option<Model>`, but its trait bounds were not satisfied
   --> src\services\ar_invoice_service.rs:118:14
    |
115 |           let invoice = ar_invoice::Entity::find_by_id(id)
    |  _______________________-
116 | |             .one(&*self.db)
117 | |             .await?
118 | |             .ok_or_else(|| AppError::NotFound(format!("搴旀敹鍗曚笉瀛樺湪锛歿}", id)))?;
    | |             -^^^^^^^^^^ method cannot be called on `Option<Model>` due to unsatisfied trait bounds
    | |_____________|
    |
    |
   ::: src\models\ar_invoice.rs:10:1
    |
10  |   pub struct Model {
    |   ---------------- doesn't satisfy `ar_invoice::Model: Sized`
    |
    = note: the following trait bounds were not satisfied:
            `{type error}: Sized`
            which is required by `ar_invoice::Model: Sized`

error[E0599]: the method `is_some` exists for enum `Option<Model>`, but its trait bounds were not satisfied
  --> src\services\account_subject_service.rs:76:21
   |
76 |         if existing.is_some() {
   |                     ^^^^^^^ method cannot be called on `Option<Model>` due to unsatisfied trait bounds
   |
  ::: src\models\account_subject.rs:10:1
   |
10 | pub struct Model {
   | ---------------- doesn't satisfy `account_subject::Model: Sized`
   |
   = note: the following trait bounds were not satisfied:
           `{type error}: Sized`
           which is required by `account_subject::Model: Sized`

error[E0599]: the method `is_none` exists for enum `Option<Model>`, but its trait bounds were not satisfied
  --> src\services\account_subject_service.rs:86:23
   |
86 |             if parent.is_none() {
   |                       ^^^^^^^ method cannot be called on `Option<Model>` due to unsatisfied trait bounds
   |
  ::: src\models\account_subject.rs:10:1
   |
10 | pub struct Model {
   | ---------------- doesn't satisfy `account_subject::Model: Sized`
   |
   = note: the following trait bounds were not satisfied:
           `{type error}: Sized`
           which is required by `account_subject::Model: Sized`

error[E0599]: the method `unwrap` exists for enum `Option<Model>`, but its trait bounds were not satisfied
  --> src\services\account_subject_service.rs:97:18
   |
94 |               let parent = account_subject::Entity::find_by_id(parent_id)
   |  __________________________-
95 | |                 .one(&*self.db)
96 | |                 .await?
97 | |                 .unwrap();
   | |                 -^^^^^^ method cannot be called on `Option<Model>` due to unsatisfied trait bounds
   | |_________________|
   |
   |
  ::: src\models\account_subject.rs:10:1
   |
10 |   pub struct Model {
   |   ---------------- doesn't satisfy `account_subject::Model: Sized`
   |
   = note: the following trait bounds were not satisfied:
           `{type error}: Sized`
           which is required by `account_subject::Model: Sized`

error[E0277]: `&Vec<account_subject::Model>` is not an iterator
   --> src\services\account_subject_service.rs:139:24
    |
139 |         for subject in &all_subjects {
    |                        ^^^^^^^^^^^^^ `&Vec<account_subject::Model>` is not an iterator
    |
    = help: the trait `IntoIterator` is not implemented for `&Vec<account_subject::Model>`
    = help: the following other types implement trait `IntoIterator`:
              &Vec<T, A>
              &mut Vec<T, A>
              Vec<T, A>

error[E0277]: `&Vec<account_subject::Model>` is not an iterator
   --> src\services\account_subject_service.rs:151:24
    |
151 |         for subject in &all_subjects {
    |                        ^^^^^^^^^^^^^ `&Vec<account_subject::Model>` is not an iterator
    |
    = help: the trait `IntoIterator` is not implemented for `&Vec<account_subject::Model>`
    = help: the following other types implement trait `IntoIterator`:
              &Vec<T, A>
              &mut Vec<T, A>
              Vec<T, A>

error[E0599]: the method `len` exists for struct `Vec<Model>`, but its trait bounds were not satisfied
   --> src\services\account_subject_service.rs:203:45
    |
203 |         info!("浼氳绉戠洰鍒楄〃鏌ヨ鎴愬姛锛屽叡 {} 鏉?, subjects.len());
    |                                                          ^^^ private field, not a method
    |
   ::: src\models\account_subject.rs:10:1
    |
10  | pub struct Model {
    | ---------------- doesn't satisfy `account_subject::Model: Sized`
    |
    = note: the following trait bounds were not satisfied:
            `{type error}: Sized`
            which is required by `account_subject::Model: Sized`
    = help: items from traits can only be used if the trait is in scope
help: trait `Chain` which provides `len` is implemented but not in scope; perhaps you want to import it
    |
5   + use chumsky::chain::Chain;
    |

error[E0599]: the method `ok_or_else` exists for enum `Option<Model>`, but its trait bounds were not satisfied
   --> src\services\account_subject_service.rs:214:14
    |
211 |           let subject = account_subject::Entity::find_by_id(id)
    |  _______________________-
212 | |             .one(&*self.db)
213 | |             .await?
214 | |             .ok_or_else(|| AppError::NotFound(format!("浼氳绉戠洰涓嶅瓨鍦細{}", id)))?;
    | |             -^^^^^^^^^^ method cannot be called on `Option<Model>` due to unsatisfied trait bounds
    | |_____________|
    |
    |
   ::: src\models\account_subject.rs:10:1
    |
10  |   pub struct Model {
    |   ---------------- doesn't satisfy `account_subject::Model: Sized`
    |
    = note: the following trait bounds were not satisfied:
            `{type error}: Sized`
            which is required by `account_subject::Model: Sized`

error[E0599]: `sea_orm::Select<account_subject::Entity>` is not an iterator
   --> src\services\account_subject_service.rs:259:14
    |
257 |           let children_count = account_subject::Entity::find()
    |  ______________________________-
258 | |             .filter(account_subject::Column::ParentId.eq(id))
259 | |             .count(&*self.db)
    | |             -^^^^^ `sea_orm::Select<account_subject::Entity>` is not an iterator
    | |_____________|
    |
    |
   ::: C:\Users\admin\.cargo\registry\src\index.crates.io-6f17d22bba15001f\sea-orm-1.1.19\src\query\select.rs:8:1
    |
8   |   pub struct Select<E>
    |   -------------------- doesn't satisfy `sea_orm::Select<account_subject::Entity>: Iterator`
    |
    = note: the following trait bounds were not satisfied:
            `sea_orm::Select<account_subject::Entity>: Iterator`
            which is required by `&mut sea_orm::Select<account_subject::Entity>: Iterator`

error[E0599]: no method named `delete` found for struct `account_subject::Model` in the current scope
   --> src\services\account_subject_service.rs:271:49
    |
271 |         let _: account_subject::Model = subject.delete(&*self.db).await?;
    |                                                 ^^^^^^ this is an associated function, not a method
    |
   ::: src\models\account_subject.rs:10:1
    |
10  | pub struct Model {
    | ---------------- method `delete` not found for this struct
    |
   ::: C:\Users\admin\.cargo\registry\src\index.crates.io-6f17d22bba15001f\sea-orm-1.1.19\src\entity\model.rs:53:14
    |
53  |     async fn delete<'a, A, C>(self, db: &'a C) -> Result<DeleteResult, DbErr>
    |              ------ the method is available for `account_subject::Model` here
    |
    = note: found the following associated functions; to be used as methods, functions must have a `self` parameter
note: the candidate is defined in the trait `sea_orm::EntityTrait`
   --> C:\Users\admin\.cargo\registry\src\index.crates.io-6f17d22bba15001f\sea-orm-1.1.19\src\entity\base_entity.rs:844:5
    |
844 | /     fn delete<A>(model: A) -> DeleteOne<A>
845 | |     where
846 | |         A: ActiveModelTrait<Entity = Self>,
    | |___________________________________________^
    = help: items from traits can only be used if the trait is in scope
help: use associated function syntax instead
    |
271 |         let _: account_subject::Model = account_subject::Model::delete(&*self.db).await?;
    |                                         ~~~~~~~~~~~~~~~~~~~~~~~~~~~~~~~~~~~~~~~~~
help: trait `ModelTrait` which provides `delete` is implemented but not in scope; perhaps you want to import it
    |
5   + use sea_orm::ModelTrait;
    |

error[E0599]: `sea_orm::Select<voucher::Entity>` is not an iterator
   --> src\services\voucher_service.rs:168:27
    |
168 |         let total = query.count(&*self.db).await?;
    |                           ^^^^^ `sea_orm::Select<voucher::Entity>` is not an iterator
    |
   ::: C:\Users\admin\.cargo\registry\src\index.crates.io-6f17d22bba15001f\sea-orm-1.1.19\src\query\select.rs:8:1
    |
8   | pub struct Select<E>
    | -------------------- doesn't satisfy `sea_orm::Select<voucher::Entity>: Iterator`
    |
    = note: the following trait bounds were not satisfied:
            `sea_orm::Select<voucher::Entity>: Iterator`
            which is required by `&mut sea_orm::Select<voucher::Entity>: Iterator`

error[E0599]: the method `ok_or_else` exists for enum `Option<Model>`, but its trait bounds were not satisfied
   --> src\services\voucher_service.rs:187:14
    |
184 |           let voucher = voucher::Entity::find_by_id(id)
    |  _______________________-
185 | |             .one(&*self.db)
186 | |             .await?
187 | |             .ok_or_else(|| AppError::NotFound(format!("鍑瘉涓嶅瓨鍦細{}", id)))?;
    | |             -^^^^^^^^^^ method cannot be called on `Option<Model>` due to unsatisfied trait bounds
    | |_____________|
    |
    |
   ::: src\models\voucher.rs:10:1
    |
10  |   pub struct Model {
    |   ---------------- doesn't satisfy `voucher::Model: Sized`
    |
    = note: the following trait bounds were not satisfied:
            `{type error}: Sized`
            which is required by `voucher::Model: Sized`

error[E0599]: no method named `delete` found for struct `voucher::Model` in the current scope
   --> src\services\voucher_service.rs:246:41
    |
246 |         let _: voucher::Model = voucher.delete(&*self.db).await?;
    |                                         ^^^^^^ this is an associated function, not a method
    |
   ::: src\models\voucher.rs:10:1
    |
10  | pub struct Model {
    | ---------------- method `delete` not found for this struct
    |
   ::: C:\Users\admin\.cargo\registry\src\index.crates.io-6f17d22bba15001f\sea-orm-1.1.19\src\entity\model.rs:53:14
    |
53  |     async fn delete<'a, A, C>(self, db: &'a C) -> Result<DeleteResult, DbErr>
    |              ------ the method is available for `voucher::Model` here
    |
    = note: found the following associated functions; to be used as methods, functions must have a `self` parameter
note: the candidate is defined in the trait `sea_orm::EntityTrait`
   --> C:\Users\admin\.cargo\registry\src\index.crates.io-6f17d22bba15001f\sea-orm-1.1.19\src\entity\base_entity.rs:844:5
    |
844 | /     fn delete<A>(model: A) -> DeleteOne<A>
845 | |     where
846 | |         A: ActiveModelTrait<Entity = Self>,
    | |___________________________________________^
    = help: items from traits can only be used if the trait is in scope
help: use associated function syntax instead
    |
246 |         let _: voucher::Model = voucher::Model::delete(&*self.db).await?;
    |                                 ~~~~~~~~~~~~~~~~~~~~~~~~~~~~~~~~~
help: trait `ModelTrait` which provides `delete` is implemented but not in scope; perhaps you want to import it
    |
5   + use sea_orm::ModelTrait;
    |

error[E0599]: no method named `iter` found for struct `Vec` in the current scope
   --> src\services\voucher_service.rs:333:42
    |
333 |         let total_debit: Decimal = items.iter().map(|i| i.debit).sum();
    |                                          ^^^^ method not found in `Vec<Model>`

error[E0599]: no method named `iter` found for struct `Vec` in the current scope
   --> src\services\voucher_service.rs:334:43
    |
334 |         let total_credit: Decimal = items.iter().map(|i| i.credit).sum();
    |                                           ^^^^ method not found in `Vec<Model>`

error[E0599]: no method named `iter` found for struct `Vec` in the current scope
   --> src\services\voucher_service.rs:357:42
    |
357 |         let total_debit: Decimal = items.iter().map(|i| i.debit).sum();
    |                                          ^^^^ method not found in `Vec<Model>`

error[E0599]: no method named `iter` found for struct `Vec` in the current scope
   --> src\services\voucher_service.rs:358:43
    |
358 |         let total_credit: Decimal = items.iter().map(|i| i.credit).sum();
    |                                           ^^^^ method not found in `Vec<Model>`

error[E0599]: the method `ok_or_else` exists for enum `Option<Model>`, but its trait bounds were not satisfied
   --> src\services\voucher_service.rs:381:14
    |
378 |           let voucher = voucher::Entity::find_by_id(voucher_id)
    |  _______________________-
379 | |             .one(txn)
380 | |             .await?
381 | |             .ok_or_else(|| AppError::NotFound("鍑瘉涓嶅瓨鍦?.to_string()))?;
    | |             -^^^^^^^^^^ method cannot be called on `Option<Model>` due to unsatisfied trait bounds
    | |_____________|
    |
    |
   ::: src\models\voucher.rs:10:1
    |
10  |   pub struct Model {
    |   ---------------- doesn't satisfy `voucher::Model: Sized`
    |
    = note: the following trait bounds were not satisfied:
            `{type error}: Sized`
            which is required by `voucher::Model: Sized`

error[E0277]: `&Vec<voucher_item::Model>` is not an iterator
   --> src\services\voucher_service.rs:396:21
    |
396 |         for item in &items {
    |                     ^^^^^^ `&Vec<voucher_item::Model>` is not an iterator
    |
    = help: the trait `IntoIterator` is not implemented for `&Vec<voucher_item::Model>`
    = help: the following other types implement trait `IntoIterator`:
              &Vec<T, A>
              &mut Vec<T, A>
              Vec<T, A>

error[E0599]: the method `ok_or_else` exists for enum `Option<Model>`, but its trait bounds were not satisfied
   --> src\services\voucher_service.rs:403:18
    |
399 |               let subject = account_subject::Entity::find()
    |  ___________________________-
400 | |                 .filter(account_subject::Column::Code.eq(&item.subject_code))
401 | |                 .one(txn)
402 | |                 .await?
403 | |                 .ok_or_else(|| AppError::BadRequest(format!("绉戠洰涓嶅瓨鍦細{}", item.subject_code)))?;
    | |                 -^^^^^^^^^^ method cannot be called on `Option<Model>` due to unsatisfied trait bounds
    | |_________________|
    |
    |
   ::: src\models\account_subject.rs:10:1
    |
10  |   pub struct Model {
    |   ---------------- doesn't satisfy `account_subject::Model: Sized`
    |
    = note: the following trait bounds were not satisfied:
            `{type error}: Sized`
            which is required by `account_subject::Model: Sized`

error[E0599]: `sea_orm::Select<cost_collection::Entity>` is not an iterator
   --> src\services\cost_collection_service.rs:116:27
    |
116 |         let total = query.count(&*self.db).await?;
    |                           ^^^^^ `sea_orm::Select<cost_collection::Entity>` is not an iterator
    |
   ::: C:\Users\admin\.cargo\registry\src\index.crates.io-6f17d22bba15001f\sea-orm-1.1.19\src\query\select.rs:8:1
    |
8   | pub struct Select<E>
    | -------------------- doesn't satisfy `sea_orm::Select<cost_collection::Entity>: Iterator`
    |
    = note: the following trait bounds were not satisfied:
            `sea_orm::Select<cost_collection::Entity>: Iterator`
            which is required by `&mut sea_orm::Select<cost_collection::Entity>: Iterator`

error[E0599]: the method `ok_or_else` exists for enum `Option<Model>`, but its trait bounds were not satisfied
   --> src\services\cost_collection_service.rs:135:14
    |
132 |           let collection = cost_collection::Entity::find_by_id(id)
    |  __________________________-
133 | |             .one(&*self.db)
134 | |             .await?
135 | |             .ok_or_else(|| AppError::NotFound(format!("鎴愭湰褰掗泦鍗曚笉瀛樺湪锛歿}", id)))?;
    | |             -^^^^^^^^^^ method cannot be called on `Option<Model>` due to unsatisfied trait bounds
    | |_____________|
    |
    |
   ::: src\models\cost_collection.rs:10:1
    |
10  |   pub struct Model {
    |   ---------------- doesn't satisfy `cost_collection::Model: Sized`
    |
    = note: the following trait bounds were not satisfied:
            `{type error}: Sized`
            which is required by `cost_collection::Model: Sized`

error[E0560]: struct `fixed_asset::ActiveModel` has no field named `location`
  --> src\services\fixed_asset_service.rs:71:13
   |
71 |             location: Set(req.location),
   |             ^^^^^^^^ `fixed_asset::ActiveModel` does not have this field
   |
   = note: available fields are: `id`, `model`, `use_department_id`, `use_location`, `responsible_person_id` ... and 10 others

error[E0560]: struct `fixed_asset::ActiveModel` has no field named `put_in_date`
  --> src\services\fixed_asset_service.rs:77:13
   |
77 |             put_in_date: Set(req.put_in_date),
   |             ^^^^^^^^^^^ `fixed_asset::ActiveModel` does not have this field
   |
   = note: available fields are: `id`, `model`, `use_department_id`, `use_location`, `responsible_person_id` ... and 10 others

error[E0560]: struct `fixed_asset::ActiveModel` has no field named `remark`
  --> src\services\fixed_asset_service.rs:80:13
   |
80 |             remark: Set(req.remark),
   |             ^^^^^^ `fixed_asset::ActiveModel` does not have this field
   |
   = note: available fields are: `id`, `model`, `use_department_id`, `use_location`, `responsible_person_id` ... and 10 others

error[E0308]: mismatched types
  --> src\services\fixed_asset_service.rs:81:29
   |
81 |             created_by: Set(Some(user_id)),
   |                         --- ^^^^^^^^^^^^^ expected `i32`, found `Option<i32>`
   |                         |
   |                         arguments to this enum variant are incorrect
   |
   = note: expected type `i32`
              found enum `std::option::Option<i32>`
help: the type constructed contains `std::option::Option<i32>` due to the type of the argument passed
  --> src\services\fixed_asset_service.rs:81:25
   |
81 |             created_by: Set(Some(user_id)),
   |                         ^^^^-------------^
   |                             |
   |                             this argument influences the type of `Set`
note: tuple variant defined here
  --> C:\Users\admin\.cargo\registry\src\index.crates.io-6f17d22bba15001f\sea-orm-1.1.19\src\entity\active_model.rs:45:5
   |
45 |     Set(V),
   |     ^^^

error[E0560]: struct `fixed_asset::ActiveModel` has no field named `updated_by`
  --> src\services\fixed_asset_service.rs:82:13
   |
82 |             updated_by: Set(Some(user_id)),
   |             ^^^^^^^^^^ unknown field
   |
help: a field with a similar name exists
   |
82 |             updated_at: Set(Some(user_id)),
   |             ~~~~~~~~~~

error[E0599]: `sea_orm::Select<fixed_asset::Entity>` is not an iterator
   --> src\services\fixed_asset_service.rs:118:35
    |
118 |         let total = query.clone().count(&*self.db).await?;
    |                                   ^^^^^ `sea_orm::Select<fixed_asset::Entity>` is not an iterator
    |
   ::: C:\Users\admin\.cargo\registry\src\index.crates.io-6f17d22bba15001f\sea-orm-1.1.19\src\query\select.rs:8:1
    |
8   | pub struct Select<E>
    | -------------------- doesn't satisfy `sea_orm::Select<fixed_asset::Entity>: Iterator`
    |
    = note: the following trait bounds were not satisfied:
            `sea_orm::Select<fixed_asset::Entity>: Iterator`
            which is required by `&mut sea_orm::Select<fixed_asset::Entity>: Iterator`

error[E0599]: no method named `offset` found for struct `sea_orm::Select` in the current scope
   --> src\services\fixed_asset_service.rs:123:14
    |
121 |           let assets = query
    |  ______________________-
122 | |             .order_by_desc(fixed_asset::Column::Id)
123 | |             .offset(params.page * params.page_size)
    | |             -^^^^^^ method not found in `Select<Entity>`
    | |_____________|
    |
    |
   ::: C:\Users\admin\.cargo\registry\src\index.crates.io-6f17d22bba15001f\sea-orm-1.1.19\src\query\helper.rs:197:8
    |
197 |       fn offset<T>(mut self, offset: T) -> Self
    |          ------ the method is available for `sea_orm::Select<fixed_asset::Entity>` here
    |
    = help: items from traits can only be used if the trait is in scope
help: trait `QuerySelect` which provides `offset` is implemented but not in scope; perhaps you want to import it
    |
1   + use sea_orm::QuerySelect;
    |

error[E0599]: the method `ok_or_else` exists for enum `Option<Model>`, but its trait bounds were not satisfied
   --> src\services\fixed_asset_service.rs:136:14
    |
133 |           let asset = fixed_asset::Entity::find_by_id(id)
    |  _____________________-
134 | |             .one(&*self.db)
135 | |             .await?
136 | |             .ok_or_else(|| AppError::NotFound(format!("鍥哄畾璧勪骇涓嶅瓨鍦細{}", id)))?;
    | |             -^^^^^^^^^^ method cannot be called on `Option<Model>` due to unsatisfied trait bounds
    | |_____________|
    |
    |
   ::: src\models\fixed_asset.rs:7:1
    |
7   |   pub struct Model {
    |   ---------------- doesn't satisfy `fixed_asset::Model: Sized`
    |
    = note: the following trait bounds were not satisfied:
            `{type error}: Sized`
            which is required by `fixed_asset::Model: Sized`

error[E0308]: mismatched types
  --> src\services\purchase_contract_service.rs:65:31
   |
65 |             total_amount: Set(req.total_amount),
   |                           --- ^^^^^^^^^^^^^^^^ expected `Option<Decimal>`, found `Decimal`
   |                           |
   |                           arguments to this enum variant are incorrect
   |
   = note: expected enum `std::option::Option<rust_decimal::Decimal>`
            found struct `rust_decimal::Decimal`
help: the type constructed contains `rust_decimal::Decimal` due to the type of the argument passed
  --> src\services\purchase_contract_service.rs:65:27
   |
65 |             total_amount: Set(req.total_amount),
   |                           ^^^^----------------^
   |                               |
   |                               this argument influences the type of `Set`
note: tuple variant defined here
  --> C:\Users\admin\.cargo\registry\src\index.crates.io-6f17d22bba15001f\sea-orm-1.1.19\src\entity\active_model.rs:45:5
   |
45 |     Set(V),
   |     ^^^
help: try wrapping the expression in `Some`
   |
65 |             total_amount: Set(Some(req.total_amount)),
   |                               +++++                +

error[E0560]: struct `purchase_contract::ActiveModel` has no field named `executed_amount`
  --> src\services\purchase_contract_service.rs:66:13
   |
66 |             executed_amount: Set(Decimal::ZERO),
   |             ^^^^^^^^^^^^^^^ `purchase_contract::ActiveModel` does not have this field
   |
   = note: available fields are: `id`, `contract_type`, `supplier_name`, `signed_date`, `effective_date` ... and 5 others

error[E0560]: struct `purchase_contract::ActiveModel` has no field named `remark`
  --> src\services\purchase_contract_service.rs:70:13
   |
70 |             remark: Set(req.remark),
   |             ^^^^^^ `purchase_contract::ActiveModel` does not have this field
   |
   = note: available fields are: `id`, `contract_type`, `supplier_name`, `signed_date`, `effective_date` ... and 5 others

error[E0308]: mismatched types
  --> src\services\purchase_contract_service.rs:71:29
   |
71 |             created_by: Set(Some(user_id)),
   |                         --- ^^^^^^^^^^^^^ expected `i32`, found `Option<i32>`
   |                         |
   |                         arguments to this enum variant are incorrect
   |
   = note: expected type `i32`
              found enum `std::option::Option<i32>`
help: the type constructed contains `std::option::Option<i32>` due to the type of the argument passed
  --> src\services\purchase_contract_service.rs:71:25
   |
71 |             created_by: Set(Some(user_id)),
   |                         ^^^^-------------^
   |                             |
   |                             this argument influences the type of `Set`
note: tuple variant defined here
  --> C:\Users\admin\.cargo\registry\src\index.crates.io-6f17d22bba15001f\sea-orm-1.1.19\src\entity\active_model.rs:45:5
   |
45 |     Set(V),
   |     ^^^

error[E0560]: struct `purchase_contract::ActiveModel` has no field named `updated_by`
  --> src\services\purchase_contract_service.rs:72:13
   |
72 |             updated_by: Set(Some(user_id)),
   |             ^^^^^^^^^^ unknown field
   |
help: a field with a similar name exists
   |
72 |             updated_at: Set(Some(user_id)),
   |             ~~~~~~~~~~

error[E0277]: the trait bound `sea_orm::Value: From<&i32>` is not satisfied
   --> src\services\purchase_contract_service.rs:105:75
    |
105 |             query = query.filter(purchase_contract::Column::SupplierId.eq(supplier_id));
    |                                                                        -- ^^^^^^^^^^^ the trait `From<&i32>` is not implemented for `sea_orm::V
alue`, which is required by `&i32: Into<sea_orm::Value>`
    |                                                                        |
    |                                                                        required by a bound introduced by this call
    |
    = note: required for `&i32` to implement `Into<sea_orm::Value>`
note: required by a bound in `sea_orm::ColumnTrait::eq`
   --> C:\Users\admin\.cargo\registry\src\index.crates.io-6f17d22bba15001f\sea-orm-1.1.19\src\entity\column.rs:94:5
    |
94  |     bind_oper!(eq, Equal);
    |     ^^^^^^^^^^^--^^^^^^^^
    |     |          |
    |     |          required by a bound in this associated function
    |     required by this bound in `ColumnTrait::eq`
    = note: this error originates in the macro `bind_oper` (in Nightly builds, run with -Z macro-backtrace for more info)
help: consider dereferencing here
    |
105 |             query = query.filter(purchase_contract::Column::SupplierId.eq(*supplier_id));
    |                                                                           +

error[E0599]: `sea_orm::Select<purchase_contract::Entity>` is not an iterator
   --> src\services\purchase_contract_service.rs:109:35
    |
109 |         let total = query.clone().count(&*self.db).await?;
    |                                   ^^^^^ `sea_orm::Select<purchase_contract::Entity>` is not an iterator
    |
   ::: C:\Users\admin\.cargo\registry\src\index.crates.io-6f17d22bba15001f\sea-orm-1.1.19\src\query\select.rs:8:1
    |
8   | pub struct Select<E>
    | -------------------- doesn't satisfy `_: Iterator`
    |
    = note: the following trait bounds were not satisfied:
            `sea_orm::Select<purchase_contract::Entity>: Iterator`
            which is required by `&mut sea_orm::Select<purchase_contract::Entity>: Iterator`

error[E0599]: no method named `offset` found for struct `sea_orm::Select` in the current scope
   --> src\services\purchase_contract_service.rs:114:14
    |
112 |           let contracts = query
    |  _________________________-
113 | |             .order_by_desc(purchase_contract::Column::Id)
114 | |             .offset(params.page * params.page_size)
    | |             -^^^^^^ method not found in `Select<Entity>`
    | |_____________|
    |
    |
   ::: C:\Users\admin\.cargo\registry\src\index.crates.io-6f17d22bba15001f\sea-orm-1.1.19\src\query\helper.rs:197:8
    |
197 |       fn offset<T>(mut self, offset: T) -> Self
    |          ------ the method is available for `sea_orm::Select<purchase_contract::Entity>` here
    |
    = help: items from traits can only be used if the trait is in scope
help: trait `QuerySelect` which provides `offset` is implemented but not in scope; perhaps you want to import it
    |
1   + use sea_orm::QuerySelect;
    |

error[E0599]: the method `ok_or_else` exists for enum `Option<Model>`, but its trait bounds were not satisfied
   --> src\services\purchase_contract_service.rs:127:14
    |
124 |           let contract = purchase_contract::Entity::find_by_id(id)
    |  ________________________-
125 | |             .one(&*self.db)
126 | |             .await?
127 | |             .ok_or_else(|| AppError::NotFound(format!("閲囪喘鍚堝悓涓嶅瓨鍦細{}", id)))?;
    | |             -^^^^^^^^^^ method cannot be called on `Option<Model>` due to unsatisfied trait bounds
    | |_____________|
    |
    |
   ::: src\models\purchase_contract.rs:7:1
    |
7   |   pub struct Model {
    |   ---------------- doesn't satisfy `purchase_contract::Model: Sized`
    |
    = note: the following trait bounds were not satisfied:
            `{type error}: Sized`
            which is required by `purchase_contract::Model: Sized`

error[E0308]: mismatched types
  --> src\services\sales_contract_service.rs:65:31
   |
65 |             total_amount: Set(req.total_amount),
   |                           --- ^^^^^^^^^^^^^^^^ expected `Option<Decimal>`, found `Decimal`
   |                           |
   |                           arguments to this enum variant are incorrect
   |
   = note: expected enum `std::option::Option<rust_decimal::Decimal>`
            found struct `rust_decimal::Decimal`
help: the type constructed contains `rust_decimal::Decimal` due to the type of the argument passed
  --> src\services\sales_contract_service.rs:65:27
   |
65 |             total_amount: Set(req.total_amount),
   |                           ^^^^----------------^
   |                               |
   |                               this argument influences the type of `Set`
note: tuple variant defined here
  --> C:\Users\admin\.cargo\registry\src\index.crates.io-6f17d22bba15001f\sea-orm-1.1.19\src\entity\active_model.rs:45:5
   |
45 |     Set(V),
   |     ^^^
help: try wrapping the expression in `Some`
   |
65 |             total_amount: Set(Some(req.total_amount)),
   |                               +++++                +

error[E0560]: struct `sales_contract::ActiveModel` has no field named `executed_amount`
  --> src\services\sales_contract_service.rs:66:13
   |
66 |             executed_amount: Set(Decimal::ZERO),
   |             ^^^^^^^^^^^^^^^ `sales_contract::ActiveModel` does not have this field
   |
   = note: available fields are: `id`, `contract_type`, `customer_name`, `signed_date`, `effective_date` ... and 5 others

error[E0560]: struct `sales_contract::ActiveModel` has no field named `remark`
  --> src\services\sales_contract_service.rs:70:13
   |
70 |             remark: Set(req.remark),
   |             ^^^^^^ `sales_contract::ActiveModel` does not have this field
   |
   = note: available fields are: `id`, `contract_type`, `customer_name`, `signed_date`, `effective_date` ... and 5 others

error[E0308]: mismatched types
  --> src\services\sales_contract_service.rs:71:29
   |
71 |             created_by: Set(Some(user_id)),
   |                         --- ^^^^^^^^^^^^^ expected `i32`, found `Option<i32>`
   |                         |
   |                         arguments to this enum variant are incorrect
   |
   = note: expected type `i32`
              found enum `std::option::Option<i32>`
help: the type constructed contains `std::option::Option<i32>` due to the type of the argument passed
  --> src\services\sales_contract_service.rs:71:25
   |
71 |             created_by: Set(Some(user_id)),
   |                         ^^^^-------------^
   |                             |
   |                             this argument influences the type of `Set`
note: tuple variant defined here
  --> C:\Users\admin\.cargo\registry\src\index.crates.io-6f17d22bba15001f\sea-orm-1.1.19\src\entity\active_model.rs:45:5
   |
45 |     Set(V),
   |     ^^^

error[E0560]: struct `sales_contract::ActiveModel` has no field named `updated_by`
  --> src\services\sales_contract_service.rs:72:13
   |
72 |             updated_by: Set(Some(user_id)),
   |             ^^^^^^^^^^ unknown field
   |
help: a field with a similar name exists
   |
72 |             updated_at: Set(Some(user_id)),
   |             ~~~~~~~~~~

error[E0277]: the trait bound `sea_orm::Value: From<&i32>` is not satisfied
   --> src\services\sales_contract_service.rs:105:72
    |
105 |             query = query.filter(sales_contract::Column::CustomerId.eq(customer_id));
    |                                                                     -- ^^^^^^^^^^^ the trait `From<&i32>` is not implemented for `sea_orm::Valu
e`, which is required by `&i32: Into<sea_orm::Value>`
    |                                                                     |
    |                                                                     required by a bound introduced by this call
    |
    = note: required for `&i32` to implement `Into<sea_orm::Value>`
note: required by a bound in `sea_orm::ColumnTrait::eq`
   --> C:\Users\admin\.cargo\registry\src\index.crates.io-6f17d22bba15001f\sea-orm-1.1.19\src\entity\column.rs:94:5
    |
94  |     bind_oper!(eq, Equal);
    |     ^^^^^^^^^^^--^^^^^^^^
    |     |          |
    |     |          required by a bound in this associated function
    |     required by this bound in `ColumnTrait::eq`
    = note: this error originates in the macro `bind_oper` (in Nightly builds, run with -Z macro-backtrace for more info)
help: consider dereferencing here
    |
105 |             query = query.filter(sales_contract::Column::CustomerId.eq(*customer_id));
    |                                                                        +

error[E0599]: `sea_orm::Select<sales_contract::Entity>` is not an iterator
   --> src\services\sales_contract_service.rs:109:35
    |
109 |         let total = query.clone().count(&*self.db).await?;
    |                                   ^^^^^ `sea_orm::Select<sales_contract::Entity>` is not an iterator
    |
   ::: C:\Users\admin\.cargo\registry\src\index.crates.io-6f17d22bba15001f\sea-orm-1.1.19\src\query\select.rs:8:1
    |
8   | pub struct Select<E>
    | -------------------- doesn't satisfy `sea_orm::Select<sales_contract::Entity>: Iterator`
    |
    = note: the following trait bounds were not satisfied:
            `sea_orm::Select<sales_contract::Entity>: Iterator`
            which is required by `&mut sea_orm::Select<sales_contract::Entity>: Iterator`

error[E0599]: no method named `offset` found for struct `sea_orm::Select` in the current scope
   --> src\services\sales_contract_service.rs:114:14
    |
112 |           let contracts = query
    |  _________________________-
113 | |             .order_by_desc(sales_contract::Column::Id)
114 | |             .offset(params.page * params.page_size)
    | |             -^^^^^^ method not found in `Select<Entity>`
    | |_____________|
    |
    |
   ::: C:\Users\admin\.cargo\registry\src\index.crates.io-6f17d22bba15001f\sea-orm-1.1.19\src\query\helper.rs:197:8
    |
197 |       fn offset<T>(mut self, offset: T) -> Self
    |          ------ the method is available for `sea_orm::Select<sales_contract::Entity>` here
    |
    = help: items from traits can only be used if the trait is in scope
help: trait `QuerySelect` which provides `offset` is implemented but not in scope; perhaps you want to import it
    |
1   + use sea_orm::QuerySelect;
    |

error[E0599]: the method `ok_or_else` exists for enum `Option<Model>`, but its trait bounds were not satisfied
   --> src\services\sales_contract_service.rs:127:14
    |
124 |           let contract = sales_contract::Entity::find_by_id(id)
    |  ________________________-
125 | |             .one(&*self.db)
126 | |             .await?
127 | |             .ok_or_else(|| AppError::NotFound(format!("閿€鍞悎鍚屼笉瀛樺湪锛歿}", id)))?;
    | |             -^^^^^^^^^^ method cannot be called on `Option<Model>` due to unsatisfied trait bounds
    | |_____________|
    |
    |
   ::: src\models\sales_contract.rs:7:1
    |
7   |   pub struct Model {
    |   ---------------- doesn't satisfy `sales_contract::Model: Sized`
    |
    = note: the following trait bounds were not satisfied:
            `{type error}: Sized`
            which is required by `sales_contract::Model: Sized`

error[E0277]: the trait bound `sea_orm::Value: From<&i32>` is not satisfied
  --> src\services\customer_credit_service.rs:68:73
   |
68 |             query = query.filter(customer_credit::Column::CustomerId.eq(customer_id));
   |                                                                      -- ^^^^^^^^^^^ the trait `From<&i32>` is not implemented for `sea_orm::Valu
e`, which is required by `&i32: Into<sea_orm::Value>`
   |                                                                      |
   |                                                                      required by a bound introduced by this call
   |
   = note: required for `&i32` to implement `Into<sea_orm::Value>`
note: required by a bound in `sea_orm::ColumnTrait::eq`
  --> C:\Users\admin\.cargo\registry\src\index.crates.io-6f17d22bba15001f\sea-orm-1.1.19\src\entity\column.rs:94:5
   |
94 |     bind_oper!(eq, Equal);
   |     ^^^^^^^^^^^--^^^^^^^^
   |     |          |
   |     |          required by a bound in this associated function
   |     required by this bound in `ColumnTrait::eq`
   = note: this error originates in the macro `bind_oper` (in Nightly builds, run with -Z macro-backtrace for more info)
help: consider dereferencing here
   |
68 |             query = query.filter(customer_credit::Column::CustomerId.eq(*customer_id));
   |                                                                         +

error[E0599]: `sea_orm::Select<customer_credit::Entity>` is not an iterator
  --> src\services\customer_credit_service.rs:82:35
   |
82 |         let total = query.clone().count(&*self.db).await?;
   |                                   ^^^^^ `sea_orm::Select<customer_credit::Entity>` is not an iterator
   |
  ::: C:\Users\admin\.cargo\registry\src\index.crates.io-6f17d22bba15001f\sea-orm-1.1.19\src\query\select.rs:8:1
   |
8  | pub struct Select<E>
   | -------------------- doesn't satisfy `sea_orm::Select<customer_credit::Entity>: Iterator`
   |
   = note: the following trait bounds were not satisfied:
           `sea_orm::Select<customer_credit::Entity>: Iterator`
           which is required by `&mut sea_orm::Select<customer_credit::Entity>: Iterator`

error[E0599]: no method named `offset` found for struct `sea_orm::Select` in the current scope
   --> src\services\customer_credit_service.rs:87:14
    |
85  |           let credits = query
    |  _______________________-
86  | |             .order_by_desc(customer_credit::Column::Id)
87  | |             .offset(params.page * params.page_size)
    | |             -^^^^^^ method not found in `Select<Entity>`
    | |_____________|
    |
    |
   ::: C:\Users\admin\.cargo\registry\src\index.crates.io-6f17d22bba15001f\sea-orm-1.1.19\src\query\helper.rs:197:8
    |
197 |       fn offset<T>(mut self, offset: T) -> Self
    |          ------ the method is available for `sea_orm::Select<customer_credit::Entity>` here
    |
    = help: items from traits can only be used if the trait is in scope
help: trait `QuerySelect` which provides `offset` is implemented but not in scope; perhaps you want to import it
    |
1   + use sea_orm::QuerySelect;
    |

error[E0308]: mismatched types
   --> src\services\customer_credit_service.rs:123:39
    |
123 |                     credit_level: Set(req.credit_level),
    |                                   --- ^^^^^^^^^^^^^^^^ expected `Option<String>`, found `String`
    |                                   |
    |                                   arguments to this enum variant are incorrect
    |
    = note: expected enum `std::option::Option<std::string::String>`
             found struct `std::string::String`
help: the type constructed contains `std::string::String` due to the type of the argument passed
   --> src\services\customer_credit_service.rs:123:35
    |
123 |                     credit_level: Set(req.credit_level),
    |                                   ^^^^----------------^
    |                                       |
    |                                       this argument influences the type of `Set`
note: tuple variant defined here
   --> C:\Users\admin\.cargo\registry\src\index.crates.io-6f17d22bba15001f\sea-orm-1.1.19\src\entity\active_model.rs:45:5
    |
45  |     Set(V),
    |     ^^^
help: try wrapping the expression in `Some`
    |
123 |                     credit_level: Set(Some(req.credit_level)),
    |                                       +++++                +

error[E0308]: mismatched types
   --> src\services\customer_credit_service.rs:124:39
    |
124 |                     credit_score: Set(req.credit_score),
    |                                   --- ^^^^^^^^^^^^^^^^ expected `Option<i32>`, found `i32`
    |                                   |
    |                                   arguments to this enum variant are incorrect
    |
    = note: expected enum `std::option::Option<i32>`
               found type `i32`
help: the type constructed contains `i32` due to the type of the argument passed
   --> src\services\customer_credit_service.rs:124:35
    |
124 |                     credit_score: Set(req.credit_score),
    |                                   ^^^^----------------^
    |                                       |
    |                                       this argument influences the type of `Set`
note: tuple variant defined here
   --> C:\Users\admin\.cargo\registry\src\index.crates.io-6f17d22bba15001f\sea-orm-1.1.19\src\entity\active_model.rs:45:5
    |
45  |     Set(V),
    |     ^^^
help: try wrapping the expression in `Some`
    |
124 |                     credit_score: Set(Some(req.credit_score)),
    |                                       +++++                +

error[E0308]: mismatched types
   --> src\services\customer_credit_service.rs:128:38
    |
128 |                     credit_days: Set(req.credit_days),
    |                                  --- ^^^^^^^^^^^^^^^ expected `Option<i32>`, found `i32`
    |                                  |
    |                                  arguments to this enum variant are incorrect
    |
    = note: expected enum `std::option::Option<i32>`
               found type `i32`
help: the type constructed contains `i32` due to the type of the argument passed
   --> src\services\customer_credit_service.rs:128:34
    |
128 |                     credit_days: Set(req.credit_days),
    |                                  ^^^^---------------^
    |                                      |
    |                                      this argument influences the type of `Set`
note: tuple variant defined here
   --> C:\Users\admin\.cargo\registry\src\index.crates.io-6f17d22bba15001f\sea-orm-1.1.19\src\entity\active_model.rs:45:5
    |
45  |     Set(V),
    |     ^^^
help: try wrapping the expression in `Some`
    |
128 |                     credit_days: Set(Some(req.credit_days)),
    |                                      +++++               +

error[E0560]: struct `customer_credit::ActiveModel` has no field named `remark`
   --> src\services\customer_credit_service.rs:130:21
    |
130 |                     remark: Set(req.remark),
    |                     ^^^^^^ `customer_credit::ActiveModel` does not have this field
    |
    = note: available fields are: `id`, `customer_name`, `last_assessment_date`, `next_assessment_date`, `created_at`, `updated_at`

error[E0308]: mismatched types
   --> src\services\customer_credit_service.rs:131:37
    |
131 |                     created_by: Set(Some(user_id)),
    |                                 --- ^^^^^^^^^^^^^ expected `i32`, found `Option<i32>`
    |                                 |
    |                                 arguments to this enum variant are incorrect
    |
    = note: expected type `i32`
               found enum `std::option::Option<i32>`
help: the type constructed contains `std::option::Option<i32>` due to the type of the argument passed
   --> src\services\customer_credit_service.rs:131:33
    |
131 |                     created_by: Set(Some(user_id)),
    |                                 ^^^^-------------^
    |                                     |
    |                                     this argument influences the type of `Set`
note: tuple variant defined here
   --> C:\Users\admin\.cargo\registry\src\index.crates.io-6f17d22bba15001f\sea-orm-1.1.19\src\entity\active_model.rs:45:5
    |
45  |     Set(V),
    |     ^^^

error[E0560]: struct `customer_credit::ActiveModel` has no field named `updated_by`
   --> src\services\customer_credit_service.rs:132:21
    |
132 |                     updated_by: Set(Some(user_id)),
    |                     ^^^^^^^^^^ unknown field
    |
help: a field with a similar name exists
    |
132 |                     updated_at: Set(Some(user_id)),
    |                     ~~~~~~~~~~

error[E0277]: `std::option::Option<std::string::String>` doesn't implement `std::fmt::Display`
   --> src\services\customer_credit_service.rs:139:56
    |
139 |         info!("瀹㈡埛 {} 淇＄敤璇勭骇璁剧疆鎴愬姛锛岀瓑绾э細{}", req.customer_id, credit.credit_level);
    |                                                                      ^^^^^^^^^^^^^^^^^^^ `std::option::Option<std::string::String>` cannot be f
ormatted with the default formatter
    |
    = help: the trait `std::fmt::Display` is not implemented for `std::option::Option<std::string::String>`
    = note: in format strings you may be able to use `{:?}` (or {:#?} for pretty-print) instead
    = note: this error originates in the macro `$crate::__macro_support::format_args` which comes from the expansion of the macro `info` (in Nightly 
builds, run with -Z macro-backtrace for more info)

error[E0599]: `sea_orm::Select<fund_management::Entity>` is not an iterator
  --> src\services\fund_management_service.rs:56:35
   |
56 |         let total = query.clone().count(&*self.db).await?;
   |                                   ^^^^^ `sea_orm::Select<fund_management::Entity>` is not an iterator
   |
  ::: C:\Users\admin\.cargo\registry\src\index.crates.io-6f17d22bba15001f\sea-orm-1.1.19\src\query\select.rs:8:1
   |
8  | pub struct Select<E>
   | -------------------- doesn't satisfy `sea_orm::Select<fund_management::Entity>: Iterator`
   |
   = note: the following trait bounds were not satisfied:
           `sea_orm::Select<fund_management::Entity>: Iterator`
           which is required by `&mut sea_orm::Select<fund_management::Entity>: Iterator`
   = help: items from traits can only be used if the trait is in scope
help: trait `PaginatorTrait` which provides `count` is implemented but not in scope; perhaps you want to import it
   |
1  + use sea_orm::PaginatorTrait;
   |

error[E0599]: no method named `offset` found for struct `sea_orm::Select` in the current scope
   --> src\services\fund_management_service.rs:60:14
    |
58  |           let accounts = query
    |  ________________________-
59  | |             .order_by_desc(fund_management::Column::Id)
60  | |             .offset(params.page * params.page_size)
    | |             -^^^^^^ method not found in `Select<Entity>`
    | |_____________|
    |
    |
   ::: C:\Users\admin\.cargo\registry\src\index.crates.io-6f17d22bba15001f\sea-orm-1.1.19\src\query\helper.rs:197:8
    |
197 |       fn offset<T>(mut self, offset: T) -> Self
    |          ------ the method is available for `sea_orm::Select<fund_management::Entity>` here
    |
    = help: items from traits can only be used if the trait is in scope
help: trait `QuerySelect` which provides `offset` is implemented but not in scope; perhaps you want to import it
    |
1   + use sea_orm::QuerySelect;
    |

error[E0599]: `sea_orm::Select<budget_management::Entity>` is not an iterator
  --> src\services\budget_management_service.rs:97:35
   |
97 |         let total = query.clone().count(&*self.db).await?;
   |                                   ^^^^^ `sea_orm::Select<budget_management::Entity>` is not an iterator
   |
  ::: C:\Users\admin\.cargo\registry\src\index.crates.io-6f17d22bba15001f\sea-orm-1.1.19\src\query\select.rs:8:1
   |
8  | pub struct Select<E>
   | -------------------- doesn't satisfy `_: Iterator`
   |
   = note: the following trait bounds were not satisfied:
           `sea_orm::Select<budget_management::Entity>: Iterator`
           which is required by `&mut sea_orm::Select<budget_management::Entity>: Iterator`
   = help: items from traits can only be used if the trait is in scope
help: trait `PaginatorTrait` which provides `count` is implemented but not in scope; perhaps you want to import it
   |
1  + use sea_orm::PaginatorTrait;
   |

error[E0599]: no method named `offset` found for struct `sea_orm::Select` in the current scope
   --> src\services\budget_management_service.rs:101:14
    |
99  |           let items = query
    |  _____________________-
100 | |             .order_by_desc(budget_management::Column::Id)
101 | |             .offset(params.page * params.page_size)
    | |             -^^^^^^ method not found in `Select<Entity>`
    | |_____________|
    |
    |
   ::: C:\Users\admin\.cargo\registry\src\index.crates.io-6f17d22bba15001f\sea-orm-1.1.19\src\query\helper.rs:197:8
    |
197 |       fn offset<T>(mut self, offset: T) -> Self
    |          ------ the method is available for `sea_orm::Select<budget_management::Entity>` here
    |
    = help: items from traits can only be used if the trait is in scope
help: trait `QuerySelect` which provides `offset` is implemented but not in scope; perhaps you want to import it
    |
1   + use sea_orm::QuerySelect;
    |

error[E0560]: struct `budget_management::ActiveModel` has no field named `budget_year`
   --> src\services\budget_management_service.rs:131:13
    |
131 |             budget_year: Set(req.budget_year),
    |             ^^^^^^^^^^^ `budget_management::ActiveModel` does not have this field
    |
    = note: available fields are: `id`, `level`, `created_at`, `updated_at`

error[E0560]: struct `budget_management::ActiveModel` has no field named `planned_amount`
   --> src\services\budget_management_service.rs:132:13
    |
132 |             planned_amount: Set(req.planned_amount),
    |             ^^^^^^^^^^^^^^ `budget_management::ActiveModel` does not have this field
    |
    = note: available fields are: `id`, `level`, `created_at`, `updated_at`

error[E0560]: struct `budget_management::ActiveModel` has no field named `remark`
   --> src\services\budget_management_service.rs:134:13
    |
134 |             remark: Set(req.remark),
    |             ^^^^^^ `budget_management::ActiveModel` does not have this field
    |
    = note: available fields are: `id`, `level`, `created_at`, `updated_at`

error[E0599]: `sea_orm::Select<budget_management::Entity>` is not an iterator
   --> src\services\budget_management_service.rs:184:14
    |
182 |           let children_count = budget_management::Entity::find()
    |  ______________________________-
183 | |             .filter(budget_management::Column::ParentId.eq(Some(id)))
184 | |             .count(&*self.db)
    | |             -^^^^^ `sea_orm::Select<budget_management::Entity>` is not an iterator
    | |_____________|
    |
    |
   ::: C:\Users\admin\.cargo\registry\src\index.crates.io-6f17d22bba15001f\sea-orm-1.1.19\src\query\select.rs:8:1
    |
8   |   pub struct Select<E>
    |   -------------------- doesn't satisfy `_: Iterator`
    |
    = note: the following trait bounds were not satisfied:
            `sea_orm::Select<budget_management::Entity>: Iterator`
            which is required by `&mut sea_orm::Select<budget_management::Entity>: Iterator`
    = help: items from traits can only be used if the trait is in scope
help: trait `PaginatorTrait` which provides `count` is implemented but not in scope; perhaps you want to import it
    |
1   + use sea_orm::PaginatorTrait;
    |

error[E0599]: no variant or associated item named `BudgetYear` found for enum `budget_management::Column` in the current scope
   --> src\services\budget_management_service.rs:211:61
    |
211 |             query = query.filter(budget_management::Column::BudgetYear.eq(year));
    |                                                             ^^^^^^^^^^ variant or associated item not found in `Column`
    |
   ::: src\models\budget_management.rs:4:35
    |
4   | #[derive(Clone, Debug, PartialEq, DeriveEntityModel, Serialize, Deserialize)]
    |                                   ----------------- variant or associated item `BudgetYear` not found for this enum

error[E0599]: no variant or associated item named `DepartmentId` found for enum `budget_management::Column` in the current scope
   --> src\services\budget_management_service.rs:215:61
    |
215 |             query = query.filter(budget_management::Column::DepartmentId.eq(dept_id));
    |                                                             ^^^^^^^^^^^^ variant or associated item not found in `Column`
    |
   ::: src\models\budget_management.rs:4:35
    |
4   | #[derive(Clone, Debug, PartialEq, DeriveEntityModel, Serialize, Deserialize)]
    |                                   ----------------- variant or associated item `DepartmentId` not found for this enum

error[E0599]: `sea_orm::Select<budget_management::Entity>` is not an iterator
   --> src\services\budget_management_service.rs:218:35
    |
218 |         let total = query.clone().count(&*self.db).await?;
    |                                   ^^^^^ `sea_orm::Select<budget_management::Entity>` is not an iterator
    |
   ::: C:\Users\admin\.cargo\registry\src\index.crates.io-6f17d22bba15001f\sea-orm-1.1.19\src\query\select.rs:8:1
    |
8   | pub struct Select<E>
    | -------------------- doesn't satisfy `_: Iterator`
    |
    = note: the following trait bounds were not satisfied:
            `sea_orm::Select<budget_management::Entity>: Iterator`
            which is required by `&mut sea_orm::Select<budget_management::Entity>: Iterator`
    = help: items from traits can only be used if the trait is in scope
help: trait `PaginatorTrait` which provides `count` is implemented but not in scope; perhaps you want to import it
    |
1   + use sea_orm::PaginatorTrait;
    |

error[E0599]: no method named `offset` found for struct `sea_orm::Select` in the current scope
   --> src\services\budget_management_service.rs:222:14
    |
220 |           let plans = query
    |  _____________________-
221 | |             .order_by_desc(budget_management::Column::Id)
222 | |             .offset(page * page_size)
    | |             -^^^^^^ method not found in `Select<Entity>`
    | |_____________|
    |
    |
   ::: C:\Users\admin\.cargo\registry\src\index.crates.io-6f17d22bba15001f\sea-orm-1.1.19\src\query\helper.rs:197:8
    |
197 |       fn offset<T>(mut self, offset: T) -> Self
    |          ------ the method is available for `sea_orm::Select<budget_management::Entity>` here
    |
    = help: items from traits can only be used if the trait is in scope
help: trait `QuerySelect` which provides `offset` is implemented but not in scope; perhaps you want to import it
    |
1   + use sea_orm::QuerySelect;
    |

error[E0560]: struct `budget_management::ActiveModel` has no field named `plan_no`
   --> src\services\budget_management_service.rs:239:13
    |
239 |             plan_no: Set(req.plan_no),
    |             ^^^^^^^ `budget_management::ActiveModel` does not have this field
    |
    = note: available fields are: `id`, `item_code`, `item_name`, `parent_id`, `item_type` ... and 3 others

error[E0560]: struct `budget_management::ActiveModel` has no field named `plan_name`
   --> src\services\budget_management_service.rs:240:13
    |
240 |             plan_name: Set(req.plan_name),
    |             ^^^^^^^^^ `budget_management::ActiveModel` does not have this field
    |
    = note: available fields are: `id`, `item_code`, `item_name`, `parent_id`, `item_type` ... and 3 others

error[E0560]: struct `budget_management::ActiveModel` has no field named `budget_year`
   --> src\services\budget_management_service.rs:241:13
    |
241 |             budget_year: Set(req.budget_year),
    |             ^^^^^^^^^^^ `budget_management::ActiveModel` does not have this field
    |
    = note: available fields are: `id`, `item_code`, `item_name`, `parent_id`, `item_type` ... and 3 others

error[E0560]: struct `budget_management::ActiveModel` has no field named `department_id`
   --> src\services\budget_management_service.rs:242:13
    |
242 |             department_id: Set(req.department_id),
    |             ^^^^^^^^^^^^^ unknown field
    |
help: a field with a similar name exists
    |
242 |             parent_id: Set(req.department_id),
    |             ~~~~~~~~~

error[E0560]: struct `budget_management::ActiveModel` has no field named `total_amount`
   --> src\services\budget_management_service.rs:243:13
    |
243 |             total_amount: Set(req.total_amount),
    |             ^^^^^^^^^^^^ `budget_management::ActiveModel` does not have this field
    |
    = note: available fields are: `id`, `item_code`, `item_name`, `parent_id`, `item_type` ... and 3 others

error[E0560]: struct `budget_management::ActiveModel` has no field named `start_date`
   --> src\services\budget_management_service.rs:245:13
    |
245 |             start_date: Set(Some(req.start_date)),
    |             ^^^^^^^^^^ `budget_management::ActiveModel` does not have this field
    |
    = note: available fields are: `id`, `item_code`, `item_name`, `parent_id`, `item_type` ... and 3 others

error[E0560]: struct `budget_management::ActiveModel` has no field named `end_date`
   --> src\services\budget_management_service.rs:246:13
    |
246 |             end_date: Set(Some(req.end_date)),
    |             ^^^^^^^^ `budget_management::ActiveModel` does not have this field
    |
    = note: available fields are: `id`, `item_code`, `item_name`, `parent_id`, `item_type` ... and 3 others

error[E0560]: struct `budget_management::ActiveModel` has no field named `remark`
   --> src\services\budget_management_service.rs:247:13
    |
247 |             remark: Set(req.remark),
    |             ^^^^^^ `budget_management::ActiveModel` does not have this field
    |
    = note: available fields are: `id`, `item_code`, `item_name`, `parent_id`, `item_type` ... and 3 others

error[E0609]: no field `plan_no` on type `budget_management::Model`
   --> src\services\budget_management_service.rs:252:35
    |
252 |         info!("棰勭畻鏂规鍒涘缓鎴愬姛锛歿}", plan.plan_no);
    |                                            ^^^^^^^ unknown field
    |
    = note: available fields are: `id`, `item_code`, `item_name`, `parent_id`, `item_type` ... and 4 others

error[E0599]: `sea_orm::Select<quality_standard::Entity>` is not an iterator
  --> src\services\quality_standard_service.rs:76:35
   |
76 |         let total = query.clone().count(&*self.db).await?;
   |                                   ^^^^^ `sea_orm::Select<quality_standard::Entity>` is not an iterator
   |
  ::: C:\Users\admin\.cargo\registry\src\index.crates.io-6f17d22bba15001f\sea-orm-1.1.19\src\query\select.rs:8:1
   |
8  | pub struct Select<E>
   | -------------------- doesn't satisfy `_: Iterator`
   |
   = note: the following trait bounds were not satisfied:
           `sea_orm::Select<quality_standard::Entity>: Iterator`
           which is required by `&mut sea_orm::Select<quality_standard::Entity>: Iterator`
   = help: items from traits can only be used if the trait is in scope
help: trait `PaginatorTrait` which provides `count` is implemented but not in scope; perhaps you want to import it
   |
1  + use sea_orm::PaginatorTrait;
   |

error[E0599]: no method named `offset` found for struct `sea_orm::Select` in the current scope
   --> src\services\quality_standard_service.rs:80:14
    |
78  |           let standards = query
    |  _________________________-
79  | |             .order_by_desc(quality_standard::Column::Id)
80  | |             .offset(params.page * params.page_size)
    | |             -^^^^^^ method not found in `Select<Entity>`
    | |_____________|
    |
    |
   ::: C:\Users\admin\.cargo\registry\src\index.crates.io-6f17d22bba15001f\sea-orm-1.1.19\src\query\helper.rs:197:8
    |
197 |       fn offset<T>(mut self, offset: T) -> Self
    |          ------ the method is available for `sea_orm::Select<quality_standard::Entity>` here
    |
    = help: items from traits can only be used if the trait is in scope
help: trait `QuerySelect` which provides `offset` is implemented but not in scope; perhaps you want to import it
    |
1   + use sea_orm::QuerySelect;
    |

error[E0308]: mismatched types
   --> src\services\quality_standard_service.rs:112:33
    |
112 |             effective_date: Set(Some(req.effective_date)),
    |                             --- ^^^^^^^^^^^^^^^^^^^^^^^^ expected `NaiveDate`, found `Option<NaiveDate>`
    |                             |
    |                             arguments to this enum variant are incorrect
    |
    = note: expected struct `NaiveDate`
                 found enum `std::option::Option<NaiveDate>`
help: the type constructed contains `std::option::Option<NaiveDate>` due to the type of the argument passed
   --> src\services\quality_standard_service.rs:112:29
    |
112 |             effective_date: Set(Some(req.effective_date)),
    |                             ^^^^------------------------^
    |                                 |
    |                                 this argument influences the type of `Set`
note: tuple variant defined here
   --> C:\Users\admin\.cargo\registry\src\index.crates.io-6f17d22bba15001f\sea-orm-1.1.19\src\entity\active_model.rs:45:5
    |
45  |     Set(V),
    |     ^^^

error[E0560]: struct `quality_standard::ActiveModel` has no field named `remark`
   --> src\services\quality_standard_service.rs:114:13
    |
114 |             remark: Set(req.remark),
    |             ^^^^^^ `quality_standard::ActiveModel` does not have this field
    |
    = note: available fields are: `id`, `product_id`, `product_category_id`, `previous_version_id`, `technical_requirements` ... and 7 others

error[E0599]: no variant or associated item named `ParentId` found for enum `quality_standard::Column` in the current scope
   --> src\services\quality_standard_service.rs:163:47
    |
163 |             .filter(quality_standard::Column::ParentId.eq(Some(id)))
    |                                               ^^^^^^^^ variant or associated item not found in `Column`
    |
   ::: src\models\quality_standard.rs:4:35
    |
4   | #[derive(Clone, Debug, PartialEq, DeriveEntityModel, Serialize, Deserialize)]
    |                                   ----------------- variant or associated item `ParentId` not found for this enum

error[E0599]: `sea_orm::Select<quality_standard::Entity>` is not an iterator
   --> src\services\quality_standard_service.rs:164:14
    |
162 |           let referenced_count = quality_standard::Entity::find()
    |  ________________________________-
163 | |             .filter(quality_standard::Column::ParentId.eq(Some(id)))
164 | |             .count(&*self.db)
    | |             -^^^^^ `sea_orm::Select<quality_standard::Entity>` is not an iterator
    | |_____________|
    |
    |
   ::: C:\Users\admin\.cargo\registry\src\index.crates.io-6f17d22bba15001f\sea-orm-1.1.19\src\query\select.rs:8:1
    |
8   |   pub struct Select<E>
    |   -------------------- doesn't satisfy `_: Iterator`
    |
    = note: the following trait bounds were not satisfied:
            `sea_orm::Select<quality_standard::Entity>: Iterator`
            which is required by `&mut sea_orm::Select<quality_standard::Entity>: Iterator`
    = help: items from traits can only be used if the trait is in scope
help: trait `PaginatorTrait` which provides `count` is implemented but not in scope; perhaps you want to import it
    |
1   + use sea_orm::PaginatorTrait;
    |

error[E0308]: mismatched types
   --> src\services\quality_standard_service.rs:214:33
    |
214 |             effective_date: Set(Some(chrono::Local::now().date_naive())),
    |                             --- ^^^^^^^^^^^^^^^^^^^^^^^^^^^^^^^^^^^^^^^ expected `NaiveDate`, found `Option<NaiveDate>`
    |                             |
    |                             arguments to this enum variant are incorrect
    |
    = note: expected struct `NaiveDate`
                 found enum `std::option::Option<NaiveDate>`
help: the type constructed contains `std::option::Option<NaiveDate>` due to the type of the argument passed
   --> src\services\quality_standard_service.rs:214:29
    |
214 |             effective_date: Set(Some(chrono::Local::now().date_naive())),
    |                             ^^^^---------------------------------------^
    |                                 |
    |                                 this argument influences the type of `Set`
note: tuple variant defined here
   --> C:\Users\admin\.cargo\registry\src\index.crates.io-6f17d22bba15001f\sea-orm-1.1.19\src\entity\active_model.rs:45:5
    |
45  |     Set(V),
    |     ^^^

error[E0560]: struct `quality_standard::ActiveModel` has no field named `remark`
   --> src\services\quality_standard_service.rs:216:13
    |
216 |             remark: Set(Some(format!("鐗堟湰鍗囩骇锛歿}", req.change_reason))),
    |             ^^^^^^ `quality_standard::ActiveModel` does not have this field
    |
    = note: available fields are: `id`, `product_id`, `product_category_id`, `previous_version_id`, `technical_requirements` ... and 7 others

error[E0560]: struct `quality_standard::ActiveModel` has no field named `parent_id`
   --> src\services\quality_standard_service.rs:217:13
    |
217 |             parent_id: Set(Some(req.standard_id)),
    |             ^^^^^^^^^ `quality_standard::ActiveModel` does not have this field
    |
    = note: available fields are: `id`, `product_id`, `product_category_id`, `previous_version_id`, `technical_requirements` ... and 7 others

error[E0599]: `sea_orm::Select<financial_analysis::Entity>` is not an iterator
  --> src\services\financial_analysis_service.rs:65:35
   |
65 |         let total = query.clone().count(&*self.db).await?;
   |                                   ^^^^^ `sea_orm::Select<financial_analysis::Entity>` is not an iterator
   |
  ::: C:\Users\admin\.cargo\registry\src\index.crates.io-6f17d22bba15001f\sea-orm-1.1.19\src\query\select.rs:8:1
   |
8  | pub struct Select<E>
   | -------------------- doesn't satisfy `_: Iterator`
   |
   = note: the following trait bounds were not satisfied:
           `sea_orm::Select<financial_analysis::Entity>: Iterator`
           which is required by `&mut sea_orm::Select<financial_analysis::Entity>: Iterator`
   = help: items from traits can only be used if the trait is in scope
help: trait `PaginatorTrait` which provides `count` is implemented but not in scope; perhaps you want to import it
   |
1  + use sea_orm::PaginatorTrait;
   |

error[E0599]: no method named `offset` found for struct `sea_orm::Select` in the current scope
   --> src\services\financial_analysis_service.rs:69:14
    |
67  |           let indicators = query
    |  __________________________-
68  | |             .order_by_desc(financial_analysis::Column::Id)
69  | |             .offset(params.page * params.page_size)
    | |             -^^^^^^ method not found in `Select<Entity>`
    | |_____________|
    |
    |
   ::: C:\Users\admin\.cargo\registry\src\index.crates.io-6f17d22bba15001f\sea-orm-1.1.19\src\query\helper.rs:197:8
    |
197 |       fn offset<T>(mut self, offset: T) -> Self
    |          ------ the method is available for `sea_orm::Select<financial_analysis::Entity>` here
    |
    = help: items from traits can only be used if the trait is in scope
help: trait `QuerySelect` which provides `offset` is implemented but not in scope; perhaps you want to import it
    |
1   + use sea_orm::QuerySelect;
    |

error[E0560]: struct `financial_analysis::ActiveModel` has no field named `analysis_type`
   --> src\services\financial_analysis_service.rs:125:13
    |
125 |             analysis_type: Set(req.analysis_type),
    |             ^^^^^^^^^^^^^ `financial_analysis::ActiveModel` does not have this field
    |
    = note: available fields are: `id`, `indicator_name`, `indicator_code`, `indicator_type`, `formula` ... and 5 others

error[E0560]: struct `financial_analysis::ActiveModel` has no field named `period`
   --> src\services\financial_analysis_service.rs:126:13
    |
126 |             period: Set(req.period),
    |             ^^^^^^ `financial_analysis::ActiveModel` does not have this field
    |
    = note: available fields are: `id`, `indicator_name`, `indicator_code`, `indicator_type`, `formula` ... and 5 others

error[E0560]: struct `financial_analysis::ActiveModel` has no field named `indicator_id`
   --> src\services\financial_analysis_service.rs:127:13
    |
127 |             indicator_id: Set(Some(req.indicator_id)),
    |             ^^^^^^^^^^^^ unknown field
    |
help: a field with a similar name exists
    |
127 |             indicator_code: Set(Some(req.indicator_id)),
    |             ~~~~~~~~~~~~~~

error[E0560]: struct `financial_analysis::ActiveModel` has no field named `indicator_value`
   --> src\services\financial_analysis_service.rs:128:13
    |
128 |             indicator_value: Set(req.indicator_value),
    |             ^^^^^^^^^^^^^^^ unknown field
    |
help: a field with a similar name exists
    |
128 |             indicator_name: Set(req.indicator_value),
    |             ~~~~~~~~~~~~~~

error[E0560]: struct `financial_analysis::ActiveModel` has no field named `target_value`
   --> src\services\financial_analysis_service.rs:129:13
    |
129 |             target_value: Set(req.target_value),
    |             ^^^^^^^^^^^^ `financial_analysis::ActiveModel` does not have this field
    |
    = note: available fields are: `id`, `indicator_name`, `indicator_code`, `indicator_type`, `formula` ... and 5 others

error[E0560]: struct `financial_analysis::ActiveModel` has no field named `variance`
   --> src\services\financial_analysis_service.rs:130:13
    |
130 |             variance: Set(Some(variance)),
    |             ^^^^^^^^ `financial_analysis::ActiveModel` does not have this field
    |
    = note: available fields are: `id`, `indicator_name`, `indicator_code`, `indicator_type`, `formula` ... and 5 others

error[E0560]: struct `financial_analysis::ActiveModel` has no field named `variance_rate`
   --> src\services\financial_analysis_service.rs:131:13
    |
131 |             variance_rate: Set(Some(variance_rate)),
    |             ^^^^^^^^^^^^^ `financial_analysis::ActiveModel` does not have this field
    |
    = note: available fields are: `id`, `indicator_name`, `indicator_code`, `indicator_type`, `formula` ... and 5 others

error[E0560]: struct `financial_analysis::ActiveModel` has no field named `trend`
   --> src\services\financial_analysis_service.rs:132:13
    |
132 |             trend: Set(Some(trend.to_string())),
    |             ^^^^^ `financial_analysis::ActiveModel` does not have this field
    |
    = note: available fields are: `id`, `indicator_name`, `indicator_code`, `indicator_type`, `formula` ... and 5 others

error[E0560]: struct `financial_analysis::ActiveModel` has no field named `created_by`
   --> src\services\financial_analysis_service.rs:133:13
    |
133 |             created_by: Set(Some(user_id)),
    |             ^^^^^^^^^^ unknown field
    |
help: a field with a similar name exists
    |
133 |             created_at: Set(Some(user_id)),
    |             ~~~~~~~~~~

error[E0599]: no variant or associated item named `IndicatorId` found for enum `financial_analysis::Column` in the current scope
   --> src\services\financial_analysis_service.rs:149:49
    |
149 |             .filter(financial_analysis::Column::IndicatorId.eq(indicator_id))
    |                                                 ^^^^^^^^^^^ variant or associated item not found in `Column`
    |
   ::: src\models\financial_analysis.rs:4:35
    |
4   | #[derive(Clone, Debug, PartialEq, DeriveEntityModel, Serialize, Deserialize)]
    |                                   ----------------- variant or associated item `IndicatorId` not found for this enum
    |
help: there is a variant with a similar name
    |
149 |             .filter(financial_analysis::Column::IndicatorCode.eq(indicator_id))
    |                                                 ~~~~~~~~~~~~~

error[E0599]: no variant or associated item named `Period` found for enum `financial_analysis::Column` in the current scope
   --> src\services\financial_analysis_service.rs:150:56
    |
150 |             .order_by_desc(financial_analysis::Column::Period)
    |                                                        ^^^^^^ variant or associated item not found in `Column`
    |
   ::: src\models\financial_analysis.rs:4:35
    |
4   | #[derive(Clone, Debug, PartialEq, DeriveEntityModel, Serialize, Deserialize)]
    |                                   ----------------- variant or associated item `Period` not found for this enum

error[E0599]: no method named `limit` found for struct `sea_orm::Select` in the current scope
   --> src\services\financial_analysis_service.rs:151:14
    |
148 |           let trends = financial_analysis::Entity::find()
    |  ______________________-
149 | |             .filter(financial_analysis::Column::IndicatorId.eq(indicator_id))
150 | |             .order_by_desc(financial_analysis::Column::Period)
151 | |             .limit(limit)
    | |             -^^^^^ method not found in `Select<Entity>`
    | |_____________|
    |
    |
   ::: C:\Users\admin\.cargo\registry\src\index.crates.io-6f17d22bba15001f\sea-orm-1.1.19\src\query\helper.rs:240:8
    |
240 |       fn limit<T>(mut self, limit: T) -> Self
    |          ----- the method is available for `sea_orm::Select<financial_analysis::Entity>` here
    |
    = help: items from traits can only be used if the trait is in scope
help: trait `QuerySelect` which provides `limit` is implemented but not in scope; perhaps you want to import it
    |
1   + use sea_orm::QuerySelect;
    |

error[E0277]: the trait bound `sea_orm::Value: From<&i32>` is not satisfied
  --> src\services\purchase_price_service.rs:36:71
   |
36 |             query = query.filter(purchase_price::Column::ProductId.eq(product_id));
   |                                                                    -- ^^^^^^^^^^ the trait `From<&i32>` is not implemented for `sea_orm::Value`,
 which is required by `&i32: Into<sea_orm::Value>`
   |                                                                    |
   |                                                                    required by a bound introduced by this call
   |
   = note: required for `&i32` to implement `Into<sea_orm::Value>`
note: required by a bound in `sea_orm::ColumnTrait::eq`
  --> C:\Users\admin\.cargo\registry\src\index.crates.io-6f17d22bba15001f\sea-orm-1.1.19\src\entity\column.rs:94:5
   |
94 |     bind_oper!(eq, Equal);
   |     ^^^^^^^^^^^--^^^^^^^^
   |     |          |
   |     |          required by a bound in this associated function
   |     required by this bound in `ColumnTrait::eq`
   = note: this error originates in the macro `bind_oper` (in Nightly builds, run with -Z macro-backtrace for more info)
help: consider dereferencing here
   |
36 |             query = query.filter(purchase_price::Column::ProductId.eq(*product_id));
   |                                                                       +

error[E0277]: the trait bound `sea_orm::Value: From<&i32>` is not satisfied
  --> src\services\purchase_price_service.rs:40:72
   |
40 |             query = query.filter(purchase_price::Column::SupplierId.eq(supplier_id));
   |                                                                     -- ^^^^^^^^^^^ the trait `From<&i32>` is not implemented for `sea_orm::Value
`, which is required by `&i32: Into<sea_orm::Value>`
   |                                                                     |
   |                                                                     required by a bound introduced by this call
   |
   = note: required for `&i32` to implement `Into<sea_orm::Value>`
note: required by a bound in `sea_orm::ColumnTrait::eq`
  --> C:\Users\admin\.cargo\registry\src\index.crates.io-6f17d22bba15001f\sea-orm-1.1.19\src\entity\column.rs:94:5
   |
94 |     bind_oper!(eq, Equal);
   |     ^^^^^^^^^^^--^^^^^^^^
   |     |          |
   |     |          required by a bound in this associated function
   |     required by this bound in `ColumnTrait::eq`
   = note: this error originates in the macro `bind_oper` (in Nightly builds, run with -Z macro-backtrace for more info)
help: consider dereferencing here
   |
40 |             query = query.filter(purchase_price::Column::SupplierId.eq(*supplier_id));
   |                                                                        +

error[E0599]: `sea_orm::Select<purchase_price::Entity>` is not an iterator
  --> src\services\purchase_price_service.rs:47:35
   |
47 |         let total = query.clone().count(&*self.db).await?;
   |                                   ^^^^^ `sea_orm::Select<purchase_price::Entity>` is not an iterator
   |
  ::: C:\Users\admin\.cargo\registry\src\index.crates.io-6f17d22bba15001f\sea-orm-1.1.19\src\query\select.rs:8:1
   |
8  | pub struct Select<E>
   | -------------------- doesn't satisfy `sea_orm::Select<purchase_price::Entity>: Iterator`
   |
   = note: the following trait bounds were not satisfied:
           `sea_orm::Select<purchase_price::Entity>: Iterator`
           which is required by `&mut sea_orm::Select<purchase_price::Entity>: Iterator`
   = help: items from traits can only be used if the trait is in scope
help: trait `PaginatorTrait` which provides `count` is implemented but not in scope; perhaps you want to import it
   |
1  + use sea_orm::PaginatorTrait;
   |

error[E0599]: no method named `offset` found for struct `sea_orm::Select` in the current scope
   --> src\services\purchase_price_service.rs:51:14
    |
49  |           let prices = query
    |  ______________________-
50  | |             .order_by_desc(purchase_price::Column::Id)
51  | |             .offset(params.page * params.page_size)
    | |             -^^^^^^ method not found in `Select<Entity>`
    | |_____________|
    |
    |
   ::: C:\Users\admin\.cargo\registry\src\index.crates.io-6f17d22bba15001f\sea-orm-1.1.19\src\query\helper.rs:197:8
    |
197 |       fn offset<T>(mut self, offset: T) -> Self
    |          ------ the method is available for `sea_orm::Select<purchase_price::Entity>` here
    |
    = help: items from traits can only be used if the trait is in scope
help: trait `QuerySelect` which provides `offset` is implemented but not in scope; perhaps you want to import it
    |
1   + use sea_orm::QuerySelect;
    |

error[E0277]: the trait bound `sea_orm::Value: From<&i32>` is not satisfied
  --> src\services\sales_price_service.rs:36:68
   |
36 |             query = query.filter(sales_price::Column::ProductId.eq(product_id));
   |                                                                 -- ^^^^^^^^^^ the trait `From<&i32>` is not implemented for `sea_orm::Value`, wh
ich is required by `&i32: Into<sea_orm::Value>`
   |                                                                 |
   |                                                                 required by a bound introduced by this call
   |
   = note: required for `&i32` to implement `Into<sea_orm::Value>`
note: required by a bound in `sea_orm::ColumnTrait::eq`
  --> C:\Users\admin\.cargo\registry\src\index.crates.io-6f17d22bba15001f\sea-orm-1.1.19\src\entity\column.rs:94:5
   |
94 |     bind_oper!(eq, Equal);
   |     ^^^^^^^^^^^--^^^^^^^^
   |     |          |
   |     |          required by a bound in this associated function
   |     required by this bound in `ColumnTrait::eq`
   = note: this error originates in the macro `bind_oper` (in Nightly builds, run with -Z macro-backtrace for more info)
help: consider dereferencing here
   |
36 |             query = query.filter(sales_price::Column::ProductId.eq(*product_id));
   |                                                                    +

error[E0599]: `sea_orm::Select<sales_price::Entity>` is not an iterator
  --> src\services\sales_price_service.rs:47:35
   |
47 |         let total = query.clone().count(&*self.db).await?;
   |                                   ^^^^^ `sea_orm::Select<sales_price::Entity>` is not an iterator
   |
  ::: C:\Users\admin\.cargo\registry\src\index.crates.io-6f17d22bba15001f\sea-orm-1.1.19\src\query\select.rs:8:1
   |
8  | pub struct Select<E>
   | -------------------- doesn't satisfy `sea_orm::Select<sales_price::Entity>: Iterator`
   |
   = note: the following trait bounds were not satisfied:
           `sea_orm::Select<sales_price::Entity>: Iterator`
           which is required by `&mut sea_orm::Select<sales_price::Entity>: Iterator`
   = help: items from traits can only be used if the trait is in scope
help: trait `PaginatorTrait` which provides `count` is implemented but not in scope; perhaps you want to import it
   |
1  + use sea_orm::PaginatorTrait;
   |

error[E0599]: no method named `offset` found for struct `sea_orm::Select` in the current scope
   --> src\services\sales_price_service.rs:51:14
    |
49  |           let prices = query
    |  ______________________-
50  | |             .order_by_desc(sales_price::Column::Id)
51  | |             .offset(params.page * params.page_size)
    | |             -^^^^^^ method not found in `Select<Entity>`
    | |_____________|
    |
    |
   ::: C:\Users\admin\.cargo\registry\src\index.crates.io-6f17d22bba15001f\sea-orm-1.1.19\src\query\helper.rs:197:8
    |
197 |       fn offset<T>(mut self, offset: T) -> Self
    |          ------ the method is available for `sea_orm::Select<sales_price::Entity>` here
    |
    = help: items from traits can only be used if the trait is in scope
help: trait `QuerySelect` which provides `offset` is implemented but not in scope; perhaps you want to import it
    |
1   + use sea_orm::QuerySelect;
    |

error[E0599]: `sea_orm::Select<sales_analysis::Entity>` is not an iterator
  --> src\services\sales_analysis_service.rs:42:35
   |
42 |         let total = query.clone().count(&*self.db).await?;
   |                                   ^^^^^ `sea_orm::Select<sales_analysis::Entity>` is not an iterator
   |
  ::: C:\Users\admin\.cargo\registry\src\index.crates.io-6f17d22bba15001f\sea-orm-1.1.19\src\query\select.rs:8:1
   |
8  | pub struct Select<E>
   | -------------------- doesn't satisfy `sea_orm::Select<sales_analysis::Entity>: Iterator`
   |
   = note: the following trait bounds were not satisfied:
           `sea_orm::Select<sales_analysis::Entity>: Iterator`
           which is required by `&mut sea_orm::Select<sales_analysis::Entity>: Iterator`
   = help: items from traits can only be used if the trait is in scope
help: trait `PaginatorTrait` which provides `count` is implemented but not in scope; perhaps you want to import it
   |
1  + use sea_orm::PaginatorTrait;
   |

error[E0599]: no method named `offset` found for struct `sea_orm::Select` in the current scope
   --> src\services\sales_analysis_service.rs:46:14
    |
44  |           let statistics = query
    |  __________________________-
45  | |             .order_by_desc(sales_analysis::Column::Id)
46  | |             .offset(params.page * params.page_size)
    | |             -^^^^^^ method not found in `Select<Entity>`
    | |_____________|
    |
    |
   ::: C:\Users\admin\.cargo\registry\src\index.crates.io-6f17d22bba15001f\sea-orm-1.1.19\src\query\helper.rs:197:8
    |
197 |       fn offset<T>(mut self, offset: T) -> Self
    |          ------ the method is available for `sea_orm::Select<sales_analysis::Entity>` here
    |
    = help: items from traits can only be used if the trait is in scope
help: trait `QuerySelect` which provides `offset` is implemented but not in scope; perhaps you want to import it
    |
1   + use sea_orm::QuerySelect;
    |

error[E0599]: `sea_orm::Select<quality_inspection::Entity>` is not an iterator
  --> src\services\quality_inspection_service.rs:42:35
   |
42 |         let total = query.clone().count(&*self.db).await?;
   |                                   ^^^^^ `sea_orm::Select<quality_inspection::Entity>` is not an iterator
   |
  ::: C:\Users\admin\.cargo\registry\src\index.crates.io-6f17d22bba15001f\sea-orm-1.1.19\src\query\select.rs:8:1
   |
8  | pub struct Select<E>
   | -------------------- doesn't satisfy `_: Iterator`
   |
   = note: the following trait bounds were not satisfied:
           `sea_orm::Select<quality_inspection::Entity>: Iterator`
           which is required by `&mut sea_orm::Select<quality_inspection::Entity>: Iterator`
   = help: items from traits can only be used if the trait is in scope
help: trait `PaginatorTrait` which provides `count` is implemented but not in scope; perhaps you want to import it
   |
1  + use sea_orm::PaginatorTrait;
   |

error[E0599]: no method named `offset` found for struct `sea_orm::Select` in the current scope
   --> src\services\quality_inspection_service.rs:46:14
    |
44  |           let standards = query
    |  _________________________-
45  | |             .order_by_desc(quality_inspection::Column::Id)
46  | |             .offset(params.page * params.page_size)
    | |             -^^^^^^ method not found in `Select<Entity>`
    | |_____________|
    |
    |
   ::: C:\Users\admin\.cargo\registry\src\index.crates.io-6f17d22bba15001f\sea-orm-1.1.19\src\query\helper.rs:197:8
    |
197 |       fn offset<T>(mut self, offset: T) -> Self
    |          ------ the method is available for `sea_orm::Select<quality_inspection::Entity>` here
    |
    = help: items from traits can only be used if the trait is in scope
help: trait `QuerySelect` which provides `offset` is implemented but not in scope; perhaps you want to import it
    |
1   + use sea_orm::QuerySelect;
    |

Some errors have detailed explanations: E0061, E0063, E0107, E0119, E0195, E0252, E0277, E0308, E0382...
For more information about an error, try `rustc --explain E0061`.
warning: `bingxi-backend` (lib) generated 133 warnings
error: could not compile `bingxi-backend` (lib) due to 2179 previous errors; 133 warnings emitted
