error: could not compile `bingxi-backend` (lib) due to 1187 previous errors; 162 warnings emitted
