error: could not compile `bingxi-backend` (lib) due to 362 previous errors; 191
 warnings emitted
