cargo :    Compiling bingxi-backend v1.0.0 (E:\1\10\bingxi-rust\backend)
所在位置 行:1 字符: 68
+ ... \backend ; cd "e:\1\10\bingxi-rust\backend"; cargo check 2>&1 | Tee-O ...
+                                                  ~~~~~~~~~~~~~~~~
    + CategoryInfo          : NotSpecified: (   Compiling bi...i-rust\backend) 
   :String) [], RemoteException
    + FullyQualifiedErrorId : NativeCommandError
 
warning: unused imports: `DateTime`, `Duration`, `NaiveDateTime`, `NaiveDate`, 
and `Utc`
 --> src\database\mod.rs:1:14
  |
1 | use chrono::{Utc, NaiveDate, NaiveDateTime, DateTime, Duration};
  |              ^^^  ^^^^^^^^^  ^^^^^^^^^^^^^  ^^^^^^^^  ^^^^^^^^
  |
  = note: `#[warn(unused_imports)]` on by default

warning: unused imports: `RoleDetail` and `RolePermissionDetail`
  --> src\handlers\role_handler.rs:12:5
   |
12 |     RoleDetail, RolePermissionDetail,
   |     ^^^^^^^^^^  ^^^^^^^^^^^^^^^^^^^^

warning: unused import: `http::StatusCode`
 --> src\handlers\product_handler.rs:3:5
  |
3 |     http::StatusCode,
  |     ^^^^^^^^^^^^^^^^

warning: unused imports: `ConnectionTrait` and `Set`
 --> src\handlers\warehouse_handler.rs:5:66
  |
5 | use sea_orm::{DatabaseConnection, EntityTrait, ActiveModelTrait, Set, Pagin
atorTrait, ConnectionTrait, QueryFilter, ColumnTrait};
  |                                                                  ^^^       
           ^^^^^^^^^^^^^^^

warning: unused import: `self`
 --> src\handlers\warehouse_handler.rs:9:32
  |
9 | use crate::models::warehouse::{self};
  |                                ^^^^

warning: unused import: `Path`
 --> src\handlers\dashboard_handler.rs:2:15
  |
2 |     extract::{Path, Query, State},
  |               ^^^^

warning: unused import: `ConnectionTrait`
 --> src\handlers\sales_fabric_order_handler.rs:5:150
  |
5 | ...Trait, QueryFilter, PaginatorTrait, Set, ActiveModelTrait, ConnectionTra
it};
  |                                                               ^^^^^^^^^^^^^
^^

warning: unused import: `Serialize`
 --> src\handlers\sales_fabric_order_handler.rs:7:26
  |
7 | use serde::{Deserialize, Serialize};
  |                          ^^^^^^^^^

warning: unused import: `crate::models::inventory_stock`
   --> src\handlers\inventory_stock_handler.rs:465:5
    |
465 | use crate::models::inventory_stock;
    |     ^^^^^^^^^^^^^^^^^^^^^^^^^^^^^^

warning: unused import: `crate::models::inventory_transaction`
   --> src\handlers\inventory_stock_handler.rs:466:5
    |
466 | use crate::models::inventory_transaction;
    |     ^^^^^^^^^^^^^^^^^^^^^^^^^^^^^^^^^^^^

warning: unused import: `rust_decimal::prelude::ToPrimitive`
   --> src\handlers\inventory_stock_handler.rs:467:5
    |
467 | use rust_decimal::prelude::ToPrimitive;
    |     ^^^^^^^^^^^^^^^^^^^^^^^^^^^^^^^^^^

warning: unused import: `ApiResponse as UtilApiResponse`
  --> src\handlers\inventory_count_handler.rs:12:49
   |
12 | use crate::utils::response::{PaginatedResponse, ApiResponse as UtilApiResp
onse};
   |                                                 ^^^^^^^^^^^^^^^^^^^^^^^^^^
^^^^

warning: unused import: `InventoryCountItemRequest`
  --> src\handlers\inventory_count_handler.rs:13:100
   |
13 | use crate::services::inventory_count_service::{InventoryCountService, Crea
teInventoryCountRequest, InventoryCountItemRequest, UpdateInven...
   |                                                                           
                         ^^^^^^^^^^^^^^^^^^^^^^^^^

warning: unused imports: `ConnectionTrait` and `Set`
 --> src\handlers\batch_new_handler.rs:7:48
  |
7 | use sea_orm::{DatabaseConnection, EntityTrait, Set, ActiveModelTrait, Conne
ctionTrait, TransactionTrait, QueryFilter, ColumnTrait, Pagina...
  |                                                ^^^                    ^^^^^
^^^^^^^^^^

warning: unused import: `crate::services::batch_service::BatchService`
  --> src\handlers\batch_new_handler.rs:14:5
   |
14 | use crate::services::batch_service::BatchService;
   |     ^^^^^^^^^^^^^^^^^^^^^^^^^^^^^^^^^^^^^^^^^^^^

warning: unused import: `ConnectionTrait`
   --> src\handlers\batch_new_handler.rs:265:55
    |
265 |     use sea_orm::{EntityTrait, Set, ActiveModelTrait, ConnectionTrait};
    |                                                       ^^^^^^^^^^^^^^^

warning: unused import: `extract::State`
 --> src\handlers\dual_unit_converter_handler.rs:2:5
  |
2 |     extract::State,
  |     ^^^^^^^^^^^^^^

warning: unused import: `std::sync::Arc`
 --> src\handlers\dual_unit_converter_handler.rs:6:5
  |
6 | use std::sync::Arc;
  |     ^^^^^^^^^^^^^^

warning: unused import: `sea_orm::DatabaseConnection`
 --> src\handlers\dual_unit_converter_handler.rs:7:5
  |
7 | use sea_orm::DatabaseConnection;
  |     ^^^^^^^^^^^^^^^^^^^^^^^^^^^

warning: unused import: `crate::services::five_dimension_query_service::FiveDim
ensionQueryService`
  --> src\handlers\five_dimension_handler.rs:12:5
   |
12 | use crate::services::five_dimension_query_service::FiveDimensionQueryServi
ce;
   |     ^^^^^^^^^^^^^^^^^^^^^^^^^^^^^^^^^^^^^^^^^^^^^^^^^^^^^^^^^^^^^^^^^^^^^^
^^

warning: unused import: `FiveDimensionQueryBuilder`
  --> src\handlers\five_dimension_handler.rs:13:64
   |
13 | use crate::utils::fabric_five_dimension::{FabricFiveDimension, FiveDimensi
onQueryBuilder};
   |                                                                ^^^^^^^^^^^
^^^^^^^^^^^^^^

warning: unused import: `crate::utils::fabric_five_dimension::FabricFiveDimensi
on`
  --> src\handlers\business_trace_handler.rs:12:5
   |
12 | use crate::utils::fabric_five_dimension::FabricFiveDimension;
   |     ^^^^^^^^^^^^^^^^^^^^^^^^^^^^^^^^^^^^^^^^^^^^^^^^^^^^^^^^

warning: unused import: `http::StatusCode`
 --> src\handlers\supplier_handler.rs:3:5
  |
3 |     http::StatusCode,
  |     ^^^^^^^^^^^^^^^^

warning: unused import: `http::StatusCode`
 --> src\handlers\purchase_return_handler.rs:7:5
  |
7 |     http::StatusCode,
  |     ^^^^^^^^^^^^^^^^

warning: unused import: `http::StatusCode`
 --> src\handlers\purchase_inspection_handler.rs:7:5
  |
7 |     http::StatusCode,
  |     ^^^^^^^^^^^^^^^^

warning: unused import: `http::StatusCode`
 --> src\handlers\ap_invoice_handler.rs:7:5
  |
7 |     http::StatusCode,
  |     ^^^^^^^^^^^^^^^^

warning: unused import: `error`
  --> src\handlers\ap_invoice_handler.rs:21:27
   |
21 | use tracing::{info, warn, error};
   |                           ^^^^^

warning: unused import: `http::StatusCode`
 --> src\handlers\ap_payment_request_handler.rs:7:5
  |
7 |     http::StatusCode,
  |     ^^^^^^^^^^^^^^^^

warning: unused import: `error`
  --> src\handlers\ap_payment_request_handler.rs:22:27
   |
22 | use tracing::{info, warn, error};
   |                           ^^^^^

warning: unused import: `http::StatusCode`
 --> src\handlers\ap_payment_handler.rs:7:5
  |
7 |     http::StatusCode,
  |     ^^^^^^^^^^^^^^^^

warning: unused import: `error`
  --> src\handlers\ap_payment_handler.rs:22:27
   |
22 | use tracing::{info, warn, error};
   |                           ^^^^^

warning: unused import: `http::StatusCode`
 --> src\handlers\ap_verification_handler.rs:7:5
  |
7 |     http::StatusCode,
  |     ^^^^^^^^^^^^^^^^

warning: unused import: `error`
  --> src\handlers\ap_verification_handler.rs:22:27
   |
22 | use tracing::{info, warn, error};
   |                           ^^^^^

warning: unused import: `http::StatusCode`
 --> src\handlers\ap_reconciliation_handler.rs:7:5
  |
7 |     http::StatusCode,
  |     ^^^^^^^^^^^^^^^^

warning: unused import: `error`
  --> src\handlers\ap_reconciliation_handler.rs:22:27
   |
22 | use tracing::{info, warn, error};
   |                           ^^^^^

warning: unused imports: `error` and `warn`
  --> src\handlers\ap_report_handler.rs:17:21
   |
17 | use tracing::{info, warn, error};
   |                     ^^^^  ^^^^^

warning: unused import: `Path`
 --> src\handlers\ar_invoice_handler.rs:6:15
  |
6 |     extract::{Path, Query, State},
  |               ^^^^

warning: unused import: `voucher_item`
  --> src\handlers\voucher_handler.rs:15:30
   |
15 | use crate::models::{voucher, voucher_item};
   |                              ^^^^^^^^^^^^

warning: unused import: `UpdateVoucherRequest`
  --> src\handlers\voucher_handler.rs:17:43
   |
17 |     VoucherService, CreateVoucherRequest, UpdateVoucherRequest, VoucherQue
ryParams, VoucherItemRequest,
   |                                           ^^^^^^^^^^^^^^^^^^^^

warning: unused import: `Path`
 --> src\handlers\cost_collection_handler.rs:6:15
  |
6 |     extract::{Path, Query, State},
  |               ^^^^

warning: unused import: `error`
  --> src\handlers\fixed_asset_handler.rs:15:15
   |
15 | use tracing::{error, info};
   |               ^^^^^

warning: unused import: `http::StatusCode`
 --> src\handlers\fund_management_handler.rs:8:5
  |
8 |     http::StatusCode,
  |     ^^^^^^^^^^^^^^^^

warning: unused import: `http::StatusCode`
 --> src\handlers\budget_management_handler.rs:8:5
  |
8 |     http::StatusCode,
  |     ^^^^^^^^^^^^^^^^

warning: unused import: `http::StatusCode`
 --> src\handlers\quality_standard_handler.rs:8:5
  |
8 |     http::StatusCode,
  |     ^^^^^^^^^^^^^^^^

warning: unused imports: `DateTime`, `NaiveDateTime`, and `NaiveDate`
 --> src\middleware\auth_middleware.rs:1:19
  |
1 | use chrono::{Utc, NaiveDate, NaiveDateTime, DateTime, Duration};
  |                   ^^^^^^^^^  ^^^^^^^^^^^^^  ^^^^^^^^

warning: unused import: `crate::utils::response::ApiResponse`
  --> src\middleware\auth_middleware.rs:14:5
   |
14 | use crate::utils::response::ApiResponse;
   |     ^^^^^^^^^^^^^^^^^^^^^^^^^^^^^^^^^^^

warning: unused imports: `DateTime`, `NaiveDateTime`, and `NaiveDate`
 --> src\middleware\logger_middleware.rs:1:19
  |
1 | use chrono::{Utc, NaiveDate, NaiveDateTime, DateTime};
  |                   ^^^^^^^^^  ^^^^^^^^^^^^^  ^^^^^^^^

warning: unused import: `serde_json::Value as JsonValue`
  --> src\models\dto.rs:11:5
   |
11 | use serde_json::Value as JsonValue;
   |     ^^^^^^^^^^^^^^^^^^^^^^^^^^^^^^

warning: unused import: `rust_decimal::Decimal`
 --> src\models\inventory_count.rs:3:5
  |
3 | use rust_decimal::Decimal;
  |     ^^^^^^^^^^^^^^^^^^^^^

warning: unused import: `NaiveDateTime`
 --> src\models\fund_management.rs:2:35
  |
2 | use chrono::{DateTime, NaiveDate, NaiveDateTime, Utc};
  |                                   ^^^^^^^^^^^^^

warning: unused import: `NaiveDateTime`
 --> src\models\budget_management.rs:2:24
  |
2 | use chrono::{DateTime, NaiveDateTime, Utc};
  |                        ^^^^^^^^^^^^^

warning: unused import: `NaiveDateTime`
 --> src\models\quality_standard.rs:2:35
  |
2 | use chrono::{DateTime, NaiveDate, NaiveDateTime, Utc};
  |                                   ^^^^^^^^^^^^^

warning: unused import: `NaiveDateTime`
 --> src\models\financial_analysis.rs:2:24
  |
2 | use chrono::{DateTime, NaiveDateTime, Utc};
  |                        ^^^^^^^^^^^^^

warning: unused import: `NaiveDateTime`
 --> src\models\purchase_price.rs:2:35
  |
2 | use chrono::{DateTime, NaiveDate, NaiveDateTime, Utc};
  |                                   ^^^^^^^^^^^^^

warning: unused import: `NaiveDateTime`
 --> src\models\sales_price.rs:2:35
  |
2 | use chrono::{DateTime, NaiveDate, NaiveDateTime, Utc};
  |                                   ^^^^^^^^^^^^^

warning: unused import: `NaiveDate`
 --> src\models\crm_lead.rs:6:29
  |
6 | use chrono::{DateTime, Utc, NaiveDate};
  |                             ^^^^^^^^^

warning: unused import: `serde_json::Value as JsonValue`
 --> src\routes\mod.rs:7:5
  |
7 | use serde_json::Value as JsonValue;
  |     ^^^^^^^^^^^^^^^^^^^^^^^^^^^^^^

warning: unused imports: `EntityTrait` and `Set`
 --> src\services\auth_service.rs:4:15
  |
4 | use sea_orm::{EntityTrait, Set};
  |               ^^^^^^^^^^^  ^^^

warning: unused import: `ActiveModelBehavior`
 --> src\services\user_service.rs:2:77
  |
2 | use sea_orm::{EntityTrait, Set, QueryFilter, ColumnTrait, ActiveModelTrait,
 ActiveModelBehavior};
  |                                                                            
 ^^^^^^^^^^^^^^^^^^^

warning: unused imports: `RelationTrait` and `sea_query::Expr`
 --> src\services\product_service.rs:1:125
  |
1 | ...rait, QueryFilter, QueryOrder, ActiveModelBehavior, sea_query::Expr, Rel
ationTrait, Set, NotSet, Order};
  |                                                        ^^^^^^^^^^^^^^^  ^^^
^^^^^^^^^^

warning: unused import: `sea_orm::sea_query::Expr`
 --> src\services\sales_service.rs:5:5
  |
5 | use sea_orm::sea_query::Expr;
  |     ^^^^^^^^^^^^^^^^^^^^^^^^

warning: unused import: `DateTime`
 --> src\services\inventory_stock_service.rs:8:14
  |
8 | use chrono::{DateTime, Utc};
  |              ^^^^^^^^

warning: unused import: `sea_orm::prelude::Expr`
   --> src\services\inventory_stock_service.rs:158:13
    |
158 |         use sea_orm::prelude::Expr;
    |             ^^^^^^^^^^^^^^^^^^^^^^

warning: unused import: `TransactionTrait`
 --> src\services\inventory_reservation_service.rs:3:5
  |
3 |     TransactionTrait, QueryFilter,
  |     ^^^^^^^^^^^^^^^^

warning: unused import: `TransactionTrait`
 --> src\services\batch_service.rs:4:58
  |
4 | use sea_orm::{EntityTrait, Set, ActiveModelTrait, DbErr, TransactionTrait};
  |                                                          ^^^^^^^^^^^^^^^^

warning: unused imports: `EntityTrait` and `QuerySelect`
 --> src\services\five_dimension_query_service.rs:1:15
  |
1 | use sea_orm::{EntityTrait, QueryFilter, ColumnTrait, QuerySelect};
  |               ^^^^^^^^^^^                            ^^^^^^^^^^^

warning: unused import: `DateTime`
 --> src\services\assist_accounting_service.rs:5:14
  |
5 | use chrono::{DateTime, Utc};
  |              ^^^^^^^^

warning: unused import: `DateTime`
 --> src\services\business_trace_service.rs:5:14
  |
5 | use chrono::{DateTime, Utc};
  |              ^^^^^^^^

warning: unused import: `QuerySelect`
 --> src\services\supplier_service.rs:3:17
  |
3 |     QueryOrder, QuerySelect, TransactionTrait, PaginatorTrait, Set, Order, 
ModelTrait,
  |                 ^^^^^^^^^^^

warning: unused import: `regex::Regex`
  --> src\services\supplier_service.rs:12:5
   |
12 | use regex::Regex;
   |     ^^^^^^^^^^^^

warning: unused import: `TransactionTrait`
 --> src\services\supplier_evaluation_service.rs:4:10
  |
4 |     Set, TransactionTrait, QuerySelect, PaginatorTrait, Order,
  |          ^^^^^^^^^^^^^^^^

warning: unused import: `error`
 --> src\services\supplier_evaluation_service.rs:9:21
  |
9 | use tracing::{info, error};
  |                     ^^^^^

warning: unused import: `QuerySelect`
 --> src\services\purchase_order_service.rs:8:17
  |
8 |     QueryOrder, QuerySelect, TransactionTrait, PaginatorTrait, Set, Order,
  |                 ^^^^^^^^^^^

warning: unused import: `Serialize`
  --> src\services\purchase_return_service.rs:14:26
   |
14 | use serde::{Deserialize, Serialize};
   |                          ^^^^^^^^^

warning: unused import: `Serialize`
  --> src\services\purchase_inspection_service.rs:14:26
   |
14 | use serde::{Deserialize, Serialize};
   |                          ^^^^^^^^^

warning: unused imports: `ModelTrait` and `QuerySelect`
 --> src\services\ap_invoice_service.rs:8:17
  |
8 |     QueryOrder, QuerySelect, TransactionTrait, PaginatorTrait, Set, Order, 
ModelTrait,
  |                 ^^^^^^^^^^^                                                
^^^^^^^^^^

warning: unused import: `QuerySelect`
 --> src\services\ap_payment_request_service.rs:8:17
  |
8 |     QueryOrder, QuerySelect, TransactionTrait, PaginatorTrait, Set, Order,
  |                 ^^^^^^^^^^^

warning: unused import: `QuerySelect`
 --> src\services\ap_payment_service.rs:8:17
  |
8 |     QueryOrder, QuerySelect, TransactionTrait, PaginatorTrait, Set, Order,
  |                 ^^^^^^^^^^^

warning: unused import: `QuerySelect`
 --> src\services\ap_verification_service.rs:8:17
  |
8 |     QueryOrder, QuerySelect, TransactionTrait, PaginatorTrait, Set, Order,
  |                 ^^^^^^^^^^^

warning: unused import: `QuerySelect`
 --> src\services\ap_reconciliation_service.rs:8:17
  |
8 |     QueryOrder, QuerySelect, TransactionTrait, PaginatorTrait, Set, Order,
  |                 ^^^^^^^^^^^

warning: unused imports: `QueryOrder` and `QuerySelect`
 --> src\services\ap_report_service.rs:7:5
  |
7 |     QueryOrder, QuerySelect,
  |     ^^^^^^^^^^  ^^^^^^^^^^^

warning: unused import: `Duration`
  --> src\services\ap_report_service.rs:12:30
   |
12 | use chrono::{Utc, NaiveDate, Duration};
   |                              ^^^^^^^^

warning: unused import: `IntoActiveModel`
 --> src\services\ar_invoice_service.rs:6:69
  |
6 |     ActiveModelTrait, ColumnTrait, DatabaseConnection, EntityTrait, IntoAct
iveModel,
  |                                                                     ^^^^^^^
^^^^^^^^

warning: unused import: `warn`
  --> src\services\ar_invoice_service.rs:10:21
   |
10 | use tracing::{info, warn};
   |                     ^^^^

warning: unused import: `arc_swap::ArcSwap`
 --> src\services\account_subject_service.rs:5:5
  |
5 | use arc_swap::ArcSwap;
  |     ^^^^^^^^^^^^^^^^^

warning: unused imports: `QuerySelect` and `TransactionTrait`
 --> src\services\account_subject_service.rs:8:30
  |
8 |     QueryFilter, QueryOrder, QuerySelect, TransactionTrait, ActiveModelBeha
vior, Order, ModelTrait, PaginatorTrait,
  |                              ^^^^^^^^^^^  ^^^^^^^^^^^^^^^^

warning: unused import: `error`
  --> src\services\account_subject_service.rs:11:27
   |
11 | use tracing::{info, warn, error};
   |                           ^^^^^

warning: unused import: `error`
  --> src\services\voucher_service.rs:10:27
   |
10 | use tracing::{info, warn, error};
   |                           ^^^^^

warning: unused import: `IntoActiveModel`
 --> src\services\cost_collection_service.rs:6:69
  |
6 |     ActiveModelTrait, ColumnTrait, DatabaseConnection, EntityTrait, IntoAct
iveModel,
  |                                                                     ^^^^^^^
^^^^^^^^

warning: unused import: `warn`
  --> src\services\cost_collection_service.rs:10:21
   |
10 | use tracing::{info, warn};
   |                     ^^^^

warning: unused import: `error`
  --> src\services\purchase_contract_service.rs:10:21
   |
10 | use tracing::{info, error};
   |                     ^^^^^

warning: unused import: `error`
  --> src\services\sales_contract_service.rs:10:21
   |
10 | use tracing::{info, error};
   |                     ^^^^^

warning: unused import: `error`
 --> src\services\customer_credit_service.rs:9:21
  |
9 | use tracing::{info, error};
  |                     ^^^^^

warning: unused import: `TransactionTrait`
 --> src\services\fund_management_service.rs:4:10
  |
4 |     Set, TransactionTrait, QuerySelect, PaginatorTrait, Order,
  |          ^^^^^^^^^^^^^^^^

warning: unused import: `error`
 --> src\services\fund_management_service.rs:9:21
  |
9 | use tracing::{info, error};
  |                     ^^^^^

warning: unused import: `TransactionTrait`
 --> src\services\budget_management_service.rs:4:5
  |
4 |     TransactionTrait, QuerySelect, PaginatorTrait, Order,
  |     ^^^^^^^^^^^^^^^^

warning: unused import: `error`
 --> src\services\budget_management_service.rs:9:21
  |
9 | use tracing::{info, error};
  |                     ^^^^^

warning: unused import: `TransactionTrait`
 --> src\services\quality_standard_service.rs:4:5
  |
4 |     TransactionTrait, QuerySelect, PaginatorTrait, Order,
  |     ^^^^^^^^^^^^^^^^

warning: unused import: `error`
 --> src\services\quality_standard_service.rs:8:21
  |
8 | use tracing::{info, error};
  |                     ^^^^^

warning: unused import: `TransactionTrait`
 --> src\services\financial_analysis_service.rs:4:10
  |
4 |     Set, TransactionTrait, QuerySelect, PaginatorTrait, Order,
  |          ^^^^^^^^^^^^^^^^

warning: unused import: `error`
 --> src\services\financial_analysis_service.rs:9:21
  |
9 | use tracing::{info, error};
  |                     ^^^^^

warning: unused imports: `ActiveModelTrait` and `Set`
 --> src\services\sales_price_service.rs:3:5
  |
3 |     ActiveModelTrait, ColumnTrait, DatabaseConnection, EntityTrait, QueryFi
lter, QueryOrder, Set,
  |     ^^^^^^^^^^^^^^^^                                                       
                  ^^^

warning: unused import: `tracing::info`
 --> src\services\sales_price_service.rs:8:5
  |
8 | use tracing::info;
  |     ^^^^^^^^^^^^^

warning: unused imports: `ActiveModelTrait` and `Set`
 --> src\services\sales_analysis_service.rs:3:5
  |
3 |     ActiveModelTrait, ColumnTrait, DatabaseConnection, EntityTrait, QueryFi
lter, QueryOrder, Set,
  |     ^^^^^^^^^^^^^^^^                                                       
                  ^^^

warning: unused import: `tracing::info`
 --> src\services\sales_analysis_service.rs:8:5
  |
8 | use tracing::info;
  |     ^^^^^^^^^^^^^

warning: unused imports: `ActiveModelTrait` and `Set`
 --> src\services\quality_inspection_service.rs:3:5
  |
3 |     ActiveModelTrait, ColumnTrait, DatabaseConnection, EntityTrait, QueryFi
lter, QueryOrder, Set,
  |     ^^^^^^^^^^^^^^^^                                                       
                  ^^^

warning: unused import: `tracing::info`
 --> src\services\quality_inspection_service.rs:8:5
  |
8 | use tracing::info;
  |     ^^^^^^^^^^^^^

warning: unused import: `rust_decimal::prelude::ToPrimitive`
 --> src\utils\dual_unit_converter.rs:7:5
  |
7 | use rust_decimal::prelude::ToPrimitive;
  |     ^^^^^^^^^^^^^^^^^^^^^^^^^^^^^^^^^^

warning: unused imports: `NaiveDate` and `Utc`
 --> src\utils\fabric_five_dimension.rs:1:14
  |
1 | use chrono::{Utc, NaiveDate};
  |              ^^^  ^^^^^^^^^

warning: unused variable: `user_service`
  --> src\handlers\auth_handler.rs:93:9
   |
93 |     let user_service = UserService::new(db.clone());
   |         ^^^^^^^^^^^^ help: if this is intentional, prefix it with an under
score: `_user_service`
   |
   = note: `#[warn(unused_variables)]` on by default

warning: unused variable: `page`
  --> src\services\product_service.rs:34:9
   |
34 |         page: u64,
   |         ^^^^ help: if this is intentional, prefix it with an underscore: `
_page`

warning: unused variable: `page_size`
  --> src\services\product_service.rs:35:9
   |
35 |         page_size: u64,
   |         ^^^^^^^^^ help: if this is intentional, prefix it with an undersco
re: `_page_size`

warning: unused variable: `page`
  --> src\services\product_category_service.rs:21:9
   |
21 |         page: u64,
   |         ^^^^ help: if this is intentional, prefix it with an underscore: `
_page`

warning: unused variable: `page_size`
  --> src\services\product_category_service.rs:22:9
   |
22 |         page_size: u64,
   |         ^^^^^^^^^ help: if this is intentional, prefix it with an undersco
re: `_page_size`

warning: unused variable: `page`
  --> src\services\warehouse_service.rs:21:9
   |
21 |         page: u64,
   |         ^^^^ help: if this is intentional, prefix it with an underscore: `
_page`

warning: unused variable: `page_size`
  --> src\services\warehouse_service.rs:22:9
   |
22 |         page_size: u64,
   |         ^^^^^^^^^ help: if this is intentional, prefix it with an undersco
re: `_page_size`

warning: unused variable: `manager`
  --> src\services\warehouse_service.rs:67:9
   |
67 |         manager: Option<String>,
   |         ^^^^^^^ help: if this is intentional, prefix it with an underscore
: `_manager`

warning: unused variable: `capacity`
  --> src\services\warehouse_service.rs:69:9
   |
69 |         capacity: Option<i32>,
   |         ^^^^^^^^ help: if this is intentional, prefix it with an underscor
e: `_capacity`

warning: unused variable: `status`
  --> src\services\warehouse_service.rs:70:9
   |
70 |         status: String,
   |         ^^^^^^ help: if this is intentional, prefix it with an underscore:
 `_status`

warning: unused variable: `capacity`
   --> src\services\warehouse_service.rs:103:9
    |
103 |         capacity: Option<i32>,
    |         ^^^^^^^^ help: if this is intentional, prefix it with an undersco
re: `_capacity`

warning: unused variable: `page`
  --> src\services\department_service.rs:32:9
   |
32 |         page: u64,
   |         ^^^^ help: if this is intentional, prefix it with an underscore: `
_page`

warning: unused variable: `page_size`
  --> src\services\department_service.rs:33:9
   |
33 |         page_size: u64,
   |         ^^^^^^^^^ help: if this is intentional, prefix it with an undersco
re: `_page_size`

warning: unused variable: `start_date`
  --> src\services\dashboard_service.rs:96:9
   |
96 |         start_date: Option<DateTime<Utc>>,
   |         ^^^^^^^^^^ help: if this is intentional, prefix it with an undersc
ore: `_start_date`

warning: unused variable: `end_date`
  --> src\services\dashboard_service.rs:97:9
   |
97 |         end_date: Option<DateTime<Utc>>,
   |         ^^^^^^^^ help: if this is intentional, prefix it with an underscor
e: `_end_date`

warning: variable does not need to be mutable
   --> src\handlers\inventory_stock_handler.rs:159:9
    |
159 |     let mut stock = match service.find_by_id(id).await {
    |         ----^^^^^
    |         |
    |         help: remove this `mut`
    |
    = note: `#[warn(unused_mut)]` on by default

warning: unused variable: `adjustment`
   --> src\handlers\inventory_adjustment_handler.rs:153:12
    |
153 |         Ok(adjustment) => {
    |            ^^^^^^^^^^ help: if this is intentional, prefix it with an und
erscore: `_adjustment`

warning: unused variable: `adjustment`
   --> src\handlers\inventory_adjustment_handler.rs:193:12
    |
193 |         Ok(adjustment) => {
    |            ^^^^^^^^^^ help: if this is intentional, prefix it with an und
erscore: `_adjustment`

warning: variable `deleted` is assigned to, but never used
   --> src\services\batch_service.rs:237:17
    |
237 |         let mut deleted = 0;
    |                 ^^^^^^^
    |
    = note: consider using `_deleted` instead

warning: unused variable: `remarks`
   --> src\handlers\batch_new_handler.rs:215:17
    |
215 |     if let Some(remarks) = req.remarks {
    |                 ^^^^^^^ help: if this is intentional, prefix it with an u
nderscore: `_remarks`

warning: unused variable: `user_id`
  --> src\services\account_subject_service.rs:67:9
   |
67 |         user_id: i32,
   |         ^^^^^^^ help: if this is intentional, prefix it with an underscore
: `_user_id`

warning: unused variable: `user_id`
   --> src\services\account_subject_service.rs:229:9
    |
229 |         user_id: i32,
    |         ^^^^^^^ help: if this is intentional, prefix it with an underscor
e: `_user_id`

warning: unused variable: `period`
   --> src\services\assist_accounting_service.rs:183:21
    |
183 |         if let Some(period) = accounting_period {
    |                     ^^^^^^ help: if this is intentional, prefix it with a
n underscore: `_period`

warning: unused variable: `dimension`
   --> src\services\assist_accounting_service.rs:188:21
    |
188 |         if let Some(dimension) = dimension_code {
    |                     ^^^^^^^^^ help: if this is intentional, prefix it wit
h an underscore: `_dimension`

warning: unused variable: `start_time`
  --> src\handlers\health_handler.rs:56:9
   |
56 |     let start_time = std::time::Instant::now();
   |         ^^^^^^^^^^ help: if this is intentional, prefix it with an undersc
ore: `_start_time`

warning: variable does not need to be mutable
   --> src\services\supplier_service.rs:213:13
    |
213 |         let mut supplier = self.get_supplier(id).await?;
    |             ----^^^^^^^^
    |             |
    |             help: remove this `mut`

warning: unused variable: `id`
   --> src\services\supplier_service.rs:320:45
    |
320 |     pub async fn can_delete_supplier(&self, id: i32) -> Result<bool, AppE
rror> {
    |                                             ^^ help: if this is intention
al, prefix it with an underscore: `_id`

warning: variable does not need to be mutable
   --> src\services\supplier_service.rs:333:13
    |
333 |         let mut supplier = self.get_supplier(id).await?;
    |             ----^^^^^^^^
    |             |
    |             help: remove this `mut`

warning: unused variable: `user_id`
   --> src\services\supplier_service.rs:366:9
    |
366 |         user_id: i32,
    |         ^^^^^^^ help: if this is intentional, prefix it with an underscor
e: `_user_id`

warning: unused variable: `supplier_id`
   --> src\handlers\supplier_handler.rs:154:11
    |
154 |     Path((supplier_id, contact_id)): Path<(i32, i32)>,
    |           ^^^^^^^^^^^ help: if this is intentional, prefix it with an und
erscore: `_supplier_id`

warning: unused variable: `user_id`
   --> src\services\supplier_service.rs:396:9
    |
396 |         user_id: i32,
    |         ^^^^^^^ help: if this is intentional, prefix it with an underscor
e: `_user_id`

warning: unused variable: `order_id`
   --> src\handlers\purchase_order_handler.rs:204:10
    |
204 |     Path(order_id): Path<i32>,
    |          ^^^^^^^^ help: if this is intentional, prefix it with an undersc
ore: `_order_id`

warning: unused variable: `order_id`
   --> src\handlers\purchase_order_handler.rs:222:10
    |
222 |     Path(order_id): Path<i32>,
    |          ^^^^^^^^ help: if this is intentional, prefix it with an undersc
ore: `_order_id`

warning: unused variable: `order_id`
   --> src\services\purchase_receipt_service.rs:208:21
    |
208 |         if let Some(order_id) = receipt.order_id {
    |                     ^^^^^^^^ help: if this is intentional, prefix it with
 an underscore: `_order_id`

warning: unused variable: `receipt_id`
   --> src\handlers\purchase_receipt_handler.rs:145:10
    |
145 |     Path(receipt_id): Path<i32>,
    |          ^^^^^^^^^^ help: if this is intentional, prefix it with an under
score: `_receipt_id`

warning: unused variable: `receipt_id`
   --> src\handlers\purchase_receipt_handler.rs:163:10
    |
163 |     Path(receipt_id): Path<i32>,
    |          ^^^^^^^^^^ help: if this is intentional, prefix it with an under
score: `_receipt_id`

warning: unused variable: `user_id`
  --> src\services\purchase_return_service.rs:83:9
   |
83 |         user_id: i32,
   |         ^^^^^^^ help: if this is intentional, prefix it with an underscore
: `_user_id`

warning: unused variable: `user_id`
   --> src\services\purchase_return_service.rs:120:9
    |
120 |         user_id: i32,
    |         ^^^^^^^ help: if this is intentional, prefix it with an underscor
e: `_user_id`

warning: unused variable: `user_id`
   --> src\services\purchase_return_service.rs:145:9
    |
145 |         user_id: i32,
    |         ^^^^^^^ help: if this is intentional, prefix it with an underscor
e: `_user_id`

warning: unused variable: `user_id`
  --> src\services\purchase_inspection_service.rs:73:9
   |
73 |         user_id: i32,
   |         ^^^^^^^ help: if this is intentional, prefix it with an underscore
: `_user_id`

warning: unused variable: `user_id`
   --> src\services\purchase_inspection_service.rs:105:9
    |
105 |         user_id: i32,
    |         ^^^^^^^ help: if this is intentional, prefix it with an underscor
e: `_user_id`

warning: unused variable: `quality_score`
   --> src\services\purchase_inspection_service.rs:121:13
    |
121 |         let quality_score = self.calculate_quality_score(
    |             ^^^^^^^^^^^^^ help: if this is intentional, prefix it with an
 underscore: `_quality_score`

warning: unused variable: `supplier`
  --> src\services\ap_invoice_service.rs:74:13
   |
74 |         let supplier = crate::models::supplier::Entity::find_by_id(receipt
.supplier_id)
   |             ^^^^^^^^ help: if this is intentional, prefix it with an under
score: `_supplier`

warning: unused variable: `params`
   --> src\handlers\ap_invoice_handler.rs:245:11
    |
245 |     Query(params): Query<ApInvoiceQueryParams>,
    |           ^^^^^^ help: if this is intentional, prefix it with an undersco
re: `_params`

warning: unused variable: `db`
   --> src\handlers\ap_invoice_handler.rs:246:11
    |
246 |     State(db): State<Arc<DatabaseConnection>>,
    |           ^^ help: if this is intentional, prefix it with an underscore: 
`_db`

warning: variable does not need to be mutable
   --> src\services\ap_payment_service.rs:233:29
    |
233 |                         let mut invoice_active: ap_invoice::ActiveModel =
 inv.into();
    |                             ----^^^^^^^^^^^^^^
    |                             |
    |                             help: remove this `mut`

warning: variable does not need to be mutable
  --> src\services\ap_verification_service.rs:80:13
   |
80 |         let mut available_payments: Vec<ap_payment::Model> = payments
   |             ----^^^^^^^^^^^^^^^^^^
   |             |
   |             help: remove this `mut`

warning: variable does not need to be mutable
  --> src\services\ap_verification_service.rs:89:13
   |
89 |         for mut payment in available_payments.iter() {
   |             ----^^^^^^^
   |             |
   |             help: remove this `mut`

warning: variable does not need to be mutable
   --> src\services\ap_verification_service.rs:175:17
    |
175 |             let mut invoice_active: ap_invoice::ActiveModel = invoice.int
o();
    |                 ----^^^^^^^^^^^^^^
    |                 |
    |                 help: remove this `mut`

warning: variable does not need to be mutable
   --> src\services\ap_verification_service.rs:271:17
    |
271 |             let mut invoice_active: ap_invoice::ActiveModel = invoice.int
o();
    |                 ----^^^^^^^^^^^^^^
    |                 |
    |                 help: remove this `mut`

warning: variable does not need to be mutable
   --> src\services\ap_verification_service.rs:327:17
    |
327 |             let mut invoice_active: ap_invoice::ActiveModel = invoice.int
o();
    |                 ----^^^^^^^^^^^^^^
    |                 |
    |                 help: remove this `mut`

warning: unused variable: `sql`
   --> src\services\ap_reconciliation_service.rs:251:13
    |
251 |         let sql = if let Some(sid) = supplier_id {
    |             ^^^ help: if this is intentional, prefix it with an underscor
e: `_sql`

warning: use of deprecated method `chrono::NaiveDate::pred`: use `pred_opt()` i
nstead
   --> src\services\ap_report_service.rs:191:62
    |
191 |             NaiveDate::from_ymd_opt(year + 1, 1, 1).unwrap().pred()
    |                                                              ^^^^
    |
    = note: `#[warn(deprecated)]` on by default

warning: use of deprecated method `chrono::NaiveDate::pred`: use `pred_opt()` i
nstead
   --> src\services\ap_report_service.rs:193:66
    |
193 |             NaiveDate::from_ymd_opt(year, month + 1, 1).unwrap().pred()
    |                                                                  ^^^^

warning: unused variable: `user_id`
   --> src\services\voucher_service.rs:257:41
    |
257 |     pub async fn submit(&self, id: i32, user_id: i32) -> Result<voucher::
Model, AppError> {
    |                                         ^^^^^^^ help: if this is intentio
nal, prefix it with an underscore: `_user_id`

warning: unused variable: `disposal_gain_loss`
   --> src\services\fixed_asset_service.rs:234:13
    |
234 |         let disposal_gain_loss = req.disposal_value - net_book_value;
    |             ^^^^^^^^^^^^^^^^^^ help: if this is intentional, prefix it wi
th an underscore: `_disposal_gain_loss`

warning: variable does not need to be mutable
   --> src\services\purchase_contract_service.rs:178:13
    |
178 |         let mut contract_active: purchase_contract::ActiveModel = contrac
t.into();
    |             ----^^^^^^^^^^^^^^^
    |             |
    |             help: remove this `mut`

warning: variable does not need to be mutable
   --> src\services\sales_contract_service.rs:173:13
    |
173 |         let mut contract_active: sales_contract::ActiveModel = contract.i
nto();
    |             ----^^^^^^^^^^^^^^^
    |             |
    |             help: remove this `mut`

warning: unused variable: `remark`
   --> src\services\fund_management_service.rs:111:9
    |
111 |         remark: Option<String>,
    |         ^^^^^^ help: if this is intentional, prefix it with an underscore
: `_remark`

warning: unused variable: `remark`
   --> src\services\fund_management_service.rs:139:9
    |
139 |         remark: Option<String>,
    |         ^^^^^^ help: if this is intentional, prefix it with an underscore
: `_remark`

warning: unused variable: `item`
   --> src\services\budget_management_service.rs:171:13
    |
171 |         let item = self.get_item_by_id(id).await?;
    |             ^^^^ help: if this is intentional, prefix it with an undersco
re: `_item`

warning: variable does not need to be mutable
   --> src\services\budget_management_service.rs:203:13
    |
203 |         let mut query = budget_management::Entity::find();
    |             ----^^^^^
    |             |
    |             help: remove this `mut`

warning: unused variable: `approval_comment`
   --> src\services\budget_management_service.rs:243:9
    |
243 |         approval_comment: Option<String>,
    |         ^^^^^^^^^^^^^^^^ help: if this is intentional, prefix it with an 
underscore: `_approval_comment`

warning: unused variable: `standard`
   --> src\services\quality_standard_service.rs:156:13
    |
156 |         let standard = self.get_standard_by_id(id).await?;
    |             ^^^^^^^^ help: if this is intentional, prefix it with an unde
rscore: `_standard`

warning: unused variable: `approval_comment`
   --> src\services\quality_standard_service.rs:234:9
    |
234 |         approval_comment: Option<String>,
    |         ^^^^^^^^^^^^^^^^ help: if this is intentional, prefix it with an 
underscore: `_approval_comment`

warning: variable does not need to be mutable
   --> src\services\sales_service.rs:634:25
    |
634 |             if let Some(mut s) = stock {
    |                         ----^
    |                         |
    |                         help: remove this `mut`

warning: variable does not need to be mutable
   --> src\services\sales_service.rs:655:29
    |
655 |                 if let Some(mut res) = reservation {
    |                             ----^^^
    |                             |
    |                             help: remove this `mut`

warning: unused variable: `accounting_period`
   --> src\services\assist_accounting_service.rs:157:13
    |
157 |         let accounting_period = format!("{:04}-{:02}", year, month);
    |             ^^^^^^^^^^^^^^^^^ help: if this is intentional, prefix it wit
h an underscore: `_accounting_period`

warning: unused variable: `receipt_id`
   --> src\services\purchase_receipt_service.rs:490:9
    |
490 |         receipt_id: i32,
    |         ^^^^^^^^^^ help: if this is intentional, prefix it with an unders
core: `_receipt_id`

warning: unused variable: `txn`
   --> src\services\purchase_receipt_service.rs:491:9
    |
491 |         txn: &sea_orm::DatabaseTransaction,
    |         ^^^ help: if this is intentional, prefix it with an underscore: `
_txn`

warning: unused variable: `user_id`
   --> src\services\voucher_service.rs:204:9
    |
204 |         user_id: i32,
    |         ^^^^^^^ help: if this is intentional, prefix it with an underscor
e: `_user_id`

warning: unused variable: `variance_rate`
   --> src\services\financial_analysis_service.rs:110:13
    |
110 |         let variance_rate = if req.target_value.unwrap_or(Decimal::ZERO) 
!= Decimal::ZERO {
    |             ^^^^^^^^^^^^^ help: if this is intentional, prefix it with an
 underscore: `_variance_rate`

error[E0277]: the trait bound `fn(axum::Json<CreateSubjectRequestDto>, axum::ex
tract::State<std::sync::Arc<sea_orm::DatabaseConnection>>, AuthContext) -> impl
 std::future::Future<Output = Result<axum::Json<utils::response::ApiResponse<ac
count_subject::Model>>, AppError>> {create_subject}: Handler<_, _>` is not sati
sfied
   --> src\routes\mod.rs:198:34
    |
198 |         .route("/subjects", post(account_subject_handler::create_subject)
)
    |                             ---- ^^^^^^^^^^^^^^^^^^^^^^^^^^^^^^^^^^^^^^^ 
the trait `Handler<_, _>` is not implemented for fn item `fn(Json<CreateSubject
RequestDto>, State<Arc<DatabaseConnection>>, AuthContext) -> ... {create_subjec
t}`
    |                             |
    |                             required by a bound introduced by this call
    |
    = note: the full name for the type has been written to 'E:\1\10\bingxi-rust
\backend\target\debug\deps\bingxi_backend-da35ff18b8854079.long-type-1814306625
0843718875.txt'
    = note: consider using `--verbose` to print the full type name to the conso
le
    = note: Consider using `#[axum::debug_handler]` to improve the error messag
e
    = help: the following other types implement trait `Handler<T, S>`:
              `Layered<L, H, T, S>` implements `Handler<T, S>`
              `MethodRouter<S>` implements `Handler<(), S>`
note: required by a bound in `post`
   --> C:\Users\admin\.cargo\registry\src\index.crates.io-6f17d22bba15001f\axum
-0.7.9\src\routing\method_routing.rs:443:1
    |
443 | top_level_handler_fn!(post, POST);
    | ^^^^^^^^^^^^^^^^^^^^^^----^^^^^^^
    | |                     |
    | |                     required by a bound in this function
    | required by this bound in `post`
    = note: this error originates in the macro `top_level_handler_fn` (in Night
ly builds, run with -Z macro-backtrace for more info)

error[E0277]: the trait bound `fn(axum::extract::Path<i32>, axum::Json<UpdateSu
bjectRequestDto>, axum::extract::State<std::sync::Arc<sea_orm::DatabaseConnecti
on>>, AuthContext) -> impl std::future::Future<Output = Result<axum::Json<utils
::response::ApiResponse<account_subject::Model>>, AppError>> {update_subject}: 
Handler<_, _>` is not satisfied
   --> src\routes\mod.rs:200:37
    |
200 |         .route("/subjects/:id", put(account_subject_handler::update_subje
ct))
    |                                 --- ^^^^^^^^^^^^^^^^^^^^^^^^^^^^^^^^^^^^^
^^ the trait `Handler<_, _>` is not implemented for fn item `fn(Path<i32>, Json
<UpdateSubjectRequestDto>, State<Arc<DatabaseConnection>>, ...) -> ... {update_
subject}`
    |                                 |
    |                                 required by a bound introduced by this ca
ll
    |
    = note: the full name for the type has been written to 'E:\1\10\bingxi-rust
\backend\target\debug\deps\bingxi_backend-da35ff18b8854079.long-type-3589018849
794398127.txt'
    = note: consider using `--verbose` to print the full type name to the conso
le
    = note: Consider using `#[axum::debug_handler]` to improve the error messag
e
    = help: the following other types implement trait `Handler<T, S>`:
              `Layered<L, H, T, S>` implements `Handler<T, S>`
              `MethodRouter<S>` implements `Handler<(), S>`
note: required by a bound in `axum::routing::put`
   --> C:\Users\admin\.cargo\registry\src\index.crates.io-6f17d22bba15001f\axum
-0.7.9\src\routing\method_routing.rs:444:1
    |
444 | top_level_handler_fn!(put, PUT);
    | ^^^^^^^^^^^^^^^^^^^^^^---^^^^^^
    | |                     |
    | |                     required by a bound in this function
    | required by this bound in `put`
    = note: this error originates in the macro `top_level_handler_fn` (in Night
ly builds, run with -Z macro-backtrace for more info)

error[E0277]: the trait bound `fn(axum::Json<CreateVoucherRequestDto>, axum::ex
tract::State<std::sync::Arc<sea_orm::DatabaseConnection>>, AuthContext) -> impl
 std::future::Future<Output = Result<axum::Json<utils::response::ApiResponse<vo
ucher::Model>>, AppError>> {create_voucher}: Handler<_, _>` is not satisfied
   --> src\routes\mod.rs:205:34
    |
205 |         .route("/vouchers", post(voucher_handler::create_voucher))
    |                             ---- ^^^^^^^^^^^^^^^^^^^^^^^^^^^^^^^ the trai
t `Handler<_, _>` is not implemented for fn item `fn(Json<CreateVoucherRequestD
to>, State<Arc<DatabaseConnection>>, AuthContext) -> ... {create_voucher}`
    |                             |
    |                             required by a bound introduced by this call
    |
    = note: the full name for the type has been written to 'E:\1\10\bingxi-rust
\backend\target\debug\deps\bingxi_backend-da35ff18b8854079.long-type-1585347830
6479417702.txt'
    = note: consider using `--verbose` to print the full type name to the conso
le
    = note: Consider using `#[axum::debug_handler]` to improve the error messag
e
    = help: the following other types implement trait `Handler<T, S>`:
              `Layered<L, H, T, S>` implements `Handler<T, S>`
              `MethodRouter<S>` implements `Handler<(), S>`
note: required by a bound in `post`
   --> C:\Users\admin\.cargo\registry\src\index.crates.io-6f17d22bba15001f\axum
-0.7.9\src\routing\method_routing.rs:443:1
    |
443 | top_level_handler_fn!(post, POST);
    | ^^^^^^^^^^^^^^^^^^^^^^----^^^^^^^
    | |                     |
    | |                     required by a bound in this function
    | required by this bound in `post`
    = note: this error originates in the macro `top_level_handler_fn` (in Night
ly builds, run with -Z macro-backtrace for more info)

error[E0277]: the trait bound `fn(axum::Json<CreateSupplierRequest>, axum::extr
act::State<std::sync::Arc<sea_orm::DatabaseConnection>>) -> impl std::future::F
uture<Output = Result<axum::Json<utils::response::ApiResponse<JsonValue>>, AppE
rror>> {create_supplier}: Handler<_, _>` is not satisfied
   --> src\routes\mod.rs:241:26
    |
241 |         .route("/", post(supplier_handler::create_supplier))
    |                     ---- ^^^^^^^^^^^^^^^^^^^^^^^^^^^^^^^^^ the trait `Han
dler<_, _>` is not implemented for fn item `fn(Json<CreateSupplierRequest>, Sta
te<Arc<DatabaseConnection>>) -> impl Future<Output = ...> {create_supplier}`
    |                     |
    |                     required by a bound introduced by this call
    |
    = note: the full name for the type has been written to 'E:\1\10\bingxi-rust
\backend\target\debug\deps\bingxi_backend-da35ff18b8854079.long-type-1890477207
534942869.txt'
    = note: consider using `--verbose` to print the full type name to the conso
le
    = note: Consider using `#[axum::debug_handler]` to improve the error messag
e
    = help: the following other types implement trait `Handler<T, S>`:
              `Layered<L, H, T, S>` implements `Handler<T, S>`
              `MethodRouter<S>` implements `Handler<(), S>`
note: required by a bound in `post`
   --> C:\Users\admin\.cargo\registry\src\index.crates.io-6f17d22bba15001f\axum
-0.7.9\src\routing\method_routing.rs:443:1
    |
443 | top_level_handler_fn!(post, POST);
    | ^^^^^^^^^^^^^^^^^^^^^^----^^^^^^^
    | |                     |
    | |                     required by a bound in this function
    | required by this bound in `post`
    = note: this error originates in the macro `top_level_handler_fn` (in Night
ly builds, run with -Z macro-backtrace for more info)

error[E0277]: the trait bound `fn(axum::extract::Path<i32>, axum::Json<UpdateSu
pplierRequest>, axum::extract::State<std::sync::Arc<sea_orm::DatabaseConnection
>>) -> impl std::future::Future<Output = Result<axum::Json<utils::response::Api
Response<JsonValue>>, AppError>> {update_supplier}: Handler<_, _>` is not satis
fied
